******************************************************************************
            TI ARM Clang Linker PC v4.0.4                      
******************************************************************************
>> Linked Sat Aug  1 17:03:44 2026

OUTPUT FILE NAME:   <2024_Question_H.out>
ENTRY POINT SYMBOL: "_c_int00_noargs"  address: 00009495


MEMORY CONFIGURATION

         name            origin    length      used     unused   attr    fill
----------------------  --------  ---------  --------  --------  ----  --------
  FLASH                 00000000   00020000  0000bcd8  00014328  R  X
  SRAM                  20200000   00008000  000021ca  00005e36  RW X
  BCR_CONFIG            41c00000   000000ff  00000000  000000ff  R   
  BSL_CONFIG            41c00100   00000080  00000000  00000080  R   


SEGMENT ALLOCATION MAP

run origin  load origin   length   init length attrs members
----------  ----------- ---------- ----------- ----- -------
00000000    00000000    0000bcd8   0000bcd8    r-x
  00000000    00000000    000000c0   000000c0    r-- .intvecs
  000000c0    000000c0    00009920   00009920    r-x .text
  000099e0    000099e0    00002260   00002260    r-- .rodata
  0000bc40    0000bc40    00000098   00000098    r-- .cinit
20200000    20200000    00001fd1   00000000    rw-
  20200000    20200000    000015c9   00000000    rw- .bss
  202015d0    202015d0    00000800   00000000    rw- .sysmem
  20201dd0    20201dd0    00000201   00000000    rw- .data
20207e00    20207e00    00000200   00000000    rw-
  20207e00    20207e00    00000200   00000000    rw- .stack


SECTION ALLOCATION MAP

 output                                  attributes/
section   page    origin      length       input sections
--------  ----  ----------  ----------   ----------------
.intvecs   0    00000000    000000c0     
                  00000000    000000c0     startup_mspm0g350x_ticlang.o (.intvecs)

.text      0    000000c0    00009920     
                  000000c0    000012cc     oled.o (.text.OLED_Init)
                  0000138c    00000be4     imu.o (.text.IMU_sample)
                  00001f70    00000a94     oled.o (.text.OLED_Clear)
                  00002a04    000009d0     libc.a : _printfi.c.obj (.text:__TI_printfi)
                  000033d4    000004d8     car.o (.text.Car_Update)
                  000038ac    00000360     libc.a : strtof.c.obj (.text.strtof)
                  00003c0c    00000300     ui.o (.text.UI_Process)
                  00003f0c    000002a8     ti_msp_dl_config.o (.text.SYSCFG_DL_SYSCTL_SYSPLL_init)
                  000041b4    00000294     oled.o (.text.OLED_ShowChinese)
                  00004448    00000270     oled.o (.text.OLED_ShowChar)
                  000046b8    0000023c     oled.o (.text.OLED_RefreshPages)
                  000048f4    00000220     libc.a : _printfi.c.obj (.text._pconv_a)
                  00004b14    000001dc            : _printfi.c.obj (.text._pconv_g)
                  00004cf0    000001d0     debug.o (.text.Debug_CommandPoll)
                  00004ec0    000001c8     libc.a : s_atanf.c.obj (.text.atanf)
                  00005088    000001b8     task.o (.text.task_track_run)
                  00005240    000001a4     bsp_icm42688.o (.text.bsp_IcmGetRawData)
                  000053e4    000001a0     bsp_uart.o (.text.BSP_Uart_Write)
                  00005584    00000192     libclang_rt.builtins.a : adddf3.S.obj (.text.adddf3_subdf3)
                  00005716    00000002     startup_mspm0g350x_ticlang.o (.text.Default_Handler)
                  00005718    0000018c     ui.o (.text.show_gate_timer)
                  000058a4    00000170     libc.a : e_sqrt.c.obj (.text.sqrt)
                  00005a14    00000164     ti_msp_dl_config.o (.text.SYSCFG_DL_GPIO_init)
                  00005b78    00000160     libc.a : e_asinf.c.obj (.text.asinf)
                  00005cd8    0000013c            : _printfi.c.obj (.text.fcvt)
                  00005e14    00000138     ui.o (.text.show_task_info)
                  00005f4c    00000120     libc.a : _printfi.c.obj (.text._pconv_e)
                  0000606c    00000118            : e_atan2f.c.obj (.text.atan2f)
                  00006184    00000114            : memory.c.obj (.text.aligned_alloc)
                  00006298    0000010c     libclang_rt.builtins.a : divdf3.S.obj (.text.__divdf3)
                  000063a4    00000108     oled.o (.text.OLED_DisplayTurn)
                  000064ac    00000104     driverlib.a : dl_timer.o (.text.DL_Timer_initFourCCPWMMode)
                  000065b0    000000fc                 : dl_timer.o (.text.DL_Timer_initTimerMode)
                  000066ac    000000fc     pid.o (.text.PID_Calc)
                  000067a8    000000f8     libc.a : fputs.c.obj (.text.fputs)
                  000068a0    000000e8            : memory.c.obj (.text.free)
                  00006988    000000e4     libclang_rt.builtins.a : muldf3.S.obj (.text.__muldf3)
                  00006a6c    000000e0     libc.a : setvbuf.c.obj (.text.setvbuf)
                  00006b4c    000000dc     bsp_uart.o (.text.BSP_Uart_Init)
                  00006c28    000000dc     driverlib.a : dl_sysctl_mspm0g1x0x_g3x0x.o (.text.DL_SYSCTL_configSYSPLL)
                  00006d04    000000d8     libc.a : s_scalbn.c.obj (.text.scalbn)
                  00006ddc    000000d8     libclang_rt.builtins.a : addsf3.S.obj (.text)
                  00006eb4    000000d4     bsp_uart.o (.text.BSP_Uart_IRQHandler)
                  00006f88    000000cc     bsp_motor.o (.text.Motor_SetDuty)
                  00007054    000000c4     ti_msp_dl_config.o (.text.SYSCFG_DL_SYSCTL_init)
                  00007118    000000c4     test.o (.text.Test_Track)
                  000071dc    000000b0     car.o (.text.Car_Init)
                  0000728c    000000b0     libc.a : s_scalbnf.c.obj (.text.scalbnf)
                  0000733c    000000a8     ti_msp_dl_config.o (.text.SYSCFG_DL_UART_0_init)
                  000073e4    000000a2     libclang_rt.builtins.a : udivmoddi4.S.obj (.text)
                  00007486    00000002                            : aeabi_div0.c.obj (.text.__aeabi_idiv0)
                  00007488    0000009c     debug.o (.text.Debug_Output)
                  00007524    0000009a     libc.a : memcpy16.S.obj (.text:memcpy)
                  000075be    00000002     libclang_rt.builtins.a : aeabi_div0.c.obj (.text.__aeabi_ldiv0)
                  000075c0    0000008c     oled.o (.text.OLED_ColorTurn)
                  0000764c    0000008c     oled.o (.text.OLED_ShowString)
                  000076d8    0000008c     ti_msp_dl_config.o (.text.SYSCFG_DL_PWM_MOTOR_init)
                  00007764    0000008c     libclang_rt.builtins.a : mulsf3.S.obj (.text.__mulsf3)
                  000077f0    00000088     libc.a : strcmp-armv6m.S.obj (.text:strcmp)
                  00007878    00000084     ui.o (.text.UI_Task1VideoTest)
                  000078fc    00000082     libclang_rt.builtins.a : divsf3.S.obj (.text.__divsf3)
                  0000797e    00000002     libc.a : _lock.c.obj (.text._nop)
                  00007980    00000080     task.o (.text.task3_run)
                  00007a00    0000007c     bsp_key.o (.text.Key_Scan)
                  00007a7c    0000007c     ti_msp_dl_config.o (.text.SYSCFG_DL_initPower)
                  00007af8    0000007c     libc.a : fclose.c.obj (.text.__TI_closefile)
                  00007b74    0000007c            : copy_decompress_lzss.c.obj (.text:decompress:lzss)
                  00007bf0    00000078     bsp_encoder.o (.text.Encoder_GpioIrqHandler)
                  00007c68    00000078     main.o (.text.main)
                  00007ce0    00000074     libclang_rt.builtins.a : comparedf2.c.obj (.text.__gedf2)
                  00007d54    0000000c     bsp_encoder.o (.text.Encoder_GetMs)
                  00007d60    00000074     libclang_rt.builtins.a : truncdfsf2.S.obj (.text.__truncdfsf2)
                  00007dd4    0000006c     libsysbm.a : hostlseek.c.obj (.text.HOSTlseek)
                  00007e40    0000006c                : hostrename.c.obj (.text.HOSTrename)
                  00007eac    0000006c     libc.a : fseek.c.obj (.text.fseeko)
                  00007f18    0000006c            : getdevice.c.obj (.text.getdevice)
                  00007f84    00000068     bsp_encoder.o (.text.Encoder_Init)
                  00007fec    00000068     libclang_rt.builtins.a : comparedf2.c.obj (.text.__ledf2)
                  00008054    00000066     libc.a : _printfi.c.obj (.text._mcpy)
                  000080ba    00000002     --HOLE-- [fill = 0]
                  000080bc    00000064     driverlib.a : dl_sysctl_mspm0g1x0x_g3x0x.o (.text.DL_SYSCTL_setHFCLKSourceHFXTParams)
                  00008120    00000064     bsp_motor.o (.text.Motor_Brake)
                  00008184    00000064     libc.a : _io_perm.c.obj (.text.__TI_wrt_ok)
                  000081e8    00000064            : memory.c.obj (.text.split)
                  0000824c    00000062     libclang_rt.builtins.a : aeabi_dcmp.S.obj (.text.__aeabi_dcmp)
                  000082ae    00000002     --HOLE-- [fill = 0]
                  000082b0    00000062                            : aeabi_fcmp.S.obj (.text.__aeabi_fcmp)
                  00008312    00000062     libc.a : memset16.S.obj (.text:memset)
                  00008374    00000060     libsysbm.a : hostopen.c.obj (.text.HOSTopen)
                  000083d4    00000060     ti_msp_dl_config.o (.text.SYSCFG_DL_UART_1_init)
                  00008434    00000060     bsp_track.o (.text.Track_ReadMask)
                  00008494    0000005e     driverlib.a : dl_i2c.o (.text.DL_I2C_fillControllerTXFIFO)
                  000084f2    00000002     --HOLE-- [fill = 0]
                  000084f4    0000005c     bsp_uart.o (.text.BSP_Uart_ReadByte)
                  00008550    0000005c     car.o (.text.Car_SetPidParam)
                  000085ac    0000005c     bsp_encoder.o (.text.Encoder_TickIrqHandler)
                  00008608    0000005c     ui.o (.text.UI_TaskGateTimer)
                  00008664    0000005c     libc.a : s_frexp.c.obj (.text.frexp)
                  000086c0    00000058     libsysbm.a : hostread.c.obj (.text.HOSTread)
                  00008718    00000058                : hostwrite.c.obj (.text.HOSTwrite)
                  00008770    00000058     libc.a : _ltoa.c.obj (.text.__TI_ltoa)
                  000087c8    00000058            : _printfi.c.obj (.text._pconv_f)
                  00008820    00000056     libclang_rt.builtins.a : aeabi_idivmod.S.obj (.text.__aeabi_idivmod)
                  00008876    00000002     --HOLE-- [fill = 0]
                  00008878    00000054     ti_msp_dl_config.o (.text.SYSCFG_DL_I2C_OLED_init)
                  000088cc    00000054     ti_msp_dl_config.o (.text.SYSCFG_DL_init)
                  00008920    00000052     libc.a : fflush.c.obj (.text.__TI_doflush)
                  00008972    00000052            : _printfi.c.obj (.text._ecpy)
                  000089c4    00000050     bsp_motor.o (.text.Motor_Init)
                  00008a14    00000050     libsysbm.a : close.c.obj (.text.close)
                  00008a64    0000004c     driverlib.a : dl_dma.o (.text.DL_DMA_initChannel)
                  00008ab0    0000004c     ti_msp_dl_config.o (.text.SYSCFG_DL_SPI_IMU_init)
                  00008afc    0000004c     ti_msp_dl_config.o (.text.SYSCFG_DL_TIMER_ENCODER_TICK_init)
                  00008b48    0000004c     libc.a : snprintf.c.obj (.text.snprintf)
                  00008b94    0000004a     pid.o (.text.PID_Init)
                  00008bde    00000002     --HOLE-- [fill = 0]
                  00008be0    0000004a     libclang_rt.builtins.a : fixdfsi.S.obj (.text.__fixdfsi)
                  00008c2a    00000002     --HOLE-- [fill = 0]
                  00008c2c    00000048     driverlib.a : dl_uart.o (.text.DL_UART_init)
                  00008c74    00000048     libsysbm.a : hostclose.c.obj (.text.HOSTclose)
                  00008cbc    00000048                : hostunlink.c.obj (.text.HOSTunlink)
                  00008d04    00000044     driverlib.a : dl_spi.o (.text.DL_SPI_init)
                  00008d48    00000044                 : dl_sysctl_mspm0g1x0x_g3x0x.o (.text.DL_SYSCTL_switchMCLKfromSYSOSCtoHSCLK)
                  00008d8c    00000040     board_irq.o (.text.GROUP1_IRQHandler)
                  00008dcc    00000040     libclang_rt.builtins.a : aeabi_uidivmod.S.obj (.text.__aeabi_uidivmod)
                  00008e0c    00000040                            : extendsfdf2.S.obj (.text.__extendsfdf2)
                  00008e4c    00000040     libc.a : atoi.c.obj (.text.atoi)
                  00008e8c    0000003c     car.o (.text.Car_GetPidParams)
                  00008ec8    0000003c     test.o (.text.Test_UartReceive)
                  00008f04    0000003c     libclang_rt.builtins.a : floatsisf.S.obj (.text.__floatsisf)
                  00008f40    0000003c                            : comparesf2.S.obj (.text.__gtsf2)
                  00008f7c    0000003c     libc.a : autoinit.c.obj (.text:__TI_auto_init_nobinit_nopinit)
                  00008fb8    0000003a     libclang_rt.builtins.a : comparesf2.S.obj (.text.__eqsf2)
                  00008ff2    00000002     --HOLE-- [fill = 0]
                  00008ff4    0000003a                            : muldsi3.S.obj (.text.__muldsi3)
                  0000902e    00000002     --HOLE-- [fill = 0]
                  00009030    00000038     car.o (.text.Car_Stop)
                  00009068    00000038     ti_msp_dl_config.o (.text.SYSCFG_DL_TIMER_IMU_TICK_init)
                  000090a0    00000038     libclang_rt.builtins.a : fixsfsi.S.obj (.text.__fixsfsi)
                  000090d8    00000034     libc.a : fopen.c.obj (.text.__TI_cleanup)
                  0000910c    00000034     libsysbm.a : trgmsg.c.obj (.text.__TI_readmsg)
                  00009140    00000034                : trgmsg.c.obj (.text.__TI_writemsg)
                  00009174    00000034     libc.a : exit.c.obj (.text.exit)
                  000091a8    00000034            : getdevice.c.obj (.text.finddevice)
                  000091dc    00000030     car.o (.text.Car_SetTrack)
                  0000920c    00000030     driverlib.a : dl_spi.o (.text.DL_SPI_transmitDataBlocking8)
                  0000923c    00000030     bsp_encoder.o (.text.Encoder_TimeInit)
                  0000926c    00000030     ui.o (.text.UI_TaskRunning)
                  0000929c    00000030     libc.a : _printfi.c.obj (.text._fcpy)
                  000092cc    00000030            : snprintf.c.obj (.text._outs)
                  000092fc    0000002c     libclang_rt.builtins.a : floatsidf.S.obj (.text.__floatsidf)
                  00009328    0000002c     libsysbm.a : unlink.c.obj (.text.unlink)
                  00009354    00000028     bsp_uart.o (.text.BSP_Uart1_ReadByteBlocking)
                  0000937c    00000028     bsp_encoder.o (.text.Encoder_ReadTotals)
                  000093a4    00000028     ti_msp_dl_config.o (.text.SYSCFG_DL_DMA_UART0Tx_init)
                  000093cc    00000028     ti_msp_dl_config.o (.text.SYSCFG_DL_SYSCTL_CLK_init)
                  000093f4    00000028     libclang_rt.builtins.a : floatunsisf.S.obj (.text.__floatunsisf)
                  0000941c    00000028     libc.a : memory.c.obj (.text.free_list_insert)
                  00009444    00000028     libsysbm.a : lseek.c.obj (.text.lseek)
                  0000946c    00000028                : write.c.obj (.text.write)
                  00009494    00000028     libc.a : boot_cortex_m.c.obj (.text:_c_int00_noargs)
                  000094bc    00000026     driverlib.a : dl_i2c.o (.text.DL_I2C_setClockConfig)
                  000094e2    00000002     --HOLE-- [fill = 0]
                  000094e4    00000024     libclang_rt.builtins.a : muldi3.S.obj (.text.__muldi3)
                  00009508    00000024     libc.a : fputs.c.obj (.text.puts)
                  0000952c    00000022            : memccpy.c.obj (.text.memccpy)
                  0000954e    00000002     --HOLE-- [fill = 0]
                  00009550    00000020     car.o (.text.Car_SetTrackDuty)
                  00009570    00000020     driverlib.a : dl_spi.o (.text.DL_SPI_receiveDataBlocking8)
                  00009590    00000020     bsp_key.o (.text.Key_Init)
                  000095b0    00000020     libc.a : memcmp.c.obj (.text.memcmp)
                  000095d0    0000001e     libclang_rt.builtins.a : ashldi3.S.obj (.text.__ashldi3)
                  000095ee    00000002     --HOLE-- [fill = 0]
                  000095f0    0000001c     car.o (.text.Car_GetStatus)
                  0000960c    0000001c     driverlib.a : dl_sysctl_mspm0g1x0x_g3x0x.o (.text.DL_SYSCTL_configFCC)
                  00009628    0000001c                 : dl_timer.o (.text.DL_Timer_setCaptCompUpdateMethod)
                  00009644    0000001c                 : dl_timer.o (.text.DL_Timer_setClockConfig)
                  00009660    0000001c     debug.o (.text.Debug_SetTask1Time)
                  0000967c    0000001c     libc.a : memory.c.obj (.text.free_list_remove)
                  00009698    0000001c     task.o (.text.task4_run)
                  000096b4    0000001c     task.o (.text.task5_run)
                  000096d0    0000001c     task.o (.text.task6_run)
                  000096ec    0000001a     ui.o (.text.UI_Init)
                  00009706    00000002     --HOLE-- [fill = 0]
                  00009708    00000018     driverlib.a : dl_timer.o (.text.DL_Timer_setCaptureCompareOutCtl)
                  00009720    00000018     imu.o (.text.IMU_getYawPitchRoll)
                  00009738    00000018     ti_msp_dl_config.o (.text.SYSCFG_DL_DMA_UART0Rx_init)
                  00009750    00000018     board_irq.o (.text.TIMG0_IRQHandler)
                  00009768    00000018     ui.o (.text.UI_TaskResult)
                  00009780    00000018     libc.a : snprintf.c.obj (.text._outc)
                  00009798    00000018     task.o (.text.task2_run)
                  000097b0    00000014     bsp_encoder.o (.text.Encoder_Read)
                  000097c4    00000014     imu.o (.text.IMU_dataReadyIrqHandler)
                  000097d8    00000014     libclang_rt.builtins.a : aeabi_uldivmod.S.obj (.text.__aeabi_uldivmod)
                  000097ec    00000014     libc.a : _printfi.c.obj (.text.strchr)
                  00009800    00000012     driverlib.a : dl_spi.o (.text.DL_SPI_setClockConfig)
                  00009812    00000012                 : dl_uart.o (.text.DL_UART_setClockConfig)
                  00009824    00000012     pid.o (.text.PID_Reset)
                  00009836    00000012     task.o (.text.task1_run)
                  00009848    00000012     libc.a : copy_decompress_none.c.obj (.text:decompress:none)
                  0000985a    00000002     --HOLE-- [fill = 0]
                  0000985c    00000010     driverlib.a : dl_timer.o (.text.DL_Timer_setCaptureCompareValue)
                  0000986c    00000010     pid.o (.text.PID_CalcTarget)
                  0000987c    00000010     board.o (.text.delay_ms)
                  0000988c    00000010     libc.a : wcslen.c.obj (.text.wcslen)
                  0000989c    00000010            : copy_zero_init.c.obj (.text:decompress:ZI)
                  000098ac    0000000e            : memory.c.obj (.text.OUTLINED_FUNCTION_0)
                  000098ba    00000002     --HOLE-- [fill = 0]
                  000098bc    0000000e     libclang_rt.builtins.a : aeabi_memset.S.obj (.text.__aeabi_memset)
                  000098ca    0000000e     libsysbm.a : hostrename.c.obj (.text.strcpy)
                  000098d8    0000000e     libc.a : _printfi.c.obj (.text.strlen)
                  000098e6    0000000e     libsysbm.a : hostrename.c.obj (.text.strlen)
                  000098f4    0000000c     oled.o (.text.OLED_Refresh)
                  00009900    0000000c     ti_msp_dl_config.o (.text.SYSCFG_DL_DMA_init)
                  0000990c    0000000c     libclang_rt.builtins.a : aeabi_memset.S.obj (.text.__aeabi_memclr)
                  00009918    0000000c     libc.a : memory.c.obj (.text.malloc)
                  00009924    0000000a     driverlib.a : dl_common.o (.text.DL_Common_delayCycles)
                  0000992e    0000000a     libc.a : _printfi.c.obj (.text.OUTLINED_FUNCTION_0)
                  00009938    00000010     libclang_rt.builtins.a : adddf3.S.obj (.tramp.__aeabi_dsub.1)
                  00009948    0000000a     libc.a : _printfi.c.obj (.text.OUTLINED_FUNCTION_1)
                  00009952    00000008            : strtof.c.obj (.text.OUTLINED_FUNCTION_0)
                  0000995a    00000008     board_irq.o (.text.UART0_IRQHandler)
                  00009962    00000002     --HOLE-- [fill = 0]
                  00009964    00000008     libc.a : aeabi_portable.c.obj (.text.__aeabi_errno_addr)
                  0000996c    00000008     libclang_rt.builtins.a : aeabi_memcpy.S.obj (.text.__aeabi_memcpy)
                  00009974    00000008     libc.a : fseek.c.obj (.text.fseek)
                  0000997c    00000008     libsysbm.a : remove.c.obj (.text.remove)
                  00009984    00000006     libc.a : e_asinf.c.obj (.text.OUTLINED_FUNCTION_0)
                  0000998a    00000002     --HOLE-- [fill = 0]
                  0000998c    00000010     libclang_rt.builtins.a : mulsf3.S.obj (.tramp.__aeabi_fmul.1)
                  0000999c    00000006     libc.a : s_atanf.c.obj (.text.OUTLINED_FUNCTION_0)
                  000099a2    00000002     --HOLE-- [fill = 0]
                  000099a4    00000010     libclang_rt.builtins.a : divsf3.S.obj (.tramp.__aeabi_fdiv.1)
                  000099b4    00000006     libc.a : exit.c.obj (.text:abort)
                  000099ba    00000004     libsysbm.a : hostexit.c.obj (.text.HOSTexit)
                  000099be    00000004     libc.a : s_atanf.c.obj (.text.OUTLINED_FUNCTION_1)
                  000099c2    00000002     --HOLE-- [fill = 0]
                  000099c4    00000010     libclang_rt.builtins.a : addsf3.S.obj (.tramp.__aeabi_fadd.1)
                  000099d4    00000004     startup_mspm0g350x_ticlang.o (.text.Reset_Handler)
                  000099d8    00000004     libc.a : pre_init.c.obj (.text._system_pre_init)
                  000099dc    00000004     board.o (.text.printf)

.cinit     0    0000bc40    00000098     
                  0000bc40    0000006e     (.cinit..data.load) [load image, compression = lzss]
                  0000bcae    00000002     --HOLE-- [fill = 0]
                  0000bcb0    0000000c     (__TI_handler_table)
                  0000bcbc    00000008     (.cinit..bss.load) [load image, compression = zero_init]
                  0000bcc4    00000010     (__TI_cinit_table)
                  0000bcd4    00000004     --HOLE-- [fill = 0]

.rodata    0    000099e0    00002260     
                  000099e0    00000d5c     oled.o (.rodata.asc2_2412)
                  0000a73c    000005f0     oled.o (.rodata.asc2_1608)
                  0000ad2c    00000474     oled.o (.rodata.asc2_1206)
                  0000b1a0    00000228     oled.o (.rodata.asc2_0806)
                  0000b3c8    00000220     oled.o (.rodata.Hzk1)
                  0000b5e8    00000200     oled.o (.rodata.Hzk4)
                  0000b7e8    00000008     ti_msp_dl_config.o (.rodata.gPWM_MOTORConfig)
                  0000b7f0    00000101     libc.a : aeabi_ctype.S.obj (.rodata:__aeabi_ctype_table_)
                  0000b8f1    00000080     oled.o (.rodata.Hzk3)
                  0000b971    00000048     oled.o (.rodata.Hzk2)
                  0000b9b9    00000003     ti_msp_dl_config.o (.rodata.gPWM_MOTORClockConfig)
                  0000b9bc    00000040     libc.a : strtof.c.obj (.rodata.digits)
                  0000b9fc    00000028     ti_msp_dl_config.o (.rodata.gSYSPLLConfig)
                  0000ba24    00000021     test.o (.rodata.str1.3157549975698974756.1)
                  0000ba45    00000003     ti_msp_dl_config.o (.rodata.gTIMER_ENCODER_TICKClockConfig)
                  0000ba48    00000020     ui.o (.rodata.TASK_NAMES)
                  0000ba68    00000020     libc.a : s_atanf.c.obj (.rodata.cst16)
                  0000ba88    00000018     ti_msp_dl_config.o (.rodata.gDMA_UART0RxConfig)
                  0000baa0    00000018     ti_msp_dl_config.o (.rodata.gDMA_UART0TxConfig)
                  0000bab8    00000018     libc.a : strtof.c.obj (.rodata.powerof10)
                  0000bad0    00000014     ti_msp_dl_config.o (.rodata.gTIMER_ENCODER_TICKTimerConfig)
                  0000bae4    00000014     ti_msp_dl_config.o (.rodata.gTIMER_IMU_TICKTimerConfig)
                  0000baf8    00000011     libc.a : _printfi.c.obj (.rodata.str1.10348868589481759720.1)
                  0000bb09    00000011            : _printfi.c.obj (.rodata.str1.15363888844622738466.1)
                  0000bb1a    00000011     ui.o (.rodata.str1.5005294172275454783.1)
                  0000bb2b    0000000e     ui.o (.rodata.str1.14496071923412508607.1)
                  0000bb39    0000000c     ui.o (.rodata.str1.11219833210725482641.1)
                  0000bb45    0000000c     ui.o (.rodata.str1.13859983818639867517.1)
                  0000bb51    0000000c     ui.o (.rodata.str1.15637176569795571027.1)
                  0000bb5d    0000000c     ui.o (.rodata.str1.16967780072679918227.1)
                  0000bb69    0000000c     ui.o (.rodata.str1.18238964237711364483.1)
                  0000bb75    0000000c     ui.o (.rodata.str1.18422242010780415091.1)
                  0000bb81    0000000c     ui.o (.rodata.str1.923739138066134375.1)
                  0000bb8d    0000000b     ui.o (.rodata.str1.12487468500324041522.1)
                  0000bb98    0000000b     main.o (.rodata.str1.15159059442110792349.1)
                  0000bba3    0000000b     test.o (.rodata.str1.2354853713941228107.1)
                  0000bbae    0000000b     ui.o (.rodata.str1.5166644178498611065.1)
                  0000bbb9    0000000b     ui.o (.rodata.str1.5190044239938996863.1)
                  0000bbc4    0000000b     ui.o (.rodata.str1.5357682084177623765.1)
                  0000bbcf    00000001     --HOLE-- [fill = 0]
                  0000bbd0    0000000a     ti_msp_dl_config.o (.rodata.gSPI_IMU_config)
                  0000bbda    0000000a     ti_msp_dl_config.o (.rodata.gUART_0Config)
                  0000bbe4    0000000a     ti_msp_dl_config.o (.rodata.gUART_1Config)
                  0000bbee    00000008     ui.o (.rodata.str1.10745562561331740724.1)
                  0000bbf6    00000008     ui.o (.rodata.str1.843315077082427632.1)
                  0000bbfe    00000007     ui.o (.rodata.str1.10600115653396666080.1)
                  0000bc05    00000007     ui.o (.rodata.str1.10911223399804757918.1)
                  0000bc0c    00000006     main.o (.rodata.str1.8154729771448623357.1)
                  0000bc12    00000005     ui.o (.rodata.str1.139466789850114298.1)
                  0000bc17    00000005     ui.o (.rodata.str1.7230052092798834353.1)
                  0000bc1c    00000005     debug.o (.rodata.str1.8474684609722729998.1)
                  0000bc21    00000005     test.o (.rodata.str1.8561413997158259161.1)
                  0000bc26    00000003     ti_msp_dl_config.o (.rodata.gTIMER_IMU_TICKClockConfig)
                  0000bc29    00000003     ui.o (.rodata.str1.17031883247104657135.1)
                  0000bc2c    00000002     ti_msp_dl_config.o (.rodata.gI2C_OLEDClockConfig)
                  0000bc2e    00000002     ti_msp_dl_config.o (.rodata.gSPI_IMU_clockConfig)
                  0000bc30    00000002     ti_msp_dl_config.o (.rodata.gUART_0ClockConfig)
                  0000bc32    00000002     ti_msp_dl_config.o (.rodata.gUART_1ClockConfig)
                  0000bc34    00000002     libc.a : fputs.c.obj (.rodata.str1.16607721268415185390.1)
                  0000bc36    0000000a     --HOLE-- [fill = 0]

.init_array 
*          0    00000000    00000000     UNINITIALIZED

.binit     0    00000000    00000000     

.bss       0    20200000    000015c9     UNINITIALIZED
                  20200000    00000960     imu.o (.bss.gyro_hist)
                  20200960    00000480     (.common:OLED_GRAM)
                  20200de0    00000200     bsp_uart.o (.bss.tx_buf)
                  20200fe0    00000120     libsysbm.a : trgmsg.c.obj (.bss:_CIOBUF_)
                  20201100    00000100     bsp_uart.o (.bss.rx_buf)
                  20201200    000000bc     (.common:gPWM_MOTORBackup)
                  202012bc    000000bc     (.common:gTIMER_IMU_TICKBackup)
                  20201378    000000a0     libc.a : defs.c.obj (.bss.__TI_tmpnams)
                  20201418    00000090     car.o (.bss.car)
                  202014a8    00000028     (.common:gSPI_IMUBackup)
                  202014d0    00000018     debug.o (.bss.cmd_buf)
                  202014e8    00000018     imu.o (.bss.gyro_sqr_sum)
                  20201500    00000018     imu.o (.bss.gyro_sum)
                  20201518    0000000c     imu.o (.bss.gyro_offset)
                  20201524    0000000c     imu.o (.bss.ypr)
                  20201530    0000000c     (.common:accval)
                  2020153c    0000000c     (.common:gyroval)
                  20201548    0000000c     (.common:north)
                  20201554    0000000c     (.common:west)
                  20201560    00000008     bsp_encoder.o (.bss.count)
                  20201568    00000008     libsysbm.a : hostopen.c.obj (.bss.parmbuf)
                  20201570    00000008     bsp_encoder.o (.bss.pulse)
                  20201578    00000008     bsp_encoder.o (.bss.total)
                  20201580    00000004     imu.o (.bss.exInt)
                  20201584    00000004     imu.o (.bss.eyInt)
                  20201588    00000004     imu.o (.bss.ezInt)
                  2020158c    00000004     imu.o (.bss.lastUpdate)
                  20201590    00000004     imu.o (.bss.now)
                  20201594    00000004     imu.o (.bss.q0)
                  20201598    00000004     imu.o (.bss.q1)
                  2020159c    00000004     imu.o (.bss.q2)
                  202015a0    00000004     imu.o (.bss.q3)
                  202015a4    00000004     bsp_uart.o (.bss.rx_done)
                  202015a8    00000004     bsp_uart.o (.bss.rx_read)
                  202015ac    00000004     libc.a : memory.c.obj (.bss.sys_free)
                  202015b0    00000004     debug.o (.bss.task1_time_s)
                  202015b4    00000004     bsp_encoder.o (.bss.time_ms)
                  202015b8    00000002     imu.o (.bss.gyro_idx)
                  202015ba    00000002     bsp_uart.o (.bss.tx_dma_len)
                  202015bc    00000002     bsp_uart.o (.bss.tx_head)
                  202015be    00000002     bsp_uart.o (.bss.tx_tail)
                  202015c0    00000001     debug.o (.bss.cmd_drop)
                  202015c1    00000001     debug.o (.bss.cmd_len)
                  202015c2    00000001     debug.o (.bss.cmd_status)
                  202015c3    00000001     imu.o (.bss.gyro_win_ready)
                  202015c4    00000001     imu.o (.bss.imu_ready)
                  202015c5    00000001     task.o (.bss.task_debug_tick.cnt)
                  202015c6    00000001     bsp_encoder.o (.bss.time_on)
                  202015c7    00000001     bsp_uart.o (.bss.tx_busy)
                  202015c8    00000001     (.common:encoder_tick)

.sysmem    0    202015d0    00000800     UNINITIALIZED
                  202015d0    00000010     libc.a : memory.c.obj (.sysmem)
                  202015e0    000007f0     --HOLE--

.data      0    20201dd0    00000201     UNINITIALIZED
                  20201dd0    000000f0     libc.a : defs.c.obj (.data._ftable)
                  20201ec0    00000078     libsysbm.a : host_device.c.obj (.data._device)
                  20201f38    00000050                : host_device.c.obj (.data._stream)
                  20201f88    00000014     imu.o (.data.yaw)
                  20201f9c    00000008     libc.a : exit.c.obj (.data..L_MergedGlobals)
                  20201fa4    00000004     bsp_icm42688.o (.data.Acc_Sensitivity)
                  20201fa8    00000004     bsp_icm42688.o (.data.Gyro_Sensitivity)
                  20201fac    00000004     libc.a : defs.c.obj (.data.__TI_ft_end)
                  20201fb0    00000004            : aeabi_portable.c.obj (.data.__aeabi_errno)
                  20201fb4    00000004            : _lock.c.obj (.data._lock)
                  20201fb8    00000004            : _lock.c.obj (.data._unlock)
                  20201fbc    00000004     bsp_key.o (.data.debug_key1_raw)
                  20201fc0    00000004     bsp_key.o (.data.debug_key2_raw)
                  20201fc4    00000004     bsp_key.o (.data.debug_key3_raw)
                  20201fc8    00000004     imu.o (.data.nowtime)
                  20201fcc    00000002     bsp_motor.o (.data.motor_dir)
                  20201fce    00000001     ui.o (.data.UI_TaskGateTimer.last_state)
                  20201fcf    00000001     ui.o (.data.run_task)
                  20201fd0    00000001     libc.a : memory.c.obj (.data.memory_is_initialized)

.stack     0    20207e00    00000200     UNINITIALIZED
                  20207e00    00000004     libc.a : boot_cortex_m.c.obj (.stack)
                  20207e04    000001fc     --HOLE--

__llvm_prf_cnts 
*          0    20200000    00000000     UNINITIALIZED

__llvm_prf_bits 
*          0    20200000    00000000     UNINITIALIZED

MODULE SUMMARY

       Module                         code    ro data   rw data
       ------                         ----    -------   -------
    .\
       ti_msp_dl_config.o             2252    183       416    
       startup_mspm0g350x_ticlang.o   6       192       0      
       main.o                         120     17        0      
    +--+------------------------------+-------+---------+---------+
       Total:                         2378    392       416    
                                                               
    .\APP\src\
       imu.o                          3088    0         2584   
       ui.o                           1798    234       2      
       car.o                          1732    0         144    
       task.o                         694     0         1      
       debug.o                        648     5         31     
       pid.o                          360     0         0      
       test.o                         256     49        0      
    +--+------------------------------+-------+---------+---------+
       Total:                         8576    288       2762   
                                                               
    .\BSP\src\
       oled.o                         9932    7888      1152   
       bsp_uart.o                     980     0         783    
       bsp_encoder.o                  436     0         30     
       bsp_icm42688.o                 420     0         8      
       bsp_motor.o                    384     0         2      
       bsp_key.o                      156     0         12     
       bsp_track.o                    96      0         0      
    +--+------------------------------+-------+---------+---------+
       Total:                         12404   7888      1987   
                                                               
    .\Board\
       board_irq.o                    96      0         0      
       board.o                        20      0         0      
    +--+------------------------------+-------+---------+---------+
       Total:                         116     0         0      
                                                               
    D:/TI/mspm0_sdk_2_10_00_04/source/ti/driverlib/lib/ticlang/m0p/mspm0g1x0x_g3x0x/driverlib.a
       dl_timer.o                     608     0         0      
       dl_sysctl_mspm0g1x0x_g3x0x.o   416     0         0      
       dl_spi.o                       166     0         0      
       dl_i2c.o                       132     0         0      
       dl_uart.o                      90      0         0      
       dl_dma.o                       76      0         0      
       dl_common.o                    10      0         0      
    +--+------------------------------+-------+---------+---------+
       Total:                         1498    0         0      
                                                               
    D:\TI\ccs\tools\compiler\ti-cgt-armllvm_4.0.4.LTS\lib\armv6m-ti-none-eabi/c/libc.a
       _printfi.c.obj                 4510    34        0      
       strtof.c.obj                   872     88        0      
       memory.c.obj                   702     0         5      
       s_atanf.c.obj                  466     32        0      
       defs.c.obj                     0       0         404    
       e_sqrt.c.obj                   368     0         0      
       e_asinf.c.obj                  358     0         0      
       fputs.c.obj                    284     2         0      
       e_atan2f.c.obj                 280     0         0      
       aeabi_ctype.S.obj              0       257       0      
       setvbuf.c.obj                  224     0         0      
       s_scalbn.c.obj                 216     0         0      
       s_scalbnf.c.obj                176     0         0      
       getdevice.c.obj                160     0         0      
       memcpy16.S.obj                 154     0         0      
       snprintf.c.obj                 148     0         0      
       strcmp-armv6m.S.obj            136     0         0      
       copy_decompress_lzss.c.obj     124     0         0      
       fclose.c.obj                   124     0         0      
       fseek.c.obj                    116     0         0      
       _io_perm.c.obj                 100     0         0      
       memset16.S.obj                 98      0         0      
       s_frexp.c.obj                  92      0         0      
       _ltoa.c.obj                    88      0         0      
       fflush.c.obj                   82      0         0      
       exit.c.obj                     58      0         8      
       atoi.c.obj                     64      0         0      
       autoinit.c.obj                 60      0         0      
       fopen.c.obj                    52      0         0      
       boot_cortex_m.c.obj            40      0         0      
       memccpy.c.obj                  34      0         0      
       memcmp.c.obj                   32      0         0      
       copy_decompress_none.c.obj     18      0         0      
       copy_zero_init.c.obj           16      0         0      
       wcslen.c.obj                   16      0         0      
       aeabi_portable.c.obj           8       0         4      
       _lock.c.obj                    2       0         8      
       pre_init.c.obj                 4       0         0      
    +--+------------------------------+-------+---------+---------+
       Total:                         10282   413       429    
                                                               
    D:\TI\ccs\tools\compiler\ti-cgt-armllvm_4.0.4.LTS\lib\armv6m-ti-none-eabi/c/libsysbm.a
       trgmsg.c.obj                   104     0         288    
       host_device.c.obj              0       0         200    
       hostrename.c.obj               136     0         0      
       hostlseek.c.obj                108     0         0      
       hostopen.c.obj                 96      0         8      
       hostread.c.obj                 88      0         0      
       hostwrite.c.obj                88      0         0      
       close.c.obj                    80      0         0      
       hostclose.c.obj                72      0         0      
       hostunlink.c.obj               72      0         0      
       unlink.c.obj                   44      0         0      
       lseek.c.obj                    40      0         0      
       write.c.obj                    40      0         0      
       remove.c.obj                   8       0         0      
       hostexit.c.obj                 4       0         0      
    +--+------------------------------+-------+---------+---------+
       Total:                         980     0         496    
                                                               
    D:\TI\ccs\tools\compiler\ti-cgt-armllvm_4.0.4.LTS\lib\armv6m-ti-none-eabi/libclang_rt.builtins.a
       adddf3.S.obj                   418     0         0      
       divdf3.S.obj                   268     0         0      
       addsf3.S.obj                   232     0         0      
       muldf3.S.obj                   228     0         0      
       comparedf2.c.obj               220     0         0      
       udivmoddi4.S.obj               162     0         0      
       mulsf3.S.obj                   156     0         0      
       divsf3.S.obj                   146     0         0      
       comparesf2.S.obj               118     0         0      
       truncdfsf2.S.obj               116     0         0      
       aeabi_dcmp.S.obj               98      0         0      
       aeabi_fcmp.S.obj               98      0         0      
       aeabi_idivmod.S.obj            86      0         0      
       fixdfsi.S.obj                  74      0         0      
       aeabi_uidivmod.S.obj           64      0         0      
       extendsfdf2.S.obj              64      0         0      
       floatsisf.S.obj                60      0         0      
       muldsi3.S.obj                  58      0         0      
       fixsfsi.S.obj                  56      0         0      
       floatsidf.S.obj                44      0         0      
       floatunsisf.S.obj              40      0         0      
       muldi3.S.obj                   36      0         0      
       ashldi3.S.obj                  30      0         0      
       aeabi_memset.S.obj             26      0         0      
       aeabi_uldivmod.S.obj           20      0         0      
       aeabi_memcpy.S.obj             8       0         0      
       aeabi_div0.c.obj               4       0         0      
    +--+------------------------------+-------+---------+---------+
       Total:                         2930    0         0      
                                                               
       Heap:                          0       0         2048   
       Stack:                         0       0         512    
       Linker Generated:              0       146       0      
    +--+------------------------------+-------+---------+---------+
       Grand Total:                   39164   9127      8650   


LINKER GENERATED COPY TABLES

__TI_cinit_table @ 0000bcc4 records: 2, size/record: 8, table size: 16
	.data: load addr=0000bc40, load size=0000006e bytes, run addr=20201dd0, run size=00000201 bytes, compression=lzss
	.bss: load addr=0000bcbc, load size=00000008 bytes, run addr=20200000, run size=000015c9 bytes, compression=zero_init


LINKER GENERATED HANDLER TABLE

__TI_handler_table @ 0000bcb0 records: 3, size/record: 4, table size: 12
	index: 0, handler: __TI_decompress_lzss
	index: 1, handler: __TI_decompress_none
	index: 2, handler: __TI_zero_init


FAR CALL TRAMPOLINES

callee name               trampoline name
   callee addr  tramp addr   call addr  call info
--------------  -----------  ---------  ----------------
__aeabi_dsub              $Tramp$TT$L$PI$$__aeabi_dsub
   00005585     00009938     00009936   libc.a : _printfi.c.obj (.text.OUTLINED_FUNCTION_0)
__aeabi_fmul              $Tramp$TT$L$PI$$__aeabi_fmul
   00007765     0000998c     00009988   libc.a : e_asinf.c.obj (.text.OUTLINED_FUNCTION_0)
__aeabi_fdiv              $Tramp$TT$L$PI$$__aeabi_fdiv
   000078fd     000099a4     000099a0   libc.a : s_atanf.c.obj (.text.OUTLINED_FUNCTION_0)
__aeabi_fadd              $Tramp$TT$L$PI$$__aeabi_fadd
   00006de7     000099c4     000099c0   libc.a : s_atanf.c.obj (.text.OUTLINED_FUNCTION_1)

[4 trampolines]
[4 trampoline calls]


GLOBAL SYMBOLS: SORTED ALPHABETICALLY BY Name 

address   name                                 
-------   ----                                 
00005717  ADC0_IRQHandler                      
00005717  ADC1_IRQHandler                      
00005717  AES_IRQHandler                       
00009355  BSP_Uart1_ReadByteBlocking           
00006eb5  BSP_Uart_IRQHandler                  
00006b4d  BSP_Uart_Init                        
000084f5  BSP_Uart_ReadByte                    
000053e5  BSP_Uart_Write                       
000099ba  C$$EXIT                              
0000916d  C$$IO$$                              
00005717  CANFD0_IRQHandler                    
00008e8d  Car_GetPidParams                     
000095f1  Car_GetStatus                        
000071dd  Car_Init                             
00008551  Car_SetPidParam                      
000091dd  Car_SetTrack                         
00009551  Car_SetTrackDuty                     
00009031  Car_Stop                             
000033d5  Car_Update                           
00005717  DAC0_IRQHandler                      
00009925  DL_Common_delayCycles                
00008a65  DL_DMA_initChannel                   
00008495  DL_I2C_fillControllerTXFIFO          
000094bd  DL_I2C_setClockConfig                
00008d05  DL_SPI_init                          
00009571  DL_SPI_receiveDataBlocking8          
00009801  DL_SPI_setClockConfig                
0000920d  DL_SPI_transmitDataBlocking8         
0000960d  DL_SYSCTL_configFCC                  
00006c29  DL_SYSCTL_configSYSPLL               
000080bd  DL_SYSCTL_setHFCLKSourceHFXTParams   
00008d49  DL_SYSCTL_switchMCLKfromSYSOSCtoHSCLK
000064ad  DL_Timer_initFourCCPWMMode           
000065b1  DL_Timer_initTimerMode               
00009629  DL_Timer_setCaptCompUpdateMethod     
00009709  DL_Timer_setCaptureCompareOutCtl     
0000985d  DL_Timer_setCaptureCompareValue      
00009645  DL_Timer_setClockConfig              
00008c2d  DL_UART_init                         
00009813  DL_UART_setClockConfig               
00005717  DMA_IRQHandler                       
00004cf1  Debug_CommandPoll                    
00007489  Debug_Output                         
00009661  Debug_SetTask1Time                   
00005717  Default_Handler                      
00007d55  Encoder_GetMs                        
00007bf1  Encoder_GpioIrqHandler               
00007f85  Encoder_Init                         
000097b1  Encoder_Read                         
0000937d  Encoder_ReadTotals                   
000085ad  Encoder_TickIrqHandler               
0000923d  Encoder_TimeInit                     
00005717  GROUP0_IRQHandler                    
00008d8d  GROUP1_IRQHandler                    
00008c75  HOSTclose                            
000099bb  HOSTexit                             
00007dd5  HOSTlseek                            
00008375  HOSTopen                             
000086c1  HOSTread                             
00007e41  HOSTrename                           
00008cbd  HOSTunlink                           
00008719  HOSTwrite                            
00005717  HardFault_Handler                    
0000b3c8  Hzk1                                 
0000b971  Hzk2                                 
0000b8f1  Hzk3                                 
0000b5e8  Hzk4                                 
00005717  I2C0_IRQHandler                      
00005717  I2C1_IRQHandler                      
000097c5  IMU_dataReadyIrqHandler              
00009721  IMU_getYawPitchRoll                  
0000138d  IMU_sample                           
00009591  Key_Init                             
00007a01  Key_Scan                             
00008121  Motor_Brake                          
000089c5  Motor_Init                           
00006f89  Motor_SetDuty                        
00005717  NMI_Handler                          
00001f71  OLED_Clear                           
000075c1  OLED_ColorTurn                       
000063a5  OLED_DisplayTurn                     
20200960  OLED_GRAM                            
000000c1  OLED_Init                            
000098f5  OLED_Refresh                         
000046b9  OLED_RefreshPages                    
00004449  OLED_ShowChar                        
000041b5  OLED_ShowChinese                     
0000764d  OLED_ShowString                      
000066ad  PID_Calc                             
0000986d  PID_CalcTarget                       
00008b95  PID_Init                             
00009825  PID_Reset                            
00005717  PendSV_Handler                       
00005717  RTC_IRQHandler                       
000099d5  Reset_Handler                        
00005717  SPI0_IRQHandler                      
00005717  SPI1_IRQHandler                      
00005717  SVC_Handler                          
00009739  SYSCFG_DL_DMA_UART0Rx_init           
000093a5  SYSCFG_DL_DMA_UART0Tx_init           
00009901  SYSCFG_DL_DMA_init                   
00005a15  SYSCFG_DL_GPIO_init                  
00008879  SYSCFG_DL_I2C_OLED_init              
000076d9  SYSCFG_DL_PWM_MOTOR_init             
00008ab1  SYSCFG_DL_SPI_IMU_init               
000093cd  SYSCFG_DL_SYSCTL_CLK_init            
00003f0d  SYSCFG_DL_SYSCTL_SYSPLL_init         
00007055  SYSCFG_DL_SYSCTL_init                
00008afd  SYSCFG_DL_TIMER_ENCODER_TICK_init    
00009069  SYSCFG_DL_TIMER_IMU_TICK_init        
0000733d  SYSCFG_DL_UART_0_init                
000083d5  SYSCFG_DL_UART_1_init                
000088cd  SYSCFG_DL_init                       
00007a7d  SYSCFG_DL_initPower                  
00005717  SysTick_Handler                      
00005717  TIMA0_IRQHandler                     
00005717  TIMA1_IRQHandler                     
00009751  TIMG0_IRQHandler                     
00005717  TIMG12_IRQHandler                    
00005717  TIMG6_IRQHandler                     
00005717  TIMG7_IRQHandler                     
00005717  TIMG8_IRQHandler                     
00007119  Test_Track                           
00008ec9  Test_UartReceive                     
00008435  Track_ReadMask                       
0000995b  UART0_IRQHandler                     
00005717  UART1_IRQHandler                     
00005717  UART2_IRQHandler                     
00005717  UART3_IRQHandler                     
000096ed  UI_Init                              
00003c0d  UI_Process                           
00007879  UI_Task1VideoTest                    
00008609  UI_TaskGateTimer                     
00009769  UI_TaskResult                        
0000926d  UI_TaskRunning                       
20200fe0  _CIOBUF_                             
20200fe0  __CIOBUF_                            
20208000  __STACK_END                          
00000200  __STACK_SIZE                         
00000800  __SYSMEM_SIZE                        
00000000  __TI_ATRegion0_region_sz             
00000000  __TI_ATRegion0_src_addr              
00000000  __TI_ATRegion0_trg_addr              
00000000  __TI_ATRegion1_region_sz             
00000000  __TI_ATRegion1_src_addr              
00000000  __TI_ATRegion1_trg_addr              
00000000  __TI_ATRegion2_region_sz             
00000000  __TI_ATRegion2_src_addr              
00000000  __TI_ATRegion2_trg_addr              
0000bcc4  __TI_CINIT_Base                      
0000bcd4  __TI_CINIT_Limit                     
0000bcd4  __TI_CINIT_Warm                      
0000bcb0  __TI_Handler_Table_Base              
0000bcbc  __TI_Handler_Table_Limit             
00008f7d  __TI_auto_init_nobinit_nopinit       
000090d9  __TI_cleanup                         
20201f9c  __TI_cleanup_ptr                     
00007af9  __TI_closefile                       
00007b75  __TI_decompress_lzss                 
00009849  __TI_decompress_none                 
00008921  __TI_doflush                         
20201fa0  __TI_dtors_ptr                       
20201fac  __TI_ft_end                          
00008771  __TI_ltoa                            
ffffffff  __TI_pprof_out_hndl                  
00002a05  __TI_printfi                         
ffffffff  __TI_prof_data_size                  
ffffffff  __TI_prof_data_start                 
0000910d  __TI_readmsg                         
00000000  __TI_static_base__                   
20201378  __TI_tmpnams                         
00009141  __TI_writemsg                        
00008185  __TI_wrt_ok                          
0000989d  __TI_zero_init                       
0000558f  __adddf3                             
00006de7  __addsf3                             
0000b7f0  __aeabi_ctype_table_                 
0000b7f0  __aeabi_ctype_table_C                
00007d61  __aeabi_d2f                          
00008be1  __aeabi_d2iz                         
0000558f  __aeabi_dadd                         
0000824d  __aeabi_dcmpeq                       
00008289  __aeabi_dcmpge                       
0000829d  __aeabi_dcmpgt                       
00008275  __aeabi_dcmple                       
00008261  __aeabi_dcmplt                       
00006299  __aeabi_ddiv                         
00006989  __aeabi_dmul                         
00005585  __aeabi_dsub                         
20201fb0  __aeabi_errno                        
00009965  __aeabi_errno_addr                   
00008e0d  __aeabi_f2d                          
000090a1  __aeabi_f2iz                         
00006de7  __aeabi_fadd                         
000082b1  __aeabi_fcmpeq                       
000082ed  __aeabi_fcmpge                       
00008301  __aeabi_fcmpgt                       
000082d9  __aeabi_fcmple                       
000082c5  __aeabi_fcmplt                       
000078fd  __aeabi_fdiv                         
00007765  __aeabi_fmul                         
00006ddd  __aeabi_fsub                         
000092fd  __aeabi_i2d                          
00008f05  __aeabi_i2f                          
00008821  __aeabi_idiv                         
00007487  __aeabi_idiv0                        
00008821  __aeabi_idivmod                      
000075bf  __aeabi_ldiv0                        
000095d1  __aeabi_llsl                         
000094e5  __aeabi_lmul                         
0000990d  __aeabi_memclr                       
0000990d  __aeabi_memclr4                      
0000990d  __aeabi_memclr8                      
0000996d  __aeabi_memcpy                       
0000996d  __aeabi_memcpy4                      
0000996d  __aeabi_memcpy8                      
000098bd  __aeabi_memset                       
000098bd  __aeabi_memset4                      
000098bd  __aeabi_memset8                      
000093f5  __aeabi_ui2f                         
00008dcd  __aeabi_uidiv                        
00008dcd  __aeabi_uidivmod                     
000097d9  __aeabi_uldivmod                     
000095d1  __ashldi3                            
ffffffff  __binit__                            
00007fed  __cmpdf2                             
00008fb9  __cmpsf2                             
00006299  __divdf3                             
000078fd  __divsf3                             
00007fed  __eqdf2                              
00008fb9  __eqsf2                              
00008e0d  __extendsfdf2                        
00008be1  __fixdfsi                            
000090a1  __fixsfsi                            
000092fd  __floatsidf                          
00008f05  __floatsisf                          
000093f5  __floatunsisf                        
00007ce1  __gedf2                              
00008f41  __gesf2                              
00007ce1  __gtdf2                              
00008f41  __gtsf2                              
00007fed  __ledf2                              
00008fb9  __lesf2                              
00007fed  __ltdf2                              
00008fb9  __ltsf2                              
UNDEFED   __mpu_init                           
00006989  __muldf3                             
000094e5  __muldi3                             
00008ff5  __muldsi3                            
00007765  __mulsf3                             
00007fed  __nedf2                              
00008fb9  __nesf2                              
20207e00  __stack                              
20200000  __start___llvm_prf_bits              
20200000  __start___llvm_prf_cnts              
20200000  __stop___llvm_prf_bits               
20200000  __stop___llvm_prf_cnts               
00005585  __subdf3                             
00006ddd  __subsf3                             
00007d61  __truncdfsf2                         
000073e5  __udivmoddi4                         
00009495  _c_int00_noargs                      
20201ec0  _device                              
20201dd0  _ftable                              
20201fb4  _lock                                
0000797f  _nop                                 
20201f38  _stream                              
202015d0  _sys_memory                          
UNDEFED   _system_post_cinit                   
000099d9  _system_pre_init                     
20201fb8  _unlock                              
000099b5  abort                                
20201530  accval                               
00006185  aligned_alloc                        
0000b1a0  asc2_0806                            
0000ad2c  asc2_1206                            
0000a73c  asc2_1608                            
000099e0  asc2_2412                            
00005b79  asinf                                
0000606d  atan2f                               
00004ec1  atanf                                
00008e4d  atoi                                 
ffffffff  binit                                
00005241  bsp_IcmGetRawData                    
00008a15  close                                
20201fbc  debug_key1_raw                       
20201fc0  debug_key2_raw                       
20201fc4  debug_key3_raw                       
0000987d  delay_ms                             
202015c8  encoder_tick                         
00009175  exit                                 
000091a9  finddevice                           
000067a9  fputs                                
000068a1  free                                 
00008665  frexp                                
00008665  frexpl                               
00009975  fseek                                
00007ead  fseeko                               
20201200  gPWM_MOTORBackup                     
202014a8  gSPI_IMUBackup                       
202012bc  gTIMER_IMU_TICKBackup                
00007f19  getdevice                            
2020153c  gyroval                              
00000000  interruptVectors                     
00006d05  ldexp                                
0000728d  ldexpf                               
00006d05  ldexpl                               
00009445  lseek                                
00007c69  main                                 
00009919  malloc                               
00006185  memalign                             
0000952d  memccpy                              
000095b1  memcmp                               
00007525  memcpy                               
00008313  memset                               
20201548  north                                
20201fc8  nowtime                              
20201568  parmbuf                              
000099dd  printf                               
00009509  puts                                 
0000997d  remove                               
00006d05  scalbn                               
0000728d  scalbnf                              
00006d05  scalbnl                              
00006a6d  setvbuf                              
00008b49  snprintf                             
000058a5  sqrt                                 
000058a5  sqrtl                                
000077f1  strcmp                               
000038ad  strtof                               
00009837  task1_run                            
00009799  task2_run                            
00007981  task3_run                            
00009699  task4_run                            
000096b5  task5_run                            
000096d1  task6_run                            
00009329  unlink                               
0000988d  wcslen                               
20201554  west                                 
0000946d  write                                
20201f88  yaw                                  


GLOBAL SYMBOLS: SORTED BY Symbol Address 

address   name                                 
-------   ----                                 
00000000  __TI_ATRegion0_region_sz             
00000000  __TI_ATRegion0_src_addr              
00000000  __TI_ATRegion0_trg_addr              
00000000  __TI_ATRegion1_region_sz             
00000000  __TI_ATRegion1_src_addr              
00000000  __TI_ATRegion1_trg_addr              
00000000  __TI_ATRegion2_region_sz             
00000000  __TI_ATRegion2_src_addr              
00000000  __TI_ATRegion2_trg_addr              
00000000  __TI_static_base__                   
00000000  interruptVectors                     
000000c1  OLED_Init                            
00000200  __STACK_SIZE                         
00000800  __SYSMEM_SIZE                        
0000138d  IMU_sample                           
00001f71  OLED_Clear                           
00002a05  __TI_printfi                         
000033d5  Car_Update                           
000038ad  strtof                               
00003c0d  UI_Process                           
00003f0d  SYSCFG_DL_SYSCTL_SYSPLL_init         
000041b5  OLED_ShowChinese                     
00004449  OLED_ShowChar                        
000046b9  OLED_RefreshPages                    
00004cf1  Debug_CommandPoll                    
00004ec1  atanf                                
00005241  bsp_IcmGetRawData                    
000053e5  BSP_Uart_Write                       
00005585  __aeabi_dsub                         
00005585  __subdf3                             
0000558f  __adddf3                             
0000558f  __aeabi_dadd                         
00005717  ADC0_IRQHandler                      
00005717  ADC1_IRQHandler                      
00005717  AES_IRQHandler                       
00005717  CANFD0_IRQHandler                    
00005717  DAC0_IRQHandler                      
00005717  DMA_IRQHandler                       
00005717  Default_Handler                      
00005717  GROUP0_IRQHandler                    
00005717  HardFault_Handler                    
00005717  I2C0_IRQHandler                      
00005717  I2C1_IRQHandler                      
00005717  NMI_Handler                          
00005717  PendSV_Handler                       
00005717  RTC_IRQHandler                       
00005717  SPI0_IRQHandler                      
00005717  SPI1_IRQHandler                      
00005717  SVC_Handler                          
00005717  SysTick_Handler                      
00005717  TIMA0_IRQHandler                     
00005717  TIMA1_IRQHandler                     
00005717  TIMG12_IRQHandler                    
00005717  TIMG6_IRQHandler                     
00005717  TIMG7_IRQHandler                     
00005717  TIMG8_IRQHandler                     
00005717  UART1_IRQHandler                     
00005717  UART2_IRQHandler                     
00005717  UART3_IRQHandler                     
000058a5  sqrt                                 
000058a5  sqrtl                                
00005a15  SYSCFG_DL_GPIO_init                  
00005b79  asinf                                
0000606d  atan2f                               
00006185  aligned_alloc                        
00006185  memalign                             
00006299  __aeabi_ddiv                         
00006299  __divdf3                             
000063a5  OLED_DisplayTurn                     
000064ad  DL_Timer_initFourCCPWMMode           
000065b1  DL_Timer_initTimerMode               
000066ad  PID_Calc                             
000067a9  fputs                                
000068a1  free                                 
00006989  __aeabi_dmul                         
00006989  __muldf3                             
00006a6d  setvbuf                              
00006b4d  BSP_Uart_Init                        
00006c29  DL_SYSCTL_configSYSPLL               
00006d05  ldexp                                
00006d05  ldexpl                               
00006d05  scalbn                               
00006d05  scalbnl                              
00006ddd  __aeabi_fsub                         
00006ddd  __subsf3                             
00006de7  __addsf3                             
00006de7  __aeabi_fadd                         
00006eb5  BSP_Uart_IRQHandler                  
00006f89  Motor_SetDuty                        
00007055  SYSCFG_DL_SYSCTL_init                
00007119  Test_Track                           
000071dd  Car_Init                             
0000728d  ldexpf                               
0000728d  scalbnf                              
0000733d  SYSCFG_DL_UART_0_init                
000073e5  __udivmoddi4                         
00007487  __aeabi_idiv0                        
00007489  Debug_Output                         
00007525  memcpy                               
000075bf  __aeabi_ldiv0                        
000075c1  OLED_ColorTurn                       
0000764d  OLED_ShowString                      
000076d9  SYSCFG_DL_PWM_MOTOR_init             
00007765  __aeabi_fmul                         
00007765  __mulsf3                             
000077f1  strcmp                               
00007879  UI_Task1VideoTest                    
000078fd  __aeabi_fdiv                         
000078fd  __divsf3                             
0000797f  _nop                                 
00007981  task3_run                            
00007a01  Key_Scan                             
00007a7d  SYSCFG_DL_initPower                  
00007af9  __TI_closefile                       
00007b75  __TI_decompress_lzss                 
00007bf1  Encoder_GpioIrqHandler               
00007c69  main                                 
00007ce1  __gedf2                              
00007ce1  __gtdf2                              
00007d55  Encoder_GetMs                        
00007d61  __aeabi_d2f                          
00007d61  __truncdfsf2                         
00007dd5  HOSTlseek                            
00007e41  HOSTrename                           
00007ead  fseeko                               
00007f19  getdevice                            
00007f85  Encoder_Init                         
00007fed  __cmpdf2                             
00007fed  __eqdf2                              
00007fed  __ledf2                              
00007fed  __ltdf2                              
00007fed  __nedf2                              
000080bd  DL_SYSCTL_setHFCLKSourceHFXTParams   
00008121  Motor_Brake                          
00008185  __TI_wrt_ok                          
0000824d  __aeabi_dcmpeq                       
00008261  __aeabi_dcmplt                       
00008275  __aeabi_dcmple                       
00008289  __aeabi_dcmpge                       
0000829d  __aeabi_dcmpgt                       
000082b1  __aeabi_fcmpeq                       
000082c5  __aeabi_fcmplt                       
000082d9  __aeabi_fcmple                       
000082ed  __aeabi_fcmpge                       
00008301  __aeabi_fcmpgt                       
00008313  memset                               
00008375  HOSTopen                             
000083d5  SYSCFG_DL_UART_1_init                
00008435  Track_ReadMask                       
00008495  DL_I2C_fillControllerTXFIFO          
000084f5  BSP_Uart_ReadByte                    
00008551  Car_SetPidParam                      
000085ad  Encoder_TickIrqHandler               
00008609  UI_TaskGateTimer                     
00008665  frexp                                
00008665  frexpl                               
000086c1  HOSTread                             
00008719  HOSTwrite                            
00008771  __TI_ltoa                            
00008821  __aeabi_idiv                         
00008821  __aeabi_idivmod                      
00008879  SYSCFG_DL_I2C_OLED_init              
000088cd  SYSCFG_DL_init                       
00008921  __TI_doflush                         
000089c5  Motor_Init                           
00008a15  close                                
00008a65  DL_DMA_initChannel                   
00008ab1  SYSCFG_DL_SPI_IMU_init               
00008afd  SYSCFG_DL_TIMER_ENCODER_TICK_init    
00008b49  snprintf                             
00008b95  PID_Init                             
00008be1  __aeabi_d2iz                         
00008be1  __fixdfsi                            
00008c2d  DL_UART_init                         
00008c75  HOSTclose                            
00008cbd  HOSTunlink                           
00008d05  DL_SPI_init                          
00008d49  DL_SYSCTL_switchMCLKfromSYSOSCtoHSCLK
00008d8d  GROUP1_IRQHandler                    
00008dcd  __aeabi_uidiv                        
00008dcd  __aeabi_uidivmod                     
00008e0d  __aeabi_f2d                          
00008e0d  __extendsfdf2                        
00008e4d  atoi                                 
00008e8d  Car_GetPidParams                     
00008ec9  Test_UartReceive                     
00008f05  __aeabi_i2f                          
00008f05  __floatsisf                          
00008f41  __gesf2                              
00008f41  __gtsf2                              
00008f7d  __TI_auto_init_nobinit_nopinit       
00008fb9  __cmpsf2                             
00008fb9  __eqsf2                              
00008fb9  __lesf2                              
00008fb9  __ltsf2                              
00008fb9  __nesf2                              
00008ff5  __muldsi3                            
00009031  Car_Stop                             
00009069  SYSCFG_DL_TIMER_IMU_TICK_init        
000090a1  __aeabi_f2iz                         
000090a1  __fixsfsi                            
000090d9  __TI_cleanup                         
0000910d  __TI_readmsg                         
00009141  __TI_writemsg                        
0000916d  C$$IO$$                              
00009175  exit                                 
000091a9  finddevice                           
000091dd  Car_SetTrack                         
0000920d  DL_SPI_transmitDataBlocking8         
0000923d  Encoder_TimeInit                     
0000926d  UI_TaskRunning                       
000092fd  __aeabi_i2d                          
000092fd  __floatsidf                          
00009329  unlink                               
00009355  BSP_Uart1_ReadByteBlocking           
0000937d  Encoder_ReadTotals                   
000093a5  SYSCFG_DL_DMA_UART0Tx_init           
000093cd  SYSCFG_DL_SYSCTL_CLK_init            
000093f5  __aeabi_ui2f                         
000093f5  __floatunsisf                        
00009445  lseek                                
0000946d  write                                
00009495  _c_int00_noargs                      
000094bd  DL_I2C_setClockConfig                
000094e5  __aeabi_lmul                         
000094e5  __muldi3                             
00009509  puts                                 
0000952d  memccpy                              
00009551  Car_SetTrackDuty                     
00009571  DL_SPI_receiveDataBlocking8          
00009591  Key_Init                             
000095b1  memcmp                               
000095d1  __aeabi_llsl                         
000095d1  __ashldi3                            
000095f1  Car_GetStatus                        
0000960d  DL_SYSCTL_configFCC                  
00009629  DL_Timer_setCaptCompUpdateMethod     
00009645  DL_Timer_setClockConfig              
00009661  Debug_SetTask1Time                   
00009699  task4_run                            
000096b5  task5_run                            
000096d1  task6_run                            
000096ed  UI_Init                              
00009709  DL_Timer_setCaptureCompareOutCtl     
00009721  IMU_getYawPitchRoll                  
00009739  SYSCFG_DL_DMA_UART0Rx_init           
00009751  TIMG0_IRQHandler                     
00009769  UI_TaskResult                        
00009799  task2_run                            
000097b1  Encoder_Read                         
000097c5  IMU_dataReadyIrqHandler              
000097d9  __aeabi_uldivmod                     
00009801  DL_SPI_setClockConfig                
00009813  DL_UART_setClockConfig               
00009825  PID_Reset                            
00009837  task1_run                            
00009849  __TI_decompress_none                 
0000985d  DL_Timer_setCaptureCompareValue      
0000986d  PID_CalcTarget                       
0000987d  delay_ms                             
0000988d  wcslen                               
0000989d  __TI_zero_init                       
000098bd  __aeabi_memset                       
000098bd  __aeabi_memset4                      
000098bd  __aeabi_memset8                      
000098f5  OLED_Refresh                         
00009901  SYSCFG_DL_DMA_init                   
0000990d  __aeabi_memclr                       
0000990d  __aeabi_memclr4                      
0000990d  __aeabi_memclr8                      
00009919  malloc                               
00009925  DL_Common_delayCycles                
0000995b  UART0_IRQHandler                     
00009965  __aeabi_errno_addr                   
0000996d  __aeabi_memcpy                       
0000996d  __aeabi_memcpy4                      
0000996d  __aeabi_memcpy8                      
00009975  fseek                                
0000997d  remove                               
000099b5  abort                                
000099ba  C$$EXIT                              
000099bb  HOSTexit                             
000099d5  Reset_Handler                        
000099d9  _system_pre_init                     
000099dd  printf                               
000099e0  asc2_2412                            
0000a73c  asc2_1608                            
0000ad2c  asc2_1206                            
0000b1a0  asc2_0806                            
0000b3c8  Hzk1                                 
0000b5e8  Hzk4                                 
0000b7f0  __aeabi_ctype_table_                 
0000b7f0  __aeabi_ctype_table_C                
0000b8f1  Hzk3                                 
0000b971  Hzk2                                 
0000bcb0  __TI_Handler_Table_Base              
0000bcbc  __TI_Handler_Table_Limit             
0000bcc4  __TI_CINIT_Base                      
0000bcd4  __TI_CINIT_Limit                     
0000bcd4  __TI_CINIT_Warm                      
20200000  __start___llvm_prf_bits              
20200000  __start___llvm_prf_cnts              
20200000  __stop___llvm_prf_bits               
20200000  __stop___llvm_prf_cnts               
20200960  OLED_GRAM                            
20200fe0  _CIOBUF_                             
20200fe0  __CIOBUF_                            
20201200  gPWM_MOTORBackup                     
202012bc  gTIMER_IMU_TICKBackup                
20201378  __TI_tmpnams                         
202014a8  gSPI_IMUBackup                       
20201530  accval                               
2020153c  gyroval                              
20201548  north                                
20201554  west                                 
20201568  parmbuf                              
202015c8  encoder_tick                         
202015d0  _sys_memory                          
20201dd0  _ftable                              
20201ec0  _device                              
20201f38  _stream                              
20201f88  yaw                                  
20201f9c  __TI_cleanup_ptr                     
20201fa0  __TI_dtors_ptr                       
20201fac  __TI_ft_end                          
20201fb0  __aeabi_errno                        
20201fb4  _lock                                
20201fb8  _unlock                              
20201fbc  debug_key1_raw                       
20201fc0  debug_key2_raw                       
20201fc4  debug_key3_raw                       
20201fc8  nowtime                              
20207e00  __stack                              
20208000  __STACK_END                          
ffffffff  __TI_pprof_out_hndl                  
ffffffff  __TI_prof_data_size                  
ffffffff  __TI_prof_data_start                 
ffffffff  __binit__                            
ffffffff  binit                                
UNDEFED   __mpu_init                           
UNDEFED   _system_post_cinit                   

[341 symbols]
