<?xml version="1.0" encoding="ISO-8859-1" ?>
<link_info>
   <banner>TI ARM Clang Linker PC v4.0.4.LTS</banner>
   <copyright>Copyright (c) 1996-2018 Texas Instruments Incorporated</copyright>
   <command_line>C:\ti\ccs2031\ccs\tools\compiler\ti-cgt-armllvm_4.0.4.LTS\bin\tiarmlnk -IC:\ti\ccs2031\ccs\tools\compiler\ti-cgt-armllvm_4.0.4.LTS\lib -o Board_Test.out -mBoard_Test.map --heap_size=0x800 --stack_size=1024 -iC:/ti/mspm0_sdk_2_10_00_04/source -iC:/Users/chonqin/Desktop/Ti projects/Electronics-Design-Contest-Program/Board Test -iC:/Users/chonqin/Desktop/Ti projects/Electronics-Design-Contest-Program/Board Test/Debug/syscfg -iC:/ti/ccs2031/ccs/tools/compiler/ti-cgt-armllvm_4.0.4.LTS/lib --diag_wrap=off --display_error_number --warn_sections --xml_link_info=Board_Test_linkInfo.xml --rom_model ./ti_msp_dl_config.o ./startup_mspm0g350x_ticlang.o ./main.o ./APP/src/car.o ./APP/src/imu.o ./APP/src/pid.o ./APP/src/pid_test.o ./APP/src/test.o ./APP/src/ui.o ./BSP/src/bsp_encoder.o ./BSP/src/bsp_icm42688.o ./BSP/src/bsp_key.o ./BSP/src/bsp_motor.o ./BSP/src/bsp_track.o ./BSP/src/bsp_uart.o ./BSP/src/oled.o ./Board/board.o ./Board/board_irq.o -l./device_linker.cmd -ldevice.cmd.genlibs -llibc.a --start-group -llibc++.a -llibc++abi.a -llibc.a -llibsys.a -llibsysbm.a -llibclang_rt.builtins.a -llibclang_rt.profile.a --end-group --cg_opt_level=2</command_line>
   <link_time>0x6a5f1c97</link_time>
   <link_errors>0x0</link_errors>
   <output_file>C:\Users\chonqin\Desktop\Ti projects\Electronics-Design-Contest-Program\Board Test\Debug\Board_Test.out</output_file>
   <entry_point>
      <name>_c_int00_noargs</name>
      <address>0x889d</address>
   </entry_point>
   <input_file_list>
      <input_file id="fl-1">
         <path>C:\Users\chonqin\Desktop\Ti projects\Electronics-Design-Contest-Program\Board Test\Debug\.\</path>
         <kind>object</kind>
         <file>ti_msp_dl_config.o</file>
         <name>ti_msp_dl_config.o</name>
      </input_file>
      <input_file id="fl-2">
         <path>C:\Users\chonqin\Desktop\Ti projects\Electronics-Design-Contest-Program\Board Test\Debug\.\</path>
         <kind>object</kind>
         <file>startup_mspm0g350x_ticlang.o</file>
         <name>startup_mspm0g350x_ticlang.o</name>
      </input_file>
      <input_file id="fl-3">
         <path>C:\Users\chonqin\Desktop\Ti projects\Electronics-Design-Contest-Program\Board Test\Debug\.\</path>
         <kind>object</kind>
         <file>main.o</file>
         <name>main.o</name>
      </input_file>
      <input_file id="fl-4">
         <path>C:\Users\chonqin\Desktop\Ti projects\Electronics-Design-Contest-Program\Board Test\Debug\.\APP\src\</path>
         <kind>object</kind>
         <file>car.o</file>
         <name>car.o</name>
      </input_file>
      <input_file id="fl-5">
         <path>C:\Users\chonqin\Desktop\Ti projects\Electronics-Design-Contest-Program\Board Test\Debug\.\APP\src\</path>
         <kind>object</kind>
         <file>imu.o</file>
         <name>imu.o</name>
      </input_file>
      <input_file id="fl-6">
         <path>C:\Users\chonqin\Desktop\Ti projects\Electronics-Design-Contest-Program\Board Test\Debug\.\APP\src\</path>
         <kind>object</kind>
         <file>pid.o</file>
         <name>pid.o</name>
      </input_file>
      <input_file id="fl-7">
         <path>C:\Users\chonqin\Desktop\Ti projects\Electronics-Design-Contest-Program\Board Test\Debug\.\APP\src\</path>
         <kind>object</kind>
         <file>pid_test.o</file>
         <name>pid_test.o</name>
      </input_file>
      <input_file id="fl-8">
         <path>C:\Users\chonqin\Desktop\Ti projects\Electronics-Design-Contest-Program\Board Test\Debug\.\APP\src\</path>
         <kind>object</kind>
         <file>test.o</file>
         <name>test.o</name>
      </input_file>
      <input_file id="fl-9">
         <path>C:\Users\chonqin\Desktop\Ti projects\Electronics-Design-Contest-Program\Board Test\Debug\.\APP\src\</path>
         <kind>object</kind>
         <file>ui.o</file>
         <name>ui.o</name>
      </input_file>
      <input_file id="fl-a">
         <path>C:\Users\chonqin\Desktop\Ti projects\Electronics-Design-Contest-Program\Board Test\Debug\.\BSP\src\</path>
         <kind>object</kind>
         <file>bsp_encoder.o</file>
         <name>bsp_encoder.o</name>
      </input_file>
      <input_file id="fl-b">
         <path>C:\Users\chonqin\Desktop\Ti projects\Electronics-Design-Contest-Program\Board Test\Debug\.\BSP\src\</path>
         <kind>object</kind>
         <file>bsp_icm42688.o</file>
         <name>bsp_icm42688.o</name>
      </input_file>
      <input_file id="fl-c">
         <path>C:\Users\chonqin\Desktop\Ti projects\Electronics-Design-Contest-Program\Board Test\Debug\.\BSP\src\</path>
         <kind>object</kind>
         <file>bsp_key.o</file>
         <name>bsp_key.o</name>
      </input_file>
      <input_file id="fl-d">
         <path>C:\Users\chonqin\Desktop\Ti projects\Electronics-Design-Contest-Program\Board Test\Debug\.\BSP\src\</path>
         <kind>object</kind>
         <file>bsp_motor.o</file>
         <name>bsp_motor.o</name>
      </input_file>
      <input_file id="fl-e">
         <path>C:\Users\chonqin\Desktop\Ti projects\Electronics-Design-Contest-Program\Board Test\Debug\.\BSP\src\</path>
         <kind>object</kind>
         <file>bsp_track.o</file>
         <name>bsp_track.o</name>
      </input_file>
      <input_file id="fl-f">
         <path>C:\Users\chonqin\Desktop\Ti projects\Electronics-Design-Contest-Program\Board Test\Debug\.\BSP\src\</path>
         <kind>object</kind>
         <file>bsp_uart.o</file>
         <name>bsp_uart.o</name>
      </input_file>
      <input_file id="fl-10">
         <path>C:\Users\chonqin\Desktop\Ti projects\Electronics-Design-Contest-Program\Board Test\Debug\.\BSP\src\</path>
         <kind>object</kind>
         <file>oled.o</file>
         <name>oled.o</name>
      </input_file>
      <input_file id="fl-11">
         <path>C:\Users\chonqin\Desktop\Ti projects\Electronics-Design-Contest-Program\Board Test\Debug\.\Board\</path>
         <kind>object</kind>
         <file>board.o</file>
         <name>board.o</name>
      </input_file>
      <input_file id="fl-12">
         <path>C:\Users\chonqin\Desktop\Ti projects\Electronics-Design-Contest-Program\Board Test\Debug\.\Board\</path>
         <kind>object</kind>
         <file>board_irq.o</file>
         <name>board_irq.o</name>
      </input_file>
      <input_file id="fl-1f">
         <path>C:\Users\chonqin\Desktop\Ti projects\Electronics-Design-Contest-Program\Board Test\Debug\</path>
         <kind>object</kind>
         <file>&lt;internal&gt;</file>
         <name>&lt;internal&gt;</name>
      </input_file>
      <input_file id="fl-20">
         <path>C:\ti\mspm0_sdk_2_10_00_04\source\ti\driverlib\lib\ticlang\m0p\mspm0g1x0x_g3x0x\</path>
         <kind>archive</kind>
         <file>driverlib.a</file>
         <name>dl_common.o</name>
      </input_file>
      <input_file id="fl-21">
         <path>C:\ti\mspm0_sdk_2_10_00_04\source\ti\driverlib\lib\ticlang\m0p\mspm0g1x0x_g3x0x\</path>
         <kind>archive</kind>
         <file>driverlib.a</file>
         <name>dl_i2c.o</name>
      </input_file>
      <input_file id="fl-22">
         <path>C:\ti\mspm0_sdk_2_10_00_04\source\ti\driverlib\lib\ticlang\m0p\mspm0g1x0x_g3x0x\</path>
         <kind>archive</kind>
         <file>driverlib.a</file>
         <name>dl_spi.o</name>
      </input_file>
      <input_file id="fl-23">
         <path>C:\ti\mspm0_sdk_2_10_00_04\source\ti\driverlib\lib\ticlang\m0p\mspm0g1x0x_g3x0x\</path>
         <kind>archive</kind>
         <file>driverlib.a</file>
         <name>dl_timer.o</name>
      </input_file>
      <input_file id="fl-24">
         <path>C:\ti\mspm0_sdk_2_10_00_04\source\ti\driverlib\lib\ticlang\m0p\mspm0g1x0x_g3x0x\</path>
         <kind>archive</kind>
         <file>driverlib.a</file>
         <name>dl_uart.o</name>
      </input_file>
      <input_file id="fl-25">
         <path>C:\ti\mspm0_sdk_2_10_00_04\source\ti\driverlib\lib\ticlang\m0p\mspm0g1x0x_g3x0x\</path>
         <kind>archive</kind>
         <file>driverlib.a</file>
         <name>dl_sysctl_mspm0g1x0x_g3x0x.o</name>
      </input_file>
      <input_file id="fl-3c">
         <path>C:\ti\ccs2031\ccs\tools\compiler\ti-cgt-armllvm_4.0.4.LTS\lib\armv6m-ti-none-eabi\c\</path>
         <kind>archive</kind>
         <file>libc.a</file>
         <name>e_asinf.c.obj</name>
      </input_file>
      <input_file id="fl-3d">
         <path>C:\ti\ccs2031\ccs\tools\compiler\ti-cgt-armllvm_4.0.4.LTS\lib\armv6m-ti-none-eabi\c\</path>
         <kind>archive</kind>
         <file>libc.a</file>
         <name>e_atan2f.c.obj</name>
      </input_file>
      <input_file id="fl-3e">
         <path>C:\ti\ccs2031\ccs\tools\compiler\ti-cgt-armllvm_4.0.4.LTS\lib\armv6m-ti-none-eabi\c\</path>
         <kind>archive</kind>
         <file>libc.a</file>
         <name>s_atanf.c.obj</name>
      </input_file>
      <input_file id="fl-3f">
         <path>C:\ti\ccs2031\ccs\tools\compiler\ti-cgt-armllvm_4.0.4.LTS\lib\armv6m-ti-none-eabi\c\</path>
         <kind>archive</kind>
         <file>libc.a</file>
         <name>printf.c.obj</name>
      </input_file>
      <input_file id="fl-40">
         <path>C:\ti\ccs2031\ccs\tools\compiler\ti-cgt-armllvm_4.0.4.LTS\lib\armv6m-ti-none-eabi\c\</path>
         <kind>archive</kind>
         <file>libc.a</file>
         <name>_printfi.c.obj</name>
      </input_file>
      <input_file id="fl-41">
         <path>C:\ti\ccs2031\ccs\tools\compiler\ti-cgt-armllvm_4.0.4.LTS\lib\armv6m-ti-none-eabi\c\</path>
         <kind>archive</kind>
         <file>libc.a</file>
         <name>snprintf.c.obj</name>
      </input_file>
      <input_file id="fl-42">
         <path>C:\ti\ccs2031\ccs\tools\compiler\ti-cgt-armllvm_4.0.4.LTS\lib\armv6m-ti-none-eabi\c\</path>
         <kind>archive</kind>
         <file>libc.a</file>
         <name>sprintf.c.obj</name>
      </input_file>
      <input_file id="fl-43">
         <path>C:\ti\ccs2031\ccs\tools\compiler\ti-cgt-armllvm_4.0.4.LTS\lib\armv6m-ti-none-eabi\c\</path>
         <kind>archive</kind>
         <file>libc.a</file>
         <name>vsnprintf.c.obj</name>
      </input_file>
      <input_file id="fl-44">
         <path>C:\ti\ccs2031\ccs\tools\compiler\ti-cgt-armllvm_4.0.4.LTS\lib\armv6m-ti-none-eabi\c\</path>
         <kind>archive</kind>
         <file>libc.a</file>
         <name>fputs.c.obj</name>
      </input_file>
      <input_file id="fl-45">
         <path>C:\ti\ccs2031\ccs\tools\compiler\ti-cgt-armllvm_4.0.4.LTS\lib\armv6m-ti-none-eabi\c\</path>
         <kind>archive</kind>
         <file>libc.a</file>
         <name>_io_perm.c.obj</name>
      </input_file>
      <input_file id="fl-46">
         <path>C:\ti\ccs2031\ccs\tools\compiler\ti-cgt-armllvm_4.0.4.LTS\lib\armv6m-ti-none-eabi\c\</path>
         <kind>archive</kind>
         <file>libc.a</file>
         <name>setvbuf.c.obj</name>
      </input_file>
      <input_file id="fl-47">
         <path>C:\ti\ccs2031\ccs\tools\compiler\ti-cgt-armllvm_4.0.4.LTS\lib\armv6m-ti-none-eabi\c\</path>
         <kind>archive</kind>
         <file>libc.a</file>
         <name>aeabi_portable.c.obj</name>
      </input_file>
      <input_file id="fl-48">
         <path>C:\ti\ccs2031\ccs\tools\compiler\ti-cgt-armllvm_4.0.4.LTS\lib\armv6m-ti-none-eabi\c\</path>
         <kind>archive</kind>
         <file>libc.a</file>
         <name>exit.c.obj</name>
      </input_file>
      <input_file id="fl-49">
         <path>C:\ti\ccs2031\ccs\tools\compiler\ti-cgt-armllvm_4.0.4.LTS\lib\armv6m-ti-none-eabi\c\</path>
         <kind>archive</kind>
         <file>libc.a</file>
         <name>_lock.c.obj</name>
      </input_file>
      <input_file id="fl-4a">
         <path>C:\ti\ccs2031\ccs\tools\compiler\ti-cgt-armllvm_4.0.4.LTS\lib\armv6m-ti-none-eabi\c\</path>
         <kind>archive</kind>
         <file>libc.a</file>
         <name>_ltoa.c.obj</name>
      </input_file>
      <input_file id="fl-4b">
         <path>C:\ti\ccs2031\ccs\tools\compiler\ti-cgt-armllvm_4.0.4.LTS\lib\armv6m-ti-none-eabi\c\</path>
         <kind>archive</kind>
         <file>libc.a</file>
         <name>assert.c.obj</name>
      </input_file>
      <input_file id="fl-4c">
         <path>C:\ti\ccs2031\ccs\tools\compiler\ti-cgt-armllvm_4.0.4.LTS\lib\armv6m-ti-none-eabi\c\</path>
         <kind>archive</kind>
         <file>libc.a</file>
         <name>atoi.c.obj</name>
      </input_file>
      <input_file id="fl-4d">
         <path>C:\ti\ccs2031\ccs\tools\compiler\ti-cgt-armllvm_4.0.4.LTS\lib\armv6m-ti-none-eabi\c\</path>
         <kind>archive</kind>
         <file>libc.a</file>
         <name>defs.c.obj</name>
      </input_file>
      <input_file id="fl-4e">
         <path>C:\ti\ccs2031\ccs\tools\compiler\ti-cgt-armllvm_4.0.4.LTS\lib\armv6m-ti-none-eabi\c\</path>
         <kind>archive</kind>
         <file>libc.a</file>
         <name>memccpy.c.obj</name>
      </input_file>
      <input_file id="fl-4f">
         <path>C:\ti\ccs2031\ccs\tools\compiler\ti-cgt-armllvm_4.0.4.LTS\lib\armv6m-ti-none-eabi\c\</path>
         <kind>archive</kind>
         <file>libc.a</file>
         <name>memory.c.obj</name>
      </input_file>
      <input_file id="fl-50">
         <path>C:\ti\ccs2031\ccs\tools\compiler\ti-cgt-armllvm_4.0.4.LTS\lib\armv6m-ti-none-eabi\c\</path>
         <kind>archive</kind>
         <file>libc.a</file>
         <name>boot_cortex_m.c.obj</name>
      </input_file>
      <input_file id="fl-51">
         <path>C:\ti\ccs2031\ccs\tools\compiler\ti-cgt-armllvm_4.0.4.LTS\lib\armv6m-ti-none-eabi\c\</path>
         <kind>archive</kind>
         <file>libc.a</file>
         <name>mathacl_init.c.obj</name>
      </input_file>
      <input_file id="fl-52">
         <path>C:\ti\ccs2031\ccs\tools\compiler\ti-cgt-armllvm_4.0.4.LTS\lib\armv6m-ti-none-eabi\c\</path>
         <kind>archive</kind>
         <file>libc.a</file>
         <name>autoinit.c.obj</name>
      </input_file>
      <input_file id="fl-53">
         <path>C:\ti\ccs2031\ccs\tools\compiler\ti-cgt-armllvm_4.0.4.LTS\lib\armv6m-ti-none-eabi\c\</path>
         <kind>archive</kind>
         <file>libc.a</file>
         <name>pre_init.c.obj</name>
      </input_file>
      <input_file id="fl-54">
         <path>C:\ti\ccs2031\ccs\tools\compiler\ti-cgt-armllvm_4.0.4.LTS\lib\armv6m-ti-none-eabi\c\</path>
         <kind>archive</kind>
         <file>libc.a</file>
         <name>cpy_tbl.c.obj</name>
      </input_file>
      <input_file id="fl-55">
         <path>C:\ti\ccs2031\ccs\tools\compiler\ti-cgt-armllvm_4.0.4.LTS\lib\armv6m-ti-none-eabi\c\</path>
         <kind>archive</kind>
         <file>libc.a</file>
         <name>copy_zero_init.c.obj</name>
      </input_file>
      <input_file id="fl-56">
         <path>C:\ti\ccs2031\ccs\tools\compiler\ti-cgt-armllvm_4.0.4.LTS\lib\armv6m-ti-none-eabi\c\</path>
         <kind>archive</kind>
         <file>libc.a</file>
         <name>copy_decompress_none.c.obj</name>
      </input_file>
      <input_file id="fl-57">
         <path>C:\ti\ccs2031\ccs\tools\compiler\ti-cgt-armllvm_4.0.4.LTS\lib\armv6m-ti-none-eabi\c\</path>
         <kind>archive</kind>
         <file>libc.a</file>
         <name>copy_decompress_lzss.c.obj</name>
      </input_file>
      <input_file id="fl-58">
         <path>C:\ti\ccs2031\ccs\tools\compiler\ti-cgt-armllvm_4.0.4.LTS\lib\armv6m-ti-none-eabi\c\</path>
         <kind>archive</kind>
         <file>libc.a</file>
         <name>e_sqrt.c.obj</name>
      </input_file>
      <input_file id="fl-59">
         <path>C:\ti\ccs2031\ccs\tools\compiler\ti-cgt-armllvm_4.0.4.LTS\lib\armv6m-ti-none-eabi\c\</path>
         <kind>archive</kind>
         <file>libc.a</file>
         <name>s_frexp.c.obj</name>
      </input_file>
      <input_file id="fl-5a">
         <path>C:\ti\ccs2031\ccs\tools\compiler\ti-cgt-armllvm_4.0.4.LTS\lib\armv6m-ti-none-eabi\c\</path>
         <kind>archive</kind>
         <file>libc.a</file>
         <name>s_scalbn.c.obj</name>
      </input_file>
      <input_file id="fl-5b">
         <path>C:\ti\ccs2031\ccs\tools\compiler\ti-cgt-armllvm_4.0.4.LTS\lib\armv6m-ti-none-eabi\c\</path>
         <kind>archive</kind>
         <file>libc.a</file>
         <name>wcslen.c.obj</name>
      </input_file>
      <input_file id="fl-5c">
         <path>C:\ti\ccs2031\ccs\tools\compiler\ti-cgt-armllvm_4.0.4.LTS\lib\armv6m-ti-none-eabi\c\</path>
         <kind>archive</kind>
         <file>libc.a</file>
         <name>fflush.c.obj</name>
      </input_file>
      <input_file id="fl-5d">
         <path>C:\ti\ccs2031\ccs\tools\compiler\ti-cgt-armllvm_4.0.4.LTS\lib\armv6m-ti-none-eabi\c\</path>
         <kind>archive</kind>
         <file>libc.a</file>
         <name>fopen.c.obj</name>
      </input_file>
      <input_file id="fl-5e">
         <path>C:\ti\ccs2031\ccs\tools\compiler\ti-cgt-armllvm_4.0.4.LTS\lib\armv6m-ti-none-eabi\c\</path>
         <kind>archive</kind>
         <file>libc.a</file>
         <name>fseek.c.obj</name>
      </input_file>
      <input_file id="fl-5f">
         <path>C:\ti\ccs2031\ccs\tools\compiler\ti-cgt-armllvm_4.0.4.LTS\lib\armv6m-ti-none-eabi\c\</path>
         <kind>archive</kind>
         <file>libc.a</file>
         <name>aeabi_ctype.S.obj</name>
      </input_file>
      <input_file id="fl-60">
         <path>C:\ti\ccs2031\ccs\tools\compiler\ti-cgt-armllvm_4.0.4.LTS\lib\armv6m-ti-none-eabi\c\</path>
         <kind>archive</kind>
         <file>libc.a</file>
         <name>args_main.c.obj</name>
      </input_file>
      <input_file id="fl-61">
         <path>C:\ti\ccs2031\ccs\tools\compiler\ti-cgt-armllvm_4.0.4.LTS\lib\armv6m-ti-none-eabi\c\</path>
         <kind>archive</kind>
         <file>libc.a</file>
         <name>fclose.c.obj</name>
      </input_file>
      <input_file id="fl-101">
         <path>C:\ti\ccs2031\ccs\tools\compiler\ti-cgt-armllvm_4.0.4.LTS\lib\armv6m-ti-none-eabi\c\</path>
         <kind>archive</kind>
         <file>libsysbm.a</file>
         <name>hostexit.c.obj</name>
      </input_file>
      <input_file id="fl-102">
         <path>C:\ti\ccs2031\ccs\tools\compiler\ti-cgt-armllvm_4.0.4.LTS\lib\armv6m-ti-none-eabi\c\</path>
         <kind>archive</kind>
         <file>libsysbm.a</file>
         <name>write.c.obj</name>
      </input_file>
      <input_file id="fl-103">
         <path>C:\ti\ccs2031\ccs\tools\compiler\ti-cgt-armllvm_4.0.4.LTS\lib\armv6m-ti-none-eabi\c\</path>
         <kind>archive</kind>
         <file>libsysbm.a</file>
         <name>host_device.c.obj</name>
      </input_file>
      <input_file id="fl-104">
         <path>C:\ti\ccs2031\ccs\tools\compiler\ti-cgt-armllvm_4.0.4.LTS\lib\armv6m-ti-none-eabi\c\</path>
         <kind>archive</kind>
         <file>libsysbm.a</file>
         <name>remove.c.obj</name>
      </input_file>
      <input_file id="fl-105">
         <path>C:\ti\ccs2031\ccs\tools\compiler\ti-cgt-armllvm_4.0.4.LTS\lib\armv6m-ti-none-eabi\c\</path>
         <kind>archive</kind>
         <file>libsysbm.a</file>
         <name>open.c.obj</name>
      </input_file>
      <input_file id="fl-106">
         <path>C:\ti\ccs2031\ccs\tools\compiler\ti-cgt-armllvm_4.0.4.LTS\lib\armv6m-ti-none-eabi\c\</path>
         <kind>archive</kind>
         <file>libsysbm.a</file>
         <name>lseek.c.obj</name>
      </input_file>
      <input_file id="fl-107">
         <path>C:\ti\ccs2031\ccs\tools\compiler\ti-cgt-armllvm_4.0.4.LTS\lib\armv6m-ti-none-eabi\c\</path>
         <kind>archive</kind>
         <file>libsysbm.a</file>
         <name>close.c.obj</name>
      </input_file>
      <input_file id="fl-108">
         <path>C:\ti\ccs2031\ccs\tools\compiler\ti-cgt-armllvm_4.0.4.LTS\lib\armv6m-ti-none-eabi\c\</path>
         <kind>archive</kind>
         <file>libsysbm.a</file>
         <name>unlink.c.obj</name>
      </input_file>
      <input_file id="fl-109">
         <path>C:\ti\ccs2031\ccs\tools\compiler\ti-cgt-armllvm_4.0.4.LTS\lib\armv6m-ti-none-eabi\c\</path>
         <kind>archive</kind>
         <file>libsysbm.a</file>
         <name>hostclose.c.obj</name>
      </input_file>
      <input_file id="fl-10a">
         <path>C:\ti\ccs2031\ccs\tools\compiler\ti-cgt-armllvm_4.0.4.LTS\lib\armv6m-ti-none-eabi\c\</path>
         <kind>archive</kind>
         <file>libsysbm.a</file>
         <name>hostlseek.c.obj</name>
      </input_file>
      <input_file id="fl-10b">
         <path>C:\ti\ccs2031\ccs\tools\compiler\ti-cgt-armllvm_4.0.4.LTS\lib\armv6m-ti-none-eabi\c\</path>
         <kind>archive</kind>
         <file>libsysbm.a</file>
         <name>hostopen.c.obj</name>
      </input_file>
      <input_file id="fl-10c">
         <path>C:\ti\ccs2031\ccs\tools\compiler\ti-cgt-armllvm_4.0.4.LTS\lib\armv6m-ti-none-eabi\c\</path>
         <kind>archive</kind>
         <file>libsysbm.a</file>
         <name>hostread.c.obj</name>
      </input_file>
      <input_file id="fl-10d">
         <path>C:\ti\ccs2031\ccs\tools\compiler\ti-cgt-armllvm_4.0.4.LTS\lib\armv6m-ti-none-eabi\c\</path>
         <kind>archive</kind>
         <file>libsysbm.a</file>
         <name>hostrename.c.obj</name>
      </input_file>
      <input_file id="fl-10e">
         <path>C:\ti\ccs2031\ccs\tools\compiler\ti-cgt-armllvm_4.0.4.LTS\lib\armv6m-ti-none-eabi\c\</path>
         <kind>archive</kind>
         <file>libsysbm.a</file>
         <name>hostunlink.c.obj</name>
      </input_file>
      <input_file id="fl-10f">
         <path>C:\ti\ccs2031\ccs\tools\compiler\ti-cgt-armllvm_4.0.4.LTS\lib\armv6m-ti-none-eabi\c\</path>
         <kind>archive</kind>
         <file>libsysbm.a</file>
         <name>hostwrite.c.obj</name>
      </input_file>
      <input_file id="fl-110">
         <path>C:\ti\ccs2031\ccs\tools\compiler\ti-cgt-armllvm_4.0.4.LTS\lib\armv6m-ti-none-eabi\c\</path>
         <kind>archive</kind>
         <file>libsysbm.a</file>
         <name>trgmsg.c.obj</name>
      </input_file>
      <input_file id="fl-111">
         <path>C:\ti\ccs2031\ccs\tools\compiler\ti-cgt-armllvm_4.0.4.LTS\lib\armv6m-ti-none-eabi\</path>
         <kind>archive</kind>
         <file>libclang_rt.builtins.a</file>
         <name>addsf3.S.obj</name>
      </input_file>
      <input_file id="fl-112">
         <path>C:\ti\ccs2031\ccs\tools\compiler\ti-cgt-armllvm_4.0.4.LTS\lib\armv6m-ti-none-eabi\</path>
         <kind>archive</kind>
         <file>libclang_rt.builtins.a</file>
         <name>adddf3.S.obj</name>
      </input_file>
      <input_file id="fl-113">
         <path>C:\ti\ccs2031\ccs\tools\compiler\ti-cgt-armllvm_4.0.4.LTS\lib\armv6m-ti-none-eabi\</path>
         <kind>archive</kind>
         <file>libclang_rt.builtins.a</file>
         <name>muldf3.S.obj</name>
      </input_file>
      <input_file id="fl-114">
         <path>C:\ti\ccs2031\ccs\tools\compiler\ti-cgt-armllvm_4.0.4.LTS\lib\armv6m-ti-none-eabi\</path>
         <kind>archive</kind>
         <file>libclang_rt.builtins.a</file>
         <name>muldsi3.S.obj</name>
      </input_file>
      <input_file id="fl-115">
         <path>C:\ti\ccs2031\ccs\tools\compiler\ti-cgt-armllvm_4.0.4.LTS\lib\armv6m-ti-none-eabi\</path>
         <kind>archive</kind>
         <file>libclang_rt.builtins.a</file>
         <name>mulsf3.S.obj</name>
      </input_file>
      <input_file id="fl-116">
         <path>C:\ti\ccs2031\ccs\tools\compiler\ti-cgt-armllvm_4.0.4.LTS\lib\armv6m-ti-none-eabi\</path>
         <kind>archive</kind>
         <file>libclang_rt.builtins.a</file>
         <name>divsf3.S.obj</name>
      </input_file>
      <input_file id="fl-117">
         <path>C:\ti\ccs2031\ccs\tools\compiler\ti-cgt-armllvm_4.0.4.LTS\lib\armv6m-ti-none-eabi\</path>
         <kind>archive</kind>
         <file>libclang_rt.builtins.a</file>
         <name>divdf3.S.obj</name>
      </input_file>
      <input_file id="fl-118">
         <path>C:\ti\ccs2031\ccs\tools\compiler\ti-cgt-armllvm_4.0.4.LTS\lib\armv6m-ti-none-eabi\</path>
         <kind>archive</kind>
         <file>libclang_rt.builtins.a</file>
         <name>extendsfdf2.S.obj</name>
      </input_file>
      <input_file id="fl-119">
         <path>C:\ti\ccs2031\ccs\tools\compiler\ti-cgt-armllvm_4.0.4.LTS\lib\armv6m-ti-none-eabi\</path>
         <kind>archive</kind>
         <file>libclang_rt.builtins.a</file>
         <name>fixdfsi.S.obj</name>
      </input_file>
      <input_file id="fl-11a">
         <path>C:\ti\ccs2031\ccs\tools\compiler\ti-cgt-armllvm_4.0.4.LTS\lib\armv6m-ti-none-eabi\</path>
         <kind>archive</kind>
         <file>libclang_rt.builtins.a</file>
         <name>fixsfsi.S.obj</name>
      </input_file>
      <input_file id="fl-11b">
         <path>C:\ti\ccs2031\ccs\tools\compiler\ti-cgt-armllvm_4.0.4.LTS\lib\armv6m-ti-none-eabi\</path>
         <kind>archive</kind>
         <file>libclang_rt.builtins.a</file>
         <name>floatsidf.S.obj</name>
      </input_file>
      <input_file id="fl-11c">
         <path>C:\ti\ccs2031\ccs\tools\compiler\ti-cgt-armllvm_4.0.4.LTS\lib\armv6m-ti-none-eabi\</path>
         <kind>archive</kind>
         <file>libclang_rt.builtins.a</file>
         <name>floatsisf.S.obj</name>
      </input_file>
      <input_file id="fl-11d">
         <path>C:\ti\ccs2031\ccs\tools\compiler\ti-cgt-armllvm_4.0.4.LTS\lib\armv6m-ti-none-eabi\</path>
         <kind>archive</kind>
         <file>libclang_rt.builtins.a</file>
         <name>floatunsisf.S.obj</name>
      </input_file>
      <input_file id="fl-11e">
         <path>C:\ti\ccs2031\ccs\tools\compiler\ti-cgt-armllvm_4.0.4.LTS\lib\armv6m-ti-none-eabi\</path>
         <kind>archive</kind>
         <file>libclang_rt.builtins.a</file>
         <name>muldi3.S.obj</name>
      </input_file>
      <input_file id="fl-11f">
         <path>C:\ti\ccs2031\ccs\tools\compiler\ti-cgt-armllvm_4.0.4.LTS\lib\armv6m-ti-none-eabi\</path>
         <kind>archive</kind>
         <file>libclang_rt.builtins.a</file>
         <name>truncdfsf2.S.obj</name>
      </input_file>
      <input_file id="fl-120">
         <path>C:\ti\ccs2031\ccs\tools\compiler\ti-cgt-armllvm_4.0.4.LTS\lib\armv6m-ti-none-eabi\</path>
         <kind>archive</kind>
         <file>libclang_rt.builtins.a</file>
         <name>aeabi_dcmp.S.obj</name>
      </input_file>
      <input_file id="fl-121">
         <path>C:\ti\ccs2031\ccs\tools\compiler\ti-cgt-armllvm_4.0.4.LTS\lib\armv6m-ti-none-eabi\</path>
         <kind>archive</kind>
         <file>libclang_rt.builtins.a</file>
         <name>aeabi_fcmp.S.obj</name>
      </input_file>
      <input_file id="fl-122">
         <path>C:\ti\ccs2031\ccs\tools\compiler\ti-cgt-armllvm_4.0.4.LTS\lib\armv6m-ti-none-eabi\</path>
         <kind>archive</kind>
         <file>libclang_rt.builtins.a</file>
         <name>aeabi_idivmod.S.obj</name>
      </input_file>
      <input_file id="fl-123">
         <path>C:\ti\ccs2031\ccs\tools\compiler\ti-cgt-armllvm_4.0.4.LTS\lib\armv6m-ti-none-eabi\</path>
         <kind>archive</kind>
         <file>libclang_rt.builtins.a</file>
         <name>aeabi_memcpy.S.obj</name>
      </input_file>
      <input_file id="fl-124">
         <path>C:\ti\ccs2031\ccs\tools\compiler\ti-cgt-armllvm_4.0.4.LTS\lib\armv6m-ti-none-eabi\</path>
         <kind>archive</kind>
         <file>libclang_rt.builtins.a</file>
         <name>aeabi_memset.S.obj</name>
      </input_file>
      <input_file id="fl-125">
         <path>C:\ti\ccs2031\ccs\tools\compiler\ti-cgt-armllvm_4.0.4.LTS\lib\armv6m-ti-none-eabi\</path>
         <kind>archive</kind>
         <file>libclang_rt.builtins.a</file>
         <name>aeabi_uidivmod.S.obj</name>
      </input_file>
      <input_file id="fl-126">
         <path>C:\ti\ccs2031\ccs\tools\compiler\ti-cgt-armllvm_4.0.4.LTS\lib\armv6m-ti-none-eabi\</path>
         <kind>archive</kind>
         <file>libclang_rt.builtins.a</file>
         <name>aeabi_uldivmod.S.obj</name>
      </input_file>
      <input_file id="fl-127">
         <path>C:\ti\ccs2031\ccs\tools\compiler\ti-cgt-armllvm_4.0.4.LTS\lib\armv6m-ti-none-eabi\</path>
         <kind>archive</kind>
         <file>libclang_rt.builtins.a</file>
         <name>comparesf2.S.obj</name>
      </input_file>
      <input_file id="fl-128">
         <path>C:\ti\ccs2031\ccs\tools\compiler\ti-cgt-armllvm_4.0.4.LTS\lib\armv6m-ti-none-eabi\</path>
         <kind>archive</kind>
         <file>libclang_rt.builtins.a</file>
         <name>udivmoddi4.S.obj</name>
      </input_file>
      <input_file id="fl-129">
         <path>C:\ti\ccs2031\ccs\tools\compiler\ti-cgt-armllvm_4.0.4.LTS\lib\armv6m-ti-none-eabi\</path>
         <kind>archive</kind>
         <file>libclang_rt.builtins.a</file>
         <name>ashldi3.S.obj</name>
      </input_file>
      <input_file id="fl-12a">
         <path>C:\ti\ccs2031\ccs\tools\compiler\ti-cgt-armllvm_4.0.4.LTS\lib\armv6m-ti-none-eabi\</path>
         <kind>archive</kind>
         <file>libclang_rt.builtins.a</file>
         <name>comparedf2.c.obj</name>
      </input_file>
      <input_file id="fl-12b">
         <path>C:\ti\ccs2031\ccs\tools\compiler\ti-cgt-armllvm_4.0.4.LTS\lib\armv6m-ti-none-eabi\</path>
         <kind>archive</kind>
         <file>libclang_rt.builtins.a</file>
         <name>aeabi_div0.c.obj</name>
      </input_file>
      <input_file id="fl-12c">
         <path>C:\ti\ccs2031\ccs\tools\compiler\ti-cgt-armllvm_4.0.4.LTS\lib\armv6m-ti-none-eabi\c\</path>
         <kind>archive</kind>
         <file>libc.a</file>
         <name>getdevice.c.obj</name>
      </input_file>
      <input_file id="fl-12d">
         <path>C:\ti\ccs2031\ccs\tools\compiler\ti-cgt-armllvm_4.0.4.LTS\lib\armv6m-ti-none-eabi\c\</path>
         <kind>archive</kind>
         <file>libc.a</file>
         <name>memcpy16.S.obj</name>
      </input_file>
      <input_file id="fl-12e">
         <path>C:\ti\ccs2031\ccs\tools\compiler\ti-cgt-armllvm_4.0.4.LTS\lib\armv6m-ti-none-eabi\c\</path>
         <kind>archive</kind>
         <file>libc.a</file>
         <name>memset16.S.obj</name>
      </input_file>
      <input_file id="fl-12f">
         <path>C:\ti\ccs2031\ccs\tools\compiler\ti-cgt-armllvm_4.0.4.LTS\lib\armv6m-ti-none-eabi\c\</path>
         <kind>archive</kind>
         <file>libc.a</file>
         <name>strcmp-armv6m.S.obj</name>
      </input_file>
   </input_file_list>
   <object_component_list>
      <object_component id="oc-18">
         <name>.intvecs</name>
         <load_address>0x0</load_address>
         <readonly>true</readonly>
         <run_address>0x0</run_address>
         <size>0xc0</size>
         <alignment>0x4</alignment>
         <input_file_ref idref="fl-2"/>
      </object_component>
      <object_component id="oc-15b">
         <name>.text.OLED_Init</name>
         <load_address>0xc0</load_address>
         <readonly>true</readonly>
         <executable>true</executable>
         <run_address>0xc0</run_address>
         <size>0x12a4</size>
         <alignment>0x4</alignment>
         <input_file_ref idref="fl-10"/>
      </object_component>
      <object_component id="oc-94">
         <name>.text.IMU_sample</name>
         <load_address>0x1364</load_address>
         <readonly>true</readonly>
         <executable>true</executable>
         <run_address>0x1364</run_address>
         <size>0xbe4</size>
         <alignment>0x4</alignment>
         <input_file_ref idref="fl-5"/>
      </object_component>
      <object_component id="oc-165">
         <name>.text.OLED_Clear</name>
         <load_address>0x1f48</load_address>
         <readonly>true</readonly>
         <executable>true</executable>
         <run_address>0x1f48</run_address>
         <size>0xa90</size>
         <alignment>0x4</alignment>
         <input_file_ref idref="fl-10"/>
      </object_component>
      <object_component id="oc-2a8">
         <name>.text:__TI_printfi</name>
         <load_address>0x29d8</load_address>
         <readonly>true</readonly>
         <executable>true</executable>
         <run_address>0x29d8</run_address>
         <size>0x9d0</size>
         <alignment>0x4</alignment>
         <input_file_ref idref="fl-40"/>
      </object_component>
      <object_component id="oc-bc">
         <name>.text.UI_Process</name>
         <load_address>0x33a8</load_address>
         <readonly>true</readonly>
         <executable>true</executable>
         <run_address>0x33a8</run_address>
         <size>0x2d0</size>
         <alignment>0x4</alignment>
         <input_file_ref idref="fl-9"/>
      </object_component>
      <object_component id="oc-200">
         <name>.text.SYSCFG_DL_SYSCTL_SYSPLL_init</name>
         <load_address>0x3678</load_address>
         <readonly>true</readonly>
         <executable>true</executable>
         <run_address>0x3678</run_address>
         <size>0x2a8</size>
         <alignment>0x4</alignment>
         <input_file_ref idref="fl-1"/>
      </object_component>
      <object_component id="oc-166">
         <name>.text.OLED_ShowChar</name>
         <load_address>0x3920</load_address>
         <readonly>true</readonly>
         <executable>true</executable>
         <run_address>0x3920</run_address>
         <size>0x270</size>
         <alignment>0x4</alignment>
         <input_file_ref idref="fl-10"/>
      </object_component>
      <object_component id="oc-168">
         <name>.text.OLED_Refresh</name>
         <load_address>0x3b90</load_address>
         <readonly>true</readonly>
         <executable>true</executable>
         <run_address>0x3b90</run_address>
         <size>0x264</size>
         <alignment>0x4</alignment>
         <input_file_ref idref="fl-10"/>
      </object_component>
      <object_component id="oc-2dc">
         <name>.text._pconv_a</name>
         <load_address>0x3df4</load_address>
         <readonly>true</readonly>
         <executable>true</executable>
         <run_address>0x3df4</run_address>
         <size>0x220</size>
         <alignment>0x4</alignment>
         <input_file_ref idref="fl-40"/>
      </object_component>
      <object_component id="oc-2e1">
         <name>.text._pconv_g</name>
         <load_address>0x4014</load_address>
         <readonly>true</readonly>
         <executable>true</executable>
         <run_address>0x4014</run_address>
         <size>0x1dc</size>
         <alignment>0x4</alignment>
         <input_file_ref idref="fl-40"/>
      </object_component>
      <object_component id="oc-c3">
         <name>.text.PID_Test_Run</name>
         <load_address>0x41f0</load_address>
         <readonly>true</readonly>
         <executable>true</executable>
         <run_address>0x41f0</run_address>
         <size>0x1d0</size>
         <alignment>0x4</alignment>
         <input_file_ref idref="fl-7"/>
      </object_component>
      <object_component id="oc-c9">
         <name>.text.Test_IMU</name>
         <load_address>0x43c0</load_address>
         <readonly>true</readonly>
         <executable>true</executable>
         <run_address>0x43c0</run_address>
         <size>0x1cc</size>
         <alignment>0x4</alignment>
         <input_file_ref idref="fl-8"/>
      </object_component>
      <object_component id="oc-1db">
         <name>.text.atanf</name>
         <load_address>0x458c</load_address>
         <readonly>true</readonly>
         <executable>true</executable>
         <run_address>0x458c</run_address>
         <size>0x1c8</size>
         <alignment>0x4</alignment>
         <input_file_ref idref="fl-3e"/>
      </object_component>
      <object_component id="oc-261">
         <name>.text.ICM_Init</name>
         <load_address>0x4754</load_address>
         <readonly>true</readonly>
         <executable>true</executable>
         <run_address>0x4754</run_address>
         <size>0x1c4</size>
         <alignment>0x4</alignment>
         <input_file_ref idref="fl-b"/>
      </object_component>
      <object_component id="oc-eb">
         <name>.text.bsp_IcmGetRawData</name>
         <load_address>0x4918</load_address>
         <readonly>true</readonly>
         <executable>true</executable>
         <run_address>0x4918</run_address>
         <size>0x1a4</size>
         <alignment>0x4</alignment>
         <input_file_ref idref="fl-b"/>
      </object_component>
      <object_component id="oc-f1">
         <name>.text.adddf3_subdf3</name>
         <load_address>0x4abc</load_address>
         <readonly>true</readonly>
         <executable>true</executable>
         <run_address>0x4abc</run_address>
         <size>0x192</size>
         <alignment>0x4</alignment>
         <input_file_ref idref="fl-112"/>
      </object_component>
      <object_component id="oc-35">
         <name>.text.Default_Handler</name>
         <load_address>0x4c4e</load_address>
         <readonly>true</readonly>
         <executable>true</executable>
         <run_address>0x4c4e</run_address>
         <size>0x2</size>
         <alignment>0x2</alignment>
         <input_file_ref idref="fl-2"/>
      </object_component>
      <object_component id="oc-1ee">
         <name>.text.sqrt</name>
         <load_address>0x4c50</load_address>
         <readonly>true</readonly>
         <executable>true</executable>
         <run_address>0x4c50</run_address>
         <size>0x170</size>
         <alignment>0x4</alignment>
         <input_file_ref idref="fl-58"/>
      </object_component>
      <object_component id="oc-12d">
         <name>.text.asinf</name>
         <load_address>0x4dc0</load_address>
         <readonly>true</readonly>
         <executable>true</executable>
         <run_address>0x4dc0</run_address>
         <size>0x160</size>
         <alignment>0x4</alignment>
         <input_file_ref idref="fl-3c"/>
      </object_component>
      <object_component id="oc-13e">
         <name>.text.SYSCFG_DL_GPIO_init</name>
         <load_address>0x4f20</load_address>
         <readonly>true</readonly>
         <executable>true</executable>
         <run_address>0x4f20</run_address>
         <size>0x158</size>
         <alignment>0x4</alignment>
         <input_file_ref idref="fl-1"/>
      </object_component>
      <object_component id="oc-32f">
         <name>.text.fcvt</name>
         <load_address>0x5078</load_address>
         <readonly>true</readonly>
         <executable>true</executable>
         <run_address>0x5078</run_address>
         <size>0x13c</size>
         <alignment>0x4</alignment>
         <input_file_ref idref="fl-40"/>
      </object_component>
      <object_component id="oc-162">
         <name>.text.OLED_DisplayTurn</name>
         <load_address>0x51b4</load_address>
         <readonly>true</readonly>
         <executable>true</executable>
         <run_address>0x51b4</run_address>
         <size>0x120</size>
         <alignment>0x4</alignment>
         <input_file_ref idref="fl-10"/>
      </object_component>
      <object_component id="oc-2e3">
         <name>.text._pconv_e</name>
         <load_address>0x52d4</load_address>
         <readonly>true</readonly>
         <executable>true</executable>
         <run_address>0x52d4</run_address>
         <size>0x120</size>
         <alignment>0x4</alignment>
         <input_file_ref idref="fl-40"/>
      </object_component>
      <object_component id="oc-129">
         <name>.text.atan2f</name>
         <load_address>0x53f4</load_address>
         <readonly>true</readonly>
         <executable>true</executable>
         <run_address>0x53f4</run_address>
         <size>0x118</size>
         <alignment>0x4</alignment>
         <input_file_ref idref="fl-3d"/>
      </object_component>
      <object_component id="oc-379">
         <name>.text.aligned_alloc</name>
         <load_address>0x550c</load_address>
         <readonly>true</readonly>
         <executable>true</executable>
         <run_address>0x550c</run_address>
         <size>0x114</size>
         <alignment>0x4</alignment>
         <input_file_ref idref="fl-4f"/>
      </object_component>
      <object_component id="oc-108">
         <name>.text.__divdf3</name>
         <load_address>0x5620</load_address>
         <readonly>true</readonly>
         <executable>true</executable>
         <run_address>0x5620</run_address>
         <size>0x10c</size>
         <alignment>0x4</alignment>
         <input_file_ref idref="fl-117"/>
      </object_component>
      <object_component id="oc-209">
         <name>.text.DL_Timer_initFourCCPWMMode</name>
         <load_address>0x572c</load_address>
         <readonly>true</readonly>
         <executable>true</executable>
         <run_address>0x572c</run_address>
         <size>0x104</size>
         <alignment>0x4</alignment>
         <input_file_ref idref="fl-23"/>
      </object_component>
      <object_component id="oc-20f">
         <name>.text.DL_Timer_initTimerMode</name>
         <load_address>0x5830</load_address>
         <readonly>true</readonly>
         <executable>true</executable>
         <run_address>0x5830</run_address>
         <size>0xfc</size>
         <alignment>0x4</alignment>
         <input_file_ref idref="fl-23"/>
      </object_component>
      <object_component id="oc-19b">
         <name>.text.UI_Test_IMU</name>
         <load_address>0x592c</load_address>
         <readonly>true</readonly>
         <executable>true</executable>
         <run_address>0x592c</run_address>
         <size>0xf8</size>
         <alignment>0x4</alignment>
         <input_file_ref idref="fl-9"/>
      </object_component>
      <object_component id="oc-2b6">
         <name>.text.fputs</name>
         <load_address>0x5a24</load_address>
         <readonly>true</readonly>
         <executable>true</executable>
         <run_address>0x5a24</run_address>
         <size>0xf8</size>
         <alignment>0x4</alignment>
         <input_file_ref idref="fl-44"/>
      </object_component>
      <object_component id="oc-360">
         <name>.text.free</name>
         <load_address>0x5b1c</load_address>
         <readonly>true</readonly>
         <executable>true</executable>
         <run_address>0x5b1c</run_address>
         <size>0xe8</size>
         <alignment>0x4</alignment>
         <input_file_ref idref="fl-4f"/>
      </object_component>
      <object_component id="oc-f5">
         <name>.text.__muldf3</name>
         <load_address>0x5c04</load_address>
         <readonly>true</readonly>
         <executable>true</executable>
         <run_address>0x5c04</run_address>
         <size>0xe4</size>
         <alignment>0x4</alignment>
         <input_file_ref idref="fl-113"/>
      </object_component>
      <object_component id="oc-197">
         <name>.text.IMU_init</name>
         <load_address>0x5ce8</load_address>
         <readonly>true</readonly>
         <executable>true</executable>
         <run_address>0x5ce8</run_address>
         <size>0xe0</size>
         <alignment>0x4</alignment>
         <input_file_ref idref="fl-5"/>
      </object_component>
      <object_component id="oc-338">
         <name>.text.setvbuf</name>
         <load_address>0x5dc8</load_address>
         <readonly>true</readonly>
         <executable>true</executable>
         <run_address>0x5dc8</run_address>
         <size>0xe0</size>
         <alignment>0x4</alignment>
         <input_file_ref idref="fl-46"/>
      </object_component>
      <object_component id="oc-1ff">
         <name>.text.DL_SYSCTL_configSYSPLL</name>
         <load_address>0x5ea8</load_address>
         <readonly>true</readonly>
         <executable>true</executable>
         <run_address>0x5ea8</run_address>
         <size>0xdc</size>
         <alignment>0x4</alignment>
         <input_file_ref idref="fl-25"/>
      </object_component>
      <object_component id="oc-312">
         <name>.text.scalbn</name>
         <load_address>0x5f84</load_address>
         <readonly>true</readonly>
         <executable>true</executable>
         <run_address>0x5f84</run_address>
         <size>0xd8</size>
         <alignment>0x4</alignment>
         <input_file_ref idref="fl-5a"/>
      </object_component>
      <object_component id="oc-118">
         <name>.text</name>
         <load_address>0x605c</load_address>
         <readonly>true</readonly>
         <executable>true</executable>
         <run_address>0x605c</run_address>
         <size>0xd8</size>
         <alignment>0x4</alignment>
         <input_file_ref idref="fl-111"/>
      </object_component>
      <object_component id="oc-13f">
         <name>.text.SYSCFG_DL_SYSCTL_init</name>
         <load_address>0x6134</load_address>
         <readonly>true</readonly>
         <executable>true</executable>
         <run_address>0x6134</run_address>
         <size>0xd4</size>
         <alignment>0x4</alignment>
         <input_file_ref idref="fl-1"/>
      </object_component>
      <object_component id="oc-182">
         <name>.text.UI_Test_PID</name>
         <load_address>0x6208</load_address>
         <readonly>true</readonly>
         <executable>true</executable>
         <run_address>0x6208</run_address>
         <size>0xd0</size>
         <alignment>0x4</alignment>
         <input_file_ref idref="fl-9"/>
      </object_component>
      <object_component id="oc-195">
         <name>.text.UI_Test_Motor</name>
         <load_address>0x62d8</load_address>
         <readonly>true</readonly>
         <executable>true</executable>
         <run_address>0x62d8</run_address>
         <size>0xcc</size>
         <alignment>0x4</alignment>
         <input_file_ref idref="fl-9"/>
      </object_component>
      <object_component id="oc-c7">
         <name>.text.Test_Motor</name>
         <load_address>0x63a4</load_address>
         <readonly>true</readonly>
         <executable>true</executable>
         <run_address>0x63a4</run_address>
         <size>0xc8</size>
         <alignment>0x4</alignment>
         <input_file_ref idref="fl-8"/>
      </object_component>
      <object_component id="oc-cc">
         <name>.text.Test_Track</name>
         <load_address>0x646c</load_address>
         <readonly>true</readonly>
         <executable>true</executable>
         <run_address>0x646c</run_address>
         <size>0xc4</size>
         <alignment>0x4</alignment>
         <input_file_ref idref="fl-8"/>
      </object_component>
      <object_component id="oc-6a">
         <name>.text.encoder_gpio_irq_handler</name>
         <load_address>0x6530</load_address>
         <readonly>true</readonly>
         <executable>true</executable>
         <run_address>0x6530</run_address>
         <size>0xc0</size>
         <alignment>0x4</alignment>
         <input_file_ref idref="fl-a"/>
      </object_component>
      <object_component id="oc-19d">
         <name>.text.UI_Test_Encoder</name>
         <load_address>0x65f0</load_address>
         <readonly>true</readonly>
         <executable>true</executable>
         <run_address>0x65f0</run_address>
         <size>0xb0</size>
         <alignment>0x4</alignment>
         <input_file_ref idref="fl-9"/>
      </object_component>
      <object_component id="oc-25b">
         <name>.text.PID_Calc</name>
         <load_address>0x66a0</load_address>
         <readonly>true</readonly>
         <executable>true</executable>
         <run_address>0x66a0</run_address>
         <size>0xac</size>
         <alignment>0x2</alignment>
         <input_file_ref idref="fl-6"/>
      </object_component>
      <object_component id="oc-309">
         <name>.text</name>
         <load_address>0x674c</load_address>
         <readonly>true</readonly>
         <executable>true</executable>
         <run_address>0x674c</run_address>
         <size>0xa2</size>
         <alignment>0x4</alignment>
         <input_file_ref idref="fl-128"/>
      </object_component>
      <object_component id="oc-2bc">
         <name>.text.__aeabi_idiv0</name>
         <load_address>0x67ee</load_address>
         <readonly>true</readonly>
         <executable>true</executable>
         <run_address>0x67ee</run_address>
         <size>0x2</size>
         <alignment>0x2</alignment>
         <input_file_ref idref="fl-12b"/>
      </object_component>
      <object_component id="oc-144">
         <name>.text.SYSCFG_DL_UART_0_init</name>
         <load_address>0x67f0</load_address>
         <readonly>true</readonly>
         <executable>true</executable>
         <run_address>0x67f0</run_address>
         <size>0x9c</size>
         <alignment>0x4</alignment>
         <input_file_ref idref="fl-1"/>
      </object_component>
      <object_component id="oc-2ad">
         <name>.text.bsp_IcmConfigDataReadyInt</name>
         <load_address>0x688c</load_address>
         <readonly>true</readonly>
         <executable>true</executable>
         <run_address>0x688c</run_address>
         <size>0x9c</size>
         <alignment>0x4</alignment>
         <input_file_ref idref="fl-b"/>
      </object_component>
      <object_component id="oc-a6">
         <name>.text:memcpy</name>
         <load_address>0x6928</load_address>
         <readonly>true</readonly>
         <executable>true</executable>
         <run_address>0x6928</run_address>
         <size>0x9a</size>
         <alignment>0x1</alignment>
         <input_file_ref idref="fl-12d"/>
      </object_component>
      <object_component id="oc-345">
         <name>.text.__aeabi_ldiv0</name>
         <load_address>0x69c2</load_address>
         <readonly>true</readonly>
         <executable>true</executable>
         <run_address>0x69c2</run_address>
         <size>0x2</size>
         <alignment>0x2</alignment>
         <input_file_ref idref="fl-12b"/>
      </object_component>
      <object_component id="oc-161">
         <name>.text.OLED_ColorTurn</name>
         <load_address>0x69c4</load_address>
         <readonly>true</readonly>
         <executable>true</executable>
         <run_address>0x69c4</run_address>
         <size>0x98</size>
         <alignment>0x4</alignment>
         <input_file_ref idref="fl-10"/>
      </object_component>
      <object_component id="oc-167">
         <name>.text.OLED_ShowString</name>
         <load_address>0x6a5c</load_address>
         <readonly>true</readonly>
         <executable>true</executable>
         <run_address>0x6a5c</run_address>
         <size>0x8c</size>
         <alignment>0x2</alignment>
         <input_file_ref idref="fl-10"/>
      </object_component>
      <object_component id="oc-140">
         <name>.text.SYSCFG_DL_PWM_MOTOR_init</name>
         <load_address>0x6ae8</load_address>
         <readonly>true</readonly>
         <executable>true</executable>
         <run_address>0x6ae8</run_address>
         <size>0x8c</size>
         <alignment>0x4</alignment>
         <input_file_ref idref="fl-1"/>
      </object_component>
      <object_component id="oc-fd">
         <name>.text.__mulsf3</name>
         <load_address>0x6b74</load_address>
         <readonly>true</readonly>
         <executable>true</executable>
         <run_address>0x6b74</run_address>
         <size>0x8c</size>
         <alignment>0x4</alignment>
         <input_file_ref idref="fl-115"/>
      </object_component>
      <object_component id="oc-183">
         <name>.text.Motor_SetDuty</name>
         <load_address>0x6c00</load_address>
         <readonly>true</readonly>
         <executable>true</executable>
         <run_address>0x6c00</run_address>
         <size>0x88</size>
         <alignment>0x4</alignment>
         <input_file_ref idref="fl-d"/>
      </object_component>
      <object_component id="oc-3c">
         <name>.text.UART0_IRQHandler</name>
         <load_address>0x6c88</load_address>
         <readonly>true</readonly>
         <executable>true</executable>
         <run_address>0x6c88</run_address>
         <size>0x8</size>
         <alignment>0x2</alignment>
         <input_file_ref idref="fl-12"/>
      </object_component>
      <object_component id="oc-3e9">
         <name>.text:strcmp</name>
         <load_address>0x6c90</load_address>
         <readonly>true</readonly>
         <executable>true</executable>
         <run_address>0x6c90</run_address>
         <size>0x88</size>
         <alignment>0x10</alignment>
         <input_file_ref idref="fl-12f"/>
      </object_component>
      <object_component id="oc-1e1">
         <name>.text.__divsf3</name>
         <load_address>0x6d18</load_address>
         <readonly>true</readonly>
         <executable>true</executable>
         <run_address>0x6d18</run_address>
         <size>0x82</size>
         <alignment>0x4</alignment>
         <input_file_ref idref="fl-116"/>
      </object_component>
      <object_component id="oc-277">
         <name>.text._nop</name>
         <load_address>0x6d9a</load_address>
         <readonly>true</readonly>
         <executable>true</executable>
         <run_address>0x6d9a</run_address>
         <size>0x2</size>
         <alignment>0x2</alignment>
         <input_file_ref idref="fl-49"/>
      </object_component>
      <object_component id="oc-169">
         <name>.text.Key_Scan</name>
         <load_address>0x6d9c</load_address>
         <readonly>true</readonly>
         <executable>true</executable>
         <run_address>0x6d9c</run_address>
         <size>0x80</size>
         <alignment>0x4</alignment>
         <input_file_ref idref="fl-c"/>
      </object_component>
      <object_component id="oc-ca">
         <name>.text.Test_Encoder</name>
         <load_address>0x6e1c</load_address>
         <readonly>true</readonly>
         <executable>true</executable>
         <run_address>0x6e1c</run_address>
         <size>0x80</size>
         <alignment>0x4</alignment>
         <input_file_ref idref="fl-8"/>
      </object_component>
      <object_component id="oc-174">
         <name>.text.UI_Test_PIDSelect</name>
         <load_address>0x6e9c</load_address>
         <readonly>true</readonly>
         <executable>true</executable>
         <run_address>0x6e9c</run_address>
         <size>0x80</size>
         <alignment>0x4</alignment>
         <input_file_ref idref="fl-9"/>
      </object_component>
      <object_component id="oc-13c">
         <name>.text.SYSCFG_DL_initPower</name>
         <load_address>0x6f1c</load_address>
         <readonly>true</readonly>
         <executable>true</executable>
         <run_address>0x6f1c</run_address>
         <size>0x7c</size>
         <alignment>0x4</alignment>
         <input_file_ref idref="fl-1"/>
      </object_component>
      <object_component id="oc-37a">
         <name>.text.__TI_closefile</name>
         <load_address>0x6f98</load_address>
         <readonly>true</readonly>
         <executable>true</executable>
         <run_address>0x6f98</run_address>
         <size>0x7c</size>
         <alignment>0x4</alignment>
         <input_file_ref idref="fl-61"/>
      </object_component>
      <object_component id="oc-1c">
         <name>.text:decompress:lzss</name>
         <load_address>0x7014</load_address>
         <readonly>true</readonly>
         <executable>true</executable>
         <run_address>0x7014</run_address>
         <size>0x7c</size>
         <alignment>0x4</alignment>
         <input_file_ref idref="fl-57"/>
      </object_component>
      <object_component id="oc-32d">
         <name>.text.__gedf2</name>
         <load_address>0x7090</load_address>
         <readonly>true</readonly>
         <executable>true</executable>
         <run_address>0x7090</run_address>
         <size>0x74</size>
         <alignment>0x4</alignment>
         <input_file_ref idref="fl-12a"/>
      </object_component>
      <object_component id="oc-7d">
         <name>.text.__aeabi_memclr</name>
         <load_address>0x7104</load_address>
         <readonly>true</readonly>
         <executable>true</executable>
         <run_address>0x7104</run_address>
         <size>0xc</size>
         <alignment>0x4</alignment>
         <input_file_ref idref="fl-124"/>
      </object_component>
      <object_component id="oc-10c">
         <name>.text.__truncdfsf2</name>
         <load_address>0x7110</load_address>
         <readonly>true</readonly>
         <executable>true</executable>
         <run_address>0x7110</run_address>
         <size>0x74</size>
         <alignment>0x10</alignment>
         <input_file_ref idref="fl-11f"/>
      </object_component>
      <object_component id="oc-153">
         <name>.text.BSP_Uart_Write</name>
         <load_address>0x7184</load_address>
         <readonly>true</readonly>
         <executable>true</executable>
         <run_address>0x7184</run_address>
         <size>0x70</size>
         <alignment>0x4</alignment>
         <input_file_ref idref="fl-f"/>
      </object_component>
      <object_component id="oc-393">
         <name>.text.HOSTlseek</name>
         <load_address>0x71f4</load_address>
         <readonly>true</readonly>
         <executable>true</executable>
         <run_address>0x71f4</run_address>
         <size>0x6c</size>
         <alignment>0x4</alignment>
         <input_file_ref idref="fl-10a"/>
      </object_component>
      <object_component id="oc-39b">
         <name>.text.HOSTrename</name>
         <load_address>0x7260</load_address>
         <readonly>true</readonly>
         <executable>true</executable>
         <run_address>0x7260</run_address>
         <size>0x6c</size>
         <alignment>0x4</alignment>
         <input_file_ref idref="fl-10d"/>
      </object_component>
      <object_component id="oc-35d">
         <name>.text.fseeko</name>
         <load_address>0x72cc</load_address>
         <readonly>true</readonly>
         <executable>true</executable>
         <run_address>0x72cc</run_address>
         <size>0x6c</size>
         <alignment>0x4</alignment>
         <input_file_ref idref="fl-5e"/>
      </object_component>
      <object_component id="oc-3dd">
         <name>.text.getdevice</name>
         <load_address>0x7338</load_address>
         <readonly>true</readonly>
         <executable>true</executable>
         <run_address>0x7338</run_address>
         <size>0x6c</size>
         <alignment>0x4</alignment>
         <input_file_ref idref="fl-12c"/>
      </object_component>
      <object_component id="oc-1a5">
         <name>.text.Track_ReadMask</name>
         <load_address>0x73a4</load_address>
         <readonly>true</readonly>
         <executable>true</executable>
         <run_address>0x73a4</run_address>
         <size>0x68</size>
         <alignment>0x4</alignment>
         <input_file_ref idref="fl-e"/>
      </object_component>
      <object_component id="oc-327">
         <name>.text.__ledf2</name>
         <load_address>0x740c</load_address>
         <readonly>true</readonly>
         <executable>true</executable>
         <run_address>0x740c</run_address>
         <size>0x68</size>
         <alignment>0x4</alignment>
         <input_file_ref idref="fl-12a"/>
      </object_component>
      <object_component id="oc-326">
         <name>.text._mcpy</name>
         <load_address>0x7474</load_address>
         <readonly>true</readonly>
         <executable>true</executable>
         <run_address>0x7474</run_address>
         <size>0x66</size>
         <alignment>0x2</alignment>
         <input_file_ref idref="fl-40"/>
      </object_component>
      <object_component id="oc-b1">
         <name>.text.lc_printf</name>
         <load_address>0x74da</load_address>
         <readonly>true</readonly>
         <executable>true</executable>
         <run_address>0x74da</run_address>
         <size>0x66</size>
         <alignment>0x2</alignment>
         <input_file_ref idref="fl-11"/>
      </object_component>
      <object_component id="oc-1f9">
         <name>.text.DL_SYSCTL_setHFCLKSourceHFXTParams</name>
         <load_address>0x7540</load_address>
         <readonly>true</readonly>
         <executable>true</executable>
         <run_address>0x7540</run_address>
         <size>0x64</size>
         <alignment>0x4</alignment>
         <input_file_ref idref="fl-25"/>
      </object_component>
      <object_component id="oc-145">
         <name>.text.SYSCFG_DL_UART_1_init</name>
         <load_address>0x75a4</load_address>
         <readonly>true</readonly>
         <executable>true</executable>
         <run_address>0x75a4</run_address>
         <size>0x64</size>
         <alignment>0x4</alignment>
         <input_file_ref idref="fl-1"/>
      </object_component>
      <object_component id="oc-2e8">
         <name>.text.__TI_wrt_ok</name>
         <load_address>0x7608</load_address>
         <readonly>true</readonly>
         <executable>true</executable>
         <run_address>0x7608</run_address>
         <size>0x64</size>
         <alignment>0x2</alignment>
         <input_file_ref idref="fl-45"/>
      </object_component>
      <object_component id="oc-86">
         <name>.text.main</name>
         <load_address>0x766c</load_address>
         <readonly>true</readonly>
         <executable>true</executable>
         <run_address>0x766c</run_address>
         <size>0x64</size>
         <alignment>0x4</alignment>
         <input_file_ref idref="fl-3"/>
      </object_component>
      <object_component id="oc-3a5">
         <name>.text.split</name>
         <load_address>0x76d0</load_address>
         <readonly>true</readonly>
         <executable>true</executable>
         <run_address>0x76d0</run_address>
         <size>0x64</size>
         <alignment>0x4</alignment>
         <input_file_ref idref="fl-4f"/>
      </object_component>
      <object_component id="oc-2dd">
         <name>.text.__aeabi_dcmp</name>
         <load_address>0x7734</load_address>
         <readonly>true</readonly>
         <executable>true</executable>
         <run_address>0x7734</run_address>
         <size>0x62</size>
         <alignment>0x4</alignment>
         <input_file_ref idref="fl-120"/>
      </object_component>
      <object_component id="oc-110">
         <name>.text.__aeabi_fcmp</name>
         <load_address>0x7798</load_address>
         <readonly>true</readonly>
         <executable>true</executable>
         <run_address>0x7798</run_address>
         <size>0x62</size>
         <alignment>0x4</alignment>
         <input_file_ref idref="fl-121"/>
      </object_component>
      <object_component id="oc-13b">
         <name>.text:memset</name>
         <load_address>0x77fa</load_address>
         <readonly>true</readonly>
         <executable>true</executable>
         <run_address>0x77fa</run_address>
         <size>0x62</size>
         <alignment>0x1</alignment>
         <input_file_ref idref="fl-12e"/>
      </object_component>
      <object_component id="oc-383">
         <name>.text.HOSTopen</name>
         <load_address>0x785c</load_address>
         <readonly>true</readonly>
         <executable>true</executable>
         <run_address>0x785c</run_address>
         <size>0x60</size>
         <alignment>0x4</alignment>
         <input_file_ref idref="fl-10b"/>
      </object_component>
      <object_component id="oc-232">
         <name>.text.DL_I2C_fillControllerTXFIFO</name>
         <load_address>0x78bc</load_address>
         <readonly>true</readonly>
         <executable>true</executable>
         <run_address>0x78bc</run_address>
         <size>0x5e</size>
         <alignment>0x2</alignment>
         <input_file_ref idref="fl-21"/>
      </object_component>
      <object_component id="oc-72">
         <name>.text.BSP_Uart_IRQHandler</name>
         <load_address>0x791c</load_address>
         <readonly>true</readonly>
         <executable>true</executable>
         <run_address>0x791c</run_address>
         <size>0x5c</size>
         <alignment>0x4</alignment>
         <input_file_ref idref="fl-f"/>
      </object_component>
      <object_component id="oc-30e">
         <name>.text.frexp</name>
         <load_address>0x7978</load_address>
         <readonly>true</readonly>
         <executable>true</executable>
         <run_address>0x7978</run_address>
         <size>0x5c</size>
         <alignment>0x4</alignment>
         <input_file_ref idref="fl-59"/>
      </object_component>
      <object_component id="oc-2ae">
         <name>.text.printf</name>
         <load_address>0x79d4</load_address>
         <readonly>true</readonly>
         <executable>true</executable>
         <run_address>0x79d4</run_address>
         <size>0x5c</size>
         <alignment>0x4</alignment>
         <input_file_ref idref="fl-3f"/>
      </object_component>
      <object_component id="oc-38b">
         <name>.text.HOSTread</name>
         <load_address>0x7a30</load_address>
         <readonly>true</readonly>
         <executable>true</executable>
         <run_address>0x7a30</run_address>
         <size>0x58</size>
         <alignment>0x4</alignment>
         <input_file_ref idref="fl-10c"/>
      </object_component>
      <object_component id="oc-38f">
         <name>.text.HOSTwrite</name>
         <load_address>0x7a88</load_address>
         <readonly>true</readonly>
         <executable>true</executable>
         <run_address>0x7a88</run_address>
         <size>0x58</size>
         <alignment>0x4</alignment>
         <input_file_ref idref="fl-10f"/>
      </object_component>
      <object_component id="oc-31a">
         <name>.text.__TI_ltoa</name>
         <load_address>0x7ae0</load_address>
         <readonly>true</readonly>
         <executable>true</executable>
         <run_address>0x7ae0</run_address>
         <size>0x58</size>
         <alignment>0x2</alignment>
         <input_file_ref idref="fl-4a"/>
      </object_component>
      <object_component id="oc-2e2">
         <name>.text._pconv_f</name>
         <load_address>0x7b38</load_address>
         <readonly>true</readonly>
         <executable>true</executable>
         <run_address>0x7b38</run_address>
         <size>0x58</size>
         <alignment>0x2</alignment>
         <input_file_ref idref="fl-40"/>
      </object_component>
      <object_component id="oc-352">
         <name>.text.__aeabi_idivmod</name>
         <load_address>0x7b90</load_address>
         <readonly>true</readonly>
         <executable>true</executable>
         <run_address>0x7b90</run_address>
         <size>0x56</size>
         <alignment>0x4</alignment>
         <input_file_ref idref="fl-122"/>
      </object_component>
      <object_component id="oc-22f">
         <name>.text.DL_UART_fillTXFIFO</name>
         <load_address>0x7be8</load_address>
         <readonly>true</readonly>
         <executable>true</executable>
         <run_address>0x7be8</run_address>
         <size>0x54</size>
         <alignment>0x4</alignment>
         <input_file_ref idref="fl-24"/>
      </object_component>
      <object_component id="oc-143">
         <name>.text.SYSCFG_DL_I2C_OLED_init</name>
         <load_address>0x7c3c</load_address>
         <readonly>true</readonly>
         <executable>true</executable>
         <run_address>0x7c3c</run_address>
         <size>0x54</size>
         <alignment>0x4</alignment>
         <input_file_ref idref="fl-1"/>
      </object_component>
      <object_component id="oc-2f2">
         <name>.text.__TI_doflush</name>
         <load_address>0x7c90</load_address>
         <readonly>true</readonly>
         <executable>true</executable>
         <run_address>0x7c90</run_address>
         <size>0x52</size>
         <alignment>0x2</alignment>
         <input_file_ref idref="fl-5c"/>
      </object_component>
      <object_component id="oc-324">
         <name>.text._ecpy</name>
         <load_address>0x7ce2</load_address>
         <readonly>true</readonly>
         <executable>true</executable>
         <run_address>0x7ce2</run_address>
         <size>0x52</size>
         <alignment>0x2</alignment>
         <input_file_ref idref="fl-40"/>
      </object_component>
      <object_component id="oc-ab">
         <name>.text.SYSCFG_DL_init</name>
         <load_address>0x7d34</load_address>
         <readonly>true</readonly>
         <executable>true</executable>
         <run_address>0x7d34</run_address>
         <size>0x50</size>
         <alignment>0x4</alignment>
         <input_file_ref idref="fl-1"/>
      </object_component>
      <object_component id="oc-cb">
         <name>.text.Test_UartReceive</name>
         <load_address>0x7d84</load_address>
         <readonly>true</readonly>
         <executable>true</executable>
         <run_address>0x7d84</run_address>
         <size>0x50</size>
         <alignment>0x4</alignment>
         <input_file_ref idref="fl-8"/>
      </object_component>
      <object_component id="oc-3a7">
         <name>.text.close</name>
         <load_address>0x7dd4</load_address>
         <readonly>true</readonly>
         <executable>true</executable>
         <run_address>0x7dd4</run_address>
         <size>0x50</size>
         <alignment>0x4</alignment>
         <input_file_ref idref="fl-107"/>
      </object_component>
      <object_component id="oc-146">
         <name>.text.SYSCFG_DL_SPI_IMU_init</name>
         <load_address>0x7e24</load_address>
         <readonly>true</readonly>
         <executable>true</executable>
         <run_address>0x7e24</run_address>
         <size>0x4c</size>
         <alignment>0x4</alignment>
         <input_file_ref idref="fl-1"/>
      </object_component>
      <object_component id="oc-141">
         <name>.text.SYSCFG_DL_TIMER_ENCODER_TICK_init</name>
         <load_address>0x7e70</load_address>
         <readonly>true</readonly>
         <executable>true</executable>
         <run_address>0x7e70</run_address>
         <size>0x4c</size>
         <alignment>0x4</alignment>
         <input_file_ref idref="fl-1"/>
      </object_component>
      <object_component id="oc-be">
         <name>.text.Test_OLED</name>
         <load_address>0x7ebc</load_address>
         <readonly>true</readonly>
         <executable>true</executable>
         <run_address>0x7ebc</run_address>
         <size>0x4c</size>
         <alignment>0x4</alignment>
         <input_file_ref idref="fl-8"/>
      </object_component>
      <object_component id="oc-250">
         <name>.text.snprintf</name>
         <load_address>0x7f08</load_address>
         <readonly>true</readonly>
         <executable>true</executable>
         <run_address>0x7f08</run_address>
         <size>0x4c</size>
         <alignment>0x4</alignment>
         <input_file_ref idref="fl-41"/>
      </object_component>
      <object_component id="oc-316">
         <name>.text.__fixdfsi</name>
         <load_address>0x7f54</load_address>
         <readonly>true</readonly>
         <executable>true</executable>
         <run_address>0x7f54</run_address>
         <size>0x4a</size>
         <alignment>0x4</alignment>
         <input_file_ref idref="fl-119"/>
      </object_component>
      <object_component id="oc-221">
         <name>.text.DL_UART_init</name>
         <load_address>0x7fa0</load_address>
         <readonly>true</readonly>
         <executable>true</executable>
         <run_address>0x7fa0</run_address>
         <size>0x48</size>
         <alignment>0x4</alignment>
         <input_file_ref idref="fl-24"/>
      </object_component>
      <object_component id="oc-387">
         <name>.text.HOSTclose</name>
         <load_address>0x7fe8</load_address>
         <readonly>true</readonly>
         <executable>true</executable>
         <run_address>0x7fe8</run_address>
         <size>0x48</size>
         <alignment>0x4</alignment>
         <input_file_ref idref="fl-109"/>
      </object_component>
      <object_component id="oc-397">
         <name>.text.HOSTunlink</name>
         <load_address>0x8030</load_address>
         <readonly>true</readonly>
         <executable>true</executable>
         <run_address>0x8030</run_address>
         <size>0x48</size>
         <alignment>0x4</alignment>
         <input_file_ref idref="fl-10e"/>
      </object_component>
      <object_component id="oc-17a">
         <name>.text.PID_Init</name>
         <load_address>0x8078</load_address>
         <readonly>true</readonly>
         <executable>true</executable>
         <run_address>0x8078</run_address>
         <size>0x46</size>
         <alignment>0x2</alignment>
         <input_file_ref idref="fl-6"/>
      </object_component>
      <object_component id="oc-1a3">
         <name>.text.BSP_Uart_Read</name>
         <load_address>0x80c0</load_address>
         <readonly>true</readonly>
         <executable>true</executable>
         <run_address>0x80c0</run_address>
         <size>0x44</size>
         <alignment>0x4</alignment>
         <input_file_ref idref="fl-f"/>
      </object_component>
      <object_component id="oc-227">
         <name>.text.DL_SPI_init</name>
         <load_address>0x8104</load_address>
         <readonly>true</readonly>
         <executable>true</executable>
         <run_address>0x8104</run_address>
         <size>0x44</size>
         <alignment>0x4</alignment>
         <input_file_ref idref="fl-22"/>
      </object_component>
      <object_component id="oc-201">
         <name>.text.DL_SYSCTL_switchMCLKfromSYSOSCtoHSCLK</name>
         <load_address>0x8148</load_address>
         <readonly>true</readonly>
         <executable>true</executable>
         <run_address>0x8148</run_address>
         <size>0x44</size>
         <alignment>0x4</alignment>
         <input_file_ref idref="fl-25"/>
      </object_component>
      <object_component id="oc-175">
         <name>.text.Motor_Init</name>
         <load_address>0x818c</load_address>
         <readonly>true</readonly>
         <executable>true</executable>
         <run_address>0x818c</run_address>
         <size>0x44</size>
         <alignment>0x4</alignment>
         <input_file_ref idref="fl-d"/>
      </object_component>
      <object_component id="oc-35c">
         <name>.text.BSP_Uart_WriteByte</name>
         <load_address>0x81d0</load_address>
         <readonly>true</readonly>
         <executable>true</executable>
         <run_address>0x81d0</run_address>
         <size>0x40</size>
         <alignment>0x4</alignment>
         <input_file_ref idref="fl-f"/>
      </object_component>
      <object_component id="oc-36">
         <name>.text.GROUP1_IRQHandler</name>
         <load_address>0x8210</load_address>
         <readonly>true</readonly>
         <executable>true</executable>
         <run_address>0x8210</run_address>
         <size>0x40</size>
         <alignment>0x4</alignment>
         <input_file_ref idref="fl-12"/>
      </object_component>
      <object_component id="oc-297">
         <name>.text.__aeabi_uidivmod</name>
         <load_address>0x8250</load_address>
         <readonly>true</readonly>
         <executable>true</executable>
         <run_address>0x8250</run_address>
         <size>0x40</size>
         <alignment>0x4</alignment>
         <input_file_ref idref="fl-125"/>
      </object_component>
      <object_component id="oc-f9">
         <name>.text.__extendsfdf2</name>
         <load_address>0x8290</load_address>
         <readonly>true</readonly>
         <executable>true</executable>
         <run_address>0x8290</run_address>
         <size>0x40</size>
         <alignment>0x4</alignment>
         <input_file_ref idref="fl-118"/>
      </object_component>
      <object_component id="oc-2cb">
         <name>.text.atoi</name>
         <load_address>0x82d0</load_address>
         <readonly>true</readonly>
         <executable>true</executable>
         <run_address>0x82d0</run_address>
         <size>0x40</size>
         <alignment>0x4</alignment>
         <input_file_ref idref="fl-4c"/>
      </object_component>
      <object_component id="oc-14d">
         <name>.text.vsnprintf</name>
         <load_address>0x8310</load_address>
         <readonly>true</readonly>
         <executable>true</executable>
         <run_address>0x8310</run_address>
         <size>0x40</size>
         <alignment>0x4</alignment>
         <input_file_ref idref="fl-43"/>
      </object_component>
      <object_component id="oc-b0">
         <name>.text.BSP_Uart_Init</name>
         <load_address>0x8350</load_address>
         <readonly>true</readonly>
         <executable>true</executable>
         <run_address>0x8350</run_address>
         <size>0x3c</size>
         <alignment>0x4</alignment>
         <input_file_ref idref="fl-f"/>
      </object_component>
      <object_component id="oc-171">
         <name>.text.UI_Test_OLED</name>
         <load_address>0x838c</load_address>
         <readonly>true</readonly>
         <executable>true</executable>
         <run_address>0x838c</run_address>
         <size>0x3c</size>
         <alignment>0x4</alignment>
         <input_file_ref idref="fl-9"/>
      </object_component>
      <object_component id="oc-185">
         <name>.text.__floatsisf</name>
         <load_address>0x83c8</load_address>
         <readonly>true</readonly>
         <executable>true</executable>
         <run_address>0x83c8</run_address>
         <size>0x3c</size>
         <alignment>0x4</alignment>
         <input_file_ref idref="fl-11c"/>
      </object_component>
      <object_component id="oc-1d7">
         <name>.text.__gtsf2</name>
         <load_address>0x8404</load_address>
         <readonly>true</readonly>
         <executable>true</executable>
         <run_address>0x8404</run_address>
         <size>0x3c</size>
         <alignment>0x4</alignment>
         <input_file_ref idref="fl-127"/>
      </object_component>
      <object_component id="oc-d9">
         <name>.text:__TI_auto_init_nobinit_nopinit</name>
         <load_address>0x8440</load_address>
         <readonly>true</readonly>
         <executable>true</executable>
         <run_address>0x8440</run_address>
         <size>0x3c</size>
         <alignment>0x4</alignment>
         <input_file_ref idref="fl-52"/>
      </object_component>
      <object_component id="oc-1d2">
         <name>.text.__eqsf2</name>
         <load_address>0x847c</load_address>
         <readonly>true</readonly>
         <executable>true</executable>
         <run_address>0x847c</run_address>
         <size>0x3a</size>
         <alignment>0x4</alignment>
         <input_file_ref idref="fl-127"/>
      </object_component>
      <object_component id="oc-1c9">
         <name>.text.__muldsi3</name>
         <load_address>0x84b8</load_address>
         <readonly>true</readonly>
         <executable>true</executable>
         <run_address>0x84b8</run_address>
         <size>0x3a</size>
         <alignment>0x4</alignment>
         <input_file_ref idref="fl-114"/>
      </object_component>
      <object_component id="oc-142">
         <name>.text.SYSCFG_DL_TIMER_IMU_TICK_init</name>
         <load_address>0x84f4</load_address>
         <readonly>true</readonly>
         <executable>true</executable>
         <run_address>0x84f4</run_address>
         <size>0x38</size>
         <alignment>0x4</alignment>
         <input_file_ref idref="fl-1"/>
      </object_component>
      <object_component id="oc-18a">
         <name>.text.__fixsfsi</name>
         <load_address>0x852c</load_address>
         <readonly>true</readonly>
         <executable>true</executable>
         <run_address>0x852c</run_address>
         <size>0x38</size>
         <alignment>0x4</alignment>
         <input_file_ref idref="fl-11a"/>
      </object_component>
      <object_component id="oc-363">
         <name>.text.__TI_cleanup</name>
         <load_address>0x8564</load_address>
         <readonly>true</readonly>
         <executable>true</executable>
         <run_address>0x8564</run_address>
         <size>0x34</size>
         <alignment>0x4</alignment>
         <input_file_ref idref="fl-5d"/>
      </object_component>
      <object_component id="oc-3b8">
         <name>.text.__TI_readmsg</name>
         <load_address>0x8598</load_address>
         <readonly>true</readonly>
         <executable>true</executable>
         <run_address>0x8598</run_address>
         <size>0x34</size>
         <alignment>0x4</alignment>
         <input_file_ref idref="fl-110"/>
      </object_component>
      <object_component id="oc-3b2">
         <name>.text.__TI_writemsg</name>
         <load_address>0x85cc</load_address>
[...]
      <symbol id="sm-48f">
         <name>_c_int00_noargs</name>
         <value>0x889d</value>
         <object_component_ref idref="oc-59"/>
      </symbol>
      <symbol id="sm-490">
         <name>__stack</name>
         <value>0x20207e00</value>
         <object_component_ref idref="oc-1a"/>
      </symbol>
      <symbol id="sm-49c">
         <name>__TI_auto_init_nobinit_nopinit</name>
         <value>0x8441</value>
         <object_component_ref idref="oc-d9"/>
      </symbol>
      <symbol id="sm-4a4">
         <name>_system_pre_init</name>
         <value>0x8d45</value>
         <object_component_ref idref="oc-82"/>
      </symbol>
      <symbol id="sm-4af">
         <name>__TI_zero_init</name>
         <value>0x8c1d</value>
         <object_component_ref idref="oc-56"/>
      </symbol>
      <symbol id="sm-4b8">
         <name>__TI_decompress_none</name>
         <value>0x8bb9</value>
         <object_component_ref idref="oc-20"/>
      </symbol>
      <symbol id="sm-4c3">
         <name>__TI_decompress_lzss</name>
         <value>0x7015</value>
         <object_component_ref idref="oc-1c"/>
      </symbol>
      <symbol id="sm-4cd">
         <name>sqrt</name>
         <value>0x4c51</value>
         <object_component_ref idref="oc-1ee"/>
      </symbol>
      <symbol id="sm-4ce">
         <name>sqrtl</name>
         <value>0x4c51</value>
         <object_component_ref idref="oc-1ee"/>
      </symbol>
      <symbol id="sm-4d8">
         <name>frexp</name>
         <value>0x7979</value>
         <object_component_ref idref="oc-30e"/>
      </symbol>
      <symbol id="sm-4d9">
         <name>frexpl</name>
         <value>0x7979</value>
         <object_component_ref idref="oc-30e"/>
      </symbol>
      <symbol id="sm-4e3">
         <name>scalbn</name>
         <value>0x5f85</value>
         <object_component_ref idref="oc-312"/>
      </symbol>
      <symbol id="sm-4e4">
         <name>ldexp</name>
         <value>0x5f85</value>
         <object_component_ref idref="oc-312"/>
      </symbol>
      <symbol id="sm-4e5">
         <name>scalbnl</name>
         <value>0x5f85</value>
         <object_component_ref idref="oc-312"/>
      </symbol>
      <symbol id="sm-4e6">
         <name>ldexpl</name>
         <value>0x5f85</value>
         <object_component_ref idref="oc-312"/>
      </symbol>
      <symbol id="sm-4ef">
         <name>wcslen</name>
         <value>0x8c0d</value>
         <object_component_ref idref="oc-2cf"/>
      </symbol>
      <symbol id="sm-4f9">
         <name>__TI_doflush</name>
         <value>0x7c91</value>
         <object_component_ref idref="oc-2f2"/>
      </symbol>
      <symbol id="sm-504">
         <name>__TI_cleanup</name>
         <value>0x8565</value>
         <object_component_ref idref="oc-363"/>
      </symbol>
      <symbol id="sm-511">
         <name>fseek</name>
         <value>0x8ce1</value>
         <object_component_ref idref="oc-332"/>
      </symbol>
      <symbol id="sm-512">
         <name>fseeko</name>
         <value>0x72cd</value>
         <object_component_ref idref="oc-35d"/>
      </symbol>
      <symbol id="sm-513">
         <name>__aeabi_ctype_table_</name>
         <value>0xa740</value>
         <object_component_ref idref="oc-301"/>
      </symbol>
      <symbol id="sm-514">
         <name>__aeabi_ctype_table_C</name>
         <value>0xa740</value>
         <object_component_ref idref="oc-301"/>
      </symbol>
      <symbol id="sm-520">
         <name>__TI_closefile</name>
         <value>0x6f99</value>
         <object_component_ref idref="oc-37a"/>
      </symbol>
      <symbol id="sm-528">
         <name>HOSTexit</name>
         <value>0x8d27</value>
         <object_component_ref idref="oc-1ad"/>
      </symbol>
      <symbol id="sm-529">
         <name>C$$EXIT</name>
         <value>0x8d26</value>
         <object_component_ref idref="oc-1ad"/>
      </symbol>
      <symbol id="sm-533">
         <name>write</name>
         <value>0x8875</value>
         <object_component_ref idref="oc-2ee"/>
      </symbol>
      <symbol id="sm-538">
         <name>_device</name>
         <value>0x20201c00</value>
         <object_component_ref idref="oc-36c"/>
      </symbol>
      <symbol id="sm-539">
         <name>_stream</name>
         <value>0x20201c78</value>
         <object_component_ref idref="oc-33e"/>
      </symbol>
      <symbol id="sm-542">
         <name>remove</name>
         <value>0x8ce9</value>
         <object_component_ref idref="oc-3ab"/>
      </symbol>
      <symbol id="sm-54d">
         <name>lseek</name>
         <value>0x884d</value>
         <object_component_ref idref="oc-372"/>
      </symbol>
      <symbol id="sm-557">
         <name>close</name>
         <value>0x7dd5</value>
         <object_component_ref idref="oc-3a7"/>
      </symbol>
      <symbol id="sm-561">
         <name>unlink</name>
         <value>0x8781</value>
         <object_component_ref idref="oc-3d3"/>
      </symbol>
      <symbol id="sm-56b">
         <name>HOSTclose</name>
         <value>0x7fe9</value>
         <object_component_ref idref="oc-387"/>
      </symbol>
      <symbol id="sm-575">
         <name>HOSTlseek</name>
         <value>0x71f5</value>
         <object_component_ref idref="oc-393"/>
      </symbol>
      <symbol id="sm-57f">
         <name>HOSTopen</name>
         <value>0x785d</value>
         <object_component_ref idref="oc-383"/>
      </symbol>
      <symbol id="sm-580">
         <name>parmbuf</name>
         <value>0x202012d8</value>
         <object_component_ref idref="oc-3b9"/>
      </symbol>
      <symbol id="sm-58a">
         <name>HOSTread</name>
         <value>0x7a31</value>
         <object_component_ref idref="oc-38b"/>
      </symbol>
      <symbol id="sm-59b">
         <name>HOSTrename</name>
         <value>0x7261</value>
         <object_component_ref idref="oc-39b"/>
      </symbol>
      <symbol id="sm-5a5">
         <name>HOSTunlink</name>
         <value>0x8031</value>
         <object_component_ref idref="oc-397"/>
      </symbol>
      <symbol id="sm-5af">
         <name>HOSTwrite</name>
         <value>0x7a89</value>
         <object_component_ref idref="oc-38f"/>
      </symbol>
      <symbol id="sm-5bd">
         <name>C$$IO$$</name>
         <value>0x85f9</value>
         <object_component_ref idref="oc-3b2"/>
      </symbol>
      <symbol id="sm-5be">
         <name>__TI_writemsg</name>
         <value>0x85cd</value>
         <object_component_ref idref="oc-3b2"/>
      </symbol>
      <symbol id="sm-5bf">
         <name>__CIOBUF_</name>
         <value>0x20200de0</value>
         <object_component_ref idref="oc-3da"/>
      </symbol>
      <symbol id="sm-5c0">
         <name>__TI_readmsg</name>
         <value>0x8599</value>
         <object_component_ref idref="oc-3b8"/>
      </symbol>
      <symbol id="sm-5c1">
         <name>_CIOBUF_</name>
         <value>0x20200de0</value>
         <object_component_ref idref="oc-3da"/>
      </symbol>
      <symbol id="sm-5c7">
         <name>__aeabi_fadd</name>
         <value>0x6067</value>
         <object_component_ref idref="oc-118"/>
      </symbol>
      <symbol id="sm-5c8">
         <name>__addsf3</name>
         <value>0x6067</value>
         <object_component_ref idref="oc-118"/>
      </symbol>
      <symbol id="sm-5c9">
         <name>__aeabi_fsub</name>
         <value>0x605d</value>
         <object_component_ref idref="oc-118"/>
      </symbol>
      <symbol id="sm-5ca">
         <name>__subsf3</name>
         <value>0x605d</value>
         <object_component_ref idref="oc-118"/>
      </symbol>
      <symbol id="sm-5d3">
         <name>__aeabi_dadd</name>
         <value>0x4ac7</value>
         <object_component_ref idref="oc-f1"/>
      </symbol>
      <symbol id="sm-5d4">
         <name>__adddf3</name>
         <value>0x4ac7</value>
         <object_component_ref idref="oc-f1"/>
      </symbol>
      <symbol id="sm-5d5">
         <name>__aeabi_dsub</name>
         <value>0x4abd</value>
         <object_component_ref idref="oc-f1"/>
      </symbol>
      <symbol id="sm-5d6">
         <name>__subdf3</name>
         <value>0x4abd</value>
         <object_component_ref idref="oc-f1"/>
      </symbol>
      <symbol id="sm-5df">
         <name>__aeabi_dmul</name>
         <value>0x5c05</value>
         <object_component_ref idref="oc-f5"/>
      </symbol>
      <symbol id="sm-5e0">
         <name>__muldf3</name>
         <value>0x5c05</value>
         <object_component_ref idref="oc-f5"/>
      </symbol>
      <symbol id="sm-5e6">
         <name>__muldsi3</name>
         <value>0x84b9</value>
         <object_component_ref idref="oc-1c9"/>
      </symbol>
      <symbol id="sm-5ec">
         <name>__aeabi_fmul</name>
         <value>0x6b75</value>
         <object_component_ref idref="oc-fd"/>
      </symbol>
      <symbol id="sm-5ed">
         <name>__mulsf3</name>
         <value>0x6b75</value>
         <object_component_ref idref="oc-fd"/>
      </symbol>
      <symbol id="sm-5f6">
         <name>__aeabi_fdiv</name>
         <value>0x6d19</value>
         <object_component_ref idref="oc-1e1"/>
      </symbol>
      <symbol id="sm-5f7">
         <name>__divsf3</name>
         <value>0x6d19</value>
         <object_component_ref idref="oc-1e1"/>
      </symbol>
      <symbol id="sm-600">
         <name>__aeabi_ddiv</name>
         <value>0x5621</value>
         <object_component_ref idref="oc-108"/>
      </symbol>
      <symbol id="sm-601">
         <name>__divdf3</name>
         <value>0x5621</value>
         <object_component_ref idref="oc-108"/>
      </symbol>
      <symbol id="sm-607">
         <name>__aeabi_f2d</name>
         <value>0x8291</value>
         <object_component_ref idref="oc-f9"/>
      </symbol>
      <symbol id="sm-608">
         <name>__extendsfdf2</name>
         <value>0x8291</value>
         <object_component_ref idref="oc-f9"/>
      </symbol>
      <symbol id="sm-60e">
         <name>__aeabi_d2iz</name>
         <value>0x7f55</value>
         <object_component_ref idref="oc-316"/>
      </symbol>
      <symbol id="sm-60f">
         <name>__fixdfsi</name>
         <value>0x7f55</value>
         <object_component_ref idref="oc-316"/>
      </symbol>
      <symbol id="sm-615">
         <name>__aeabi_f2iz</name>
         <value>0x852d</value>
         <object_component_ref idref="oc-18a"/>
      </symbol>
      <symbol id="sm-616">
         <name>__fixsfsi</name>
         <value>0x852d</value>
         <object_component_ref idref="oc-18a"/>
      </symbol>
      <symbol id="sm-61c">
         <name>__aeabi_i2d</name>
         <value>0x8755</value>
         <object_component_ref idref="oc-31e"/>
      </symbol>
      <symbol id="sm-61d">
         <name>__floatsidf</name>
         <value>0x8755</value>
         <object_component_ref idref="oc-31e"/>
      </symbol>
      <symbol id="sm-623">
         <name>__aeabi_i2f</name>
         <value>0x83c9</value>
         <object_component_ref idref="oc-185"/>
      </symbol>
      <symbol id="sm-624">
         <name>__floatsisf</name>
         <value>0x83c9</value>
         <object_component_ref idref="oc-185"/>
      </symbol>
      <symbol id="sm-62a">
         <name>__aeabi_ui2f</name>
         <value>0x87d5</value>
         <object_component_ref idref="oc-114"/>
      </symbol>
      <symbol id="sm-62b">
         <name>__floatunsisf</name>
         <value>0x87d5</value>
         <object_component_ref idref="oc-114"/>
      </symbol>
      <symbol id="sm-631">
         <name>__aeabi_lmul</name>
         <value>0x8911</value>
         <object_component_ref idref="oc-2d3"/>
      </symbol>
      <symbol id="sm-632">
         <name>__muldi3</name>
         <value>0x8911</value>
         <object_component_ref idref="oc-2d3"/>
      </symbol>
      <symbol id="sm-639">
         <name>__aeabi_d2f</name>
         <value>0x7111</value>
         <object_component_ref idref="oc-10c"/>
      </symbol>
      <symbol id="sm-63a">
         <name>__truncdfsf2</name>
         <value>0x7111</value>
         <object_component_ref idref="oc-10c"/>
      </symbol>
      <symbol id="sm-640">
         <name>__aeabi_dcmpeq</name>
         <value>0x7735</value>
         <object_component_ref idref="oc-2dd"/>
      </symbol>
      <symbol id="sm-641">
         <name>__aeabi_dcmplt</name>
         <value>0x7749</value>
         <object_component_ref idref="oc-2dd"/>
      </symbol>
      <symbol id="sm-642">
         <name>__aeabi_dcmple</name>
         <value>0x775d</value>
         <object_component_ref idref="oc-2dd"/>
      </symbol>
      <symbol id="sm-643">
         <name>__aeabi_dcmpge</name>
         <value>0x7771</value>
         <object_component_ref idref="oc-2dd"/>
      </symbol>
      <symbol id="sm-644">
         <name>__aeabi_dcmpgt</name>
         <value>0x7785</value>
         <object_component_ref idref="oc-2dd"/>
      </symbol>
      <symbol id="sm-64a">
         <name>__aeabi_fcmpeq</name>
         <value>0x7799</value>
         <object_component_ref idref="oc-110"/>
      </symbol>
      <symbol id="sm-64b">
         <name>__aeabi_fcmplt</name>
         <value>0x77ad</value>
         <object_component_ref idref="oc-110"/>
      </symbol>
      <symbol id="sm-64c">
         <name>__aeabi_fcmple</name>
         <value>0x77c1</value>
         <object_component_ref idref="oc-110"/>
      </symbol>
      <symbol id="sm-64d">
         <name>__aeabi_fcmpge</name>
         <value>0x77d5</value>
         <object_component_ref idref="oc-110"/>
      </symbol>
      <symbol id="sm-64e">
         <name>__aeabi_fcmpgt</name>
         <value>0x77e9</value>
         <object_component_ref idref="oc-110"/>
      </symbol>
      <symbol id="sm-654">
         <name>__aeabi_idiv</name>
         <value>0x7b91</value>
         <object_component_ref idref="oc-352"/>
      </symbol>
      <symbol id="sm-655">
         <name>__aeabi_idivmod</name>
         <value>0x7b91</value>
         <object_component_ref idref="oc-352"/>
      </symbol>
      <symbol id="sm-65b">
         <name>__aeabi_memcpy</name>
         <value>0x8cc9</value>
         <object_component_ref idref="oc-49"/>
      </symbol>
      <symbol id="sm-65c">
         <name>__aeabi_memcpy4</name>
         <value>0x8cc9</value>
         <object_component_ref idref="oc-49"/>
      </symbol>
      <symbol id="sm-65d">
         <name>__aeabi_memcpy8</name>
         <value>0x8cc9</value>
         <object_component_ref idref="oc-49"/>
      </symbol>
      <symbol id="sm-666">
         <name>__aeabi_memset</name>
         <value>0x8c3d</value>
         <object_component_ref idref="oc-2c3"/>
      </symbol>
      <symbol id="sm-667">
         <name>__aeabi_memset4</name>
         <value>0x8c3d</value>
         <object_component_ref idref="oc-2c3"/>
      </symbol>
      <symbol id="sm-668">
         <name>__aeabi_memset8</name>
         <value>0x8c3d</value>
         <object_component_ref idref="oc-2c3"/>
      </symbol>
      <symbol id="sm-669">
         <name>__aeabi_memclr</name>
         <value>0x7105</value>
         <object_component_ref idref="oc-7d"/>
      </symbol>
      <symbol id="sm-66a">
         <name>__aeabi_memclr4</name>
         <value>0x7105</value>
         <object_component_ref idref="oc-7d"/>
      </symbol>
      <symbol id="sm-66b">
         <name>__aeabi_memclr8</name>
         <value>0x7105</value>
         <object_component_ref idref="oc-7d"/>
      </symbol>
      <symbol id="sm-671">
         <name>__aeabi_uidiv</name>
         <value>0x8251</value>
         <object_component_ref idref="oc-297"/>
      </symbol>
      <symbol id="sm-672">
         <name>__aeabi_uidivmod</name>
         <value>0x8251</value>
         <object_component_ref idref="oc-297"/>
      </symbol>
      <symbol id="sm-678">
         <name>__aeabi_uldivmod</name>
         <value>0x8b45</value>
         <object_component_ref idref="oc-2d8"/>
      </symbol>
      <symbol id="sm-681">
         <name>__eqsf2</name>
         <value>0x847d</value>
         <object_component_ref idref="oc-1d2"/>
      </symbol>
      <symbol id="sm-682">
         <name>__lesf2</name>
         <value>0x847d</value>
         <object_component_ref idref="oc-1d2"/>
      </symbol>
      <symbol id="sm-683">
         <name>__ltsf2</name>
         <value>0x847d</value>
         <object_component_ref idref="oc-1d2"/>
      </symbol>
      <symbol id="sm-684">
         <name>__nesf2</name>
         <value>0x847d</value>
         <object_component_ref idref="oc-1d2"/>
      </symbol>
      <symbol id="sm-685">
         <name>__cmpsf2</name>
         <value>0x847d</value>
         <object_component_ref idref="oc-1d2"/>
      </symbol>
      <symbol id="sm-686">
         <name>__gtsf2</name>
         <value>0x8405</value>
         <object_component_ref idref="oc-1d7"/>
      </symbol>
      <symbol id="sm-687">
         <name>__gesf2</name>
         <value>0x8405</value>
         <object_component_ref idref="oc-1d7"/>
      </symbol>
      <symbol id="sm-68d">
         <name>__udivmoddi4</name>
         <value>0x674d</value>
         <object_component_ref idref="oc-309"/>
      </symbol>
      <symbol id="sm-693">
         <name>__aeabi_llsl</name>
         <value>0x89dd</value>
         <object_component_ref idref="oc-346"/>
      </symbol>
      <symbol id="sm-694">
         <name>__ashldi3</name>
         <value>0x89dd</value>
         <object_component_ref idref="oc-346"/>
      </symbol>
      <symbol id="sm-6a2">
         <name>__ledf2</name>
         <value>0x740d</value>
         <object_component_ref idref="oc-327"/>
      </symbol>
      <symbol id="sm-6a3">
         <name>__gedf2</name>
         <value>0x7091</value>
         <object_component_ref idref="oc-32d"/>
      </symbol>
      <symbol id="sm-6a4">
         <name>__cmpdf2</name>
         <value>0x740d</value>
         <object_component_ref idref="oc-327"/>
      </symbol>
      <symbol id="sm-6a5">
         <name>__eqdf2</name>
         <value>0x740d</value>
         <object_component_ref idref="oc-327"/>
      </symbol>
      <symbol id="sm-6a6">
         <name>__ltdf2</name>
         <value>0x740d</value>
         <object_component_ref idref="oc-327"/>
      </symbol>
      <symbol id="sm-6a7">
         <name>__nedf2</name>
         <value>0x740d</value>
         <object_component_ref idref="oc-327"/>
      </symbol>
      <symbol id="sm-6a8">
         <name>__gtdf2</name>
         <value>0x7091</value>
         <object_component_ref idref="oc-32d"/>
      </symbol>
      <symbol id="sm-6b4">
         <name>__aeabi_idiv0</name>
         <value>0x67ef</value>
         <object_component_ref idref="oc-2bc"/>
      </symbol>
      <symbol id="sm-6b5">
         <name>__aeabi_ldiv0</name>
         <value>0x69c3</value>
         <object_component_ref idref="oc-345"/>
      </symbol>
      <symbol id="sm-6c3">
         <name>finddevice</name>
         <value>0x8635</value>
         <object_component_ref idref="oc-3e6"/>
      </symbol>
      <symbol id="sm-6c4">
         <name>getdevice</name>
         <value>0x7339</value>
         <object_component_ref idref="oc-3dd"/>
      </symbol>
      <symbol id="sm-6dd">
         <name>memcpy</name>
         <value>0x6929</value>
         <object_component_ref idref="oc-a6"/>
      </symbol>
      <symbol id="sm-6ec">
         <name>memset</name>
         <value>0x77fb</value>
         <object_component_ref idref="oc-13b"/>
      </symbol>
      <symbol id="sm-6f4">
         <name>strcmp</name>
         <value>0x6c91</value>
         <object_component_ref idref="oc-3e9"/>
      </symbol>
      <symbol id="sm-6f5">
         <name>__TI_static_base__</name>
         <value>0x0</value>
      </symbol>
      <symbol id="sm-6f9">
         <name>__mpu_init</name>
         <value>0x0</value>
      </symbol>
      <symbol id="sm-6fa">
         <name>_system_post_cinit</name>
         <value>0x0</value>
      </symbol>
   </symbol_table>
   <title>Link successful</title>
</link_info>
