<?xml version="1.0" encoding="ISO-8859-1" ?>
<link_info>
   <banner>TI ARM Clang Linker PC v4.0.4.LTS</banner>
   <copyright>Copyright (c) 1996-2018 Texas Instruments Incorporated</copyright>
   <command_line>D:\TI\ccs\tools\compiler\ti-cgt-armllvm_4.0.4.LTS\bin\tiarmlnk -ID:\TI\ccs\tools\compiler\ti-cgt-armllvm_4.0.4.LTS\lib -o 2024_Question_H.out -m2024_Question_H.map --heap_size=0x800 --stack_size=1024 -iD:/TI/mspm0_sdk_2_10_00_04/source -iD:/desktop/TI Projects/Electronics-Design-Contest-Program/2024QuestionH -iD:/desktop/TI Projects/Electronics-Design-Contest-Program/2024QuestionH/Debug/syscfg -iD:/TI/ccs/tools/compiler/ti-cgt-armllvm_4.0.4.LTS/lib --diag_wrap=off --display_error_number --warn_sections --xml_link_info=2024_Question_H_linkInfo.xml --rom_model ./ti_msp_dl_config.o ./startup_mspm0g350x_ticlang.o ./main.o ./APP/src/car.o ./APP/src/debug.o ./APP/src/imu.o ./APP/src/pid.o ./APP/src/pid_test.o ./APP/src/task.o ./APP/src/test.o ./APP/src/ui.o ./BSP/src/bsp_encoder.o ./BSP/src/bsp_icm42688.o ./BSP/src/bsp_key.o ./BSP/src/bsp_motor.o ./BSP/src/bsp_track.o ./BSP/src/bsp_uart.o ./BSP/src/oled.o ./Board/board.o ./Board/board_irq.o -l./device_linker.cmd -ldevice.cmd.genlibs -llibc.a --start-group -llibc++.a -llibc++abi.a -llibc.a -llibsys.a -llibsysbm.a -llibclang_rt.builtins.a -llibclang_rt.profile.a --end-group --cg_opt_level=2</command_line>
   <link_time>0x6a675b4a</link_time>
   <link_errors>0x0</link_errors>
   <output_file>D:\desktop\TI Projects\Electronics-Design-Contest-Program\2024QuestionH\Debug\2024_Question_H.out</output_file>
   <entry_point>
      <name>_c_int00_noargs</name>
      <address>0x98b1</address>
   </entry_point>
   <input_file_list>
      <input_file id="fl-1">
         <path>D:\desktop\TI Projects\Electronics-Design-Contest-Program\2024QuestionH\Debug\.\</path>
         <kind>object</kind>
         <file>ti_msp_dl_config.o</file>
         <name>ti_msp_dl_config.o</name>
      </input_file>
      <input_file id="fl-2">
         <path>D:\desktop\TI Projects\Electronics-Design-Contest-Program\2024QuestionH\Debug\.\</path>
         <kind>object</kind>
         <file>startup_mspm0g350x_ticlang.o</file>
         <name>startup_mspm0g350x_ticlang.o</name>
      </input_file>
      <input_file id="fl-3">
         <path>D:\desktop\TI Projects\Electronics-Design-Contest-Program\2024QuestionH\Debug\.\</path>
         <kind>object</kind>
         <file>main.o</file>
         <name>main.o</name>
      </input_file>
      <input_file id="fl-4">
         <path>D:\desktop\TI Projects\Electronics-Design-Contest-Program\2024QuestionH\Debug\.\APP\src\</path>
         <kind>object</kind>
         <file>car.o</file>
         <name>car.o</name>
      </input_file>
      <input_file id="fl-5">
         <path>D:\desktop\TI Projects\Electronics-Design-Contest-Program\2024QuestionH\Debug\.\APP\src\</path>
         <kind>object</kind>
         <file>debug.o</file>
         <name>debug.o</name>
      </input_file>
      <input_file id="fl-6">
         <path>D:\desktop\TI Projects\Electronics-Design-Contest-Program\2024QuestionH\Debug\.\APP\src\</path>
         <kind>object</kind>
         <file>imu.o</file>
         <name>imu.o</name>
      </input_file>
      <input_file id="fl-7">
         <path>D:\desktop\TI Projects\Electronics-Design-Contest-Program\2024QuestionH\Debug\.\APP\src\</path>
         <kind>object</kind>
         <file>pid.o</file>
         <name>pid.o</name>
      </input_file>
      <input_file id="fl-8">
         <path>D:\desktop\TI Projects\Electronics-Design-Contest-Program\2024QuestionH\Debug\.\APP\src\</path>
         <kind>object</kind>
         <file>pid_test.o</file>
         <name>pid_test.o</name>
      </input_file>
      <input_file id="fl-9">
         <path>D:\desktop\TI Projects\Electronics-Design-Contest-Program\2024QuestionH\Debug\.\APP\src\</path>
         <kind>object</kind>
         <file>task.o</file>
         <name>task.o</name>
      </input_file>
      <input_file id="fl-a">
         <path>D:\desktop\TI Projects\Electronics-Design-Contest-Program\2024QuestionH\Debug\.\APP\src\</path>
         <kind>object</kind>
         <file>test.o</file>
         <name>test.o</name>
      </input_file>
      <input_file id="fl-b">
         <path>D:\desktop\TI Projects\Electronics-Design-Contest-Program\2024QuestionH\Debug\.\APP\src\</path>
         <kind>object</kind>
         <file>ui.o</file>
         <name>ui.o</name>
      </input_file>
      <input_file id="fl-c">
         <path>D:\desktop\TI Projects\Electronics-Design-Contest-Program\2024QuestionH\Debug\.\BSP\src\</path>
         <kind>object</kind>
         <file>bsp_encoder.o</file>
         <name>bsp_encoder.o</name>
      </input_file>
      <input_file id="fl-d">
         <path>D:\desktop\TI Projects\Electronics-Design-Contest-Program\2024QuestionH\Debug\.\BSP\src\</path>
         <kind>object</kind>
         <file>bsp_icm42688.o</file>
         <name>bsp_icm42688.o</name>
      </input_file>
      <input_file id="fl-e">
         <path>D:\desktop\TI Projects\Electronics-Design-Contest-Program\2024QuestionH\Debug\.\BSP\src\</path>
         <kind>object</kind>
         <file>bsp_key.o</file>
         <name>bsp_key.o</name>
      </input_file>
      <input_file id="fl-f">
         <path>D:\desktop\TI Projects\Electronics-Design-Contest-Program\2024QuestionH\Debug\.\BSP\src\</path>
         <kind>object</kind>
         <file>bsp_motor.o</file>
         <name>bsp_motor.o</name>
      </input_file>
      <input_file id="fl-10">
         <path>D:\desktop\TI Projects\Electronics-Design-Contest-Program\2024QuestionH\Debug\.\BSP\src\</path>
         <kind>object</kind>
         <file>bsp_track.o</file>
         <name>bsp_track.o</name>
      </input_file>
      <input_file id="fl-11">
         <path>D:\desktop\TI Projects\Electronics-Design-Contest-Program\2024QuestionH\Debug\.\BSP\src\</path>
         <kind>object</kind>
         <file>bsp_uart.o</file>
         <name>bsp_uart.o</name>
      </input_file>
      <input_file id="fl-12">
         <path>D:\desktop\TI Projects\Electronics-Design-Contest-Program\2024QuestionH\Debug\.\BSP\src\</path>
         <kind>object</kind>
         <file>oled.o</file>
         <name>oled.o</name>
      </input_file>
      <input_file id="fl-13">
         <path>D:\desktop\TI Projects\Electronics-Design-Contest-Program\2024QuestionH\Debug\.\Board\</path>
         <kind>object</kind>
         <file>board.o</file>
         <name>board.o</name>
      </input_file>
      <input_file id="fl-14">
         <path>D:\desktop\TI Projects\Electronics-Design-Contest-Program\2024QuestionH\Debug\.\Board\</path>
         <kind>object</kind>
         <file>board_irq.o</file>
         <name>board_irq.o</name>
      </input_file>
      <input_file id="fl-21">
         <path>D:\desktop\TI Projects\Electronics-Design-Contest-Program\2024QuestionH\Debug\</path>
         <kind>object</kind>
         <file>&lt;internal&gt;</file>
         <name>&lt;internal&gt;</name>
      </input_file>
      <input_file id="fl-22">
         <path>D:\TI\mspm0_sdk_2_10_00_04\source\ti\driverlib\lib\ticlang\m0p\mspm0g1x0x_g3x0x\</path>
         <kind>archive</kind>
         <file>driverlib.a</file>
         <name>dl_common.o</name>
      </input_file>
      <input_file id="fl-23">
         <path>D:\TI\mspm0_sdk_2_10_00_04\source\ti\driverlib\lib\ticlang\m0p\mspm0g1x0x_g3x0x\</path>
         <kind>archive</kind>
         <file>driverlib.a</file>
         <name>dl_dma.o</name>
      </input_file>
      <input_file id="fl-24">
         <path>D:\TI\mspm0_sdk_2_10_00_04\source\ti\driverlib\lib\ticlang\m0p\mspm0g1x0x_g3x0x\</path>
         <kind>archive</kind>
         <file>driverlib.a</file>
         <name>dl_i2c.o</name>
      </input_file>
      <input_file id="fl-25">
         <path>D:\TI\mspm0_sdk_2_10_00_04\source\ti\driverlib\lib\ticlang\m0p\mspm0g1x0x_g3x0x\</path>
         <kind>archive</kind>
         <file>driverlib.a</file>
         <name>dl_spi.o</name>
      </input_file>
      <input_file id="fl-26">
         <path>D:\TI\mspm0_sdk_2_10_00_04\source\ti\driverlib\lib\ticlang\m0p\mspm0g1x0x_g3x0x\</path>
         <kind>archive</kind>
         <file>driverlib.a</file>
         <name>dl_timer.o</name>
      </input_file>
      <input_file id="fl-27">
         <path>D:\TI\mspm0_sdk_2_10_00_04\source\ti\driverlib\lib\ticlang\m0p\mspm0g1x0x_g3x0x\</path>
         <kind>archive</kind>
         <file>driverlib.a</file>
         <name>dl_uart.o</name>
      </input_file>
      <input_file id="fl-28">
         <path>D:\TI\mspm0_sdk_2_10_00_04\source\ti\driverlib\lib\ticlang\m0p\mspm0g1x0x_g3x0x\</path>
         <kind>archive</kind>
         <file>driverlib.a</file>
         <name>dl_sysctl_mspm0g1x0x_g3x0x.o</name>
      </input_file>
      <input_file id="fl-3f">
         <path>D:\TI\ccs\tools\compiler\ti-cgt-armllvm_4.0.4.LTS\lib\armv6m-ti-none-eabi\c\</path>
         <kind>archive</kind>
         <file>libc.a</file>
         <name>e_asinf.c.obj</name>
      </input_file>
      <input_file id="fl-40">
         <path>D:\TI\ccs\tools\compiler\ti-cgt-armllvm_4.0.4.LTS\lib\armv6m-ti-none-eabi\c\</path>
         <kind>archive</kind>
         <file>libc.a</file>
         <name>e_atan2f.c.obj</name>
      </input_file>
      <input_file id="fl-41">
         <path>D:\TI\ccs\tools\compiler\ti-cgt-armllvm_4.0.4.LTS\lib\armv6m-ti-none-eabi\c\</path>
         <kind>archive</kind>
         <file>libc.a</file>
         <name>s_atanf.c.obj</name>
      </input_file>
      <input_file id="fl-42">
         <path>D:\TI\ccs\tools\compiler\ti-cgt-armllvm_4.0.4.LTS\lib\armv6m-ti-none-eabi\c\</path>
         <kind>archive</kind>
         <file>libc.a</file>
         <name>snprintf.c.obj</name>
      </input_file>
      <input_file id="fl-43">
         <path>D:\TI\ccs\tools\compiler\ti-cgt-armllvm_4.0.4.LTS\lib\armv6m-ti-none-eabi\c\</path>
         <kind>archive</kind>
         <file>libc.a</file>
         <name>fputs.c.obj</name>
      </input_file>
      <input_file id="fl-44">
         <path>D:\TI\ccs\tools\compiler\ti-cgt-armllvm_4.0.4.LTS\lib\armv6m-ti-none-eabi\c\</path>
         <kind>archive</kind>
         <file>libc.a</file>
         <name>_io_perm.c.obj</name>
      </input_file>
      <input_file id="fl-45">
         <path>D:\TI\ccs\tools\compiler\ti-cgt-armllvm_4.0.4.LTS\lib\armv6m-ti-none-eabi\c\</path>
         <kind>archive</kind>
         <file>libc.a</file>
         <name>setvbuf.c.obj</name>
      </input_file>
      <input_file id="fl-46">
         <path>D:\TI\ccs\tools\compiler\ti-cgt-armllvm_4.0.4.LTS\lib\armv6m-ti-none-eabi\c\</path>
         <kind>archive</kind>
         <file>libc.a</file>
         <name>aeabi_portable.c.obj</name>
      </input_file>
      <input_file id="fl-47">
         <path>D:\TI\ccs\tools\compiler\ti-cgt-armllvm_4.0.4.LTS\lib\armv6m-ti-none-eabi\c\</path>
         <kind>archive</kind>
         <file>libc.a</file>
         <name>exit.c.obj</name>
      </input_file>
      <input_file id="fl-48">
         <path>D:\TI\ccs\tools\compiler\ti-cgt-armllvm_4.0.4.LTS\lib\armv6m-ti-none-eabi\c\</path>
         <kind>archive</kind>
         <file>libc.a</file>
         <name>_lock.c.obj</name>
      </input_file>
      <input_file id="fl-49">
         <path>D:\TI\ccs\tools\compiler\ti-cgt-armllvm_4.0.4.LTS\lib\armv6m-ti-none-eabi\c\</path>
         <kind>archive</kind>
         <file>libc.a</file>
         <name>assert.c.obj</name>
      </input_file>
      <input_file id="fl-4a">
         <path>D:\TI\ccs\tools\compiler\ti-cgt-armllvm_4.0.4.LTS\lib\armv6m-ti-none-eabi\c\</path>
         <kind>archive</kind>
         <file>libc.a</file>
         <name>defs.c.obj</name>
      </input_file>
      <input_file id="fl-4b">
         <path>D:\TI\ccs\tools\compiler\ti-cgt-armllvm_4.0.4.LTS\lib\armv6m-ti-none-eabi\c\</path>
         <kind>archive</kind>
         <file>libc.a</file>
         <name>memcmp.c.obj</name>
      </input_file>
      <input_file id="fl-4c">
         <path>D:\TI\ccs\tools\compiler\ti-cgt-armllvm_4.0.4.LTS\lib\armv6m-ti-none-eabi\c\</path>
         <kind>archive</kind>
         <file>libc.a</file>
         <name>memory.c.obj</name>
      </input_file>
      <input_file id="fl-4d">
         <path>D:\TI\ccs\tools\compiler\ti-cgt-armllvm_4.0.4.LTS\lib\armv6m-ti-none-eabi\c\</path>
         <kind>archive</kind>
         <file>libc.a</file>
         <name>strtof.c.obj</name>
      </input_file>
      <input_file id="fl-4e">
         <path>D:\TI\ccs\tools\compiler\ti-cgt-armllvm_4.0.4.LTS\lib\armv6m-ti-none-eabi\c\</path>
         <kind>archive</kind>
         <file>libc.a</file>
         <name>boot_cortex_m.c.obj</name>
      </input_file>
      <input_file id="fl-4f">
         <path>D:\TI\ccs\tools\compiler\ti-cgt-armllvm_4.0.4.LTS\lib\armv6m-ti-none-eabi\c\</path>
         <kind>archive</kind>
         <file>libc.a</file>
         <name>mathacl_init.c.obj</name>
      </input_file>
      <input_file id="fl-50">
         <path>D:\TI\ccs\tools\compiler\ti-cgt-armllvm_4.0.4.LTS\lib\armv6m-ti-none-eabi\c\</path>
         <kind>archive</kind>
         <file>libc.a</file>
         <name>autoinit.c.obj</name>
      </input_file>
      <input_file id="fl-51">
         <path>D:\TI\ccs\tools\compiler\ti-cgt-armllvm_4.0.4.LTS\lib\armv6m-ti-none-eabi\c\</path>
         <kind>archive</kind>
         <file>libc.a</file>
         <name>pre_init.c.obj</name>
      </input_file>
      <input_file id="fl-52">
         <path>D:\TI\ccs\tools\compiler\ti-cgt-armllvm_4.0.4.LTS\lib\armv6m-ti-none-eabi\c\</path>
         <kind>archive</kind>
         <file>libc.a</file>
         <name>cpy_tbl.c.obj</name>
      </input_file>
      <input_file id="fl-53">
         <path>D:\TI\ccs\tools\compiler\ti-cgt-armllvm_4.0.4.LTS\lib\armv6m-ti-none-eabi\c\</path>
         <kind>archive</kind>
         <file>libc.a</file>
         <name>copy_zero_init.c.obj</name>
      </input_file>
      <input_file id="fl-54">
         <path>D:\TI\ccs\tools\compiler\ti-cgt-armllvm_4.0.4.LTS\lib\armv6m-ti-none-eabi\c\</path>
         <kind>archive</kind>
         <file>libc.a</file>
         <name>copy_decompress_none.c.obj</name>
      </input_file>
      <input_file id="fl-55">
         <path>D:\TI\ccs\tools\compiler\ti-cgt-armllvm_4.0.4.LTS\lib\armv6m-ti-none-eabi\c\</path>
         <kind>archive</kind>
         <file>libc.a</file>
         <name>copy_decompress_lzss.c.obj</name>
      </input_file>
      <input_file id="fl-56">
         <path>D:\TI\ccs\tools\compiler\ti-cgt-armllvm_4.0.4.LTS\lib\armv6m-ti-none-eabi\c\</path>
         <kind>archive</kind>
         <file>libc.a</file>
         <name>e_sqrt.c.obj</name>
      </input_file>
      <input_file id="fl-57">
         <path>D:\TI\ccs\tools\compiler\ti-cgt-armllvm_4.0.4.LTS\lib\armv6m-ti-none-eabi\c\</path>
         <kind>archive</kind>
         <file>libc.a</file>
         <name>s_scalbnf.c.obj</name>
      </input_file>
      <input_file id="fl-58">
         <path>D:\TI\ccs\tools\compiler\ti-cgt-armllvm_4.0.4.LTS\lib\armv6m-ti-none-eabi\c\</path>
         <kind>archive</kind>
         <file>libc.a</file>
         <name>_printfi.c.obj</name>
      </input_file>
      <input_file id="fl-59">
         <path>D:\TI\ccs\tools\compiler\ti-cgt-armllvm_4.0.4.LTS\lib\armv6m-ti-none-eabi\c\</path>
         <kind>archive</kind>
         <file>libc.a</file>
         <name>sprintf.c.obj</name>
      </input_file>
      <input_file id="fl-5a">
         <path>D:\TI\ccs\tools\compiler\ti-cgt-armllvm_4.0.4.LTS\lib\armv6m-ti-none-eabi\c\</path>
         <kind>archive</kind>
         <file>libc.a</file>
         <name>fflush.c.obj</name>
      </input_file>
      <input_file id="fl-5b">
         <path>D:\TI\ccs\tools\compiler\ti-cgt-armllvm_4.0.4.LTS\lib\armv6m-ti-none-eabi\c\</path>
         <kind>archive</kind>
         <file>libc.a</file>
         <name>fopen.c.obj</name>
      </input_file>
      <input_file id="fl-5c">
         <path>D:\TI\ccs\tools\compiler\ti-cgt-armllvm_4.0.4.LTS\lib\armv6m-ti-none-eabi\c\</path>
         <kind>archive</kind>
         <file>libc.a</file>
         <name>fseek.c.obj</name>
      </input_file>
      <input_file id="fl-5d">
         <path>D:\TI\ccs\tools\compiler\ti-cgt-armllvm_4.0.4.LTS\lib\armv6m-ti-none-eabi\c\</path>
         <kind>archive</kind>
         <file>libc.a</file>
         <name>aeabi_ctype.S.obj</name>
      </input_file>
      <input_file id="fl-5e">
         <path>D:\TI\ccs\tools\compiler\ti-cgt-armllvm_4.0.4.LTS\lib\armv6m-ti-none-eabi\c\</path>
         <kind>archive</kind>
         <file>libc.a</file>
         <name>_ltoa.c.obj</name>
      </input_file>
      <input_file id="fl-5f">
         <path>D:\TI\ccs\tools\compiler\ti-cgt-armllvm_4.0.4.LTS\lib\armv6m-ti-none-eabi\c\</path>
         <kind>archive</kind>
         <file>libc.a</file>
         <name>args_main.c.obj</name>
      </input_file>
      <input_file id="fl-60">
         <path>D:\TI\ccs\tools\compiler\ti-cgt-armllvm_4.0.4.LTS\lib\armv6m-ti-none-eabi\c\</path>
         <kind>archive</kind>
         <file>libc.a</file>
         <name>atoi.c.obj</name>
      </input_file>
      <input_file id="fl-61">
         <path>D:\TI\ccs\tools\compiler\ti-cgt-armllvm_4.0.4.LTS\lib\armv6m-ti-none-eabi\c\</path>
         <kind>archive</kind>
         <file>libc.a</file>
         <name>memccpy.c.obj</name>
      </input_file>
      <input_file id="fl-62">
         <path>D:\TI\ccs\tools\compiler\ti-cgt-armllvm_4.0.4.LTS\lib\armv6m-ti-none-eabi\c\</path>
         <kind>archive</kind>
         <file>libc.a</file>
         <name>s_frexp.c.obj</name>
      </input_file>
      <input_file id="fl-63">
         <path>D:\TI\ccs\tools\compiler\ti-cgt-armllvm_4.0.4.LTS\lib\armv6m-ti-none-eabi\c\</path>
         <kind>archive</kind>
         <file>libc.a</file>
         <name>s_scalbn.c.obj</name>
      </input_file>
      <input_file id="fl-64">
         <path>D:\TI\ccs\tools\compiler\ti-cgt-armllvm_4.0.4.LTS\lib\armv6m-ti-none-eabi\c\</path>
         <kind>archive</kind>
         <file>libc.a</file>
         <name>wcslen.c.obj</name>
      </input_file>
      <input_file id="fl-65">
         <path>D:\TI\ccs\tools\compiler\ti-cgt-armllvm_4.0.4.LTS\lib\armv6m-ti-none-eabi\c\</path>
         <kind>archive</kind>
         <file>libc.a</file>
         <name>fclose.c.obj</name>
      </input_file>
      <input_file id="fl-105">
         <path>D:\TI\ccs\tools\compiler\ti-cgt-armllvm_4.0.4.LTS\lib\armv6m-ti-none-eabi\c\</path>
         <kind>archive</kind>
         <file>libsysbm.a</file>
         <name>hostexit.c.obj</name>
      </input_file>
      <input_file id="fl-106">
         <path>D:\TI\ccs\tools\compiler\ti-cgt-armllvm_4.0.4.LTS\lib\armv6m-ti-none-eabi\c\</path>
         <kind>archive</kind>
         <file>libsysbm.a</file>
         <name>write.c.obj</name>
      </input_file>
      <input_file id="fl-107">
         <path>D:\TI\ccs\tools\compiler\ti-cgt-armllvm_4.0.4.LTS\lib\armv6m-ti-none-eabi\c\</path>
         <kind>archive</kind>
         <file>libsysbm.a</file>
         <name>host_device.c.obj</name>
      </input_file>
      <input_file id="fl-108">
         <path>D:\TI\ccs\tools\compiler\ti-cgt-armllvm_4.0.4.LTS\lib\armv6m-ti-none-eabi\c\</path>
         <kind>archive</kind>
         <file>libsysbm.a</file>
         <name>remove.c.obj</name>
      </input_file>
      <input_file id="fl-109">
         <path>D:\TI\ccs\tools\compiler\ti-cgt-armllvm_4.0.4.LTS\lib\armv6m-ti-none-eabi\c\</path>
         <kind>archive</kind>
         <file>libsysbm.a</file>
         <name>open.c.obj</name>
      </input_file>
      <input_file id="fl-10a">
         <path>D:\TI\ccs\tools\compiler\ti-cgt-armllvm_4.0.4.LTS\lib\armv6m-ti-none-eabi\c\</path>
         <kind>archive</kind>
         <file>libsysbm.a</file>
         <name>lseek.c.obj</name>
      </input_file>
      <input_file id="fl-10b">
         <path>D:\TI\ccs\tools\compiler\ti-cgt-armllvm_4.0.4.LTS\lib\armv6m-ti-none-eabi\c\</path>
         <kind>archive</kind>
         <file>libsysbm.a</file>
         <name>close.c.obj</name>
      </input_file>
      <input_file id="fl-10c">
         <path>D:\TI\ccs\tools\compiler\ti-cgt-armllvm_4.0.4.LTS\lib\armv6m-ti-none-eabi\c\</path>
         <kind>archive</kind>
         <file>libsysbm.a</file>
         <name>unlink.c.obj</name>
      </input_file>
      <input_file id="fl-10d">
         <path>D:\TI\ccs\tools\compiler\ti-cgt-armllvm_4.0.4.LTS\lib\armv6m-ti-none-eabi\c\</path>
         <kind>archive</kind>
         <file>libsysbm.a</file>
         <name>hostclose.c.obj</name>
      </input_file>
      <input_file id="fl-10e">
         <path>D:\TI\ccs\tools\compiler\ti-cgt-armllvm_4.0.4.LTS\lib\armv6m-ti-none-eabi\c\</path>
         <kind>archive</kind>
         <file>libsysbm.a</file>
         <name>hostlseek.c.obj</name>
      </input_file>
      <input_file id="fl-10f">
         <path>D:\TI\ccs\tools\compiler\ti-cgt-armllvm_4.0.4.LTS\lib\armv6m-ti-none-eabi\c\</path>
         <kind>archive</kind>
         <file>libsysbm.a</file>
         <name>hostopen.c.obj</name>
      </input_file>
      <input_file id="fl-110">
         <path>D:\TI\ccs\tools\compiler\ti-cgt-armllvm_4.0.4.LTS\lib\armv6m-ti-none-eabi\c\</path>
         <kind>archive</kind>
         <file>libsysbm.a</file>
         <name>hostread.c.obj</name>
      </input_file>
      <input_file id="fl-111">
         <path>D:\TI\ccs\tools\compiler\ti-cgt-armllvm_4.0.4.LTS\lib\armv6m-ti-none-eabi\c\</path>
         <kind>archive</kind>
         <file>libsysbm.a</file>
         <name>hostrename.c.obj</name>
      </input_file>
      <input_file id="fl-112">
         <path>D:\TI\ccs\tools\compiler\ti-cgt-armllvm_4.0.4.LTS\lib\armv6m-ti-none-eabi\c\</path>
         <kind>archive</kind>
         <file>libsysbm.a</file>
         <name>hostunlink.c.obj</name>
      </input_file>
      <input_file id="fl-113">
         <path>D:\TI\ccs\tools\compiler\ti-cgt-armllvm_4.0.4.LTS\lib\armv6m-ti-none-eabi\c\</path>
         <kind>archive</kind>
         <file>libsysbm.a</file>
         <name>hostwrite.c.obj</name>
      </input_file>
      <input_file id="fl-114">
         <path>D:\TI\ccs\tools\compiler\ti-cgt-armllvm_4.0.4.LTS\lib\armv6m-ti-none-eabi\c\</path>
         <kind>archive</kind>
         <file>libsysbm.a</file>
         <name>trgmsg.c.obj</name>
      </input_file>
      <input_file id="fl-115">
         <path>D:\TI\ccs\tools\compiler\ti-cgt-armllvm_4.0.4.LTS\lib\armv6m-ti-none-eabi\</path>
         <kind>archive</kind>
         <file>libclang_rt.builtins.a</file>
         <name>addsf3.S.obj</name>
      </input_file>
      <input_file id="fl-116">
         <path>D:\TI\ccs\tools\compiler\ti-cgt-armllvm_4.0.4.LTS\lib\armv6m-ti-none-eabi\</path>
         <kind>archive</kind>
         <file>libclang_rt.builtins.a</file>
         <name>adddf3.S.obj</name>
      </input_file>
      <input_file id="fl-117">
         <path>D:\TI\ccs\tools\compiler\ti-cgt-armllvm_4.0.4.LTS\lib\armv6m-ti-none-eabi\</path>
         <kind>archive</kind>
         <file>libclang_rt.builtins.a</file>
         <name>muldf3.S.obj</name>
      </input_file>
      <input_file id="fl-118">
         <path>D:\TI\ccs\tools\compiler\ti-cgt-armllvm_4.0.4.LTS\lib\armv6m-ti-none-eabi\</path>
         <kind>archive</kind>
         <file>libclang_rt.builtins.a</file>
         <name>muldsi3.S.obj</name>
      </input_file>
      <input_file id="fl-119">
         <path>D:\TI\ccs\tools\compiler\ti-cgt-armllvm_4.0.4.LTS\lib\armv6m-ti-none-eabi\</path>
         <kind>archive</kind>
         <file>libclang_rt.builtins.a</file>
         <name>mulsf3.S.obj</name>
      </input_file>
      <input_file id="fl-11a">
         <path>D:\TI\ccs\tools\compiler\ti-cgt-armllvm_4.0.4.LTS\lib\armv6m-ti-none-eabi\</path>
         <kind>archive</kind>
         <file>libclang_rt.builtins.a</file>
         <name>divsf3.S.obj</name>
      </input_file>
      <input_file id="fl-11b">
         <path>D:\TI\ccs\tools\compiler\ti-cgt-armllvm_4.0.4.LTS\lib\armv6m-ti-none-eabi\</path>
         <kind>archive</kind>
         <file>libclang_rt.builtins.a</file>
         <name>divdf3.S.obj</name>
      </input_file>
      <input_file id="fl-11c">
         <path>D:\TI\ccs\tools\compiler\ti-cgt-armllvm_4.0.4.LTS\lib\armv6m-ti-none-eabi\</path>
         <kind>archive</kind>
         <file>libclang_rt.builtins.a</file>
         <name>extendsfdf2.S.obj</name>
      </input_file>
      <input_file id="fl-11d">
         <path>D:\TI\ccs\tools\compiler\ti-cgt-armllvm_4.0.4.LTS\lib\armv6m-ti-none-eabi\</path>
         <kind>archive</kind>
         <file>libclang_rt.builtins.a</file>
         <name>fixdfsi.S.obj</name>
      </input_file>
      <input_file id="fl-11e">
         <path>D:\TI\ccs\tools\compiler\ti-cgt-armllvm_4.0.4.LTS\lib\armv6m-ti-none-eabi\</path>
         <kind>archive</kind>
         <file>libclang_rt.builtins.a</file>
         <name>fixsfsi.S.obj</name>
      </input_file>
      <input_file id="fl-11f">
         <path>D:\TI\ccs\tools\compiler\ti-cgt-armllvm_4.0.4.LTS\lib\armv6m-ti-none-eabi\</path>
         <kind>archive</kind>
         <file>libclang_rt.builtins.a</file>
         <name>floatsidf.S.obj</name>
      </input_file>
      <input_file id="fl-120">
         <path>D:\TI\ccs\tools\compiler\ti-cgt-armllvm_4.0.4.LTS\lib\armv6m-ti-none-eabi\</path>
         <kind>archive</kind>
         <file>libclang_rt.builtins.a</file>
         <name>floatsisf.S.obj</name>
      </input_file>
      <input_file id="fl-121">
         <path>D:\TI\ccs\tools\compiler\ti-cgt-armllvm_4.0.4.LTS\lib\armv6m-ti-none-eabi\</path>
         <kind>archive</kind>
         <file>libclang_rt.builtins.a</file>
         <name>floatunsisf.S.obj</name>
      </input_file>
      <input_file id="fl-122">
         <path>D:\TI\ccs\tools\compiler\ti-cgt-armllvm_4.0.4.LTS\lib\armv6m-ti-none-eabi\</path>
         <kind>archive</kind>
         <file>libclang_rt.builtins.a</file>
         <name>muldi3.S.obj</name>
      </input_file>
      <input_file id="fl-123">
         <path>D:\TI\ccs\tools\compiler\ti-cgt-armllvm_4.0.4.LTS\lib\armv6m-ti-none-eabi\</path>
         <kind>archive</kind>
         <file>libclang_rt.builtins.a</file>
         <name>truncdfsf2.S.obj</name>
      </input_file>
      <input_file id="fl-124">
         <path>D:\TI\ccs\tools\compiler\ti-cgt-armllvm_4.0.4.LTS\lib\armv6m-ti-none-eabi\</path>
         <kind>archive</kind>
         <file>libclang_rt.builtins.a</file>
         <name>aeabi_dcmp.S.obj</name>
      </input_file>
      <input_file id="fl-125">
         <path>D:\TI\ccs\tools\compiler\ti-cgt-armllvm_4.0.4.LTS\lib\armv6m-ti-none-eabi\</path>
         <kind>archive</kind>
         <file>libclang_rt.builtins.a</file>
         <name>aeabi_fcmp.S.obj</name>
      </input_file>
      <input_file id="fl-126">
         <path>D:\TI\ccs\tools\compiler\ti-cgt-armllvm_4.0.4.LTS\lib\armv6m-ti-none-eabi\</path>
         <kind>archive</kind>
         <file>libclang_rt.builtins.a</file>
         <name>aeabi_idivmod.S.obj</name>
      </input_file>
      <input_file id="fl-127">
         <path>D:\TI\ccs\tools\compiler\ti-cgt-armllvm_4.0.4.LTS\lib\armv6m-ti-none-eabi\</path>
         <kind>archive</kind>
         <file>libclang_rt.builtins.a</file>
         <name>aeabi_memcpy.S.obj</name>
      </input_file>
      <input_file id="fl-128">
         <path>D:\TI\ccs\tools\compiler\ti-cgt-armllvm_4.0.4.LTS\lib\armv6m-ti-none-eabi\</path>
         <kind>archive</kind>
         <file>libclang_rt.builtins.a</file>
         <name>aeabi_memset.S.obj</name>
      </input_file>
      <input_file id="fl-129">
         <path>D:\TI\ccs\tools\compiler\ti-cgt-armllvm_4.0.4.LTS\lib\armv6m-ti-none-eabi\</path>
         <kind>archive</kind>
         <file>libclang_rt.builtins.a</file>
         <name>aeabi_uidivmod.S.obj</name>
      </input_file>
      <input_file id="fl-12a">
         <path>D:\TI\ccs\tools\compiler\ti-cgt-armllvm_4.0.4.LTS\lib\armv6m-ti-none-eabi\</path>
         <kind>archive</kind>
         <file>libclang_rt.builtins.a</file>
         <name>aeabi_uldivmod.S.obj</name>
      </input_file>
      <input_file id="fl-12b">
         <path>D:\TI\ccs\tools\compiler\ti-cgt-armllvm_4.0.4.LTS\lib\armv6m-ti-none-eabi\</path>
         <kind>archive</kind>
         <file>libclang_rt.builtins.a</file>
         <name>comparesf2.S.obj</name>
      </input_file>
      <input_file id="fl-12c">
         <path>D:\TI\ccs\tools\compiler\ti-cgt-armllvm_4.0.4.LTS\lib\armv6m-ti-none-eabi\</path>
         <kind>archive</kind>
         <file>libclang_rt.builtins.a</file>
         <name>udivmoddi4.S.obj</name>
      </input_file>
      <input_file id="fl-12d">
         <path>D:\TI\ccs\tools\compiler\ti-cgt-armllvm_4.0.4.LTS\lib\armv6m-ti-none-eabi\</path>
         <kind>archive</kind>
         <file>libclang_rt.builtins.a</file>
         <name>ashldi3.S.obj</name>
      </input_file>
      <input_file id="fl-12e">
         <path>D:\TI\ccs\tools\compiler\ti-cgt-armllvm_4.0.4.LTS\lib\armv6m-ti-none-eabi\</path>
         <kind>archive</kind>
         <file>libclang_rt.builtins.a</file>
         <name>comparedf2.c.obj</name>
      </input_file>
      <input_file id="fl-12f">
         <path>D:\TI\ccs\tools\compiler\ti-cgt-armllvm_4.0.4.LTS\lib\armv6m-ti-none-eabi\</path>
         <kind>archive</kind>
         <file>libclang_rt.builtins.a</file>
         <name>aeabi_div0.c.obj</name>
      </input_file>
      <input_file id="fl-130">
         <path>D:\TI\ccs\tools\compiler\ti-cgt-armllvm_4.0.4.LTS\lib\armv6m-ti-none-eabi\c\</path>
         <kind>archive</kind>
         <file>libc.a</file>
         <name>getdevice.c.obj</name>
      </input_file>
      <input_file id="fl-131">
         <path>D:\TI\ccs\tools\compiler\ti-cgt-armllvm_4.0.4.LTS\lib\armv6m-ti-none-eabi\c\</path>
         <kind>archive</kind>
         <file>libc.a</file>
         <name>memcpy16.S.obj</name>
      </input_file>
      <input_file id="fl-132">
         <path>D:\TI\ccs\tools\compiler\ti-cgt-armllvm_4.0.4.LTS\lib\armv6m-ti-none-eabi\c\</path>
         <kind>archive</kind>
         <file>libc.a</file>
         <name>memset16.S.obj</name>
      </input_file>
      <input_file id="fl-133">
         <path>D:\TI\ccs\tools\compiler\ti-cgt-armllvm_4.0.4.LTS\lib\armv6m-ti-none-eabi\c\</path>
         <kind>archive</kind>
         <file>libc.a</file>
         <name>strcmp-armv6m.S.obj</name>
      </input_file>
   </input_file_list>
   <object_component_list>
      <object_component id="oc-18">
         <name>.intvecs</name>
         <load_address>0x0</load_address>
         <readonly>true</readonly>
         <run_address>0x0</run_address>
         <size>0xc0</size>
         <alignment>0x4</alignment>
         <input_file_ref idref="fl-2"/>
      </object_component>
      <object_component id="oc-15f">
         <name>.text.OLED_Init</name>
         <load_address>0xc0</load_address>
         <readonly>true</readonly>
         <executable>true</executable>
         <run_address>0xc0</run_address>
         <size>0x12c8</size>
         <alignment>0x4</alignment>
         <input_file_ref idref="fl-12"/>
      </object_component>
      <object_component id="oc-94">
         <name>.text.IMU_sample</name>
         <load_address>0x1388</load_address>
         <readonly>true</readonly>
         <executable>true</executable>
         <run_address>0x1388</run_address>
         <size>0xbe4</size>
         <alignment>0x4</alignment>
         <input_file_ref idref="fl-6"/>
      </object_component>
      <object_component id="oc-169">
         <name>.text.OLED_Clear</name>
         <load_address>0x1f6c</load_address>
         <readonly>true</readonly>
         <executable>true</executable>
         <run_address>0x1f6c</run_address>
         <size>0xa90</size>
         <alignment>0x4</alignment>
         <input_file_ref idref="fl-12"/>
      </object_component>
      <object_component id="oc-2ff">
         <name>.text:__TI_printfi</name>
         <load_address>0x29fc</load_address>
         <readonly>true</readonly>
         <executable>true</executable>
         <run_address>0x29fc</run_address>
         <size>0x9d0</size>
         <alignment>0x4</alignment>
         <input_file_ref idref="fl-58"/>
      </object_component>
      <object_component id="oc-189">
         <name>.text.Car_Update</name>
         <load_address>0x33cc</load_address>
         <readonly>true</readonly>
         <executable>true</executable>
         <run_address>0x33cc</run_address>
         <size>0x458</size>
         <alignment>0x4</alignment>
         <input_file_ref idref="fl-4"/>
      </object_component>
      <object_component id="oc-d0">
         <name>.text.task3_run</name>
         <load_address>0x3824</load_address>
         <readonly>true</readonly>
         <executable>true</executable>
         <run_address>0x3824</run_address>
         <size>0x3a0</size>
         <alignment>0x4</alignment>
         <input_file_ref idref="fl-9"/>
      </object_component>
      <object_component id="oc-267">
         <name>.text.strtof</name>
         <load_address>0x3bc4</load_address>
         <readonly>true</readonly>
         <executable>true</executable>
         <run_address>0x3bc4</run_address>
         <size>0x360</size>
         <alignment>0x4</alignment>
         <input_file_ref idref="fl-4d"/>
      </object_component>
      <object_component id="oc-207">
         <name>.text.SYSCFG_DL_SYSCTL_SYSPLL_init</name>
         <load_address>0x3f24</load_address>
         <readonly>true</readonly>
         <executable>true</executable>
         <run_address>0x3f24</run_address>
         <size>0x2a8</size>
         <alignment>0x4</alignment>
         <input_file_ref idref="fl-1"/>
      </object_component>
      <object_component id="oc-c2">
         <name>.text.UI_Process</name>
         <load_address>0x41cc</load_address>
         <readonly>true</readonly>
         <executable>true</executable>
         <run_address>0x41cc</run_address>
         <size>0x2a8</size>
         <alignment>0x4</alignment>
         <input_file_ref idref="fl-b"/>
      </object_component>
      <object_component id="oc-16a">
         <name>.text.OLED_ShowChar</name>
         <load_address>0x4474</load_address>
         <readonly>true</readonly>
         <executable>true</executable>
         <run_address>0x4474</run_address>
         <size>0x270</size>
         <alignment>0x4</alignment>
         <input_file_ref idref="fl-12"/>
      </object_component>
      <object_component id="oc-16c">
         <name>.text.OLED_Refresh</name>
         <load_address>0x46e4</load_address>
         <readonly>true</readonly>
         <executable>true</executable>
         <run_address>0x46e4</run_address>
         <size>0x224</size>
         <alignment>0x4</alignment>
         <input_file_ref idref="fl-12"/>
      </object_component>
      <object_component id="oc-333">
         <name>.text._pconv_a</name>
         <load_address>0x4908</load_address>
         <readonly>true</readonly>
         <executable>true</executable>
         <run_address>0x4908</run_address>
         <size>0x220</size>
         <alignment>0x4</alignment>
         <input_file_ref idref="fl-58"/>
      </object_component>
      <object_component id="oc-338">
         <name>.text._pconv_g</name>
         <load_address>0x4b28</load_address>
         <readonly>true</readonly>
         <executable>true</executable>
         <run_address>0x4b28</run_address>
         <size>0x1dc</size>
         <alignment>0x4</alignment>
         <input_file_ref idref="fl-58"/>
      </object_component>
      <object_component id="oc-183">
         <name>.text.Debug_CommandPoll</name>
         <load_address>0x4d04</load_address>
         <readonly>true</readonly>
         <executable>true</executable>
         <run_address>0x4d04</run_address>
         <size>0x1d0</size>
         <alignment>0x4</alignment>
         <input_file_ref idref="fl-5"/>
      </object_component>
      <object_component id="oc-c4">
         <name>.text.Test_IMU</name>
         <load_address>0x4ed4</load_address>
         <readonly>true</readonly>
         <executable>true</executable>
         <run_address>0x4ed4</run_address>
         <size>0x1cc</size>
         <alignment>0x4</alignment>
         <input_file_ref idref="fl-a"/>
      </object_component>
      <object_component id="oc-1e2">
         <name>.text.atanf</name>
         <load_address>0x50a0</load_address>
         <readonly>true</readonly>
         <executable>true</executable>
         <run_address>0x50a0</run_address>
         <size>0x1c8</size>
         <alignment>0x4</alignment>
         <input_file_ref idref="fl-41"/>
      </object_component>
      <object_component id="oc-248">
         <name>.text.ICM_Init</name>
         <load_address>0x5268</load_address>
         <readonly>true</readonly>
         <executable>true</executable>
         <run_address>0x5268</run_address>
         <size>0x1c4</size>
         <alignment>0x4</alignment>
         <input_file_ref idref="fl-d"/>
      </object_component>
      <object_component id="oc-f4">
         <name>.text.bsp_IcmGetRawData</name>
         <load_address>0x542c</load_address>
         <readonly>true</readonly>
         <executable>true</executable>
         <run_address>0x542c</run_address>
         <size>0x1a4</size>
         <alignment>0x4</alignment>
         <input_file_ref idref="fl-d"/>
      </object_component>
      <object_component id="oc-1ae">
         <name>.text.BSP_Uart_Write</name>
         <load_address>0x55d0</load_address>
         <readonly>true</readonly>
         <executable>true</executable>
         <run_address>0x55d0</run_address>
         <size>0x1a0</size>
         <alignment>0x4</alignment>
         <input_file_ref idref="fl-11"/>
      </object_component>
      <object_component id="oc-fa">
         <name>.text.adddf3_subdf3</name>
         <load_address>0x5770</load_address>
         <readonly>true</readonly>
         <executable>true</executable>
         <run_address>0x5770</run_address>
         <size>0x192</size>
         <alignment>0x4</alignment>
         <input_file_ref idref="fl-116"/>
      </object_component>
      <object_component id="oc-35">
         <name>.text.Default_Handler</name>
         <load_address>0x5902</load_address>
         <readonly>true</readonly>
         <executable>true</executable>
         <run_address>0x5902</run_address>
         <size>0x2</size>
         <alignment>0x2</alignment>
         <input_file_ref idref="fl-2"/>
      </object_component>
      <object_component id="oc-1f5">
         <name>.text.sqrt</name>
         <load_address>0x5904</load_address>
         <readonly>true</readonly>
         <executable>true</executable>
         <run_address>0x5904</run_address>
         <size>0x170</size>
         <alignment>0x4</alignment>
         <input_file_ref idref="fl-56"/>
      </object_component>
      <object_component id="oc-136">
         <name>.text.asinf</name>
         <load_address>0x5a74</load_address>
         <readonly>true</readonly>
         <executable>true</executable>
         <run_address>0x5a74</run_address>
         <size>0x160</size>
         <alignment>0x4</alignment>
         <input_file_ref idref="fl-3f"/>
      </object_component>
      <object_component id="oc-147">
         <name>.text.SYSCFG_DL_GPIO_init</name>
         <load_address>0x5bd4</load_address>
         <readonly>true</readonly>
         <executable>true</executable>
         <run_address>0x5bd4</run_address>
         <size>0x158</size>
         <alignment>0x4</alignment>
         <input_file_ref idref="fl-1"/>
      </object_component>
      <object_component id="oc-37e">
         <name>.text.fcvt</name>
         <load_address>0x5d2c</load_address>
         <readonly>true</readonly>
         <executable>true</executable>
         <run_address>0x5d2c</run_address>
         <size>0x13c</size>
         <alignment>0x4</alignment>
         <input_file_ref idref="fl-58"/>
      </object_component>
      <object_component id="oc-190">
         <name>.text.Car_SetHeading</name>
         <load_address>0x5e68</load_address>
         <readonly>true</readonly>
         <executable>true</executable>
         <run_address>0x5e68</run_address>
         <size>0x130</size>
         <alignment>0x4</alignment>
         <input_file_ref idref="fl-4"/>
      </object_component>
      <object_component id="oc-191">
         <name>.text.Car_SetTurnAngle</name>
         <load_address>0x5f98</load_address>
         <readonly>true</readonly>
         <executable>true</executable>
         <run_address>0x5f98</run_address>
         <size>0x130</size>
         <alignment>0x4</alignment>
         <input_file_ref idref="fl-4"/>
      </object_component>
      <object_component id="oc-33a">
         <name>.text._pconv_e</name>
         <load_address>0x60c8</load_address>
         <readonly>true</readonly>
         <executable>true</executable>
         <run_address>0x60c8</run_address>
         <size>0x120</size>
         <alignment>0x4</alignment>
         <input_file_ref idref="fl-58"/>
      </object_component>
      <object_component id="oc-132">
         <name>.text.atan2f</name>
         <load_address>0x61e8</load_address>
         <readonly>true</readonly>
         <executable>true</executable>
         <run_address>0x61e8</run_address>
         <size>0x118</size>
         <alignment>0x4</alignment>
         <input_file_ref idref="fl-40"/>
      </object_component>
      <object_component id="oc-387">
         <name>.text.aligned_alloc</name>
         <load_address>0x6300</load_address>
         <readonly>true</readonly>
         <executable>true</executable>
         <run_address>0x6300</run_address>
         <size>0x114</size>
         <alignment>0x4</alignment>
         <input_file_ref idref="fl-4c"/>
      </object_component>
      <object_component id="oc-111">
         <name>.text.__divdf3</name>
         <load_address>0x6414</load_address>
         <readonly>true</readonly>
         <executable>true</executable>
         <run_address>0x6414</run_address>
         <size>0x10c</size>
         <alignment>0x4</alignment>
         <input_file_ref idref="fl-11b"/>
      </object_component>
      <object_component id="oc-166">
         <name>.text.OLED_DisplayTurn</name>
         <load_address>0x6520</load_address>
         <readonly>true</readonly>
         <executable>true</executable>
         <run_address>0x6520</run_address>
         <size>0x108</size>
         <alignment>0x4</alignment>
         <input_file_ref idref="fl-12"/>
      </object_component>
      <object_component id="oc-210">
         <name>.text.DL_Timer_initFourCCPWMMode</name>
         <load_address>0x6628</load_address>
         <readonly>true</readonly>
         <executable>true</executable>
         <run_address>0x6628</run_address>
         <size>0x104</size>
         <alignment>0x4</alignment>
         <input_file_ref idref="fl-26"/>
      </object_component>
      <object_component id="oc-216">
         <name>.text.DL_Timer_initTimerMode</name>
         <load_address>0x672c</load_address>
         <readonly>true</readonly>
         <executable>true</executable>
         <run_address>0x672c</run_address>
         <size>0xfc</size>
         <alignment>0x4</alignment>
         <input_file_ref idref="fl-26"/>
      </object_component>
      <object_component id="oc-2d9">
         <name>.text.PID_Calc</name>
         <load_address>0x6828</load_address>
         <readonly>true</readonly>
         <executable>true</executable>
         <run_address>0x6828</run_address>
         <size>0xfc</size>
         <alignment>0x2</alignment>
         <input_file_ref idref="fl-7"/>
      </object_component>
      <object_component id="oc-17c">
         <name>.text.Car_Init</name>
         <load_address>0x6924</load_address>
         <readonly>true</readonly>
         <executable>true</executable>
         <run_address>0x6924</run_address>
         <size>0xf8</size>
         <alignment>0x4</alignment>
         <input_file_ref idref="fl-4"/>
      </object_component>
      <object_component id="oc-178">
         <name>.text.UI_Test_IMU</name>
         <load_address>0x6a1c</load_address>
         <readonly>true</readonly>
         <executable>true</executable>
         <run_address>0x6a1c</run_address>
         <size>0xf8</size>
         <alignment>0x4</alignment>
         <input_file_ref idref="fl-b"/>
      </object_component>
      <object_component id="oc-289">
         <name>.text.fputs</name>
         <load_address>0x6b14</load_address>
         <readonly>true</readonly>
         <executable>true</executable>
         <run_address>0x6b14</run_address>
         <size>0xf8</size>
         <alignment>0x4</alignment>
         <input_file_ref idref="fl-43"/>
      </object_component>
      <object_component id="oc-33e">
         <name>.text.free</name>
         <load_address>0x6c0c</load_address>
         <readonly>true</readonly>
         <executable>true</executable>
         <run_address>0x6c0c</run_address>
         <size>0xe8</size>
         <alignment>0x4</alignment>
         <input_file_ref idref="fl-4c"/>
      </object_component>
      <object_component id="oc-fe">
         <name>.text.__muldf3</name>
         <load_address>0x6cf4</load_address>
         <readonly>true</readonly>
         <executable>true</executable>
         <run_address>0x6cf4</run_address>
         <size>0xe4</size>
         <alignment>0x4</alignment>
         <input_file_ref idref="fl-117"/>
      </object_component>
      <object_component id="oc-174">
         <name>.text.IMU_init</name>
         <load_address>0x6dd8</load_address>
         <readonly>true</readonly>
         <executable>true</executable>
         <run_address>0x6dd8</run_address>
         <size>0xe0</size>
         <alignment>0x4</alignment>
         <input_file_ref idref="fl-6"/>
      </object_component>
      <object_component id="oc-30c">
         <name>.text.setvbuf</name>
         <load_address>0x6eb8</load_address>
         <readonly>true</readonly>
         <executable>true</executable>
         <run_address>0x6eb8</run_address>
         <size>0xe0</size>
         <alignment>0x4</alignment>
         <input_file_ref idref="fl-45"/>
      </object_component>
      <object_component id="oc-b6">
         <name>.text.BSP_Uart_Init</name>
         <load_address>0x6f98</load_address>
         <readonly>true</readonly>
         <executable>true</executable>
         <run_address>0x6f98</run_address>
         <size>0xdc</size>
         <alignment>0x4</alignment>
         <input_file_ref idref="fl-11"/>
      </object_component>
      <object_component id="oc-206">
         <name>.text.DL_SYSCTL_configSYSPLL</name>
         <load_address>0x7074</load_address>
         <readonly>true</readonly>
         <executable>true</executable>
         <run_address>0x7074</run_address>
         <size>0xdc</size>
         <alignment>0x4</alignment>
         <input_file_ref idref="fl-28"/>
      </object_component>
      <object_component id="oc-361">
         <name>.text.scalbn</name>
         <load_address>0x7150</load_address>
         <readonly>true</readonly>
         <executable>true</executable>
         <run_address>0x7150</run_address>
         <size>0xd8</size>
         <alignment>0x4</alignment>
         <input_file_ref idref="fl-63"/>
      </object_component>
      <object_component id="oc-121">
         <name>.text</name>
         <load_address>0x7228</load_address>
         <readonly>true</readonly>
         <executable>true</executable>
         <run_address>0x7228</run_address>
         <size>0xd8</size>
         <alignment>0x4</alignment>
         <input_file_ref idref="fl-115"/>
      </object_component>
      <object_component id="oc-72">
         <name>.text.BSP_Uart_IRQHandler</name>
         <load_address>0x7300</load_address>
         <readonly>true</readonly>
         <executable>true</executable>
         <run_address>0x7300</run_address>
         <size>0xd4</size>
         <alignment>0x4</alignment>
         <input_file_ref idref="fl-11"/>
      </object_component>
      <object_component id="oc-148">
         <name>.text.SYSCFG_DL_SYSCTL_init</name>
         <load_address>0x73d4</load_address>
         <readonly>true</readonly>
         <executable>true</executable>
         <run_address>0x73d4</run_address>
         <size>0xd4</size>
         <alignment>0x4</alignment>
         <input_file_ref idref="fl-1"/>
      </object_component>
      <object_component id="oc-199">
         <name>.text.UI_Test_Motor</name>
         <load_address>0x74a8</load_address>
         <readonly>true</readonly>
         <executable>true</executable>
         <run_address>0x74a8</run_address>
         <size>0xcc</size>
         <alignment>0x4</alignment>
         <input_file_ref idref="fl-b"/>
      </object_component>
      <object_component id="oc-d1">
         <name>.text.Test_Motor</name>
         <load_address>0x7574</load_address>
         <readonly>true</readonly>
         <executable>true</executable>
         <run_address>0x7574</run_address>
         <size>0xc8</size>
         <alignment>0x4</alignment>
         <input_file_ref idref="fl-a"/>
      </object_component>
      <object_component id="oc-d2">
         <name>.text.Test_Track</name>
         <load_address>0x763c</load_address>
         <readonly>true</readonly>
         <executable>true</executable>
         <run_address>0x763c</run_address>
         <size>0xc4</size>
         <alignment>0x4</alignment>
         <input_file_ref idref="fl-a"/>
      </object_component>
      <object_component id="oc-2d0">
         <name>.text.scalbnf</name>
         <load_address>0x7700</load_address>
         <readonly>true</readonly>
         <executable>true</executable>
         <run_address>0x7700</run_address>
         <size>0xb0</size>
         <alignment>0x4</alignment>
         <input_file_ref idref="fl-57"/>
      </object_component>
      <object_component id="oc-14d">
         <name>.text.SYSCFG_DL_UART_0_init</name>
         <load_address>0x77b0</load_address>
         <readonly>true</readonly>
         <executable>true</executable>
         <run_address>0x77b0</run_address>
         <size>0xa8</size>
         <alignment>0x4</alignment>
         <input_file_ref idref="fl-1"/>
      </object_component>
      <object_component id="oc-358">
         <name>.text</name>
         <load_address>0x7858</load_address>
         <readonly>true</readonly>
         <executable>true</executable>
         <run_address>0x7858</run_address>
         <size>0xa2</size>
         <alignment>0x4</alignment>
         <input_file_ref idref="fl-12c"/>
      </object_component>
      <object_component id="oc-2db">
         <name>.text.__aeabi_idiv0</name>
         <load_address>0x78fa</load_address>
         <readonly>true</readonly>
         <executable>true</executable>
         <run_address>0x78fa</run_address>
         <size>0x2</size>
         <alignment>0x2</alignment>
         <input_file_ref idref="fl-12f"/>
      </object_component>
      <object_component id="oc-2c2">
         <name>.text.bsp_IcmConfigDataReadyInt</name>
         <load_address>0x78fc</load_address>
         <readonly>true</readonly>
         <executable>true</executable>
         <run_address>0x78fc</run_address>
         <size>0x9c</size>
         <alignment>0x4</alignment>
         <input_file_ref idref="fl-d"/>
      </object_component>
      <object_component id="oc-ac">
         <name>.text:memcpy</name>
         <load_address>0x7998</load_address>
         <readonly>true</readonly>
         <executable>true</executable>
         <run_address>0x7998</run_address>
         <size>0x9a</size>
         <alignment>0x1</alignment>
         <input_file_ref idref="fl-131"/>
      </object_component>
      <object_component id="oc-3af">
         <name>.text.__aeabi_ldiv0</name>
         <load_address>0x7a32</load_address>
         <readonly>true</readonly>
         <executable>true</executable>
         <run_address>0x7a32</run_address>
         <size>0x2</size>
         <alignment>0x2</alignment>
         <input_file_ref idref="fl-12f"/>
      </object_component>
      <object_component id="oc-18a">
         <name>.text.Debug_Output</name>
         <load_address>0x7a34</load_address>
         <readonly>true</readonly>
         <executable>true</executable>
         <run_address>0x7a34</run_address>
         <size>0x94</size>
         <alignment>0x4</alignment>
         <input_file_ref idref="fl-5"/>
      </object_component>
      <object_component id="oc-165">
         <name>.text.OLED_ColorTurn</name>
         <load_address>0x7ac8</load_address>
         <readonly>true</readonly>
         <executable>true</executable>
         <run_address>0x7ac8</run_address>
         <size>0x8c</size>
         <alignment>0x4</alignment>
         <input_file_ref idref="fl-12"/>
      </object_component>
      <object_component id="oc-16b">
         <name>.text.OLED_ShowString</name>
         <load_address>0x7b54</load_address>
         <readonly>true</readonly>
         <executable>true</executable>
         <run_address>0x7b54</run_address>
         <size>0x8c</size>
         <alignment>0x2</alignment>
         <input_file_ref idref="fl-12"/>
      </object_component>
      <object_component id="oc-149">
         <name>.text.SYSCFG_DL_PWM_MOTOR_init</name>
         <load_address>0x7be0</load_address>
         <readonly>true</readonly>
         <executable>true</executable>
         <run_address>0x7be0</run_address>
         <size>0x8c</size>
         <alignment>0x4</alignment>
         <input_file_ref idref="fl-1"/>
      </object_component>
      <object_component id="oc-106">
         <name>.text.__mulsf3</name>
         <load_address>0x7c6c</load_address>
         <readonly>true</readonly>
         <executable>true</executable>
         <run_address>0x7c6c</run_address>
         <size>0x8c</size>
         <alignment>0x4</alignment>
         <input_file_ref idref="fl-119"/>
      </object_component>
      <object_component id="oc-2cf">
         <name>.text.OUTLINED_FUNCTION_0</name>
         <load_address>0x7cf8</load_address>
         <readonly>true</readonly>
         <executable>true</executable>
         <run_address>0x7cf8</run_address>
         <size>0x8</size>
         <alignment>0x2</alignment>
         <input_file_ref idref="fl-4d"/>
      </object_component>
      <object_component id="oc-40b">
         <name>.text:strcmp</name>
         <load_address>0x7d00</load_address>
         <readonly>true</readonly>
         <executable>true</executable>
         <run_address>0x7d00</run_address>
         <size>0x88</size>
         <alignment>0x10</alignment>
         <input_file_ref idref="fl-133"/>
      </object_component>
      <object_component id="oc-1e8">
         <name>.text.__divsf3</name>
         <load_address>0x7d88</load_address>
         <readonly>true</readonly>
         <executable>true</executable>
         <run_address>0x7d88</run_address>
         <size>0x82</size>
         <alignment>0x4</alignment>
         <input_file_ref idref="fl-11a"/>
      </object_component>
      <object_component id="oc-295">
         <name>.text._nop</name>
         <load_address>0x7e0a</load_address>
         <readonly>true</readonly>
         <executable>true</executable>
         <run_address>0x7e0a</run_address>
         <size>0x2</size>
         <alignment>0x2</alignment>
         <input_file_ref idref="fl-48"/>
      </object_component>
      <object_component id="oc-16d">
         <name>.text.Key_Scan</name>
         <load_address>0x7e0c</load_address>
         <readonly>true</readonly>
         <executable>true</executable>
         <run_address>0x7e0c</run_address>
         <size>0x80</size>
         <alignment>0x4</alignment>
         <input_file_ref idref="fl-e"/>
      </object_component>
      <object_component id="oc-145">
         <name>.text.SYSCFG_DL_initPower</name>
         <load_address>0x7e8c</load_address>
         <readonly>true</readonly>
         <executable>true</executable>
         <run_address>0x7e8c</run_address>
         <size>0x7c</size>
         <alignment>0x4</alignment>
         <input_file_ref idref="fl-1"/>
      </object_component>
      <object_component id="oc-388">
         <name>.text.__TI_closefile</name>
         <load_address>0x7f08</load_address>
         <readonly>true</readonly>
         <executable>true</executable>
         <run_address>0x7f08</run_address>
         <size>0x7c</size>
         <alignment>0x4</alignment>
         <input_file_ref idref="fl-65"/>
      </object_component>
      <object_component id="oc-1c">
         <name>.text:decompress:lzss</name>
         <load_address>0x7f84</load_address>
         <readonly>true</readonly>
         <executable>true</executable>
         <run_address>0x7f84</run_address>
         <size>0x7c</size>
         <alignment>0x4</alignment>
         <input_file_ref idref="fl-55"/>
      </object_component>
      <object_component id="oc-6a">
         <name>.text.Encoder_GpioIrqHandler</name>
         <load_address>0x8000</load_address>
         <readonly>true</readonly>
         <executable>true</executable>
         <run_address>0x8000</run_address>
         <size>0x78</size>
         <alignment>0x4</alignment>
         <input_file_ref idref="fl-c"/>
      </object_component>
      <object_component id="oc-37c">
         <name>.text.__gedf2</name>
         <load_address>0x8078</load_address>
         <readonly>true</readonly>
         <executable>true</executable>
         <run_address>0x8078</run_address>
         <size>0x74</size>
         <alignment>0x4</alignment>
         <input_file_ref idref="fl-12e"/>
      </object_component>
      <object_component id="oc-1b0">
         <name>.text.HOSTexit</name>
         <load_address>0x80ec</load_address>
         <readonly>true</readonly>
         <executable>true</executable>
         <run_address>0x80ec</run_address>
         <size>0x4</size>
         <alignment>0x2</alignment>
         <input_file_ref idref="fl-105"/>
      </object_component>
      <object_component id="oc-115">
         <name>.text.__truncdfsf2</name>
         <load_address>0x80f0</load_address>
         <readonly>true</readonly>
         <executable>true</executable>
         <run_address>0x80f0</run_address>
         <size>0x74</size>
         <alignment>0x10</alignment>
         <input_file_ref idref="fl-123"/>
      </object_component>
      <object_component id="oc-d3">
         <name>.text.task2_run</name>
         <load_address>0x8164</load_address>
         <readonly>true</readonly>
         <executable>true</executable>
         <run_address>0x8164</run_address>
         <size>0x70</size>
         <alignment>0x4</alignment>
         <input_file_ref idref="fl-9"/>
      </object_component>
      <object_component id="oc-3a1">
         <name>.text.HOSTlseek</name>
         <load_address>0x81d4</load_address>
         <readonly>true</readonly>
         <executable>true</executable>
         <run_address>0x81d4</run_address>
         <size>0x6c</size>
         <alignment>0x4</alignment>
         <input_file_ref idref="fl-10e"/>
      </object_component>
      <object_component id="oc-3a9">
         <name>.text.HOSTrename</name>
         <load_address>0x8240</load_address>
         <readonly>true</readonly>
         <executable>true</executable>
         <run_address>0x8240</run_address>
         <size>0x6c</size>
         <alignment>0x4</alignment>
         <input_file_ref idref="fl-111"/>
      </object_component>
      <object_component id="oc-33b">
         <name>.text.fseeko</name>
         <load_address>0x82ac</load_address>
         <readonly>true</readonly>
         <executable>true</executable>
         <run_address>0x82ac</run_address>
         <size>0x6c</size>
         <alignment>0x4</alignment>
         <input_file_ref idref="fl-5c"/>
      </object_component>
      <object_component id="oc-3ff">
         <name>.text.getdevice</name>
         <load_address>0x8318</load_address>
         <readonly>true</readonly>
         <executable>true</executable>
         <run_address>0x8318</run_address>
         <size>0x6c</size>
         <alignment>0x4</alignment>
         <input_file_ref idref="fl-130"/>
      </object_component>
      <object_component id="oc-19a">
         <name>.text.Motor_SetDuty</name>
         <load_address>0x8384</load_address>
         <readonly>true</readonly>
         <executable>true</executable>
         <run_address>0x8384</run_address>
         <size>0x68</size>
         <alignment>0x4</alignment>
         <input_file_ref idref="fl-f"/>
      </object_component>
      <object_component id="oc-19e">
         <name>.text.Track_ReadMask</name>
         <load_address>0x83ec</load_address>
         <readonly>true</readonly>
         <executable>true</executable>
         <run_address>0x83ec</run_address>
         <size>0x68</size>
         <alignment>0x4</alignment>
         <input_file_ref idref="fl-10"/>
      </object_component>
      <object_component id="oc-376">
         <name>.text.__ledf2</name>
         <load_address>0x8454</load_address>
         <readonly>true</readonly>
         <executable>true</executable>
         <run_address>0x8454</run_address>
         <size>0x68</size>
         <alignment>0x4</alignment>
         <input_file_ref idref="fl-12e"/>
      </object_component>
      <object_component id="oc-86">
         <name>.text.main</name>
         <load_address>0x84bc</load_address>
         <readonly>true</readonly>
         <executable>true</executable>
         <run_address>0x84bc</run_address>
         <size>0x68</size>
         <alignment>0x4</alignment>
         <input_file_ref idref="fl-3"/>
      </object_component>
      <object_component id="oc-ca">
         <name>.text.task1_run</name>
         <load_address>0x8524</load_address>
         <readonly>true</readonly>
         <executable>true</executable>
         <run_address>0x8524</run_address>
         <size>0x68</size>
         <alignment>0x4</alignment>
         <input_file_ref idref="fl-9"/>
      </object_component>
      <object_component id="oc-375">
         <name>.text._mcpy</name>
         <load_address>0x858c</load_address>
         <readonly>true</readonly>
         <executable>true</executable>
         <run_address>0x858c</run_address>
         <size>0x66</size>
         <alignment>0x2</alignment>
         <input_file_ref idref="fl-58"/>
      </object_component>
      <object_component id="oc-200">
         <name>.text.DL_SYSCTL_setHFCLKSourceHFXTParams</name>
         <load_address>0x85f4</load_address>
         <readonly>true</readonly>
         <executable>true</executable>
         <run_address>0x85f4</run_address>
         <size>0x64</size>
         <alignment>0x4</alignment>
         <input_file_ref idref="fl-28"/>
      </object_component>
      <object_component id="oc-2e1">
         <name>.text.__TI_wrt_ok</name>
         <load_address>0x8658</load_address>
         <readonly>true</readonly>
         <executable>true</executable>
         <run_address>0x8658</run_address>
         <size>0x64</size>
         <alignment>0x2</alignment>
         <input_file_ref idref="fl-44"/>
      </object_component>
      <object_component id="oc-3c6">
         <name>.text.split</name>
         <load_address>0x86bc</load_address>
         <readonly>true</readonly>
         <executable>true</executable>
         <run_address>0x86bc</run_address>
         <size>0x64</size>
         <alignment>0x4</alignment>
         <input_file_ref idref="fl-4c"/>
      </object_component>
      <object_component id="oc-334">
         <name>.text.__aeabi_dcmp</name>
         <load_address>0x8720</load_address>
         <readonly>true</readonly>
         <executable>true</executable>
         <run_address>0x8720</run_address>
         <size>0x62</size>
         <alignment>0x4</alignment>
         <input_file_ref idref="fl-124"/>
      </object_component>
      <object_component id="oc-119">
         <name>.text.__aeabi_fcmp</name>
         <load_address>0x8784</load_address>
         <readonly>true</readonly>
         <executable>true</executable>
         <run_address>0x8784</run_address>
         <size>0x62</size>
         <alignment>0x4</alignment>
         <input_file_ref idref="fl-125"/>
      </object_component>
      <object_component id="oc-144">
         <name>.text:memset</name>
         <load_address>0x87e6</load_address>
         <readonly>true</readonly>
         <executable>true</executable>
         <run_address>0x87e6</run_address>
         <size>0x62</size>
         <alignment>0x1</alignment>
         <input_file_ref idref="fl-132"/>
      </object_component>
      <object_component id="oc-391">
         <name>.text.HOSTopen</name>
         <load_address>0x8848</load_address>
         <readonly>true</readonly>
         <executable>true</executable>
         <run_address>0x8848</run_address>
         <size>0x60</size>
         <alignment>0x4</alignment>
         <input_file_ref idref="fl-10f"/>
      </object_component>
      <object_component id="oc-14e">
         <name>.text.SYSCFG_DL_UART_1_init</name>
         <load_address>0x88a8</load_address>
         <readonly>true</readonly>
         <executable>true</executable>
         <run_address>0x88a8</run_address>
         <size>0x60</size>
         <alignment>0x4</alignment>
         <input_file_ref idref="fl-1"/>
      </object_component>
      <object_component id="oc-235">
         <name>.text.DL_I2C_fillControllerTXFIFO</name>
         <load_address>0x8908</load_address>
         <readonly>true</readonly>
         <executable>true</executable>
         <run_address>0x8908</run_address>
         <size>0x5e</size>
         <alignment>0x2</alignment>
         <input_file_ref idref="fl-24"/>
      </object_component>
      <object_component id="oc-262">
         <name>.text.BSP_Uart_ReadByte</name>
         <load_address>0x8968</load_address>
         <readonly>true</readonly>
         <executable>true</executable>
         <run_address>0x8968</run_address>
         <size>0x5c</size>
         <alignment>0x4</alignment>
         <input_file_ref idref="fl-11"/>
      </object_component>
      <object_component id="oc-26e">
         <name>.text.Car_SetPidParam</name>
         <load_address>0x89c4</load_address>
         <readonly>true</readonly>
         <executable>true</executable>
         <run_address>0x89c4</run_address>
         <size>0x5c</size>
         <alignment>0x4</alignment>
         <input_file_ref idref="fl-4"/>
      </object_component>
      <object_component id="oc-35d">
         <name>.text.frexp</name>
         <load_address>0x8a20</load_address>
         <readonly>true</readonly>
         <executable>true</executable>
         <run_address>0x8a20</run_address>
         <size>0x5c</size>
         <alignment>0x4</alignment>
         <input_file_ref idref="fl-62"/>
      </object_component>
      <object_component id="oc-399">
         <name>.text.HOSTread</name>
         <load_address>0x8a7c</load_address>
         <readonly>true</readonly>
         <executable>true</executable>
         <run_address>0x8a7c</run_address>
         <size>0x58</size>
         <alignment>0x4</alignment>
         <input_file_ref idref="fl-110"/>
      </object_component>
      <object_component id="oc-39d">
         <name>.text.HOSTwrite</name>
         <load_address>0x8ad4</load_address>
         <readonly>true</readonly>
         <executable>true</executable>
         <run_address>0x8ad4</run_address>
         <size>0x58</size>
         <alignment>0x4</alignment>
         <input_file_ref idref="fl-113"/>
      </object_component>
      <object_component id="oc-369">
         <name>.text.__TI_ltoa</name>
         <load_address>0x8b2c</load_address>
         <readonly>true</readonly>
         <executable>true</executable>
         <run_address>0x8b2c</run_address>
         <size>0x58</size>
         <alignment>0x2</alignment>
         <input_file_ref idref="fl-5e"/>
      </object_component>
      <object_component id="oc-339">
         <name>.text._pconv_f</name>
         <load_address>0x8b84</load_address>
         <readonly>true</readonly>
         <executable>true</executable>
         <run_address>0x8b84</run_address>
         <size>0x58</size>
         <alignment>0x2</alignment>
         <input_file_ref idref="fl-58"/>
      </object_component>
      <object_component id="oc-27b">
         <name>.text.__aeabi_idivmod</name>
         <load_address>0x8bdc</load_address>
         <readonly>true</readonly>
         <executable>true</executable>
         <run_address>0x8bdc</run_address>
         <size>0x56</size>
         <alignment>0x4</alignment>
         <input_file_ref idref="fl-126"/>
      </object_component>
      <object_component id="oc-14c">
         <name>.text.SYSCFG_DL_I2C_OLED_init</name>
         <load_address>0x8c34</load_address>
         <readonly>true</readonly>
         <executable>true</executable>
         <run_address>0x8c34</run_address>
         <size>0x54</size>
         <alignment>0x4</alignment>
         <input_file_ref idref="fl-1"/>
      </object_component>
      <object_component id="oc-b1">
         <name>.text.SYSCFG_DL_init</name>
         <load_address>0x8c88</load_address>
         <readonly>true</readonly>
         <executable>true</executable>
         <run_address>0x8c88</run_address>
         <size>0x54</size>
         <alignment>0x4</alignment>
         <input_file_ref idref="fl-1"/>
      </object_component>
      <object_component id="oc-2eb">
         <name>.text.__TI_doflush</name>
         <load_address>0x8cdc</load_address>
         <readonly>true</readonly>
         <executable>true</executable>
         <run_address>0x8cdc</run_address>
         <size>0x52</size>
         <alignment>0x2</alignment>
         <input_file_ref idref="fl-5a"/>
      </object_component>
      <object_component id="oc-373">
         <name>.text._ecpy</name>
         <load_address>0x8d2e</load_address>
         <readonly>true</readonly>
         <executable>true</executable>
         <run_address>0x8d2e</run_address>
         <size>0x52</size>
         <alignment>0x2</alignment>
         <input_file_ref idref="fl-58"/>
      </object_component>
      <object_component id="oc-3c8">
         <name>.text.close</name>
         <load_address>0x8d80</load_address>
         <readonly>true</readonly>
         <executable>true</executable>
         <run_address>0x8d80</run_address>
         <size>0x50</size>
         <alignment>0x4</alignment>
         <input_file_ref idref="fl-10b"/>
      </object_component>
      <object_component id="oc-2bc">
         <name>.text.DL_DMA_initChannel</name>
         <load_address>0x8dd0</load_address>
         <readonly>true</readonly>
         <executable>true</executable>
         <run_address>0x8dd0</run_address>
         <size>0x4c</size>
         <alignment>0x4</alignment>
         <input_file_ref idref="fl-23"/>
      </object_component>
      <object_component id="oc-14f">
         <name>.text.SYSCFG_DL_SPI_IMU_init</name>
         <load_address>0x8e1c</load_address>
         <readonly>true</readonly>
         <executable>true</executable>
         <run_address>0x8e1c</run_address>
         <size>0x4c</size>
         <alignment>0x4</alignment>
         <input_file_ref idref="fl-1"/>
      </object_component>
      <object_component id="oc-14a">
         <name>.text.SYSCFG_DL_TIMER_ENCODER_TICK_init</name>
         <load_address>0x8e68</load_address>
         <readonly>true</readonly>
         <executable>true</executable>
         <run_address>0x8e68</run_address>
         <size>0x4c</size>
         <alignment>0x4</alignment>
         <input_file_ref idref="fl-1"/>
      </object_component>
      <object_component id="oc-24c">
         <name>.text.snprintf</name>
         <load_address>0x8eb4</load_address>
         <readonly>true</readonly>
         <executable>true</executable>
         <run_address>0x8eb4</run_address>
         <size>0x4c</size>
         <alignment>0x4</alignment>
         <input_file_ref idref="fl-42"/>
      </object_component>
      <object_component id="oc-257">
         <name>.text.PID_Init</name>
         <load_address>0x8f00</load_address>
         <readonly>true</readonly>
         <executable>true</executable>
         <run_address>0x8f00</run_address>
         <size>0x4a</size>
         <alignment>0x2</alignment>
         <input_file_ref idref="fl-7"/>
      </object_component>
      <object_component id="oc-365">
         <name>.text.__fixdfsi</name>
         <load_address>0x8f4c</load_address>
         <readonly>true</readonly>
         <executable>true</executable>
         <run_address>0x8f4c</run_address>
         <size>0x4a</size>
         <alignment>0x4</alignment>
         <input_file_ref idref="fl-11d"/>
      </object_component>
      <object_component id="oc-228">
         <name>.text.DL_UART_init</name>
         <load_address>0x8f98</load_address>
         <readonly>true</readonly>
         <executable>true</executable>
         <run_address>0x8f98</run_address>
         <size>0x48</size>
         <alignment>0x4</alignment>
         <input_file_ref idref="fl-27"/>
      </object_component>
      <object_component id="oc-395">
         <name>.text.HOSTclose</name>
         <load_address>0x8fe0</load_address>
         <readonly>true</readonly>
         <executable>true</executable>
         <run_address>0x8fe0</run_address>
         <size>0x48</size>
         <alignment>0x4</alignment>
         <input_file_ref idref="fl-10d"/>
      </object_component>
      <object_component id="oc-3a5">
         <name>.text.HOSTunlink</name>
         <load_address>0x9028</load_address>
         <readonly>true</readonly>
         <executable>true</executable>
         <run_address>0x9028</run_address>
         <size>0x48</size>
         <alignment>0x4</alignment>
         <input_file_ref idref="fl-112"/>
      </object_component>
      <object_component id="oc-d4">
         <name>.text.Test_OLED</name>
         <load_address>0x9070</load_address>
         <readonly>true</readonly>
         <executable>true</executable>
         <run_address>0x9070</run_address>
         <size>0x48</size>
         <alignment>0x4</alignment>
         <input_file_ref idref="fl-a"/>
      </object_component>
      <object_component id="oc-22e">
         <name>.text.DL_SPI_init</name>
         <load_address>0x90b8</load_address>
         <readonly>true</readonly>
         <executable>true</executable>
         <run_address>0x90b8</run_address>
         <size>0x44</size>
         <alignment>0x4</alignment>
         <input_file_ref idref="fl-25"/>
      </object_component>
      <object_component id="oc-208">
         <name>.text.DL_SYSCTL_switchMCLKfromSYSOSCtoHSCLK</name>
         <load_address>0x90fc</load_address>
         <readonly>true</readonly>
         <executable>true</executable>
         <run_address>0x90fc</run_address>
         <size>0x44</size>
         <alignment>0x4</alignment>
         <input_file_ref idref="fl-28"/>
      </object_component>
      <object_component id="oc-194">
         <name>.text.Motor_Init</name>
         <load_address>0x9140</load_address>
         <readonly>true</readonly>
         <executable>true</executable>
         <run_address>0x9140</run_address>
         <size>0x44</size>
         <alignment>0x4</alignment>
         <input_file_ref idref="fl-f"/>
      </object_component>
      <object_component id="oc-36">
         <name>.text.GROUP1_IRQHandler</name>
         <load_address>0x9184</load_address>
         <readonly>true</readonly>
         <executable>true</executable>
         <run_address>0x9184</run_address>
         <size>0x40</size>
         <alignment>0x4</alignment>
         <input_file_ref idref="fl-14"/>
      </object_component>
      <object_component id="oc-28f">
         <name>.text.__aeabi_uidivmod</name>
         <load_address>0x91c4</load_address>
         <readonly>true</readonly>
         <executable>true</executable>
         <run_address>0x91c4</run_address>
         <size>0x40</size>
         <alignment>0x4</alignment>
         <input_file_ref idref="fl-129"/>
      </object_component>
      <object_component id="oc-102">
         <name>.text.__extendsfdf2</name>
         <load_address>0x9204</load_address>
         <readonly>true</readonly>
         <executable>true</executable>
         <run_address>0x9204</run_address>
         <size>0x40</size>
         <alignment>0x4</alignment>
         <input_file_ref idref="fl-11c"/>
      </object_component>
      <object_component id="oc-322">
         <name>.text.atoi</name>
         <load_address>0x9244</load_address>
         <readonly>true</readonly>
         <executable>true</executable>
         <run_address>0x9244</run_address>
         <size>0x40</size>
         <alignment>0x4</alignment>
         <input_file_ref idref="fl-60"/>
      </object_component>
      <object_component id="oc-26d">
         <name>.text.Car_GetPidParams</name>
         <load_address>0x9284</load_address>
         <readonly>true</readonly>
         <executable>true</executable>
         <run_address>0x9284</run_address>
         <size>0x3c</size>
         <alignment>0x4</alignment>
         <input_file_ref idref="fl-4"/>
      </object_component>
      <object_component id="oc-193">
         <name>.text.Encoder_Init</name>
         <load_address>0x92c0</load_address>
         <readonly>true</readonly>
         <executable>true</executable>
         <run_address>0x92c0</run_address>
         <size>0x3c</size>
         <alignment>0x4</alignment>
         <input_file_ref idref="fl-c"/>
      </object_component>
      <object_component id="oc-d5">
         <name>.text.Test_UartReceive</name>
         <load_address>0x92fc</load_address>
         <readonly>true</readonly>
         <executable>true</executable>
         <run_address>0x92fc</run_address>
         <size>0x3c</size>
         <alignment>0x4</alignment>
[...]
      </symbol>
      <symbol id="sm-4b7">
         <name>ldexpf</name>
         <value>0x7701</value>
         <object_component_ref idref="oc-2d0"/>
      </symbol>
      <symbol id="sm-500">
         <name>__TI_printfi</name>
         <value>0x29fd</value>
         <object_component_ref idref="oc-2ff"/>
      </symbol>
      <symbol id="sm-50b">
         <name>__TI_doflush</name>
         <value>0x8cdd</value>
         <object_component_ref idref="oc-2eb"/>
      </symbol>
      <symbol id="sm-516">
         <name>__TI_cleanup</name>
         <value>0x9581</value>
         <object_component_ref idref="oc-341"/>
      </symbol>
      <symbol id="sm-523">
         <name>fseek</name>
         <value>0x9d1d</value>
         <object_component_ref idref="oc-306"/>
      </symbol>
      <symbol id="sm-524">
         <name>fseeko</name>
         <value>0x82ad</value>
         <object_component_ref idref="oc-33b"/>
      </symbol>
      <symbol id="sm-525">
         <name>__aeabi_ctype_table_</name>
         <value>0xb780</value>
         <object_component_ref idref="oc-2d4"/>
      </symbol>
      <symbol id="sm-526">
         <name>__aeabi_ctype_table_C</name>
         <value>0xb780</value>
         <object_component_ref idref="oc-2d4"/>
      </symbol>
      <symbol id="sm-52f">
         <name>__TI_ltoa</name>
         <value>0x8b2d</value>
         <object_component_ref idref="oc-369"/>
      </symbol>
      <symbol id="sm-53a">
         <name>atoi</name>
         <value>0x9245</value>
         <object_component_ref idref="oc-322"/>
      </symbol>
      <symbol id="sm-543">
         <name>memccpy</name>
         <value>0x9991</value>
         <object_component_ref idref="oc-31b"/>
      </symbol>
      <symbol id="sm-54d">
         <name>frexp</name>
         <value>0x8a21</value>
         <object_component_ref idref="oc-35d"/>
      </symbol>
      <symbol id="sm-54e">
         <name>frexpl</name>
         <value>0x8a21</value>
         <object_component_ref idref="oc-35d"/>
      </symbol>
      <symbol id="sm-558">
         <name>scalbn</name>
         <value>0x7151</value>
         <object_component_ref idref="oc-361"/>
      </symbol>
      <symbol id="sm-559">
         <name>ldexp</name>
         <value>0x7151</value>
         <object_component_ref idref="oc-361"/>
      </symbol>
      <symbol id="sm-55a">
         <name>scalbnl</name>
         <value>0x7151</value>
         <object_component_ref idref="oc-361"/>
      </symbol>
      <symbol id="sm-55b">
         <name>ldexpl</name>
         <value>0x7151</value>
         <object_component_ref idref="oc-361"/>
      </symbol>
      <symbol id="sm-564">
         <name>wcslen</name>
         <value>0x9c49</value>
         <object_component_ref idref="oc-326"/>
      </symbol>
      <symbol id="sm-56f">
         <name>__TI_closefile</name>
         <value>0x7f09</value>
         <object_component_ref idref="oc-388"/>
      </symbol>
      <symbol id="sm-577">
         <name>HOSTexit</name>
         <value>0x80ed</value>
         <object_component_ref idref="oc-1b0"/>
      </symbol>
      <symbol id="sm-578">
         <name>C$$EXIT</name>
         <value>0x80ec</value>
         <object_component_ref idref="oc-1b0"/>
      </symbol>
      <symbol id="sm-582">
         <name>write</name>
         <value>0x9889</value>
         <object_component_ref idref="oc-2e7"/>
      </symbol>
      <symbol id="sm-587">
         <name>_device</name>
         <value>0x20201ea0</value>
         <object_component_ref idref="oc-34a"/>
      </symbol>
      <symbol id="sm-588">
         <name>_stream</name>
         <value>0x20201f18</value>
         <object_component_ref idref="oc-312"/>
      </symbol>
      <symbol id="sm-591">
         <name>remove</name>
         <value>0x9d25</value>
         <object_component_ref idref="oc-3cc"/>
      </symbol>
      <symbol id="sm-59c">
         <name>lseek</name>
         <value>0x9861</value>
         <object_component_ref idref="oc-380"/>
      </symbol>
      <symbol id="sm-5a6">
         <name>close</name>
         <value>0x8d81</value>
         <object_component_ref idref="oc-3c8"/>
      </symbol>
      <symbol id="sm-5b0">
         <name>unlink</name>
         <value>0x976d</value>
         <object_component_ref idref="oc-3f5"/>
      </symbol>
      <symbol id="sm-5ba">
         <name>HOSTclose</name>
         <value>0x8fe1</value>
         <object_component_ref idref="oc-395"/>
      </symbol>
      <symbol id="sm-5c4">
         <name>HOSTlseek</name>
         <value>0x81d5</value>
         <object_component_ref idref="oc-3a1"/>
      </symbol>
      <symbol id="sm-5ce">
         <name>HOSTopen</name>
         <value>0x8849</value>
         <object_component_ref idref="oc-391"/>
      </symbol>
      <symbol id="sm-5cf">
         <name>parmbuf</name>
         <value>0x20201560</value>
         <object_component_ref idref="oc-3da"/>
      </symbol>
      <symbol id="sm-5d9">
         <name>HOSTread</name>
         <value>0x8a7d</value>
         <object_component_ref idref="oc-399"/>
      </symbol>
      <symbol id="sm-5ea">
         <name>HOSTrename</name>
         <value>0x8241</value>
         <object_component_ref idref="oc-3a9"/>
      </symbol>
      <symbol id="sm-5f4">
         <name>HOSTunlink</name>
         <value>0x9029</value>
         <object_component_ref idref="oc-3a5"/>
      </symbol>
      <symbol id="sm-5fe">
         <name>HOSTwrite</name>
         <value>0x8ad5</value>
         <object_component_ref idref="oc-39d"/>
      </symbol>
      <symbol id="sm-60c">
         <name>C$$IO$$</name>
         <value>0x9615</value>
         <object_component_ref idref="oc-3d3"/>
      </symbol>
      <symbol id="sm-60d">
         <name>__TI_writemsg</name>
         <value>0x95e9</value>
         <object_component_ref idref="oc-3d3"/>
      </symbol>
      <symbol id="sm-60e">
         <name>__CIOBUF_</name>
         <value>0x20200fe0</value>
         <object_component_ref idref="oc-3fc"/>
      </symbol>
      <symbol id="sm-60f">
         <name>__TI_readmsg</name>
         <value>0x95b5</value>
         <object_component_ref idref="oc-3d9"/>
      </symbol>
      <symbol id="sm-610">
         <name>_CIOBUF_</name>
         <value>0x20200fe0</value>
         <object_component_ref idref="oc-3fc"/>
      </symbol>
      <symbol id="sm-616">
         <name>__aeabi_fadd</name>
         <value>0x7233</value>
         <object_component_ref idref="oc-121"/>
      </symbol>
      <symbol id="sm-617">
         <name>__addsf3</name>
         <value>0x7233</value>
         <object_component_ref idref="oc-121"/>
      </symbol>
      <symbol id="sm-618">
         <name>__aeabi_fsub</name>
         <value>0x7229</value>
         <object_component_ref idref="oc-121"/>
      </symbol>
      <symbol id="sm-619">
         <name>__subsf3</name>
         <value>0x7229</value>
         <object_component_ref idref="oc-121"/>
      </symbol>
      <symbol id="sm-622">
         <name>__aeabi_dadd</name>
         <value>0x577b</value>
         <object_component_ref idref="oc-fa"/>
      </symbol>
      <symbol id="sm-623">
         <name>__adddf3</name>
         <value>0x577b</value>
         <object_component_ref idref="oc-fa"/>
      </symbol>
      <symbol id="sm-624">
         <name>__aeabi_dsub</name>
         <value>0x5771</value>
         <object_component_ref idref="oc-fa"/>
      </symbol>
      <symbol id="sm-625">
         <name>__subdf3</name>
         <value>0x5771</value>
         <object_component_ref idref="oc-fa"/>
      </symbol>
      <symbol id="sm-62e">
         <name>__aeabi_dmul</name>
         <value>0x6cf5</value>
         <object_component_ref idref="oc-fe"/>
      </symbol>
      <symbol id="sm-62f">
         <name>__muldf3</name>
         <value>0x6cf5</value>
         <object_component_ref idref="oc-fe"/>
      </symbol>
      <symbol id="sm-635">
         <name>__muldsi3</name>
         <value>0x9465</value>
         <object_component_ref idref="oc-1d0"/>
      </symbol>
      <symbol id="sm-63b">
         <name>__aeabi_fmul</name>
         <value>0x7c6d</value>
         <object_component_ref idref="oc-106"/>
      </symbol>
      <symbol id="sm-63c">
         <name>__mulsf3</name>
         <value>0x7c6d</value>
         <object_component_ref idref="oc-106"/>
      </symbol>
      <symbol id="sm-645">
         <name>__aeabi_fdiv</name>
         <value>0x7d89</value>
         <object_component_ref idref="oc-1e8"/>
      </symbol>
      <symbol id="sm-646">
         <name>__divsf3</name>
         <value>0x7d89</value>
         <object_component_ref idref="oc-1e8"/>
      </symbol>
      <symbol id="sm-64f">
         <name>__aeabi_ddiv</name>
         <value>0x6415</value>
         <object_component_ref idref="oc-111"/>
      </symbol>
      <symbol id="sm-650">
         <name>__divdf3</name>
         <value>0x6415</value>
         <object_component_ref idref="oc-111"/>
      </symbol>
      <symbol id="sm-656">
         <name>__aeabi_f2d</name>
         <value>0x9205</value>
         <object_component_ref idref="oc-102"/>
      </symbol>
      <symbol id="sm-657">
         <name>__extendsfdf2</name>
         <value>0x9205</value>
         <object_component_ref idref="oc-102"/>
      </symbol>
      <symbol id="sm-65d">
         <name>__aeabi_d2iz</name>
         <value>0x8f4d</value>
         <object_component_ref idref="oc-365"/>
      </symbol>
      <symbol id="sm-65e">
         <name>__fixdfsi</name>
         <value>0x8f4d</value>
         <object_component_ref idref="oc-365"/>
      </symbol>
      <symbol id="sm-664">
         <name>__aeabi_f2iz</name>
         <value>0x9549</value>
         <object_component_ref idref="oc-277"/>
      </symbol>
      <symbol id="sm-665">
         <name>__fixsfsi</name>
         <value>0x9549</value>
         <object_component_ref idref="oc-277"/>
      </symbol>
      <symbol id="sm-66b">
         <name>__aeabi_i2d</name>
         <value>0x9741</value>
         <object_component_ref idref="oc-36d"/>
      </symbol>
      <symbol id="sm-66c">
         <name>__floatsidf</name>
         <value>0x9741</value>
         <object_component_ref idref="oc-36d"/>
      </symbol>
      <symbol id="sm-672">
         <name>__aeabi_i2f</name>
         <value>0x9375</value>
         <object_component_ref idref="oc-1c7"/>
      </symbol>
      <symbol id="sm-673">
         <name>__floatsisf</name>
         <value>0x9375</value>
         <object_component_ref idref="oc-1c7"/>
      </symbol>
      <symbol id="sm-679">
         <name>__aeabi_ui2f</name>
         <value>0x9811</value>
         <object_component_ref idref="oc-11d"/>
      </symbol>
      <symbol id="sm-67a">
         <name>__floatunsisf</name>
         <value>0x9811</value>
         <object_component_ref idref="oc-11d"/>
      </symbol>
      <symbol id="sm-680">
         <name>__aeabi_lmul</name>
         <value>0x9949</value>
         <object_component_ref idref="oc-32a"/>
      </symbol>
      <symbol id="sm-681">
         <name>__muldi3</name>
         <value>0x9949</value>
         <object_component_ref idref="oc-32a"/>
      </symbol>
      <symbol id="sm-688">
         <name>__aeabi_d2f</name>
         <value>0x80f1</value>
         <object_component_ref idref="oc-115"/>
      </symbol>
      <symbol id="sm-689">
         <name>__truncdfsf2</name>
         <value>0x80f1</value>
         <object_component_ref idref="oc-115"/>
      </symbol>
      <symbol id="sm-68f">
         <name>__aeabi_dcmpeq</name>
         <value>0x8721</value>
         <object_component_ref idref="oc-334"/>
      </symbol>
      <symbol id="sm-690">
         <name>__aeabi_dcmplt</name>
         <value>0x8735</value>
         <object_component_ref idref="oc-334"/>
      </symbol>
      <symbol id="sm-691">
         <name>__aeabi_dcmple</name>
         <value>0x8749</value>
         <object_component_ref idref="oc-334"/>
      </symbol>
      <symbol id="sm-692">
         <name>__aeabi_dcmpge</name>
         <value>0x875d</value>
         <object_component_ref idref="oc-334"/>
      </symbol>
      <symbol id="sm-693">
         <name>__aeabi_dcmpgt</name>
         <value>0x8771</value>
         <object_component_ref idref="oc-334"/>
      </symbol>
      <symbol id="sm-699">
         <name>__aeabi_fcmpeq</name>
         <value>0x8785</value>
         <object_component_ref idref="oc-119"/>
      </symbol>
      <symbol id="sm-69a">
         <name>__aeabi_fcmplt</name>
         <value>0x8799</value>
         <object_component_ref idref="oc-119"/>
      </symbol>
      <symbol id="sm-69b">
         <name>__aeabi_fcmple</name>
         <value>0x87ad</value>
         <object_component_ref idref="oc-119"/>
      </symbol>
      <symbol id="sm-69c">
         <name>__aeabi_fcmpge</name>
         <value>0x87c1</value>
         <object_component_ref idref="oc-119"/>
      </symbol>
      <symbol id="sm-69d">
         <name>__aeabi_fcmpgt</name>
         <value>0x87d5</value>
         <object_component_ref idref="oc-119"/>
      </symbol>
      <symbol id="sm-6a3">
         <name>__aeabi_idiv</name>
         <value>0x8bdd</value>
         <object_component_ref idref="oc-27b"/>
      </symbol>
      <symbol id="sm-6a4">
         <name>__aeabi_idivmod</name>
         <value>0x8bdd</value>
         <object_component_ref idref="oc-27b"/>
      </symbol>
      <symbol id="sm-6aa">
         <name>__aeabi_memcpy</name>
         <value>0x9d15</value>
         <object_component_ref idref="oc-49"/>
      </symbol>
      <symbol id="sm-6ab">
         <name>__aeabi_memcpy4</name>
         <value>0x9d15</value>
         <object_component_ref idref="oc-49"/>
      </symbol>
      <symbol id="sm-6ac">
         <name>__aeabi_memcpy8</name>
         <value>0x9d15</value>
         <object_component_ref idref="oc-49"/>
      </symbol>
      <symbol id="sm-6b5">
         <name>__aeabi_memset</name>
         <value>0x9c79</value>
         <object_component_ref idref="oc-31a"/>
      </symbol>
      <symbol id="sm-6b6">
         <name>__aeabi_memset4</name>
         <value>0x9c79</value>
         <object_component_ref idref="oc-31a"/>
      </symbol>
      <symbol id="sm-6b7">
         <name>__aeabi_memset8</name>
         <value>0x9c79</value>
         <object_component_ref idref="oc-31a"/>
      </symbol>
      <symbol id="sm-6b8">
         <name>__aeabi_memclr</name>
         <value>0x9cbd</value>
         <object_component_ref idref="oc-7d"/>
      </symbol>
      <symbol id="sm-6b9">
         <name>__aeabi_memclr4</name>
         <value>0x9cbd</value>
         <object_component_ref idref="oc-7d"/>
      </symbol>
      <symbol id="sm-6ba">
         <name>__aeabi_memclr8</name>
         <value>0x9cbd</value>
         <object_component_ref idref="oc-7d"/>
      </symbol>
      <symbol id="sm-6c0">
         <name>__aeabi_uidiv</name>
         <value>0x91c5</value>
         <object_component_ref idref="oc-28f"/>
      </symbol>
      <symbol id="sm-6c1">
         <name>__aeabi_uidivmod</name>
         <value>0x91c5</value>
         <object_component_ref idref="oc-28f"/>
      </symbol>
      <symbol id="sm-6c7">
         <name>__aeabi_uldivmod</name>
         <value>0x9b99</value>
         <object_component_ref idref="oc-32f"/>
      </symbol>
      <symbol id="sm-6d0">
         <name>__eqsf2</name>
         <value>0x9429</value>
         <object_component_ref idref="oc-1d9"/>
      </symbol>
      <symbol id="sm-6d1">
         <name>__lesf2</name>
         <value>0x9429</value>
         <object_component_ref idref="oc-1d9"/>
      </symbol>
      <symbol id="sm-6d2">
         <name>__ltsf2</name>
         <value>0x9429</value>
         <object_component_ref idref="oc-1d9"/>
      </symbol>
      <symbol id="sm-6d3">
         <name>__nesf2</name>
         <value>0x9429</value>
         <object_component_ref idref="oc-1d9"/>
      </symbol>
      <symbol id="sm-6d4">
         <name>__cmpsf2</name>
         <value>0x9429</value>
         <object_component_ref idref="oc-1d9"/>
      </symbol>
      <symbol id="sm-6d5">
         <name>__gtsf2</name>
         <value>0x93b1</value>
         <object_component_ref idref="oc-1de"/>
      </symbol>
      <symbol id="sm-6d6">
         <name>__gesf2</name>
         <value>0x93b1</value>
         <object_component_ref idref="oc-1de"/>
      </symbol>
      <symbol id="sm-6dc">
         <name>__udivmoddi4</name>
         <value>0x7859</value>
         <object_component_ref idref="oc-358"/>
      </symbol>
      <symbol id="sm-6e2">
         <name>__aeabi_llsl</name>
         <value>0x9a35</value>
         <object_component_ref idref="oc-3b0"/>
      </symbol>
      <symbol id="sm-6e3">
         <name>__ashldi3</name>
         <value>0x9a35</value>
         <object_component_ref idref="oc-3b0"/>
      </symbol>
      <symbol id="sm-6f1">
         <name>__ledf2</name>
         <value>0x8455</value>
         <object_component_ref idref="oc-376"/>
      </symbol>
      <symbol id="sm-6f2">
         <name>__gedf2</name>
         <value>0x8079</value>
         <object_component_ref idref="oc-37c"/>
      </symbol>
      <symbol id="sm-6f3">
         <name>__cmpdf2</name>
         <value>0x8455</value>
         <object_component_ref idref="oc-376"/>
      </symbol>
      <symbol id="sm-6f4">
         <name>__eqdf2</name>
         <value>0x8455</value>
         <object_component_ref idref="oc-376"/>
      </symbol>
      <symbol id="sm-6f5">
         <name>__ltdf2</name>
         <value>0x8455</value>
         <object_component_ref idref="oc-376"/>
      </symbol>
      <symbol id="sm-6f6">
         <name>__nedf2</name>
         <value>0x8455</value>
         <object_component_ref idref="oc-376"/>
      </symbol>
      <symbol id="sm-6f7">
         <name>__gtdf2</name>
         <value>0x8079</value>
         <object_component_ref idref="oc-37c"/>
      </symbol>
      <symbol id="sm-703">
         <name>__aeabi_idiv0</name>
         <value>0x78fb</value>
         <object_component_ref idref="oc-2db"/>
      </symbol>
      <symbol id="sm-704">
         <name>__aeabi_ldiv0</name>
         <value>0x7a33</value>
         <object_component_ref idref="oc-3af"/>
      </symbol>
      <symbol id="sm-712">
         <name>finddevice</name>
         <value>0x9651</value>
         <object_component_ref idref="oc-408"/>
      </symbol>
      <symbol id="sm-713">
         <name>getdevice</name>
         <value>0x8319</value>
         <object_component_ref idref="oc-3ff"/>
      </symbol>
      <symbol id="sm-72c">
         <name>memcpy</name>
         <value>0x7999</value>
         <object_component_ref idref="oc-ac"/>
      </symbol>
      <symbol id="sm-73b">
         <name>memset</name>
         <value>0x87e7</value>
         <object_component_ref idref="oc-144"/>
      </symbol>
      <symbol id="sm-743">
         <name>strcmp</name>
         <value>0x7d01</value>
         <object_component_ref idref="oc-40b"/>
      </symbol>
      <symbol id="sm-744">
         <name>__TI_static_base__</name>
         <value>0x0</value>
      </symbol>
      <symbol id="sm-748">
         <name>__mpu_init</name>
         <value>0x0</value>
      </symbol>
      <symbol id="sm-749">
         <name>_system_post_cinit</name>
         <value>0x0</value>
      </symbol>
   </symbol_table>
   <title>Link successful</title>
</link_info>
