******************************************************************************
            TI ARM Clang Linker PC v4.0.4                      
******************************************************************************
>> Linked Sat Aug  1 07:55:05 2026

OUTPUT FILE NAME:   <2024_Question_H.out>
ENTRY POINT SYMBOL: "_c_int00_noargs"  address: 0000944d


MEMORY CONFIGURATION

         name            origin    length      used     unused   attr    fill
----------------------  --------  ---------  --------  --------  ----  --------
  FLASH                 00000000   00020000  0000bc80  00014380  R  X
  SRAM                  20200000   00008000  000021ca  00005e36  RW X
  BCR_CONFIG            41c00000   000000ff  00000000  000000ff  R   
  BSL_CONFIG            41c00100   00000080  00000000  00000080  R   


SEGMENT ALLOCATION MAP

run origin  load origin   length   init length attrs members
----------  ----------- ---------- ----------- ----- -------
00000000    00000000    0000bc80   0000bc80    r-x
  00000000    00000000    000000c0   000000c0    r-- .intvecs
  000000c0    000000c0    000098d0   000098d0    r-x .text
  00009990    00009990    00002260   00002260    r-- .rodata
  0000bbf0    0000bbf0    00000090   00000090    r-- .cinit
20200000    20200000    00001fd1   00000000    rw-
  20200000    20200000    000015c9   00000000    rw- .bss
  202015d0    202015d0    00000800   00000000    rw- .sysmem
  20201dd0    20201dd0    00000201   00000000    rw- .data
20207e00    20207e00    00000200   00000000    rw-
  20207e00    20207e00    00000200   00000000    rw- .stack


SECTION ALLOCATION MAP

 output                                  attributes/
section   page    origin      length       input sections
--------  ----  ----------  ----------   ----------------
.intvecs   0    00000000    000000c0     
                  00000000    000000c0     startup_mspm0g350x_ticlang.o (.intvecs)

.text      0    000000c0    000098d0     
                  000000c0    000012cc     oled.o (.text.OLED_Init)
                  0000138c    00000be4     imu.o (.text.IMU_sample)
                  00001f70    00000a94     oled.o (.text.OLED_Clear)
                  00002a04    000009d0     libc.a : _printfi.c.obj (.text:__TI_printfi)
                  000033d4    000004d8     car.o (.text.Car_Update)
                  000038ac    00000360     libc.a : strtof.c.obj (.text.strtof)
                  00003c0c    00000300     ui.o (.text.UI_Process)
                  00003f0c    000002a8     ti_msp_dl_config.o (.text.SYSCFG_DL_SYSCTL_SYSPLL_init)
                  000041b4    00000294     oled.o (.text.OLED_ShowChinese)
                  00004448    00000270     oled.o (.text.OLED_ShowChar)
                  000046b8    0000023c     oled.o (.text.OLED_RefreshPages)
                  000048f4    00000220     libc.a : _printfi.c.obj (.text._pconv_a)
                  00004b14    000001dc            : _printfi.c.obj (.text._pconv_g)
                  00004cf0    000001d0     debug.o (.text.Debug_CommandPoll)
                  00004ec0    000001c8     libc.a : s_atanf.c.obj (.text.atanf)
                  00005088    000001b8     ui.o (.text.UI_TaskGateTimer)
                  00005240    000001b8     task.o (.text.task_track_run)
                  000053f8    000001a4     bsp_icm42688.o (.text.bsp_IcmGetRawData)
                  0000559c    000001a0     bsp_uart.o (.text.BSP_Uart_Write)
                  0000573c    00000192     libclang_rt.builtins.a : adddf3.S.obj (.text.adddf3_subdf3)
                  000058ce    00000002     startup_mspm0g350x_ticlang.o (.text.Default_Handler)
                  000058d0    00000170     libc.a : e_sqrt.c.obj (.text.sqrt)
                  00005a40    00000160            : e_asinf.c.obj (.text.asinf)
                  00005ba0    0000015c     ti_msp_dl_config.o (.text.SYSCFG_DL_GPIO_init)
                  00005cfc    0000013c     libc.a : _printfi.c.obj (.text.fcvt)
                  00005e38    00000138     ui.o (.text.show_task_info)
                  00005f70    00000120     libc.a : _printfi.c.obj (.text._pconv_e)
                  00006090    00000118            : e_atan2f.c.obj (.text.atan2f)
                  000061a8    00000114            : memory.c.obj (.text.aligned_alloc)
                  000062bc    0000010c     libclang_rt.builtins.a : divdf3.S.obj (.text.__divdf3)
                  000063c8    00000108     oled.o (.text.OLED_DisplayTurn)
                  000064d0    00000104     driverlib.a : dl_timer.o (.text.DL_Timer_initFourCCPWMMode)
                  000065d4    000000fc                 : dl_timer.o (.text.DL_Timer_initTimerMode)
                  000066d0    000000fc     pid.o (.text.PID_Calc)
                  000067cc    000000f8     libc.a : fputs.c.obj (.text.fputs)
                  000068c4    000000e8            : memory.c.obj (.text.free)
                  000069ac    000000e4     libclang_rt.builtins.a : muldf3.S.obj (.text.__muldf3)
                  00006a90    000000e0     libc.a : setvbuf.c.obj (.text.setvbuf)
                  00006b70    000000dc     bsp_uart.o (.text.BSP_Uart_Init)
                  00006c4c    000000dc     driverlib.a : dl_sysctl_mspm0g1x0x_g3x0x.o (.text.DL_SYSCTL_configSYSPLL)
                  00006d28    000000d8     libc.a : s_scalbn.c.obj (.text.scalbn)
                  00006e00    000000d8     libclang_rt.builtins.a : addsf3.S.obj (.text)
                  00006ed8    000000d4     bsp_uart.o (.text.BSP_Uart_IRQHandler)
                  00006fac    000000cc     bsp_motor.o (.text.Motor_SetDuty)
                  00007078    000000c4     ti_msp_dl_config.o (.text.SYSCFG_DL_SYSCTL_init)
                  0000713c    000000c4     test.o (.text.Test_Track)
                  00007200    000000b0     car.o (.text.Car_Init)
                  000072b0    000000b0     libc.a : s_scalbnf.c.obj (.text.scalbnf)
                  00007360    000000a8     ti_msp_dl_config.o (.text.SYSCFG_DL_UART_0_init)
                  00007408    000000a2     libclang_rt.builtins.a : udivmoddi4.S.obj (.text)
                  000074aa    00000002                            : aeabi_div0.c.obj (.text.__aeabi_idiv0)
                  000074ac    0000009c     debug.o (.text.Debug_Output)
                  00007548    0000009a     libc.a : memcpy16.S.obj (.text:memcpy)
                  000075e2    00000002     libclang_rt.builtins.a : aeabi_div0.c.obj (.text.__aeabi_ldiv0)
                  000075e4    0000008c     oled.o (.text.OLED_ColorTurn)
                  00007670    0000008c     oled.o (.text.OLED_ShowString)
                  000076fc    0000008c     ti_msp_dl_config.o (.text.SYSCFG_DL_PWM_MOTOR_init)
                  00007788    0000008c     libclang_rt.builtins.a : mulsf3.S.obj (.text.__mulsf3)
                  00007814    0000000c     bsp_encoder.o (.text.Encoder_GetMs)
                  00007820    00000088     libc.a : strcmp-armv6m.S.obj (.text:strcmp)
                  000078a8    00000084     ui.o (.text.UI_Task1VideoTest)
                  0000792c    00000082     libclang_rt.builtins.a : divsf3.S.obj (.text.__divsf3)
                  000079ae    00000002     libc.a : _lock.c.obj (.text._nop)
                  000079b0    0000007c     bsp_key.o (.text.Key_Scan)
                  00007a2c    0000007c     ti_msp_dl_config.o (.text.SYSCFG_DL_initPower)
                  00007aa8    0000007c     libc.a : fclose.c.obj (.text.__TI_closefile)
                  00007b24    0000007c            : copy_decompress_lzss.c.obj (.text:decompress:lzss)
                  00007ba0    00000078     bsp_encoder.o (.text.Encoder_GpioIrqHandler)
                  00007c18    00000078     main.o (.text.main)
                  00007c90    00000074     libclang_rt.builtins.a : comparedf2.c.obj (.text.__gedf2)
                  00007d04    0000000c     oled.o (.text.OLED_Refresh)
                  00007d10    00000074     libclang_rt.builtins.a : truncdfsf2.S.obj (.text.__truncdfsf2)
                  00007d84    0000006c     libsysbm.a : hostlseek.c.obj (.text.HOSTlseek)
                  00007df0    0000006c                : hostrename.c.obj (.text.HOSTrename)
                  00007e5c    0000006c     libc.a : fseek.c.obj (.text.fseeko)
                  00007ec8    0000006c            : getdevice.c.obj (.text.getdevice)
                  00007f34    00000068     bsp_encoder.o (.text.Encoder_Init)
                  00007f9c    00000068     libclang_rt.builtins.a : comparedf2.c.obj (.text.__ledf2)
                  00008004    00000066     libc.a : _printfi.c.obj (.text._mcpy)
                  0000806a    00000002     --HOLE-- [fill = 0]
                  0000806c    00000064     driverlib.a : dl_sysctl_mspm0g1x0x_g3x0x.o (.text.DL_SYSCTL_setHFCLKSourceHFXTParams)
                  000080d0    00000064     bsp_motor.o (.text.Motor_Brake)
                  00008134    00000064     libc.a : _io_perm.c.obj (.text.__TI_wrt_ok)
                  00008198    00000064            : memory.c.obj (.text.split)
                  000081fc    00000064     task.o (.text.task3_run)
                  00008260    00000062     libclang_rt.builtins.a : aeabi_dcmp.S.obj (.text.__aeabi_dcmp)
                  000082c2    00000002     --HOLE-- [fill = 0]
                  000082c4    00000062                            : aeabi_fcmp.S.obj (.text.__aeabi_fcmp)
                  00008326    00000062     libc.a : memset16.S.obj (.text:memset)
                  00008388    00000060     libsysbm.a : hostopen.c.obj (.text.HOSTopen)
                  000083e8    00000060     ti_msp_dl_config.o (.text.SYSCFG_DL_UART_1_init)
                  00008448    00000060     bsp_track.o (.text.Track_ReadMask)
                  000084a8    0000005e     driverlib.a : dl_i2c.o (.text.DL_I2C_fillControllerTXFIFO)
                  00008506    00000002     --HOLE-- [fill = 0]
                  00008508    0000005c     bsp_uart.o (.text.BSP_Uart_ReadByte)
                  00008564    0000005c     car.o (.text.Car_SetPidParam)
                  000085c0    0000005c     bsp_encoder.o (.text.Encoder_TickIrqHandler)
                  0000861c    0000005c     libc.a : s_frexp.c.obj (.text.frexp)
                  00008678    00000058     libsysbm.a : hostread.c.obj (.text.HOSTread)
                  000086d0    00000058                : hostwrite.c.obj (.text.HOSTwrite)
                  00008728    00000058     libc.a : _ltoa.c.obj (.text.__TI_ltoa)
                  00008780    00000058            : _printfi.c.obj (.text._pconv_f)
                  000087d8    00000056     libclang_rt.builtins.a : aeabi_idivmod.S.obj (.text.__aeabi_idivmod)
                  0000882e    00000002     --HOLE-- [fill = 0]
                  00008830    00000054     ti_msp_dl_config.o (.text.SYSCFG_DL_I2C_OLED_init)
                  00008884    00000054     ti_msp_dl_config.o (.text.SYSCFG_DL_init)
                  000088d8    00000052     libc.a : fflush.c.obj (.text.__TI_doflush)
                  0000892a    00000052            : _printfi.c.obj (.text._ecpy)
                  0000897c    00000050     bsp_motor.o (.text.Motor_Init)
                  000089cc    00000050     libsysbm.a : close.c.obj (.text.close)
                  00008a1c    0000004c     driverlib.a : dl_dma.o (.text.DL_DMA_initChannel)
                  00008a68    0000004c     ti_msp_dl_config.o (.text.SYSCFG_DL_SPI_IMU_init)
                  00008ab4    0000004c     ti_msp_dl_config.o (.text.SYSCFG_DL_TIMER_ENCODER_TICK_init)
                  00008b00    0000004c     libc.a : snprintf.c.obj (.text.snprintf)
                  00008b4c    0000004a     pid.o (.text.PID_Init)
                  00008b96    00000002     --HOLE-- [fill = 0]
                  00008b98    0000004a     libclang_rt.builtins.a : fixdfsi.S.obj (.text.__fixdfsi)
                  00008be2    00000002     --HOLE-- [fill = 0]
                  00008be4    00000048     driverlib.a : dl_uart.o (.text.DL_UART_init)
                  00008c2c    00000048     libsysbm.a : hostclose.c.obj (.text.HOSTclose)
                  00008c74    00000048                : hostunlink.c.obj (.text.HOSTunlink)
                  00008cbc    00000044     driverlib.a : dl_spi.o (.text.DL_SPI_init)
                  00008d00    00000044                 : dl_sysctl_mspm0g1x0x_g3x0x.o (.text.DL_SYSCTL_switchMCLKfromSYSOSCtoHSCLK)
                  00008d44    00000040     board_irq.o (.text.GROUP1_IRQHandler)
                  00008d84    00000040     libclang_rt.builtins.a : aeabi_uidivmod.S.obj (.text.__aeabi_uidivmod)
                  00008dc4    00000040                            : extendsfdf2.S.obj (.text.__extendsfdf2)
                  00008e04    00000040     libc.a : atoi.c.obj (.text.atoi)
                  00008e44    0000003c     car.o (.text.Car_GetPidParams)
                  00008e80    0000003c     test.o (.text.Test_UartReceive)
                  00008ebc    0000003c     libclang_rt.builtins.a : floatsisf.S.obj (.text.__floatsisf)
                  00008ef8    0000003c                            : comparesf2.S.obj (.text.__gtsf2)
                  00008f34    0000003c     libc.a : autoinit.c.obj (.text:__TI_auto_init_nobinit_nopinit)
                  00008f70    0000003a     libclang_rt.builtins.a : comparesf2.S.obj (.text.__eqsf2)
                  00008faa    00000002     --HOLE-- [fill = 0]
                  00008fac    0000003a                            : muldsi3.S.obj (.text.__muldsi3)
                  00008fe6    00000002     --HOLE-- [fill = 0]
                  00008fe8    00000038     car.o (.text.Car_Stop)
                  00009020    00000038     ti_msp_dl_config.o (.text.SYSCFG_DL_TIMER_IMU_TICK_init)
                  00009058    00000038     libclang_rt.builtins.a : fixsfsi.S.obj (.text.__fixsfsi)
                  00009090    00000034     libc.a : fopen.c.obj (.text.__TI_cleanup)
                  000090c4    00000034     libsysbm.a : trgmsg.c.obj (.text.__TI_readmsg)
                  000090f8    00000034                : trgmsg.c.obj (.text.__TI_writemsg)
                  0000912c    00000034     libc.a : exit.c.obj (.text.exit)
                  00009160    00000034            : getdevice.c.obj (.text.finddevice)
                  00009194    00000030     car.o (.text.Car_SetTrack)
                  000091c4    00000030     driverlib.a : dl_spi.o (.text.DL_SPI_transmitDataBlocking8)
                  000091f4    00000030     bsp_encoder.o (.text.Encoder_TimeInit)
                  00009224    00000030     ui.o (.text.UI_TaskRunning)
                  00009254    00000030     libc.a : _printfi.c.obj (.text._fcpy)
                  00009284    00000030            : snprintf.c.obj (.text._outs)
                  000092b4    0000002c     libclang_rt.builtins.a : floatsidf.S.obj (.text.__floatsidf)
                  000092e0    0000002c     libsysbm.a : unlink.c.obj (.text.unlink)
                  0000930c    00000028     bsp_uart.o (.text.BSP_Uart1_ReadByteBlocking)
                  00009334    00000028     bsp_encoder.o (.text.Encoder_ReadTotals)
                  0000935c    00000028     ti_msp_dl_config.o (.text.SYSCFG_DL_DMA_UART0Tx_init)
                  00009384    00000028     ti_msp_dl_config.o (.text.SYSCFG_DL_SYSCTL_CLK_init)
                  000093ac    00000028     libclang_rt.builtins.a : floatunsisf.S.obj (.text.__floatunsisf)
                  000093d4    00000028     libc.a : memory.c.obj (.text.free_list_insert)
                  000093fc    00000028     libsysbm.a : lseek.c.obj (.text.lseek)
                  00009424    00000028                : write.c.obj (.text.write)
                  0000944c    00000028     libc.a : boot_cortex_m.c.obj (.text:_c_int00_noargs)
                  00009474    00000026     driverlib.a : dl_i2c.o (.text.DL_I2C_setClockConfig)
                  0000949a    00000002     --HOLE-- [fill = 0]
                  0000949c    00000024     libclang_rt.builtins.a : muldi3.S.obj (.text.__muldi3)
                  000094c0    00000024     libc.a : fputs.c.obj (.text.puts)
                  000094e4    00000022            : memccpy.c.obj (.text.memccpy)
                  00009506    00000002     --HOLE-- [fill = 0]
                  00009508    00000020     car.o (.text.Car_SetTrackDuty)
                  00009528    00000020     driverlib.a : dl_spi.o (.text.DL_SPI_receiveDataBlocking8)
                  00009548    00000020     bsp_key.o (.text.Key_Init)
                  00009568    00000020     libc.a : memcmp.c.obj (.text.memcmp)
                  00009588    0000001e     libclang_rt.builtins.a : ashldi3.S.obj (.text.__ashldi3)
                  000095a6    00000002     --HOLE-- [fill = 0]
                  000095a8    0000001c     car.o (.text.Car_GetStatus)
                  000095c4    0000001c     driverlib.a : dl_sysctl_mspm0g1x0x_g3x0x.o (.text.DL_SYSCTL_configFCC)
                  000095e0    0000001c                 : dl_timer.o (.text.DL_Timer_setCaptCompUpdateMethod)
                  000095fc    0000001c                 : dl_timer.o (.text.DL_Timer_setClockConfig)
                  00009618    0000001c     debug.o (.text.Debug_SetTask1Time)
                  00009634    0000001c     libc.a : memory.c.obj (.text.free_list_remove)
                  00009650    0000001c     task.o (.text.task4_run)
                  0000966c    0000001c     task.o (.text.task5_run)
                  00009688    0000001c     task.o (.text.task6_run)
                  000096a4    0000001a     ui.o (.text.UI_Init)
                  000096be    00000002     --HOLE-- [fill = 0]
                  000096c0    00000018     driverlib.a : dl_timer.o (.text.DL_Timer_setCaptureCompareOutCtl)
                  000096d8    00000018     imu.o (.text.IMU_getYawPitchRoll)
                  000096f0    00000018     ti_msp_dl_config.o (.text.SYSCFG_DL_DMA_UART0Rx_init)
                  00009708    00000018     board_irq.o (.text.TIMG0_IRQHandler)
                  00009720    00000018     ui.o (.text.UI_TaskResult)
                  00009738    00000018     libc.a : snprintf.c.obj (.text._outc)
                  00009750    00000018     task.o (.text.task2_run)
                  00009768    00000014     bsp_encoder.o (.text.Encoder_Read)
                  0000977c    00000014     imu.o (.text.IMU_dataReadyIrqHandler)
                  00009790    00000014     libclang_rt.builtins.a : aeabi_uldivmod.S.obj (.text.__aeabi_uldivmod)
                  000097a4    00000014     libc.a : _printfi.c.obj (.text.strchr)
                  000097b8    00000012     driverlib.a : dl_spi.o (.text.DL_SPI_setClockConfig)
                  000097ca    00000012                 : dl_uart.o (.text.DL_UART_setClockConfig)
                  000097dc    00000012     pid.o (.text.PID_Reset)
                  000097ee    00000012     task.o (.text.task1_run)
                  00009800    00000012     libc.a : copy_decompress_none.c.obj (.text:decompress:none)
                  00009812    00000002     --HOLE-- [fill = 0]
                  00009814    00000010     driverlib.a : dl_timer.o (.text.DL_Timer_setCaptureCompareValue)
                  00009824    00000010     pid.o (.text.PID_CalcTarget)
                  00009834    00000010     board.o (.text.delay_ms)
                  00009844    00000010     libc.a : wcslen.c.obj (.text.wcslen)
                  00009854    00000010            : copy_zero_init.c.obj (.text:decompress:ZI)
                  00009864    0000000e            : memory.c.obj (.text.OUTLINED_FUNCTION_0)
                  00009872    00000002     --HOLE-- [fill = 0]
                  00009874    0000000e     libclang_rt.builtins.a : aeabi_memset.S.obj (.text.__aeabi_memset)
                  00009882    0000000e     libsysbm.a : hostrename.c.obj (.text.strcpy)
                  00009890    0000000e     libc.a : _printfi.c.obj (.text.strlen)
                  0000989e    0000000e     libsysbm.a : hostrename.c.obj (.text.strlen)
                  000098ac    0000000c     ti_msp_dl_config.o (.text.SYSCFG_DL_DMA_init)
                  000098b8    0000000c     libclang_rt.builtins.a : aeabi_memset.S.obj (.text.__aeabi_memclr)
                  000098c4    0000000c     libc.a : memory.c.obj (.text.malloc)
                  000098d0    0000000a     driverlib.a : dl_common.o (.text.DL_Common_delayCycles)
                  000098da    0000000a     libc.a : _printfi.c.obj (.text.OUTLINED_FUNCTION_0)
                  000098e4    00000010     libclang_rt.builtins.a : adddf3.S.obj (.tramp.__aeabi_dsub.1)
                  000098f4    0000000a     libc.a : _printfi.c.obj (.text.OUTLINED_FUNCTION_1)
                  000098fe    00000008            : strtof.c.obj (.text.OUTLINED_FUNCTION_0)
                  00009906    00000008     board_irq.o (.text.UART0_IRQHandler)
                  0000990e    00000002     --HOLE-- [fill = 0]
                  00009910    00000008     libc.a : aeabi_portable.c.obj (.text.__aeabi_errno_addr)
                  00009918    00000008     libclang_rt.builtins.a : aeabi_memcpy.S.obj (.text.__aeabi_memcpy)
                  00009920    00000008     libc.a : fseek.c.obj (.text.fseek)
                  00009928    00000008     libsysbm.a : remove.c.obj (.text.remove)
                  00009930    00000006     libc.a : e_asinf.c.obj (.text.OUTLINED_FUNCTION_0)
                  00009936    00000002     --HOLE-- [fill = 0]
                  00009938    00000010     libclang_rt.builtins.a : mulsf3.S.obj (.tramp.__aeabi_fmul.1)
                  00009948    00000006     libc.a : s_atanf.c.obj (.text.OUTLINED_FUNCTION_0)
                  0000994e    00000002     --HOLE-- [fill = 0]
                  00009950    00000010     libclang_rt.builtins.a : divsf3.S.obj (.tramp.__aeabi_fdiv.1)
                  00009960    00000006     libc.a : exit.c.obj (.text:abort)
                  00009966    00000004     libsysbm.a : hostexit.c.obj (.text.HOSTexit)
                  0000996a    00000004     libc.a : s_atanf.c.obj (.text.OUTLINED_FUNCTION_1)
                  0000996e    00000002     --HOLE-- [fill = 0]
                  00009970    00000010     libclang_rt.builtins.a : addsf3.S.obj (.tramp.__aeabi_fadd.1)
                  00009980    00000004     startup_mspm0g350x_ticlang.o (.text.Reset_Handler)
                  00009984    00000004     libc.a : pre_init.c.obj (.text._system_pre_init)
                  00009988    00000004     board.o (.text.printf)
                  0000998c    00000004     --HOLE-- [fill = 0]

.cinit     0    0000bbf0    00000090     
                  0000bbf0    0000006b     (.cinit..data.load) [load image, compression = lzss]
                  0000bc5b    00000001     --HOLE-- [fill = 0]
                  0000bc5c    0000000c     (__TI_handler_table)
                  0000bc68    00000008     (.cinit..bss.load) [load image, compression = zero_init]
                  0000bc70    00000010     (__TI_cinit_table)

.rodata    0    00009990    00002260     
                  00009990    00000d5c     oled.o (.rodata.asc2_2412)
                  0000a6ec    000005f0     oled.o (.rodata.asc2_1608)
                  0000acdc    00000474     oled.o (.rodata.asc2_1206)
                  0000b150    00000228     oled.o (.rodata.asc2_0806)
                  0000b378    00000220     oled.o (.rodata.Hzk1)
                  0000b598    00000200     oled.o (.rodata.Hzk4)
                  0000b798    00000008     ti_msp_dl_config.o (.rodata.gPWM_MOTORConfig)
                  0000b7a0    00000101     libc.a : aeabi_ctype.S.obj (.rodata:__aeabi_ctype_table_)
                  0000b8a1    00000080     oled.o (.rodata.Hzk3)
                  0000b921    00000048     oled.o (.rodata.Hzk2)
                  0000b969    00000003     ti_msp_dl_config.o (.rodata.gPWM_MOTORClockConfig)
                  0000b96c    00000040     libc.a : strtof.c.obj (.rodata.digits)
                  0000b9ac    00000028     ti_msp_dl_config.o (.rodata.gSYSPLLConfig)
                  0000b9d4    00000021     test.o (.rodata.str1.3157549975698974756.1)
                  0000b9f5    00000003     ti_msp_dl_config.o (.rodata.gTIMER_ENCODER_TICKClockConfig)
                  0000b9f8    00000020     ui.o (.rodata.TASK_NAMES)
                  0000ba18    00000020     libc.a : s_atanf.c.obj (.rodata.cst16)
                  0000ba38    00000018     ti_msp_dl_config.o (.rodata.gDMA_UART0RxConfig)
                  0000ba50    00000018     ti_msp_dl_config.o (.rodata.gDMA_UART0TxConfig)
                  0000ba68    00000018     libc.a : strtof.c.obj (.rodata.powerof10)
                  0000ba80    00000014     ti_msp_dl_config.o (.rodata.gTIMER_ENCODER_TICKTimerConfig)
                  0000ba94    00000014     ti_msp_dl_config.o (.rodata.gTIMER_IMU_TICKTimerConfig)
                  0000baa8    00000011     libc.a : _printfi.c.obj (.rodata.str1.10348868589481759720.1)
                  0000bab9    00000011            : _printfi.c.obj (.rodata.str1.15363888844622738466.1)
                  0000baca    00000011     ui.o (.rodata.str1.5005294172275454783.1)
                  0000badb    0000000e     ui.o (.rodata.str1.14496071923412508607.1)
                  0000bae9    0000000c     ui.o (.rodata.str1.11219833210725482641.1)
                  0000baf5    0000000c     ui.o (.rodata.str1.13859983818639867517.1)
                  0000bb01    0000000c     ui.o (.rodata.str1.15637176569795571027.1)
                  0000bb0d    0000000c     ui.o (.rodata.str1.16967780072679918227.1)
                  0000bb19    0000000c     ui.o (.rodata.str1.18238964237711364483.1)
                  0000bb25    0000000c     ui.o (.rodata.str1.18422242010780415091.1)
                  0000bb31    0000000c     ui.o (.rodata.str1.923739138066134375.1)
                  0000bb3d    0000000b     ui.o (.rodata.str1.12487468500324041522.1)
                  0000bb48    0000000b     main.o (.rodata.str1.15159059442110792349.1)
                  0000bb53    0000000b     test.o (.rodata.str1.2354853713941228107.1)
                  0000bb5e    0000000b     ui.o (.rodata.str1.5166644178498611065.1)
                  0000bb69    0000000b     ui.o (.rodata.str1.5190044239938996863.1)
                  0000bb74    0000000b     ui.o (.rodata.str1.5357682084177623765.1)
                  0000bb7f    00000001     --HOLE-- [fill = 0]
                  0000bb80    0000000a     ti_msp_dl_config.o (.rodata.gSPI_IMU_config)
                  0000bb8a    0000000a     ti_msp_dl_config.o (.rodata.gUART_0Config)
                  0000bb94    0000000a     ti_msp_dl_config.o (.rodata.gUART_1Config)
                  0000bb9e    00000008     ui.o (.rodata.str1.10745562561331740724.1)
                  0000bba6    00000008     ui.o (.rodata.str1.843315077082427632.1)
                  0000bbae    00000007     ui.o (.rodata.str1.10600115653396666080.1)
                  0000bbb5    00000007     ui.o (.rodata.str1.10911223399804757918.1)
                  0000bbbc    00000006     main.o (.rodata.str1.8154729771448623357.1)
                  0000bbc2    00000005     ui.o (.rodata.str1.139466789850114298.1)
                  0000bbc7    00000005     ui.o (.rodata.str1.7230052092798834353.1)
                  0000bbcc    00000005     debug.o (.rodata.str1.8474684609722729998.1)
                  0000bbd1    00000005     test.o (.rodata.str1.8561413997158259161.1)
                  0000bbd6    00000003     ti_msp_dl_config.o (.rodata.gTIMER_IMU_TICKClockConfig)
                  0000bbd9    00000003     ui.o (.rodata.str1.17031883247104657135.1)
                  0000bbdc    00000002     ti_msp_dl_config.o (.rodata.gI2C_OLEDClockConfig)
                  0000bbde    00000002     ti_msp_dl_config.o (.rodata.gSPI_IMU_clockConfig)
                  0000bbe0    00000002     ti_msp_dl_config.o (.rodata.gUART_0ClockConfig)
                  0000bbe2    00000002     ti_msp_dl_config.o (.rodata.gUART_1ClockConfig)
                  0000bbe4    00000002     libc.a : fputs.c.obj (.rodata.str1.16607721268415185390.1)
                  0000bbe6    0000000a     --HOLE-- [fill = 0]

.init_array 
*          0    00000000    00000000     UNINITIALIZED

.binit     0    00000000    00000000     

.bss       0    20200000    000015c9     UNINITIALIZED
                  20200000    00000960     imu.o (.bss.gyro_hist)
                  20200960    00000480     (.common:OLED_GRAM)
                  20200de0    00000200     bsp_uart.o (.bss.tx_buf)
                  20200fe0    00000120     libsysbm.a : trgmsg.c.obj (.bss:_CIOBUF_)
                  20201100    00000100     bsp_uart.o (.bss.rx_buf)
                  20201200    000000bc     (.common:gPWM_MOTORBackup)
                  202012bc    000000bc     (.common:gTIMER_IMU_TICKBackup)
                  20201378    000000a0     libc.a : defs.c.obj (.bss.__TI_tmpnams)
                  20201418    00000090     car.o (.bss.car)
                  202014a8    00000028     (.common:gSPI_IMUBackup)
                  202014d0    00000018     debug.o (.bss.cmd_buf)
                  202014e8    00000018     imu.o (.bss.gyro_sqr_sum)
                  20201500    00000018     imu.o (.bss.gyro_sum)
                  20201518    0000000c     imu.o (.bss.gyro_offset)
                  20201524    0000000c     imu.o (.bss.ypr)
                  20201530    0000000c     (.common:accval)
                  2020153c    0000000c     (.common:gyroval)
                  20201548    0000000c     (.common:north)
                  20201554    0000000c     (.common:west)
                  20201560    00000008     bsp_encoder.o (.bss.count)
                  20201568    00000008     libsysbm.a : hostopen.c.obj (.bss.parmbuf)
                  20201570    00000008     bsp_encoder.o (.bss.pulse)
                  20201578    00000008     bsp_encoder.o (.bss.total)
                  20201580    00000004     imu.o (.bss.exInt)
                  20201584    00000004     imu.o (.bss.eyInt)
                  20201588    00000004     imu.o (.bss.ezInt)
                  2020158c    00000004     imu.o (.bss.lastUpdate)
                  20201590    00000004     imu.o (.bss.now)
                  20201594    00000004     imu.o (.bss.q0)
                  20201598    00000004     imu.o (.bss.q1)
                  2020159c    00000004     imu.o (.bss.q2)
                  202015a0    00000004     imu.o (.bss.q3)
                  202015a4    00000004     bsp_uart.o (.bss.rx_done)
                  202015a8    00000004     bsp_uart.o (.bss.rx_read)
                  202015ac    00000004     libc.a : memory.c.obj (.bss.sys_free)
                  202015b0    00000004     debug.o (.bss.task1_time_s)
                  202015b4    00000004     bsp_encoder.o (.bss.time_ms)
                  202015b8    00000002     imu.o (.bss.gyro_idx)
                  202015ba    00000002     bsp_uart.o (.bss.tx_dma_len)
                  202015bc    00000002     bsp_uart.o (.bss.tx_head)
                  202015be    00000002     bsp_uart.o (.bss.tx_tail)
                  202015c0    00000001     debug.o (.bss.cmd_drop)
                  202015c1    00000001     debug.o (.bss.cmd_len)
                  202015c2    00000001     debug.o (.bss.cmd_status)
                  202015c3    00000001     imu.o (.bss.gyro_win_ready)
                  202015c4    00000001     imu.o (.bss.imu_ready)
                  202015c5    00000001     task.o (.bss.task_debug_tick.cnt)
                  202015c6    00000001     bsp_encoder.o (.bss.time_on)
                  202015c7    00000001     bsp_uart.o (.bss.tx_busy)
                  202015c8    00000001     (.common:encoder_tick)

.sysmem    0    202015d0    00000800     UNINITIALIZED
                  202015d0    00000010     libc.a : memory.c.obj (.sysmem)
                  202015e0    000007f0     --HOLE--

.data      0    20201dd0    00000201     UNINITIALIZED
                  20201dd0    000000f0     libc.a : defs.c.obj (.data._ftable)
                  20201ec0    00000078     libsysbm.a : host_device.c.obj (.data._device)
                  20201f38    00000050                : host_device.c.obj (.data._stream)
                  20201f88    00000014     imu.o (.data.yaw)
                  20201f9c    00000008     libc.a : exit.c.obj (.data..L_MergedGlobals)
                  20201fa4    00000004     bsp_icm42688.o (.data.Acc_Sensitivity)
                  20201fa8    00000004     bsp_icm42688.o (.data.Gyro_Sensitivity)
                  20201fac    00000004     libc.a : defs.c.obj (.data.__TI_ft_end)
                  20201fb0    00000004            : aeabi_portable.c.obj (.data.__aeabi_errno)
                  20201fb4    00000004            : _lock.c.obj (.data._lock)
                  20201fb8    00000004            : _lock.c.obj (.data._unlock)
                  20201fbc    00000004     bsp_key.o (.data.debug_key1_raw)
                  20201fc0    00000004     bsp_key.o (.data.debug_key2_raw)
                  20201fc4    00000004     bsp_key.o (.data.debug_key3_raw)
                  20201fc8    00000004     imu.o (.data.nowtime)
                  20201fcc    00000002     bsp_motor.o (.data.motor_dir)
                  20201fce    00000001     ui.o (.data.UI_TaskGateTimer.last_state)
                  20201fcf    00000001     ui.o (.data.run_task)
                  20201fd0    00000001     libc.a : memory.c.obj (.data.memory_is_initialized)

.stack     0    20207e00    00000200     UNINITIALIZED
                  20207e00    00000004     libc.a : boot_cortex_m.c.obj (.stack)
                  20207e04    000001fc     --HOLE--

__llvm_prf_cnts 
*          0    20200000    00000000     UNINITIALIZED

__llvm_prf_bits 
*          0    20200000    00000000     UNINITIALIZED

MODULE SUMMARY

       Module                         code    ro data   rw data
       ------                         ----    -------   -------
    .\
       ti_msp_dl_config.o             2244    183       416    
       startup_mspm0g350x_ticlang.o   6       192       0      
       main.o                         120     17        0      
    +--+------------------------------+-------+---------+---------+
       Total:                         2370    392       416    
                                                               
    .\APP\src\
       imu.o                          3088    0         2584   
       ui.o                           1750    234       2      
       car.o                          1732    0         144    
       debug.o                        648     5         31     
       task.o                         666     0         1      
       pid.o                          360     0         0      
       test.o                         256     49        0      
    +--+------------------------------+-------+---------+---------+
       Total:                         8500    288       2762   
                                                               
    .\BSP\src\
       oled.o                         9932    7888      1152   
       bsp_uart.o                     980     0         783    
       bsp_encoder.o                  436     0         30     
       bsp_icm42688.o                 420     0         8      
       bsp_motor.o                    384     0         2      
       bsp_key.o                      156     0         12     
       bsp_track.o                    96      0         0      
    +--+------------------------------+-------+---------+---------+
       Total:                         12404   7888      1987   
                                                               
    .\Board\
       board_irq.o                    96      0         0      
       board.o                        20      0         0      
    +--+------------------------------+-------+---------+---------+
       Total:                         116     0         0      
                                                               
    D:/TI/mspm0_sdk_2_10_00_04/source/ti/driverlib/lib/ticlang/m0p/mspm0g1x0x_g3x0x/driverlib.a
       dl_timer.o                     608     0         0      
       dl_sysctl_mspm0g1x0x_g3x0x.o   416     0         0      
       dl_spi.o                       166     0         0      
       dl_i2c.o                       132     0         0      
       dl_uart.o                      90      0         0      
       dl_dma.o                       76      0         0      
       dl_common.o                    10      0         0      
    +--+------------------------------+-------+---------+---------+
       Total:                         1498    0         0      
                                                               
    D:\TI\ccs\tools\compiler\ti-cgt-armllvm_4.0.4.LTS\lib\armv6m-ti-none-eabi/c/libc.a
       _printfi.c.obj                 4510    34        0      
       strtof.c.obj                   872     88        0      
       memory.c.obj                   702     0         5      
       s_atanf.c.obj                  466     32        0      
       defs.c.obj                     0       0         404    
       e_sqrt.c.obj                   368     0         0      
       e_asinf.c.obj                  358     0         0      
       fputs.c.obj                    284     2         0      
       e_atan2f.c.obj                 280     0         0      
       aeabi_ctype.S.obj              0       257       0      
       setvbuf.c.obj                  224     0         0      
       s_scalbn.c.obj                 216     0         0      
       s_scalbnf.c.obj                176     0         0      
       getdevice.c.obj                160     0         0      
       memcpy16.S.obj                 154     0         0      
       snprintf.c.obj                 148     0         0      
       strcmp-armv6m.S.obj            136     0         0      
       copy_decompress_lzss.c.obj     124     0         0      
       fclose.c.obj                   124     0         0      
       fseek.c.obj                    116     0         0      
       _io_perm.c.obj                 100     0         0      
       memset16.S.obj                 98      0         0      
       s_frexp.c.obj                  92      0         0      
       _ltoa.c.obj                    88      0         0      
       fflush.c.obj                   82      0         0      
       exit.c.obj                     58      0         8      
       atoi.c.obj                     64      0         0      
       autoinit.c.obj                 60      0         0      
       fopen.c.obj                    52      0         0      
       boot_cortex_m.c.obj            40      0         0      
       memccpy.c.obj                  34      0         0      
       memcmp.c.obj                   32      0         0      
       copy_decompress_none.c.obj     18      0         0      
       copy_zero_init.c.obj           16      0         0      
       wcslen.c.obj                   16      0         0      
       aeabi_portable.c.obj           8       0         4      
       _lock.c.obj                    2       0         8      
       pre_init.c.obj                 4       0         0      
    +--+------------------------------+-------+---------+---------+
       Total:                         10282   413       429    
                                                               
    D:\TI\ccs\tools\compiler\ti-cgt-armllvm_4.0.4.LTS\lib\armv6m-ti-none-eabi/c/libsysbm.a
       trgmsg.c.obj                   104     0         288    
       host_device.c.obj              0       0         200    
       hostrename.c.obj               136     0         0      
       hostlseek.c.obj                108     0         0      
       hostopen.c.obj                 96      0         8      
       hostread.c.obj                 88      0         0      
       hostwrite.c.obj                88      0         0      
       close.c.obj                    80      0         0      
       hostclose.c.obj                72      0         0      
       hostunlink.c.obj               72      0         0      
       unlink.c.obj                   44      0         0      
       lseek.c.obj                    40      0         0      
       write.c.obj                    40      0         0      
       remove.c.obj                   8       0         0      
       hostexit.c.obj                 4       0         0      
    +--+------------------------------+-------+---------+---------+
       Total:                         980     0         496    
                                                               
    D:\TI\ccs\tools\compiler\ti-cgt-armllvm_4.0.4.LTS\lib\armv6m-ti-none-eabi/libclang_rt.builtins.a
       adddf3.S.obj                   418     0         0      
       divdf3.S.obj                   268     0         0      
       addsf3.S.obj                   232     0         0      
       muldf3.S.obj                   228     0         0      
       comparedf2.c.obj               220     0         0      
       udivmoddi4.S.obj               162     0         0      
       mulsf3.S.obj                   156     0         0      
       divsf3.S.obj                   146     0         0      
       comparesf2.S.obj               118     0         0      
       truncdfsf2.S.obj               116     0         0      
       aeabi_dcmp.S.obj               98      0         0      
       aeabi_fcmp.S.obj               98      0         0      
       aeabi_idivmod.S.obj            86      0         0      
       fixdfsi.S.obj                  74      0         0      
       aeabi_uidivmod.S.obj           64      0         0      
       extendsfdf2.S.obj              64      0         0      
       floatsisf.S.obj                60      0         0      
       muldsi3.S.obj                  58      0         0      
       fixsfsi.S.obj                  56      0         0      
       floatsidf.S.obj                44      0         0      
       floatunsisf.S.obj              40      0         0      
       muldi3.S.obj                   36      0         0      
       ashldi3.S.obj                  30      0         0      
       aeabi_memset.S.obj             26      0         0      
       aeabi_uldivmod.S.obj           20      0         0      
       aeabi_memcpy.S.obj             8       0         0      
       aeabi_div0.c.obj               4       0         0      
    +--+------------------------------+-------+---------+---------+
       Total:                         2930    0         0      
                                                               
       Heap:                          0       0         2048   
       Stack:                         0       0         512    
       Linker Generated:              0       143       0      
    +--+------------------------------+-------+---------+---------+
       Grand Total:                   39080   9124      8650   


LINKER GENERATED COPY TABLES

__TI_cinit_table @ 0000bc70 records: 2, size/record: 8, table size: 16
	.data: load addr=0000bbf0, load size=0000006b bytes, run addr=20201dd0, run size=00000201 bytes, compression=lzss
	.bss: load addr=0000bc68, load size=00000008 bytes, run addr=20200000, run size=000015c9 bytes, compression=zero_init


LINKER GENERATED HANDLER TABLE

__TI_handler_table @ 0000bc5c records: 3, size/record: 4, table size: 12
	index: 0, handler: __TI_decompress_lzss
	index: 1, handler: __TI_decompress_none
	index: 2, handler: __TI_zero_init


FAR CALL TRAMPOLINES

callee name               trampoline name
   callee addr  tramp addr   call addr  call info
--------------  -----------  ---------  ----------------
__aeabi_dsub              $Tramp$TT$L$PI$$__aeabi_dsub
   0000573d     000098e4     000098e2   libc.a : _printfi.c.obj (.text.OUTLINED_FUNCTION_0)
__aeabi_fmul              $Tramp$TT$L$PI$$__aeabi_fmul
   00007789     00009938     00009934   libc.a : e_asinf.c.obj (.text.OUTLINED_FUNCTION_0)
__aeabi_fdiv              $Tramp$TT$L$PI$$__aeabi_fdiv
   0000792d     00009950     0000994c   libc.a : s_atanf.c.obj (.text.OUTLINED_FUNCTION_0)
__aeabi_fadd              $Tramp$TT$L$PI$$__aeabi_fadd
   00006e0b     00009970     0000996c   libc.a : s_atanf.c.obj (.text.OUTLINED_FUNCTION_1)

[4 trampolines]
[4 trampoline calls]


GLOBAL SYMBOLS: SORTED ALPHABETICALLY BY Name 

address   name                                 
-------   ----                                 
000058cf  ADC0_IRQHandler                      
000058cf  ADC1_IRQHandler                      
000058cf  AES_IRQHandler                       
0000930d  BSP_Uart1_ReadByteBlocking           
00006ed9  BSP_Uart_IRQHandler                  
00006b71  BSP_Uart_Init                        
00008509  BSP_Uart_ReadByte                    
0000559d  BSP_Uart_Write                       
00009966  C$$EXIT                              
00009125  C$$IO$$                              
000058cf  CANFD0_IRQHandler                    
00008e45  Car_GetPidParams                     
000095a9  Car_GetStatus                        
00007201  Car_Init                             
00008565  Car_SetPidParam                      
00009195  Car_SetTrack                         
00009509  Car_SetTrackDuty                     
00008fe9  Car_Stop                             
000033d5  Car_Update                           
000058cf  DAC0_IRQHandler                      
000098d1  DL_Common_delayCycles                
00008a1d  DL_DMA_initChannel                   
000084a9  DL_I2C_fillControllerTXFIFO          
00009475  DL_I2C_setClockConfig                
00008cbd  DL_SPI_init                          
00009529  DL_SPI_receiveDataBlocking8          
000097b9  DL_SPI_setClockConfig                
000091c5  DL_SPI_transmitDataBlocking8         
000095c5  DL_SYSCTL_configFCC                  
00006c4d  DL_SYSCTL_configSYSPLL               
0000806d  DL_SYSCTL_setHFCLKSourceHFXTParams   
00008d01  DL_SYSCTL_switchMCLKfromSYSOSCtoHSCLK
000064d1  DL_Timer_initFourCCPWMMode           
000065d5  DL_Timer_initTimerMode               
000095e1  DL_Timer_setCaptCompUpdateMethod     
000096c1  DL_Timer_setCaptureCompareOutCtl     
00009815  DL_Timer_setCaptureCompareValue      
000095fd  DL_Timer_setClockConfig              
00008be5  DL_UART_init                         
000097cb  DL_UART_setClockConfig               
000058cf  DMA_IRQHandler                       
00004cf1  Debug_CommandPoll                    
000074ad  Debug_Output                         
00009619  Debug_SetTask1Time                   
000058cf  Default_Handler                      
00007815  Encoder_GetMs                        
00007ba1  Encoder_GpioIrqHandler               
00007f35  Encoder_Init                         
00009769  Encoder_Read                         
00009335  Encoder_ReadTotals                   
000085c1  Encoder_TickIrqHandler               
000091f5  Encoder_TimeInit                     
000058cf  GROUP0_IRQHandler                    
00008d45  GROUP1_IRQHandler                    
00008c2d  HOSTclose                            
00009967  HOSTexit                             
00007d85  HOSTlseek                            
00008389  HOSTopen                             
00008679  HOSTread                             
00007df1  HOSTrename                           
00008c75  HOSTunlink                           
000086d1  HOSTwrite                            
000058cf  HardFault_Handler                    
0000b378  Hzk1                                 
0000b921  Hzk2                                 
0000b8a1  Hzk3                                 
0000b598  Hzk4                                 
000058cf  I2C0_IRQHandler                      
000058cf  I2C1_IRQHandler                      
0000977d  IMU_dataReadyIrqHandler              
000096d9  IMU_getYawPitchRoll                  
0000138d  IMU_sample                           
00009549  Key_Init                             
000079b1  Key_Scan                             
000080d1  Motor_Brake                          
0000897d  Motor_Init                           
00006fad  Motor_SetDuty                        
000058cf  NMI_Handler                          
00001f71  OLED_Clear                           
000075e5  OLED_ColorTurn                       
000063c9  OLED_DisplayTurn                     
20200960  OLED_GRAM                            
000000c1  OLED_Init                            
00007d05  OLED_Refresh                         
000046b9  OLED_RefreshPages                    
00004449  OLED_ShowChar                        
000041b5  OLED_ShowChinese                     
00007671  OLED_ShowString                      
000066d1  PID_Calc                             
00009825  PID_CalcTarget                       
00008b4d  PID_Init                             
000097dd  PID_Reset                            
000058cf  PendSV_Handler                       
000058cf  RTC_IRQHandler                       
00009981  Reset_Handler                        
000058cf  SPI0_IRQHandler                      
000058cf  SPI1_IRQHandler                      
000058cf  SVC_Handler                          
000096f1  SYSCFG_DL_DMA_UART0Rx_init           
0000935d  SYSCFG_DL_DMA_UART0Tx_init           
000098ad  SYSCFG_DL_DMA_init                   
00005ba1  SYSCFG_DL_GPIO_init                  
00008831  SYSCFG_DL_I2C_OLED_init              
000076fd  SYSCFG_DL_PWM_MOTOR_init             
00008a69  SYSCFG_DL_SPI_IMU_init               
00009385  SYSCFG_DL_SYSCTL_CLK_init            
00003f0d  SYSCFG_DL_SYSCTL_SYSPLL_init         
00007079  SYSCFG_DL_SYSCTL_init                
00008ab5  SYSCFG_DL_TIMER_ENCODER_TICK_init    
00009021  SYSCFG_DL_TIMER_IMU_TICK_init        
00007361  SYSCFG_DL_UART_0_init                
000083e9  SYSCFG_DL_UART_1_init                
00008885  SYSCFG_DL_init                       
00007a2d  SYSCFG_DL_initPower                  
000058cf  SysTick_Handler                      
000058cf  TIMA0_IRQHandler                     
000058cf  TIMA1_IRQHandler                     
00009709  TIMG0_IRQHandler                     
000058cf  TIMG12_IRQHandler                    
000058cf  TIMG6_IRQHandler                     
000058cf  TIMG7_IRQHandler                     
000058cf  TIMG8_IRQHandler                     
0000713d  Test_Track                           
00008e81  Test_UartReceive                     
00008449  Track_ReadMask                       
00009907  UART0_IRQHandler                     
000058cf  UART1_IRQHandler                     
000058cf  UART2_IRQHandler                     
000058cf  UART3_IRQHandler                     
000096a5  UI_Init                              
00003c0d  UI_Process                           
000078a9  UI_Task1VideoTest                    
00005089  UI_TaskGateTimer                     
00009721  UI_TaskResult                        
00009225  UI_TaskRunning                       
20200fe0  _CIOBUF_                             
20200fe0  __CIOBUF_                            
20208000  __STACK_END                          
00000200  __STACK_SIZE                         
00000800  __SYSMEM_SIZE                        
00000000  __TI_ATRegion0_region_sz             
00000000  __TI_ATRegion0_src_addr              
00000000  __TI_ATRegion0_trg_addr              
00000000  __TI_ATRegion1_region_sz             
00000000  __TI_ATRegion1_src_addr              
00000000  __TI_ATRegion1_trg_addr              
00000000  __TI_ATRegion2_region_sz             
00000000  __TI_ATRegion2_src_addr              
00000000  __TI_ATRegion2_trg_addr              
0000bc70  __TI_CINIT_Base                      
0000bc80  __TI_CINIT_Limit                     
0000bc80  __TI_CINIT_Warm                      
0000bc5c  __TI_Handler_Table_Base              
0000bc68  __TI_Handler_Table_Limit             
00008f35  __TI_auto_init_nobinit_nopinit       
00009091  __TI_cleanup                         
20201f9c  __TI_cleanup_ptr                     
00007aa9  __TI_closefile                       
00007b25  __TI_decompress_lzss                 
00009801  __TI_decompress_none                 
000088d9  __TI_doflush                         
20201fa0  __TI_dtors_ptr                       
20201fac  __TI_ft_end                          
00008729  __TI_ltoa                            
ffffffff  __TI_pprof_out_hndl                  
00002a05  __TI_printfi                         
ffffffff  __TI_prof_data_size                  
ffffffff  __TI_prof_data_start                 
000090c5  __TI_readmsg                         
00000000  __TI_static_base__                   
20201378  __TI_tmpnams                         
000090f9  __TI_writemsg                        
00008135  __TI_wrt_ok                          
00009855  __TI_zero_init                       
00005747  __adddf3                             
00006e0b  __addsf3                             
0000b7a0  __aeabi_ctype_table_                 
0000b7a0  __aeabi_ctype_table_C                
00007d11  __aeabi_d2f                          
00008b99  __aeabi_d2iz                         
00005747  __aeabi_dadd                         
00008261  __aeabi_dcmpeq                       
0000829d  __aeabi_dcmpge                       
000082b1  __aeabi_dcmpgt                       
00008289  __aeabi_dcmple                       
00008275  __aeabi_dcmplt                       
000062bd  __aeabi_ddiv                         
000069ad  __aeabi_dmul                         
0000573d  __aeabi_dsub                         
20201fb0  __aeabi_errno                        
00009911  __aeabi_errno_addr                   
00008dc5  __aeabi_f2d                          
00009059  __aeabi_f2iz                         
00006e0b  __aeabi_fadd                         
000082c5  __aeabi_fcmpeq                       
00008301  __aeabi_fcmpge                       
00008315  __aeabi_fcmpgt                       
000082ed  __aeabi_fcmple                       
000082d9  __aeabi_fcmplt                       
0000792d  __aeabi_fdiv                         
00007789  __aeabi_fmul                         
00006e01  __aeabi_fsub                         
000092b5  __aeabi_i2d                          
00008ebd  __aeabi_i2f                          
000087d9  __aeabi_idiv                         
000074ab  __aeabi_idiv0                        
000087d9  __aeabi_idivmod                      
000075e3  __aeabi_ldiv0                        
00009589  __aeabi_llsl                         
0000949d  __aeabi_lmul                         
000098b9  __aeabi_memclr                       
000098b9  __aeabi_memclr4                      
000098b9  __aeabi_memclr8                      
00009919  __aeabi_memcpy                       
00009919  __aeabi_memcpy4                      
00009919  __aeabi_memcpy8                      
00009875  __aeabi_memset                       
00009875  __aeabi_memset4                      
00009875  __aeabi_memset8                      
000093ad  __aeabi_ui2f                         
00008d85  __aeabi_uidiv                        
00008d85  __aeabi_uidivmod                     
00009791  __aeabi_uldivmod                     
00009589  __ashldi3                            
ffffffff  __binit__                            
00007f9d  __cmpdf2                             
00008f71  __cmpsf2                             
000062bd  __divdf3                             
0000792d  __divsf3                             
00007f9d  __eqdf2                              
00008f71  __eqsf2                              
00008dc5  __extendsfdf2                        
00008b99  __fixdfsi                            
00009059  __fixsfsi                            
000092b5  __floatsidf                          
00008ebd  __floatsisf                          
000093ad  __floatunsisf                        
00007c91  __gedf2                              
00008ef9  __gesf2                              
00007c91  __gtdf2                              
00008ef9  __gtsf2                              
00007f9d  __ledf2                              
00008f71  __lesf2                              
00007f9d  __ltdf2                              
00008f71  __ltsf2                              
UNDEFED   __mpu_init                           
000069ad  __muldf3                             
0000949d  __muldi3                             
00008fad  __muldsi3                            
00007789  __mulsf3                             
00007f9d  __nedf2                              
00008f71  __nesf2                              
20207e00  __stack                              
20200000  __start___llvm_prf_bits              
20200000  __start___llvm_prf_cnts              
20200000  __stop___llvm_prf_bits               
20200000  __stop___llvm_prf_cnts               
0000573d  __subdf3                             
00006e01  __subsf3                             
00007d11  __truncdfsf2                         
00007409  __udivmoddi4                         
0000944d  _c_int00_noargs                      
20201ec0  _device                              
20201dd0  _ftable                              
20201fb4  _lock                                
000079af  _nop                                 
20201f38  _stream                              
202015d0  _sys_memory                          
UNDEFED   _system_post_cinit                   
00009985  _system_pre_init                     
20201fb8  _unlock                              
00009961  abort                                
20201530  accval                               
000061a9  aligned_alloc                        
0000b150  asc2_0806                            
0000acdc  asc2_1206                            
0000a6ec  asc2_1608                            
00009990  asc2_2412                            
00005a41  asinf                                
00006091  atan2f                               
00004ec1  atanf                                
00008e05  atoi                                 
ffffffff  binit                                
000053f9  bsp_IcmGetRawData                    
000089cd  close                                
20201fbc  debug_key1_raw                       
20201fc0  debug_key2_raw                       
20201fc4  debug_key3_raw                       
00009835  delay_ms                             
202015c8  encoder_tick                         
0000912d  exit                                 
00009161  finddevice                           
000067cd  fputs                                
000068c5  free                                 
0000861d  frexp                                
0000861d  frexpl                               
00009921  fseek                                
00007e5d  fseeko                               
20201200  gPWM_MOTORBackup                     
202014a8  gSPI_IMUBackup                       
202012bc  gTIMER_IMU_TICKBackup                
00007ec9  getdevice                            
2020153c  gyroval                              
00000000  interruptVectors                     
00006d29  ldexp                                
000072b1  ldexpf                               
00006d29  ldexpl                               
000093fd  lseek                                
00007c19  main                                 
000098c5  malloc                               
000061a9  memalign                             
000094e5  memccpy                              
00009569  memcmp                               
00007549  memcpy                               
00008327  memset                               
20201548  north                                
20201fc8  nowtime                              
20201568  parmbuf                              
00009989  printf                               
000094c1  puts                                 
00009929  remove                               
00006d29  scalbn                               
000072b1  scalbnf                              
00006d29  scalbnl                              
00006a91  setvbuf                              
00008b01  snprintf                             
000058d1  sqrt                                 
000058d1  sqrtl                                
00007821  strcmp                               
000038ad  strtof                               
000097ef  task1_run                            
00009751  task2_run                            
000081fd  task3_run                            
00009651  task4_run                            
0000966d  task5_run                            
00009689  task6_run                            
000092e1  unlink                               
00009845  wcslen                               
20201554  west                                 
00009425  write                                
20201f88  yaw                                  


GLOBAL SYMBOLS: SORTED BY Symbol Address 

address   name                                 
-------   ----                                 
00000000  __TI_ATRegion0_region_sz             
00000000  __TI_ATRegion0_src_addr              
00000000  __TI_ATRegion0_trg_addr              
00000000  __TI_ATRegion1_region_sz             
00000000  __TI_ATRegion1_src_addr              
00000000  __TI_ATRegion1_trg_addr              
00000000  __TI_ATRegion2_region_sz             
00000000  __TI_ATRegion2_src_addr              
00000000  __TI_ATRegion2_trg_addr              
00000000  __TI_static_base__                   
00000000  interruptVectors                     
000000c1  OLED_Init                            
00000200  __STACK_SIZE                         
00000800  __SYSMEM_SIZE                        
0000138d  IMU_sample                           
00001f71  OLED_Clear                           
00002a05  __TI_printfi                         
000033d5  Car_Update                           
000038ad  strtof                               
00003c0d  UI_Process                           
00003f0d  SYSCFG_DL_SYSCTL_SYSPLL_init         
000041b5  OLED_ShowChinese                     
00004449  OLED_ShowChar                        
000046b9  OLED_RefreshPages                    
00004cf1  Debug_CommandPoll                    
00004ec1  atanf                                
00005089  UI_TaskGateTimer                     
000053f9  bsp_IcmGetRawData                    
0000559d  BSP_Uart_Write                       
0000573d  __aeabi_dsub                         
0000573d  __subdf3                             
00005747  __adddf3                             
00005747  __aeabi_dadd                         
000058cf  ADC0_IRQHandler                      
000058cf  ADC1_IRQHandler                      
000058cf  AES_IRQHandler                       
000058cf  CANFD0_IRQHandler                    
000058cf  DAC0_IRQHandler                      
000058cf  DMA_IRQHandler                       
000058cf  Default_Handler                      
000058cf  GROUP0_IRQHandler                    
000058cf  HardFault_Handler                    
000058cf  I2C0_IRQHandler                      
000058cf  I2C1_IRQHandler                      
000058cf  NMI_Handler                          
000058cf  PendSV_Handler                       
000058cf  RTC_IRQHandler                       
000058cf  SPI0_IRQHandler                      
000058cf  SPI1_IRQHandler                      
000058cf  SVC_Handler                          
000058cf  SysTick_Handler                      
000058cf  TIMA0_IRQHandler                     
000058cf  TIMA1_IRQHandler                     
000058cf  TIMG12_IRQHandler                    
000058cf  TIMG6_IRQHandler                     
000058cf  TIMG7_IRQHandler                     
000058cf  TIMG8_IRQHandler                     
000058cf  UART1_IRQHandler                     
000058cf  UART2_IRQHandler                     
000058cf  UART3_IRQHandler                     
000058d1  sqrt                                 
000058d1  sqrtl                                
00005a41  asinf                                
00005ba1  SYSCFG_DL_GPIO_init                  
00006091  atan2f                               
000061a9  aligned_alloc                        
000061a9  memalign                             
000062bd  __aeabi_ddiv                         
000062bd  __divdf3                             
000063c9  OLED_DisplayTurn                     
000064d1  DL_Timer_initFourCCPWMMode           
000065d5  DL_Timer_initTimerMode               
000066d1  PID_Calc                             
000067cd  fputs                                
000068c5  free                                 
000069ad  __aeabi_dmul                         
000069ad  __muldf3                             
00006a91  setvbuf                              
00006b71  BSP_Uart_Init                        
00006c4d  DL_SYSCTL_configSYSPLL               
00006d29  ldexp                                
00006d29  ldexpl                               
00006d29  scalbn                               
00006d29  scalbnl                              
00006e01  __aeabi_fsub                         
00006e01  __subsf3                             
00006e0b  __addsf3                             
00006e0b  __aeabi_fadd                         
00006ed9  BSP_Uart_IRQHandler                  
00006fad  Motor_SetDuty                        
00007079  SYSCFG_DL_SYSCTL_init                
0000713d  Test_Track                           
00007201  Car_Init                             
000072b1  ldexpf                               
000072b1  scalbnf                              
00007361  SYSCFG_DL_UART_0_init                
00007409  __udivmoddi4                         
000074ab  __aeabi_idiv0                        
000074ad  Debug_Output                         
00007549  memcpy                               
000075e3  __aeabi_ldiv0                        
000075e5  OLED_ColorTurn                       
00007671  OLED_ShowString                      
000076fd  SYSCFG_DL_PWM_MOTOR_init             
00007789  __aeabi_fmul                         
00007789  __mulsf3                             
00007815  Encoder_GetMs                        
00007821  strcmp                               
000078a9  UI_Task1VideoTest                    
0000792d  __aeabi_fdiv                         
0000792d  __divsf3                             
000079af  _nop                                 
000079b1  Key_Scan                             
00007a2d  SYSCFG_DL_initPower                  
00007aa9  __TI_closefile                       
00007b25  __TI_decompress_lzss                 
00007ba1  Encoder_GpioIrqHandler               
00007c19  main                                 
00007c91  __gedf2                              
00007c91  __gtdf2                              
00007d05  OLED_Refresh                         
00007d11  __aeabi_d2f                          
00007d11  __truncdfsf2                         
00007d85  HOSTlseek                            
00007df1  HOSTrename                           
00007e5d  fseeko                               
00007ec9  getdevice                            
00007f35  Encoder_Init                         
00007f9d  __cmpdf2                             
00007f9d  __eqdf2                              
00007f9d  __ledf2                              
00007f9d  __ltdf2                              
00007f9d  __nedf2                              
0000806d  DL_SYSCTL_setHFCLKSourceHFXTParams   
000080d1  Motor_Brake                          
00008135  __TI_wrt_ok                          
000081fd  task3_run                            
00008261  __aeabi_dcmpeq                       
00008275  __aeabi_dcmplt                       
00008289  __aeabi_dcmple                       
0000829d  __aeabi_dcmpge                       
000082b1  __aeabi_dcmpgt                       
000082c5  __aeabi_fcmpeq                       
000082d9  __aeabi_fcmplt                       
000082ed  __aeabi_fcmple                       
00008301  __aeabi_fcmpge                       
00008315  __aeabi_fcmpgt                       
00008327  memset                               
00008389  HOSTopen                             
000083e9  SYSCFG_DL_UART_1_init                
00008449  Track_ReadMask                       
000084a9  DL_I2C_fillControllerTXFIFO          
00008509  BSP_Uart_ReadByte                    
00008565  Car_SetPidParam                      
000085c1  Encoder_TickIrqHandler               
0000861d  frexp                                
0000861d  frexpl                               
00008679  HOSTread                             
000086d1  HOSTwrite                            
00008729  __TI_ltoa                            
000087d9  __aeabi_idiv                         
000087d9  __aeabi_idivmod                      
00008831  SYSCFG_DL_I2C_OLED_init              
00008885  SYSCFG_DL_init                       
000088d9  __TI_doflush                         
0000897d  Motor_Init                           
000089cd  close                                
00008a1d  DL_DMA_initChannel                   
00008a69  SYSCFG_DL_SPI_IMU_init               
00008ab5  SYSCFG_DL_TIMER_ENCODER_TICK_init    
00008b01  snprintf                             
00008b4d  PID_Init                             
00008b99  __aeabi_d2iz                         
00008b99  __fixdfsi                            
00008be5  DL_UART_init                         
00008c2d  HOSTclose                            
00008c75  HOSTunlink                           
00008cbd  DL_SPI_init                          
00008d01  DL_SYSCTL_switchMCLKfromSYSOSCtoHSCLK
00008d45  GROUP1_IRQHandler                    
00008d85  __aeabi_uidiv                        
00008d85  __aeabi_uidivmod                     
00008dc5  __aeabi_f2d                          
00008dc5  __extendsfdf2                        
00008e05  atoi                                 
00008e45  Car_GetPidParams                     
00008e81  Test_UartReceive                     
00008ebd  __aeabi_i2f                          
00008ebd  __floatsisf                          
00008ef9  __gesf2                              
00008ef9  __gtsf2                              
00008f35  __TI_auto_init_nobinit_nopinit       
00008f71  __cmpsf2                             
00008f71  __eqsf2                              
00008f71  __lesf2                              
00008f71  __ltsf2                              
00008f71  __nesf2                              
00008fad  __muldsi3                            
00008fe9  Car_Stop                             
00009021  SYSCFG_DL_TIMER_IMU_TICK_init        
00009059  __aeabi_f2iz                         
00009059  __fixsfsi                            
00009091  __TI_cleanup                         
000090c5  __TI_readmsg                         
000090f9  __TI_writemsg                        
00009125  C$$IO$$                              
0000912d  exit                                 
00009161  finddevice                           
00009195  Car_SetTrack                         
000091c5  DL_SPI_transmitDataBlocking8         
000091f5  Encoder_TimeInit                     
00009225  UI_TaskRunning                       
000092b5  __aeabi_i2d                          
000092b5  __floatsidf                          
000092e1  unlink                               
0000930d  BSP_Uart1_ReadByteBlocking           
00009335  Encoder_ReadTotals                   
0000935d  SYSCFG_DL_DMA_UART0Tx_init           
00009385  SYSCFG_DL_SYSCTL_CLK_init            
000093ad  __aeabi_ui2f                         
000093ad  __floatunsisf                        
000093fd  lseek                                
00009425  write                                
0000944d  _c_int00_noargs                      
00009475  DL_I2C_setClockConfig                
0000949d  __aeabi_lmul                         
0000949d  __muldi3                             
000094c1  puts                                 
000094e5  memccpy                              
00009509  Car_SetTrackDuty                     
00009529  DL_SPI_receiveDataBlocking8          
00009549  Key_Init                             
00009569  memcmp                               
00009589  __aeabi_llsl                         
00009589  __ashldi3                            
000095a9  Car_GetStatus                        
000095c5  DL_SYSCTL_configFCC                  
000095e1  DL_Timer_setCaptCompUpdateMethod     
000095fd  DL_Timer_setClockConfig              
00009619  Debug_SetTask1Time                   
00009651  task4_run                            
0000966d  task5_run                            
00009689  task6_run                            
000096a5  UI_Init                              
000096c1  DL_Timer_setCaptureCompareOutCtl     
000096d9  IMU_getYawPitchRoll                  
000096f1  SYSCFG_DL_DMA_UART0Rx_init           
00009709  TIMG0_IRQHandler                     
00009721  UI_TaskResult                        
00009751  task2_run                            
00009769  Encoder_Read                         
0000977d  IMU_dataReadyIrqHandler              
00009791  __aeabi_uldivmod                     
000097b9  DL_SPI_setClockConfig                
000097cb  DL_UART_setClockConfig               
000097dd  PID_Reset                            
000097ef  task1_run                            
00009801  __TI_decompress_none                 
00009815  DL_Timer_setCaptureCompareValue      
00009825  PID_CalcTarget                       
00009835  delay_ms                             
00009845  wcslen                               
00009855  __TI_zero_init                       
00009875  __aeabi_memset                       
00009875  __aeabi_memset4                      
00009875  __aeabi_memset8                      
000098ad  SYSCFG_DL_DMA_init                   
000098b9  __aeabi_memclr                       
000098b9  __aeabi_memclr4                      
000098b9  __aeabi_memclr8                      
000098c5  malloc                               
000098d1  DL_Common_delayCycles                
00009907  UART0_IRQHandler                     
00009911  __aeabi_errno_addr                   
00009919  __aeabi_memcpy                       
00009919  __aeabi_memcpy4                      
00009919  __aeabi_memcpy8                      
00009921  fseek                                
00009929  remove                               
00009961  abort                                
00009966  C$$EXIT                              
00009967  HOSTexit                             
00009981  Reset_Handler                        
00009985  _system_pre_init                     
00009989  printf                               
00009990  asc2_2412                            
0000a6ec  asc2_1608                            
0000acdc  asc2_1206                            
0000b150  asc2_0806                            
0000b378  Hzk1                                 
0000b598  Hzk4                                 
0000b7a0  __aeabi_ctype_table_                 
0000b7a0  __aeabi_ctype_table_C                
0000b8a1  Hzk3                                 
0000b921  Hzk2                                 
0000bc5c  __TI_Handler_Table_Base              
0000bc68  __TI_Handler_Table_Limit             
0000bc70  __TI_CINIT_Base                      
0000bc80  __TI_CINIT_Limit                     
0000bc80  __TI_CINIT_Warm                      
20200000  __start___llvm_prf_bits              
20200000  __start___llvm_prf_cnts              
20200000  __stop___llvm_prf_bits               
20200000  __stop___llvm_prf_cnts               
20200960  OLED_GRAM                            
20200fe0  _CIOBUF_                             
20200fe0  __CIOBUF_                            
20201200  gPWM_MOTORBackup                     
202012bc  gTIMER_IMU_TICKBackup                
20201378  __TI_tmpnams                         
202014a8  gSPI_IMUBackup                       
20201530  accval                               
2020153c  gyroval                              
20201548  north                                
20201554  west                                 
20201568  parmbuf                              
202015c8  encoder_tick                         
202015d0  _sys_memory                          
20201dd0  _ftable                              
20201ec0  _device                              
20201f38  _stream                              
20201f88  yaw                                  
20201f9c  __TI_cleanup_ptr                     
20201fa0  __TI_dtors_ptr                       
20201fac  __TI_ft_end                          
20201fb0  __aeabi_errno                        
20201fb4  _lock                                
20201fb8  _unlock                              
20201fbc  debug_key1_raw                       
20201fc0  debug_key2_raw                       
20201fc4  debug_key3_raw                       
20201fc8  nowtime                              
20207e00  __stack                              
20208000  __STACK_END                          
ffffffff  __TI_pprof_out_hndl                  
ffffffff  __TI_prof_data_size                  
ffffffff  __TI_prof_data_start                 
ffffffff  __binit__                            
ffffffff  binit                                
UNDEFED   __mpu_init                           
UNDEFED   _system_post_cinit                   

[341 symbols]
