<?xml version="1.0" encoding="ISO-8859-1" ?>
<link_info>
   <banner>TI ARM Clang Linker PC v4.0.4.LTS</banner>
   <copyright>Copyright (c) 1996-2018 Texas Instruments Incorporated</copyright>
   <command_line>D:\TI\ccs\tools\compiler\ti-cgt-armllvm_4.0.4.LTS\bin\tiarmlnk -ID:\TI\ccs\tools\compiler\ti-cgt-armllvm_4.0.4.LTS\lib -o 2024_Question_H.out -m2024_Question_H.map --heap_size=0x800 --stack_size=1024 -iD:/TI/mspm0_sdk_2_10_00_04/source -iD:/desktop/tb6612/Electronics-Design-Contest-Program/2024QuestionH -iD:/desktop/tb6612/Electronics-Design-Contest-Program/2024QuestionH/Debug/syscfg -iD:/TI/ccs/tools/compiler/ti-cgt-armllvm_4.0.4.LTS/lib --diag_wrap=off --display_error_number --warn_sections --xml_link_info=2024_Question_H_linkInfo.xml --rom_model ./ti_msp_dl_config.o ./startup_mspm0g350x_ticlang.o ./main.o ./APP/src/car.o ./APP/src/debug.o ./APP/src/imu.o ./APP/src/pid.o ./APP/src/pid_test.o ./APP/src/task.o ./APP/src/test.o ./APP/src/ui.o ./BSP/src/bsp_encoder.o ./BSP/src/bsp_icm42688.o ./BSP/src/bsp_key.o ./BSP/src/bsp_motor.o ./BSP/src/bsp_track.o ./BSP/src/bsp_uart.o ./BSP/src/oled.o ./Board/board.o ./Board/board_irq.o -l./device_linker.cmd -ldevice.cmd.genlibs -llibc.a --start-group -llibc++.a -llibc++abi.a -llibc.a -llibsys.a -llibsysbm.a -llibclang_rt.builtins.a -llibclang_rt.profile.a --end-group --cg_opt_level=2</command_line>
   <link_time>0x6a6db670</link_time>
   <link_errors>0x0</link_errors>
   <output_file>D:\desktop\tb6612\Electronics-Design-Contest-Program\2024QuestionH\Debug\2024_Question_H.out</output_file>
   <entry_point>
      <name>_c_int00_noargs</name>
      <address>0x9495</address>
   </entry_point>
   <input_file_list>
      <input_file id="fl-1">
         <path>D:\desktop\tb6612\Electronics-Design-Contest-Program\2024QuestionH\Debug\.\</path>
         <kind>object</kind>
         <file>ti_msp_dl_config.o</file>
         <name>ti_msp_dl_config.o</name>
      </input_file>
      <input_file id="fl-2">
         <path>D:\desktop\tb6612\Electronics-Design-Contest-Program\2024QuestionH\Debug\.\</path>
         <kind>object</kind>
         <file>startup_mspm0g350x_ticlang.o</file>
         <name>startup_mspm0g350x_ticlang.o</name>
      </input_file>
      <input_file id="fl-3">
         <path>D:\desktop\tb6612\Electronics-Design-Contest-Program\2024QuestionH\Debug\.\</path>
         <kind>object</kind>
         <file>main.o</file>
         <name>main.o</name>
      </input_file>
      <input_file id="fl-4">
         <path>D:\desktop\tb6612\Electronics-Design-Contest-Program\2024QuestionH\Debug\.\APP\src\</path>
         <kind>object</kind>
         <file>car.o</file>
         <name>car.o</name>
      </input_file>
      <input_file id="fl-5">
         <path>D:\desktop\tb6612\Electronics-Design-Contest-Program\2024QuestionH\Debug\.\APP\src\</path>
         <kind>object</kind>
         <file>debug.o</file>
         <name>debug.o</name>
      </input_file>
      <input_file id="fl-6">
         <path>D:\desktop\tb6612\Electronics-Design-Contest-Program\2024QuestionH\Debug\.\APP\src\</path>
         <kind>object</kind>
         <file>imu.o</file>
         <name>imu.o</name>
      </input_file>
      <input_file id="fl-7">
         <path>D:\desktop\tb6612\Electronics-Design-Contest-Program\2024QuestionH\Debug\.\APP\src\</path>
         <kind>object</kind>
         <file>pid.o</file>
         <name>pid.o</name>
      </input_file>
      <input_file id="fl-8">
         <path>D:\desktop\tb6612\Electronics-Design-Contest-Program\2024QuestionH\Debug\.\APP\src\</path>
         <kind>object</kind>
         <file>pid_test.o</file>
         <name>pid_test.o</name>
      </input_file>
      <input_file id="fl-9">
         <path>D:\desktop\tb6612\Electronics-Design-Contest-Program\2024QuestionH\Debug\.\APP\src\</path>
         <kind>object</kind>
         <file>task.o</file>
         <name>task.o</name>
      </input_file>
      <input_file id="fl-a">
         <path>D:\desktop\tb6612\Electronics-Design-Contest-Program\2024QuestionH\Debug\.\APP\src\</path>
         <kind>object</kind>
         <file>test.o</file>
         <name>test.o</name>
      </input_file>
      <input_file id="fl-b">
         <path>D:\desktop\tb6612\Electronics-Design-Contest-Program\2024QuestionH\Debug\.\APP\src\</path>
         <kind>object</kind>
         <file>ui.o</file>
         <name>ui.o</name>
      </input_file>
      <input_file id="fl-c">
         <path>D:\desktop\tb6612\Electronics-Design-Contest-Program\2024QuestionH\Debug\.\BSP\src\</path>
         <kind>object</kind>
         <file>bsp_encoder.o</file>
         <name>bsp_encoder.o</name>
      </input_file>
      <input_file id="fl-d">
         <path>D:\desktop\tb6612\Electronics-Design-Contest-Program\2024QuestionH\Debug\.\BSP\src\</path>
         <kind>object</kind>
         <file>bsp_icm42688.o</file>
         <name>bsp_icm42688.o</name>
      </input_file>
      <input_file id="fl-e">
         <path>D:\desktop\tb6612\Electronics-Design-Contest-Program\2024QuestionH\Debug\.\BSP\src\</path>
         <kind>object</kind>
         <file>bsp_key.o</file>
         <name>bsp_key.o</name>
      </input_file>
      <input_file id="fl-f">
         <path>D:\desktop\tb6612\Electronics-Design-Contest-Program\2024QuestionH\Debug\.\BSP\src\</path>
         <kind>object</kind>
         <file>bsp_motor.o</file>
         <name>bsp_motor.o</name>
      </input_file>
      <input_file id="fl-10">
         <path>D:\desktop\tb6612\Electronics-Design-Contest-Program\2024QuestionH\Debug\.\BSP\src\</path>
         <kind>object</kind>
         <file>bsp_track.o</file>
         <name>bsp_track.o</name>
      </input_file>
      <input_file id="fl-11">
         <path>D:\desktop\tb6612\Electronics-Design-Contest-Program\2024QuestionH\Debug\.\BSP\src\</path>
         <kind>object</kind>
         <file>bsp_uart.o</file>
         <name>bsp_uart.o</name>
      </input_file>
      <input_file id="fl-12">
         <path>D:\desktop\tb6612\Electronics-Design-Contest-Program\2024QuestionH\Debug\.\BSP\src\</path>
         <kind>object</kind>
         <file>oled.o</file>
         <name>oled.o</name>
      </input_file>
      <input_file id="fl-13">
         <path>D:\desktop\tb6612\Electronics-Design-Contest-Program\2024QuestionH\Debug\.\Board\</path>
         <kind>object</kind>
         <file>board.o</file>
         <name>board.o</name>
      </input_file>
      <input_file id="fl-14">
         <path>D:\desktop\tb6612\Electronics-Design-Contest-Program\2024QuestionH\Debug\.\Board\</path>
         <kind>object</kind>
         <file>board_irq.o</file>
         <name>board_irq.o</name>
      </input_file>
      <input_file id="fl-21">
         <path>D:\desktop\tb6612\Electronics-Design-Contest-Program\2024QuestionH\Debug\</path>
         <kind>object</kind>
         <file>&lt;internal&gt;</file>
         <name>&lt;internal&gt;</name>
      </input_file>
      <input_file id="fl-22">
         <path>D:\TI\mspm0_sdk_2_10_00_04\source\ti\driverlib\lib\ticlang\m0p\mspm0g1x0x_g3x0x\</path>
         <kind>archive</kind>
         <file>driverlib.a</file>
         <name>dl_common.o</name>
      </input_file>
      <input_file id="fl-23">
         <path>D:\TI\mspm0_sdk_2_10_00_04\source\ti\driverlib\lib\ticlang\m0p\mspm0g1x0x_g3x0x\</path>
         <kind>archive</kind>
         <file>driverlib.a</file>
         <name>dl_dma.o</name>
      </input_file>
      <input_file id="fl-24">
         <path>D:\TI\mspm0_sdk_2_10_00_04\source\ti\driverlib\lib\ticlang\m0p\mspm0g1x0x_g3x0x\</path>
         <kind>archive</kind>
         <file>driverlib.a</file>
         <name>dl_i2c.o</name>
      </input_file>
      <input_file id="fl-25">
         <path>D:\TI\mspm0_sdk_2_10_00_04\source\ti\driverlib\lib\ticlang\m0p\mspm0g1x0x_g3x0x\</path>
         <kind>archive</kind>
         <file>driverlib.a</file>
         <name>dl_spi.o</name>
      </input_file>
      <input_file id="fl-26">
         <path>D:\TI\mspm0_sdk_2_10_00_04\source\ti\driverlib\lib\ticlang\m0p\mspm0g1x0x_g3x0x\</path>
         <kind>archive</kind>
         <file>driverlib.a</file>
         <name>dl_timer.o</name>
      </input_file>
      <input_file id="fl-27">
         <path>D:\TI\mspm0_sdk_2_10_00_04\source\ti\driverlib\lib\ticlang\m0p\mspm0g1x0x_g3x0x\</path>
         <kind>archive</kind>
         <file>driverlib.a</file>
         <name>dl_uart.o</name>
      </input_file>
      <input_file id="fl-28">
         <path>D:\TI\mspm0_sdk_2_10_00_04\source\ti\driverlib\lib\ticlang\m0p\mspm0g1x0x_g3x0x\</path>
         <kind>archive</kind>
         <file>driverlib.a</file>
         <name>dl_sysctl_mspm0g1x0x_g3x0x.o</name>
      </input_file>
      <input_file id="fl-3f">
         <path>D:\TI\ccs\tools\compiler\ti-cgt-armllvm_4.0.4.LTS\lib\armv6m-ti-none-eabi\c\</path>
         <kind>archive</kind>
         <file>libc.a</file>
         <name>e_asinf.c.obj</name>
      </input_file>
      <input_file id="fl-40">
         <path>D:\TI\ccs\tools\compiler\ti-cgt-armllvm_4.0.4.LTS\lib\armv6m-ti-none-eabi\c\</path>
         <kind>archive</kind>
         <file>libc.a</file>
         <name>e_atan2f.c.obj</name>
      </input_file>
      <input_file id="fl-41">
         <path>D:\TI\ccs\tools\compiler\ti-cgt-armllvm_4.0.4.LTS\lib\armv6m-ti-none-eabi\c\</path>
         <kind>archive</kind>
         <file>libc.a</file>
         <name>s_atanf.c.obj</name>
      </input_file>
      <input_file id="fl-42">
         <path>D:\TI\ccs\tools\compiler\ti-cgt-armllvm_4.0.4.LTS\lib\armv6m-ti-none-eabi\c\</path>
         <kind>archive</kind>
         <file>libc.a</file>
         <name>snprintf.c.obj</name>
      </input_file>
      <input_file id="fl-43">
         <path>D:\TI\ccs\tools\compiler\ti-cgt-armllvm_4.0.4.LTS\lib\armv6m-ti-none-eabi\c\</path>
         <kind>archive</kind>
         <file>libc.a</file>
         <name>fputs.c.obj</name>
      </input_file>
      <input_file id="fl-44">
         <path>D:\TI\ccs\tools\compiler\ti-cgt-armllvm_4.0.4.LTS\lib\armv6m-ti-none-eabi\c\</path>
         <kind>archive</kind>
         <file>libc.a</file>
         <name>_io_perm.c.obj</name>
      </input_file>
      <input_file id="fl-45">
         <path>D:\TI\ccs\tools\compiler\ti-cgt-armllvm_4.0.4.LTS\lib\armv6m-ti-none-eabi\c\</path>
         <kind>archive</kind>
         <file>libc.a</file>
         <name>setvbuf.c.obj</name>
      </input_file>
      <input_file id="fl-46">
         <path>D:\TI\ccs\tools\compiler\ti-cgt-armllvm_4.0.4.LTS\lib\armv6m-ti-none-eabi\c\</path>
         <kind>archive</kind>
         <file>libc.a</file>
         <name>aeabi_portable.c.obj</name>
      </input_file>
      <input_file id="fl-47">
         <path>D:\TI\ccs\tools\compiler\ti-cgt-armllvm_4.0.4.LTS\lib\armv6m-ti-none-eabi\c\</path>
         <kind>archive</kind>
         <file>libc.a</file>
         <name>exit.c.obj</name>
      </input_file>
      <input_file id="fl-48">
         <path>D:\TI\ccs\tools\compiler\ti-cgt-armllvm_4.0.4.LTS\lib\armv6m-ti-none-eabi\c\</path>
         <kind>archive</kind>
         <file>libc.a</file>
         <name>_lock.c.obj</name>
      </input_file>
      <input_file id="fl-49">
         <path>D:\TI\ccs\tools\compiler\ti-cgt-armllvm_4.0.4.LTS\lib\armv6m-ti-none-eabi\c\</path>
         <kind>archive</kind>
         <file>libc.a</file>
         <name>assert.c.obj</name>
      </input_file>
      <input_file id="fl-4a">
         <path>D:\TI\ccs\tools\compiler\ti-cgt-armllvm_4.0.4.LTS\lib\armv6m-ti-none-eabi\c\</path>
         <kind>archive</kind>
         <file>libc.a</file>
         <name>defs.c.obj</name>
      </input_file>
      <input_file id="fl-4b">
         <path>D:\TI\ccs\tools\compiler\ti-cgt-armllvm_4.0.4.LTS\lib\armv6m-ti-none-eabi\c\</path>
         <kind>archive</kind>
         <file>libc.a</file>
         <name>memcmp.c.obj</name>
      </input_file>
      <input_file id="fl-4c">
         <path>D:\TI\ccs\tools\compiler\ti-cgt-armllvm_4.0.4.LTS\lib\armv6m-ti-none-eabi\c\</path>
         <kind>archive</kind>
         <file>libc.a</file>
         <name>memory.c.obj</name>
      </input_file>
      <input_file id="fl-4d">
         <path>D:\TI\ccs\tools\compiler\ti-cgt-armllvm_4.0.4.LTS\lib\armv6m-ti-none-eabi\c\</path>
         <kind>archive</kind>
         <file>libc.a</file>
         <name>strtof.c.obj</name>
      </input_file>
      <input_file id="fl-4e">
         <path>D:\TI\ccs\tools\compiler\ti-cgt-armllvm_4.0.4.LTS\lib\armv6m-ti-none-eabi\c\</path>
         <kind>archive</kind>
         <file>libc.a</file>
         <name>boot_cortex_m.c.obj</name>
      </input_file>
      <input_file id="fl-4f">
         <path>D:\TI\ccs\tools\compiler\ti-cgt-armllvm_4.0.4.LTS\lib\armv6m-ti-none-eabi\c\</path>
         <kind>archive</kind>
         <file>libc.a</file>
         <name>mathacl_init.c.obj</name>
      </input_file>
      <input_file id="fl-50">
         <path>D:\TI\ccs\tools\compiler\ti-cgt-armllvm_4.0.4.LTS\lib\armv6m-ti-none-eabi\c\</path>
         <kind>archive</kind>
         <file>libc.a</file>
         <name>autoinit.c.obj</name>
      </input_file>
      <input_file id="fl-51">
         <path>D:\TI\ccs\tools\compiler\ti-cgt-armllvm_4.0.4.LTS\lib\armv6m-ti-none-eabi\c\</path>
         <kind>archive</kind>
         <file>libc.a</file>
         <name>pre_init.c.obj</name>
      </input_file>
      <input_file id="fl-52">
         <path>D:\TI\ccs\tools\compiler\ti-cgt-armllvm_4.0.4.LTS\lib\armv6m-ti-none-eabi\c\</path>
         <kind>archive</kind>
         <file>libc.a</file>
         <name>cpy_tbl.c.obj</name>
      </input_file>
      <input_file id="fl-53">
         <path>D:\TI\ccs\tools\compiler\ti-cgt-armllvm_4.0.4.LTS\lib\armv6m-ti-none-eabi\c\</path>
         <kind>archive</kind>
         <file>libc.a</file>
         <name>copy_zero_init.c.obj</name>
      </input_file>
      <input_file id="fl-54">
         <path>D:\TI\ccs\tools\compiler\ti-cgt-armllvm_4.0.4.LTS\lib\armv6m-ti-none-eabi\c\</path>
         <kind>archive</kind>
         <file>libc.a</file>
         <name>copy_decompress_none.c.obj</name>
      </input_file>
      <input_file id="fl-55">
         <path>D:\TI\ccs\tools\compiler\ti-cgt-armllvm_4.0.4.LTS\lib\armv6m-ti-none-eabi\c\</path>
         <kind>archive</kind>
         <file>libc.a</file>
         <name>copy_decompress_lzss.c.obj</name>
      </input_file>
      <input_file id="fl-56">
         <path>D:\TI\ccs\tools\compiler\ti-cgt-armllvm_4.0.4.LTS\lib\armv6m-ti-none-eabi\c\</path>
         <kind>archive</kind>
         <file>libc.a</file>
         <name>e_sqrt.c.obj</name>
      </input_file>
      <input_file id="fl-57">
         <path>D:\TI\ccs\tools\compiler\ti-cgt-armllvm_4.0.4.LTS\lib\armv6m-ti-none-eabi\c\</path>
         <kind>archive</kind>
         <file>libc.a</file>
         <name>s_scalbnf.c.obj</name>
      </input_file>
      <input_file id="fl-58">
         <path>D:\TI\ccs\tools\compiler\ti-cgt-armllvm_4.0.4.LTS\lib\armv6m-ti-none-eabi\c\</path>
         <kind>archive</kind>
         <file>libc.a</file>
         <name>_printfi.c.obj</name>
      </input_file>
      <input_file id="fl-59">
         <path>D:\TI\ccs\tools\compiler\ti-cgt-armllvm_4.0.4.LTS\lib\armv6m-ti-none-eabi\c\</path>
         <kind>archive</kind>
         <file>libc.a</file>
         <name>sprintf.c.obj</name>
      </input_file>
      <input_file id="fl-5a">
         <path>D:\TI\ccs\tools\compiler\ti-cgt-armllvm_4.0.4.LTS\lib\armv6m-ti-none-eabi\c\</path>
         <kind>archive</kind>
         <file>libc.a</file>
         <name>fflush.c.obj</name>
      </input_file>
      <input_file id="fl-5b">
         <path>D:\TI\ccs\tools\compiler\ti-cgt-armllvm_4.0.4.LTS\lib\armv6m-ti-none-eabi\c\</path>
         <kind>archive</kind>
         <file>libc.a</file>
         <name>fopen.c.obj</name>
      </input_file>
      <input_file id="fl-5c">
         <path>D:\TI\ccs\tools\compiler\ti-cgt-armllvm_4.0.4.LTS\lib\armv6m-ti-none-eabi\c\</path>
         <kind>archive</kind>
         <file>libc.a</file>
         <name>fseek.c.obj</name>
      </input_file>
      <input_file id="fl-5d">
         <path>D:\TI\ccs\tools\compiler\ti-cgt-armllvm_4.0.4.LTS\lib\armv6m-ti-none-eabi\c\</path>
         <kind>archive</kind>
         <file>libc.a</file>
         <name>aeabi_ctype.S.obj</name>
      </input_file>
      <input_file id="fl-5e">
         <path>D:\TI\ccs\tools\compiler\ti-cgt-armllvm_4.0.4.LTS\lib\armv6m-ti-none-eabi\c\</path>
         <kind>archive</kind>
         <file>libc.a</file>
         <name>_ltoa.c.obj</name>
      </input_file>
      <input_file id="fl-5f">
         <path>D:\TI\ccs\tools\compiler\ti-cgt-armllvm_4.0.4.LTS\lib\armv6m-ti-none-eabi\c\</path>
         <kind>archive</kind>
         <file>libc.a</file>
         <name>args_main.c.obj</name>
      </input_file>
      <input_file id="fl-60">
         <path>D:\TI\ccs\tools\compiler\ti-cgt-armllvm_4.0.4.LTS\lib\armv6m-ti-none-eabi\c\</path>
         <kind>archive</kind>
         <file>libc.a</file>
         <name>atoi.c.obj</name>
      </input_file>
      <input_file id="fl-61">
         <path>D:\TI\ccs\tools\compiler\ti-cgt-armllvm_4.0.4.LTS\lib\armv6m-ti-none-eabi\c\</path>
         <kind>archive</kind>
         <file>libc.a</file>
         <name>memccpy.c.obj</name>
      </input_file>
      <input_file id="fl-62">
         <path>D:\TI\ccs\tools\compiler\ti-cgt-armllvm_4.0.4.LTS\lib\armv6m-ti-none-eabi\c\</path>
         <kind>archive</kind>
         <file>libc.a</file>
         <name>s_frexp.c.obj</name>
      </input_file>
      <input_file id="fl-63">
         <path>D:\TI\ccs\tools\compiler\ti-cgt-armllvm_4.0.4.LTS\lib\armv6m-ti-none-eabi\c\</path>
         <kind>archive</kind>
         <file>libc.a</file>
         <name>s_scalbn.c.obj</name>
      </input_file>
      <input_file id="fl-64">
         <path>D:\TI\ccs\tools\compiler\ti-cgt-armllvm_4.0.4.LTS\lib\armv6m-ti-none-eabi\c\</path>
         <kind>archive</kind>
         <file>libc.a</file>
         <name>wcslen.c.obj</name>
      </input_file>
      <input_file id="fl-65">
         <path>D:\TI\ccs\tools\compiler\ti-cgt-armllvm_4.0.4.LTS\lib\armv6m-ti-none-eabi\c\</path>
         <kind>archive</kind>
         <file>libc.a</file>
         <name>fclose.c.obj</name>
      </input_file>
      <input_file id="fl-105">
         <path>D:\TI\ccs\tools\compiler\ti-cgt-armllvm_4.0.4.LTS\lib\armv6m-ti-none-eabi\c\</path>
         <kind>archive</kind>
         <file>libsysbm.a</file>
         <name>hostexit.c.obj</name>
      </input_file>
      <input_file id="fl-106">
         <path>D:\TI\ccs\tools\compiler\ti-cgt-armllvm_4.0.4.LTS\lib\armv6m-ti-none-eabi\c\</path>
         <kind>archive</kind>
         <file>libsysbm.a</file>
         <name>write.c.obj</name>
      </input_file>
      <input_file id="fl-107">
         <path>D:\TI\ccs\tools\compiler\ti-cgt-armllvm_4.0.4.LTS\lib\armv6m-ti-none-eabi\c\</path>
         <kind>archive</kind>
         <file>libsysbm.a</file>
         <name>host_device.c.obj</name>
      </input_file>
      <input_file id="fl-108">
         <path>D:\TI\ccs\tools\compiler\ti-cgt-armllvm_4.0.4.LTS\lib\armv6m-ti-none-eabi\c\</path>
         <kind>archive</kind>
         <file>libsysbm.a</file>
         <name>remove.c.obj</name>
      </input_file>
      <input_file id="fl-109">
         <path>D:\TI\ccs\tools\compiler\ti-cgt-armllvm_4.0.4.LTS\lib\armv6m-ti-none-eabi\c\</path>
         <kind>archive</kind>
         <file>libsysbm.a</file>
         <name>open.c.obj</name>
      </input_file>
      <input_file id="fl-10a">
         <path>D:\TI\ccs\tools\compiler\ti-cgt-armllvm_4.0.4.LTS\lib\armv6m-ti-none-eabi\c\</path>
         <kind>archive</kind>
         <file>libsysbm.a</file>
         <name>lseek.c.obj</name>
      </input_file>
      <input_file id="fl-10b">
         <path>D:\TI\ccs\tools\compiler\ti-cgt-armllvm_4.0.4.LTS\lib\armv6m-ti-none-eabi\c\</path>
         <kind>archive</kind>
         <file>libsysbm.a</file>
         <name>close.c.obj</name>
      </input_file>
      <input_file id="fl-10c">
         <path>D:\TI\ccs\tools\compiler\ti-cgt-armllvm_4.0.4.LTS\lib\armv6m-ti-none-eabi\c\</path>
         <kind>archive</kind>
         <file>libsysbm.a</file>
         <name>unlink.c.obj</name>
      </input_file>
      <input_file id="fl-10d">
         <path>D:\TI\ccs\tools\compiler\ti-cgt-armllvm_4.0.4.LTS\lib\armv6m-ti-none-eabi\c\</path>
         <kind>archive</kind>
         <file>libsysbm.a</file>
         <name>hostclose.c.obj</name>
      </input_file>
      <input_file id="fl-10e">
         <path>D:\TI\ccs\tools\compiler\ti-cgt-armllvm_4.0.4.LTS\lib\armv6m-ti-none-eabi\c\</path>
         <kind>archive</kind>
         <file>libsysbm.a</file>
         <name>hostlseek.c.obj</name>
      </input_file>
      <input_file id="fl-10f">
         <path>D:\TI\ccs\tools\compiler\ti-cgt-armllvm_4.0.4.LTS\lib\armv6m-ti-none-eabi\c\</path>
         <kind>archive</kind>
         <file>libsysbm.a</file>
         <name>hostopen.c.obj</name>
      </input_file>
      <input_file id="fl-110">
         <path>D:\TI\ccs\tools\compiler\ti-cgt-armllvm_4.0.4.LTS\lib\armv6m-ti-none-eabi\c\</path>
         <kind>archive</kind>
         <file>libsysbm.a</file>
         <name>hostread.c.obj</name>
      </input_file>
      <input_file id="fl-111">
         <path>D:\TI\ccs\tools\compiler\ti-cgt-armllvm_4.0.4.LTS\lib\armv6m-ti-none-eabi\c\</path>
         <kind>archive</kind>
         <file>libsysbm.a</file>
         <name>hostrename.c.obj</name>
      </input_file>
      <input_file id="fl-112">
         <path>D:\TI\ccs\tools\compiler\ti-cgt-armllvm_4.0.4.LTS\lib\armv6m-ti-none-eabi\c\</path>
         <kind>archive</kind>
         <file>libsysbm.a</file>
         <name>hostunlink.c.obj</name>
      </input_file>
      <input_file id="fl-113">
         <path>D:\TI\ccs\tools\compiler\ti-cgt-armllvm_4.0.4.LTS\lib\armv6m-ti-none-eabi\c\</path>
         <kind>archive</kind>
         <file>libsysbm.a</file>
         <name>hostwrite.c.obj</name>
      </input_file>
      <input_file id="fl-114">
         <path>D:\TI\ccs\tools\compiler\ti-cgt-armllvm_4.0.4.LTS\lib\armv6m-ti-none-eabi\c\</path>
         <kind>archive</kind>
         <file>libsysbm.a</file>
         <name>trgmsg.c.obj</name>
      </input_file>
      <input_file id="fl-115">
         <path>D:\TI\ccs\tools\compiler\ti-cgt-armllvm_4.0.4.LTS\lib\armv6m-ti-none-eabi\</path>
         <kind>archive</kind>
         <file>libclang_rt.builtins.a</file>
         <name>addsf3.S.obj</name>
      </input_file>
      <input_file id="fl-116">
         <path>D:\TI\ccs\tools\compiler\ti-cgt-armllvm_4.0.4.LTS\lib\armv6m-ti-none-eabi\</path>
         <kind>archive</kind>
         <file>libclang_rt.builtins.a</file>
         <name>adddf3.S.obj</name>
      </input_file>
      <input_file id="fl-117">
         <path>D:\TI\ccs\tools\compiler\ti-cgt-armllvm_4.0.4.LTS\lib\armv6m-ti-none-eabi\</path>
         <kind>archive</kind>
         <file>libclang_rt.builtins.a</file>
         <name>muldf3.S.obj</name>
      </input_file>
      <input_file id="fl-118">
         <path>D:\TI\ccs\tools\compiler\ti-cgt-armllvm_4.0.4.LTS\lib\armv6m-ti-none-eabi\</path>
         <kind>archive</kind>
         <file>libclang_rt.builtins.a</file>
         <name>muldsi3.S.obj</name>
      </input_file>
      <input_file id="fl-119">
         <path>D:\TI\ccs\tools\compiler\ti-cgt-armllvm_4.0.4.LTS\lib\armv6m-ti-none-eabi\</path>
         <kind>archive</kind>
         <file>libclang_rt.builtins.a</file>
         <name>mulsf3.S.obj</name>
      </input_file>
      <input_file id="fl-11a">
         <path>D:\TI\ccs\tools\compiler\ti-cgt-armllvm_4.0.4.LTS\lib\armv6m-ti-none-eabi\</path>
         <kind>archive</kind>
         <file>libclang_rt.builtins.a</file>
         <name>divsf3.S.obj</name>
      </input_file>
      <input_file id="fl-11b">
         <path>D:\TI\ccs\tools\compiler\ti-cgt-armllvm_4.0.4.LTS\lib\armv6m-ti-none-eabi\</path>
         <kind>archive</kind>
         <file>libclang_rt.builtins.a</file>
         <name>divdf3.S.obj</name>
      </input_file>
      <input_file id="fl-11c">
         <path>D:\TI\ccs\tools\compiler\ti-cgt-armllvm_4.0.4.LTS\lib\armv6m-ti-none-eabi\</path>
         <kind>archive</kind>
         <file>libclang_rt.builtins.a</file>
         <name>extendsfdf2.S.obj</name>
      </input_file>
      <input_file id="fl-11d">
         <path>D:\TI\ccs\tools\compiler\ti-cgt-armllvm_4.0.4.LTS\lib\armv6m-ti-none-eabi\</path>
         <kind>archive</kind>
         <file>libclang_rt.builtins.a</file>
         <name>fixdfsi.S.obj</name>
      </input_file>
      <input_file id="fl-11e">
         <path>D:\TI\ccs\tools\compiler\ti-cgt-armllvm_4.0.4.LTS\lib\armv6m-ti-none-eabi\</path>
         <kind>archive</kind>
         <file>libclang_rt.builtins.a</file>
         <name>fixsfsi.S.obj</name>
      </input_file>
      <input_file id="fl-11f">
         <path>D:\TI\ccs\tools\compiler\ti-cgt-armllvm_4.0.4.LTS\lib\armv6m-ti-none-eabi\</path>
         <kind>archive</kind>
         <file>libclang_rt.builtins.a</file>
         <name>floatsidf.S.obj</name>
      </input_file>
      <input_file id="fl-120">
         <path>D:\TI\ccs\tools\compiler\ti-cgt-armllvm_4.0.4.LTS\lib\armv6m-ti-none-eabi\</path>
         <kind>archive</kind>
         <file>libclang_rt.builtins.a</file>
         <name>floatsisf.S.obj</name>
      </input_file>
      <input_file id="fl-121">
         <path>D:\TI\ccs\tools\compiler\ti-cgt-armllvm_4.0.4.LTS\lib\armv6m-ti-none-eabi\</path>
         <kind>archive</kind>
         <file>libclang_rt.builtins.a</file>
         <name>floatunsisf.S.obj</name>
      </input_file>
      <input_file id="fl-122">
         <path>D:\TI\ccs\tools\compiler\ti-cgt-armllvm_4.0.4.LTS\lib\armv6m-ti-none-eabi\</path>
         <kind>archive</kind>
         <file>libclang_rt.builtins.a</file>
         <name>muldi3.S.obj</name>
      </input_file>
      <input_file id="fl-123">
         <path>D:\TI\ccs\tools\compiler\ti-cgt-armllvm_4.0.4.LTS\lib\armv6m-ti-none-eabi\</path>
         <kind>archive</kind>
         <file>libclang_rt.builtins.a</file>
         <name>truncdfsf2.S.obj</name>
      </input_file>
      <input_file id="fl-124">
         <path>D:\TI\ccs\tools\compiler\ti-cgt-armllvm_4.0.4.LTS\lib\armv6m-ti-none-eabi\</path>
         <kind>archive</kind>
         <file>libclang_rt.builtins.a</file>
         <name>aeabi_dcmp.S.obj</name>
      </input_file>
      <input_file id="fl-125">
         <path>D:\TI\ccs\tools\compiler\ti-cgt-armllvm_4.0.4.LTS\lib\armv6m-ti-none-eabi\</path>
         <kind>archive</kind>
         <file>libclang_rt.builtins.a</file>
         <name>aeabi_fcmp.S.obj</name>
      </input_file>
      <input_file id="fl-126">
         <path>D:\TI\ccs\tools\compiler\ti-cgt-armllvm_4.0.4.LTS\lib\armv6m-ti-none-eabi\</path>
         <kind>archive</kind>
         <file>libclang_rt.builtins.a</file>
         <name>aeabi_idivmod.S.obj</name>
      </input_file>
      <input_file id="fl-127">
         <path>D:\TI\ccs\tools\compiler\ti-cgt-armllvm_4.0.4.LTS\lib\armv6m-ti-none-eabi\</path>
         <kind>archive</kind>
         <file>libclang_rt.builtins.a</file>
         <name>aeabi_memcpy.S.obj</name>
      </input_file>
      <input_file id="fl-128">
         <path>D:\TI\ccs\tools\compiler\ti-cgt-armllvm_4.0.4.LTS\lib\armv6m-ti-none-eabi\</path>
         <kind>archive</kind>
         <file>libclang_rt.builtins.a</file>
         <name>aeabi_memset.S.obj</name>
      </input_file>
      <input_file id="fl-129">
         <path>D:\TI\ccs\tools\compiler\ti-cgt-armllvm_4.0.4.LTS\lib\armv6m-ti-none-eabi\</path>
         <kind>archive</kind>
         <file>libclang_rt.builtins.a</file>
         <name>aeabi_uidivmod.S.obj</name>
      </input_file>
      <input_file id="fl-12a">
         <path>D:\TI\ccs\tools\compiler\ti-cgt-armllvm_4.0.4.LTS\lib\armv6m-ti-none-eabi\</path>
         <kind>archive</kind>
         <file>libclang_rt.builtins.a</file>
         <name>aeabi_uldivmod.S.obj</name>
      </input_file>
      <input_file id="fl-12b">
         <path>D:\TI\ccs\tools\compiler\ti-cgt-armllvm_4.0.4.LTS\lib\armv6m-ti-none-eabi\</path>
         <kind>archive</kind>
         <file>libclang_rt.builtins.a</file>
         <name>comparesf2.S.obj</name>
      </input_file>
      <input_file id="fl-12c">
         <path>D:\TI\ccs\tools\compiler\ti-cgt-armllvm_4.0.4.LTS\lib\armv6m-ti-none-eabi\</path>
         <kind>archive</kind>
         <file>libclang_rt.builtins.a</file>
         <name>udivmoddi4.S.obj</name>
      </input_file>
      <input_file id="fl-12d">
         <path>D:\TI\ccs\tools\compiler\ti-cgt-armllvm_4.0.4.LTS\lib\armv6m-ti-none-eabi\</path>
         <kind>archive</kind>
         <file>libclang_rt.builtins.a</file>
         <name>ashldi3.S.obj</name>
      </input_file>
      <input_file id="fl-12e">
         <path>D:\TI\ccs\tools\compiler\ti-cgt-armllvm_4.0.4.LTS\lib\armv6m-ti-none-eabi\</path>
         <kind>archive</kind>
         <file>libclang_rt.builtins.a</file>
         <name>comparedf2.c.obj</name>
      </input_file>
      <input_file id="fl-12f">
         <path>D:\TI\ccs\tools\compiler\ti-cgt-armllvm_4.0.4.LTS\lib\armv6m-ti-none-eabi\</path>
         <kind>archive</kind>
         <file>libclang_rt.builtins.a</file>
         <name>aeabi_div0.c.obj</name>
      </input_file>
      <input_file id="fl-130">
         <path>D:\TI\ccs\tools\compiler\ti-cgt-armllvm_4.0.4.LTS\lib\armv6m-ti-none-eabi\c\</path>
         <kind>archive</kind>
         <file>libc.a</file>
         <name>getdevice.c.obj</name>
      </input_file>
      <input_file id="fl-131">
         <path>D:\TI\ccs\tools\compiler\ti-cgt-armllvm_4.0.4.LTS\lib\armv6m-ti-none-eabi\c\</path>
         <kind>archive</kind>
         <file>libc.a</file>
         <name>memcpy16.S.obj</name>
      </input_file>
      <input_file id="fl-132">
         <path>D:\TI\ccs\tools\compiler\ti-cgt-armllvm_4.0.4.LTS\lib\armv6m-ti-none-eabi\c\</path>
         <kind>archive</kind>
         <file>libc.a</file>
         <name>memset16.S.obj</name>
      </input_file>
      <input_file id="fl-133">
         <path>D:\TI\ccs\tools\compiler\ti-cgt-armllvm_4.0.4.LTS\lib\armv6m-ti-none-eabi\c\</path>
         <kind>archive</kind>
         <file>libc.a</file>
         <name>strcmp-armv6m.S.obj</name>
      </input_file>
   </input_file_list>
   <object_component_list>
      <object_component id="oc-18">
         <name>.intvecs</name>
         <load_address>0x0</load_address>
         <readonly>true</readonly>
         <run_address>0x0</run_address>
         <size>0xc0</size>
         <alignment>0x4</alignment>
         <input_file_ref idref="fl-2"/>
      </object_component>
      <object_component id="oc-163">
         <name>.text.OLED_Init</name>
         <load_address>0xc0</load_address>
         <readonly>true</readonly>
         <executable>true</executable>
         <run_address>0xc0</run_address>
         <size>0x12cc</size>
         <alignment>0x4</alignment>
         <input_file_ref idref="fl-12"/>
      </object_component>
      <object_component id="oc-94">
         <name>.text.IMU_sample</name>
         <load_address>0x138c</load_address>
         <readonly>true</readonly>
         <executable>true</executable>
         <run_address>0x138c</run_address>
         <size>0xbe4</size>
         <alignment>0x4</alignment>
         <input_file_ref idref="fl-6"/>
      </object_component>
      <object_component id="oc-16d">
         <name>.text.OLED_Clear</name>
         <load_address>0x1f70</load_address>
         <readonly>true</readonly>
         <executable>true</executable>
         <run_address>0x1f70</run_address>
         <size>0xa94</size>
         <alignment>0x4</alignment>
         <input_file_ref idref="fl-12"/>
      </object_component>
      <object_component id="oc-31d">
         <name>.text:__TI_printfi</name>
         <load_address>0x2a04</load_address>
         <readonly>true</readonly>
         <executable>true</executable>
         <run_address>0x2a04</run_address>
         <size>0x9d0</size>
         <alignment>0x4</alignment>
         <input_file_ref idref="fl-58"/>
      </object_component>
      <object_component id="oc-23e">
         <name>.text.Car_Update</name>
         <load_address>0x33d4</load_address>
         <readonly>true</readonly>
         <executable>true</executable>
         <run_address>0x33d4</run_address>
         <size>0x4d8</size>
         <alignment>0x4</alignment>
         <input_file_ref idref="fl-4"/>
      </object_component>
      <object_component id="oc-24c">
         <name>.text.strtof</name>
         <load_address>0x38ac</load_address>
         <readonly>true</readonly>
         <executable>true</executable>
         <run_address>0x38ac</run_address>
         <size>0x360</size>
         <alignment>0x4</alignment>
         <input_file_ref idref="fl-4d"/>
      </object_component>
      <object_component id="oc-c5">
         <name>.text.UI_Process</name>
         <load_address>0x3c0c</load_address>
         <readonly>true</readonly>
         <executable>true</executable>
         <run_address>0x3c0c</run_address>
         <size>0x300</size>
         <alignment>0x4</alignment>
         <input_file_ref idref="fl-b"/>
      </object_component>
      <object_component id="oc-1ee">
         <name>.text.SYSCFG_DL_SYSCTL_SYSPLL_init</name>
         <load_address>0x3f0c</load_address>
         <readonly>true</readonly>
         <executable>true</executable>
         <run_address>0x3f0c</run_address>
         <size>0x2a8</size>
         <alignment>0x4</alignment>
         <input_file_ref idref="fl-1"/>
      </object_component>
      <object_component id="oc-244">
         <name>.text.OLED_ShowChinese</name>
         <load_address>0x41b4</load_address>
         <readonly>true</readonly>
         <executable>true</executable>
         <run_address>0x41b4</run_address>
         <size>0x294</size>
         <alignment>0x4</alignment>
         <input_file_ref idref="fl-12"/>
      </object_component>
      <object_component id="oc-16e">
         <name>.text.OLED_ShowChar</name>
         <load_address>0x4448</load_address>
         <readonly>true</readonly>
         <executable>true</executable>
         <run_address>0x4448</run_address>
         <size>0x270</size>
         <alignment>0x4</alignment>
         <input_file_ref idref="fl-12"/>
      </object_component>
      <object_component id="oc-21e">
         <name>.text.OLED_RefreshPages</name>
         <load_address>0x46b8</load_address>
         <readonly>true</readonly>
         <executable>true</executable>
         <run_address>0x46b8</run_address>
         <size>0x23c</size>
         <alignment>0x4</alignment>
         <input_file_ref idref="fl-12"/>
      </object_component>
      <object_component id="oc-34b">
         <name>.text._pconv_a</name>
         <load_address>0x48f4</load_address>
         <readonly>true</readonly>
         <executable>true</executable>
         <run_address>0x48f4</run_address>
         <size>0x220</size>
         <alignment>0x4</alignment>
         <input_file_ref idref="fl-58"/>
      </object_component>
      <object_component id="oc-350">
         <name>.text._pconv_g</name>
         <load_address>0x4b14</load_address>
         <readonly>true</readonly>
         <executable>true</executable>
         <run_address>0x4b14</run_address>
         <size>0x1dc</size>
         <alignment>0x4</alignment>
         <input_file_ref idref="fl-58"/>
      </object_component>
      <object_component id="oc-17d">
         <name>.text.Debug_CommandPoll</name>
         <load_address>0x4cf0</load_address>
         <readonly>true</readonly>
         <executable>true</executable>
         <run_address>0x4cf0</run_address>
         <size>0x1d0</size>
         <alignment>0x4</alignment>
         <input_file_ref idref="fl-5"/>
      </object_component>
      <object_component id="oc-1c9">
         <name>.text.atanf</name>
         <load_address>0x4ec0</load_address>
         <readonly>true</readonly>
         <executable>true</executable>
         <run_address>0x4ec0</run_address>
         <size>0x1c8</size>
         <alignment>0x4</alignment>
         <input_file_ref idref="fl-41"/>
      </object_component>
      <object_component id="oc-179">
         <name>.text.task_track_run</name>
         <load_address>0x5088</load_address>
         <readonly>true</readonly>
         <executable>true</executable>
         <run_address>0x5088</run_address>
         <size>0x1b8</size>
         <alignment>0x4</alignment>
         <input_file_ref idref="fl-9"/>
      </object_component>
      <object_component id="oc-f7">
         <name>.text.bsp_IcmGetRawData</name>
         <load_address>0x5240</load_address>
         <readonly>true</readonly>
         <executable>true</executable>
         <run_address>0x5240</run_address>
         <size>0x1a4</size>
         <alignment>0x4</alignment>
         <input_file_ref idref="fl-d"/>
      </object_component>
      <object_component id="oc-195">
         <name>.text.BSP_Uart_Write</name>
         <load_address>0x53e4</load_address>
         <readonly>true</readonly>
         <executable>true</executable>
         <run_address>0x53e4</run_address>
         <size>0x1a0</size>
         <alignment>0x4</alignment>
         <input_file_ref idref="fl-11"/>
      </object_component>
      <object_component id="oc-fd">
         <name>.text.adddf3_subdf3</name>
         <load_address>0x5584</load_address>
         <readonly>true</readonly>
         <executable>true</executable>
         <run_address>0x5584</run_address>
         <size>0x192</size>
         <alignment>0x4</alignment>
         <input_file_ref idref="fl-116"/>
      </object_component>
      <object_component id="oc-35">
         <name>.text.Default_Handler</name>
         <load_address>0x5716</load_address>
         <readonly>true</readonly>
         <executable>true</executable>
         <run_address>0x5716</run_address>
         <size>0x2</size>
         <alignment>0x2</alignment>
         <input_file_ref idref="fl-2"/>
      </object_component>
      <object_component id="oc-25b">
         <name>.text.show_gate_timer</name>
         <load_address>0x5718</load_address>
         <readonly>true</readonly>
         <executable>true</executable>
         <run_address>0x5718</run_address>
         <size>0x18c</size>
         <alignment>0x4</alignment>
         <input_file_ref idref="fl-b"/>
      </object_component>
      <object_component id="oc-1dc">
         <name>.text.sqrt</name>
         <load_address>0x58a4</load_address>
         <readonly>true</readonly>
         <executable>true</executable>
         <run_address>0x58a4</run_address>
         <size>0x170</size>
         <alignment>0x4</alignment>
         <input_file_ref idref="fl-56"/>
      </object_component>
      <object_component id="oc-14a">
         <name>.text.SYSCFG_DL_GPIO_init</name>
         <load_address>0x5a14</load_address>
         <readonly>true</readonly>
         <executable>true</executable>
         <run_address>0x5a14</run_address>
         <size>0x164</size>
         <alignment>0x4</alignment>
         <input_file_ref idref="fl-1"/>
      </object_component>
      <object_component id="oc-139">
         <name>.text.asinf</name>
         <load_address>0x5b78</load_address>
         <readonly>true</readonly>
         <executable>true</executable>
         <run_address>0x5b78</run_address>
         <size>0x160</size>
         <alignment>0x4</alignment>
         <input_file_ref idref="fl-3f"/>
      </object_component>
      <object_component id="oc-3b2">
         <name>.text.fcvt</name>
         <load_address>0x5cd8</load_address>
         <readonly>true</readonly>
         <executable>true</executable>
         <run_address>0x5cd8</run_address>
         <size>0x13c</size>
         <alignment>0x4</alignment>
         <input_file_ref idref="fl-58"/>
      </object_component>
      <object_component id="oc-295">
         <name>.text.show_task_info</name>
         <load_address>0x5e14</load_address>
         <readonly>true</readonly>
         <executable>true</executable>
         <run_address>0x5e14</run_address>
         <size>0x138</size>
         <alignment>0x4</alignment>
         <input_file_ref idref="fl-b"/>
      </object_component>
      <object_component id="oc-352">
         <name>.text._pconv_e</name>
         <load_address>0x5f4c</load_address>
         <readonly>true</readonly>
         <executable>true</executable>
         <run_address>0x5f4c</run_address>
         <size>0x120</size>
         <alignment>0x4</alignment>
         <input_file_ref idref="fl-58"/>
      </object_component>
      <object_component id="oc-135">
         <name>.text.atan2f</name>
         <load_address>0x606c</load_address>
         <readonly>true</readonly>
         <executable>true</executable>
         <run_address>0x606c</run_address>
         <size>0x118</size>
         <alignment>0x4</alignment>
         <input_file_ref idref="fl-40"/>
      </object_component>
      <object_component id="oc-35a">
         <name>.text.aligned_alloc</name>
         <load_address>0x6184</load_address>
         <readonly>true</readonly>
         <executable>true</executable>
         <run_address>0x6184</run_address>
         <size>0x114</size>
         <alignment>0x4</alignment>
         <input_file_ref idref="fl-4c"/>
      </object_component>
      <object_component id="oc-114">
         <name>.text.__divdf3</name>
         <load_address>0x6298</load_address>
         <readonly>true</readonly>
         <executable>true</executable>
         <run_address>0x6298</run_address>
         <size>0x10c</size>
         <alignment>0x4</alignment>
         <input_file_ref idref="fl-11b"/>
      </object_component>
      <object_component id="oc-16a">
         <name>.text.OLED_DisplayTurn</name>
         <load_address>0x63a4</load_address>
         <readonly>true</readonly>
         <executable>true</executable>
         <run_address>0x63a4</run_address>
         <size>0x108</size>
         <alignment>0x4</alignment>
         <input_file_ref idref="fl-12"/>
      </object_component>
      <object_component id="oc-1f7">
         <name>.text.DL_Timer_initFourCCPWMMode</name>
         <load_address>0x64ac</load_address>
         <readonly>true</readonly>
         <executable>true</executable>
         <run_address>0x64ac</run_address>
         <size>0x104</size>
         <alignment>0x4</alignment>
         <input_file_ref idref="fl-26"/>
      </object_component>
      <object_component id="oc-1fd">
         <name>.text.DL_Timer_initTimerMode</name>
         <load_address>0x65b0</load_address>
         <readonly>true</readonly>
         <executable>true</executable>
         <run_address>0x65b0</run_address>
         <size>0xfc</size>
         <alignment>0x4</alignment>
         <input_file_ref idref="fl-26"/>
      </object_component>
      <object_component id="oc-2f8">
         <name>.text.PID_Calc</name>
         <load_address>0x66ac</load_address>
         <readonly>true</readonly>
         <executable>true</executable>
         <run_address>0x66ac</run_address>
         <size>0xfc</size>
         <alignment>0x2</alignment>
         <input_file_ref idref="fl-7"/>
      </object_component>
      <object_component id="oc-25f">
         <name>.text.fputs</name>
         <load_address>0x67a8</load_address>
         <readonly>true</readonly>
         <executable>true</executable>
         <run_address>0x67a8</run_address>
         <size>0xf8</size>
         <alignment>0x4</alignment>
         <input_file_ref idref="fl-43"/>
      </object_component>
      <object_component id="oc-321">
         <name>.text.free</name>
         <load_address>0x68a0</load_address>
         <readonly>true</readonly>
         <executable>true</executable>
         <run_address>0x68a0</run_address>
         <size>0xe8</size>
         <alignment>0x4</alignment>
         <input_file_ref idref="fl-4c"/>
      </object_component>
      <object_component id="oc-101">
         <name>.text.__muldf3</name>
         <load_address>0x6988</load_address>
         <readonly>true</readonly>
         <executable>true</executable>
         <run_address>0x6988</run_address>
         <size>0xe4</size>
         <alignment>0x4</alignment>
         <input_file_ref idref="fl-117"/>
      </object_component>
      <object_component id="oc-309">
         <name>.text.setvbuf</name>
         <load_address>0x6a6c</load_address>
         <readonly>true</readonly>
         <executable>true</executable>
         <run_address>0x6a6c</run_address>
         <size>0xe0</size>
         <alignment>0x4</alignment>
         <input_file_ref idref="fl-45"/>
      </object_component>
      <object_component id="oc-b8">
         <name>.text.BSP_Uart_Init</name>
         <load_address>0x6b4c</load_address>
         <readonly>true</readonly>
         <executable>true</executable>
         <run_address>0x6b4c</run_address>
         <size>0xdc</size>
         <alignment>0x4</alignment>
         <input_file_ref idref="fl-11"/>
      </object_component>
      <object_component id="oc-1ed">
         <name>.text.DL_SYSCTL_configSYSPLL</name>
         <load_address>0x6c28</load_address>
         <readonly>true</readonly>
         <executable>true</executable>
         <run_address>0x6c28</run_address>
         <size>0xdc</size>
         <alignment>0x4</alignment>
         <input_file_ref idref="fl-28"/>
      </object_component>
      <object_component id="oc-395">
         <name>.text.scalbn</name>
         <load_address>0x6d04</load_address>
         <readonly>true</readonly>
         <executable>true</executable>
         <run_address>0x6d04</run_address>
         <size>0xd8</size>
         <alignment>0x4</alignment>
         <input_file_ref idref="fl-63"/>
      </object_component>
      <object_component id="oc-124">
         <name>.text</name>
         <load_address>0x6ddc</load_address>
         <readonly>true</readonly>
         <executable>true</executable>
         <run_address>0x6ddc</run_address>
         <size>0xd8</size>
         <alignment>0x4</alignment>
         <input_file_ref idref="fl-115"/>
      </object_component>
      <object_component id="oc-72">
         <name>.text.BSP_Uart_IRQHandler</name>
         <load_address>0x6eb4</load_address>
         <readonly>true</readonly>
         <executable>true</executable>
         <run_address>0x6eb4</run_address>
         <size>0xd4</size>
         <alignment>0x4</alignment>
         <input_file_ref idref="fl-11"/>
      </object_component>
      <object_component id="oc-2b6">
         <name>.text.Motor_SetDuty</name>
         <load_address>0x6f88</load_address>
         <readonly>true</readonly>
         <executable>true</executable>
         <run_address>0x6f88</run_address>
         <size>0xcc</size>
         <alignment>0x4</alignment>
         <input_file_ref idref="fl-f"/>
      </object_component>
      <object_component id="oc-14b">
         <name>.text.SYSCFG_DL_SYSCTL_init</name>
         <load_address>0x7054</load_address>
         <readonly>true</readonly>
         <executable>true</executable>
         <run_address>0x7054</run_address>
         <size>0xc4</size>
         <alignment>0x4</alignment>
         <input_file_ref idref="fl-1"/>
      </object_component>
      <object_component id="oc-d0">
         <name>.text.Test_Track</name>
         <load_address>0x7118</load_address>
         <readonly>true</readonly>
         <executable>true</executable>
         <run_address>0x7118</run_address>
         <size>0xc4</size>
         <alignment>0x4</alignment>
         <input_file_ref idref="fl-a"/>
      </object_component>
      <object_component id="oc-232">
         <name>.text.Car_Init</name>
         <load_address>0x71dc</load_address>
         <readonly>true</readonly>
         <executable>true</executable>
         <run_address>0x71dc</run_address>
         <size>0xb0</size>
         <alignment>0x4</alignment>
         <input_file_ref idref="fl-4"/>
      </object_component>
      <object_component id="oc-2c3">
         <name>.text.scalbnf</name>
         <load_address>0x728c</load_address>
         <readonly>true</readonly>
         <executable>true</executable>
         <run_address>0x728c</run_address>
         <size>0xb0</size>
         <alignment>0x4</alignment>
         <input_file_ref idref="fl-57"/>
      </object_component>
      <object_component id="oc-150">
         <name>.text.SYSCFG_DL_UART_0_init</name>
         <load_address>0x733c</load_address>
         <readonly>true</readonly>
         <executable>true</executable>
         <run_address>0x733c</run_address>
         <size>0xa8</size>
         <alignment>0x4</alignment>
         <input_file_ref idref="fl-1"/>
      </object_component>
      <object_component id="oc-38c">
         <name>.text</name>
         <load_address>0x73e4</load_address>
         <readonly>true</readonly>
         <executable>true</executable>
         <run_address>0x73e4</run_address>
         <size>0xa2</size>
         <alignment>0x4</alignment>
         <input_file_ref idref="fl-12c"/>
      </object_component>
      <object_component id="oc-2a8">
         <name>.text.__aeabi_idiv0</name>
         <load_address>0x7486</load_address>
         <readonly>true</readonly>
         <executable>true</executable>
         <run_address>0x7486</run_address>
         <size>0x2</size>
         <alignment>0x2</alignment>
         <input_file_ref idref="fl-12f"/>
      </object_component>
      <object_component id="oc-240">
         <name>.text.Debug_Output</name>
         <load_address>0x7488</load_address>
         <readonly>true</readonly>
         <executable>true</executable>
         <run_address>0x7488</run_address>
         <size>0x9c</size>
         <alignment>0x4</alignment>
         <input_file_ref idref="fl-5"/>
      </object_component>
      <object_component id="oc-ae">
         <name>.text:memcpy</name>
         <load_address>0x7524</load_address>
         <readonly>true</readonly>
         <executable>true</executable>
         <run_address>0x7524</run_address>
         <size>0x9a</size>
         <alignment>0x1</alignment>
         <input_file_ref idref="fl-131"/>
      </object_component>
      <object_component id="oc-3e3">
         <name>.text.__aeabi_ldiv0</name>
         <load_address>0x75be</load_address>
         <readonly>true</readonly>
         <executable>true</executable>
         <run_address>0x75be</run_address>
         <size>0x2</size>
         <alignment>0x2</alignment>
         <input_file_ref idref="fl-12f"/>
      </object_component>
      <object_component id="oc-169">
         <name>.text.OLED_ColorTurn</name>
         <load_address>0x75c0</load_address>
         <readonly>true</readonly>
         <executable>true</executable>
         <run_address>0x75c0</run_address>
         <size>0x8c</size>
         <alignment>0x4</alignment>
         <input_file_ref idref="fl-12"/>
      </object_component>
      <object_component id="oc-16f">
         <name>.text.OLED_ShowString</name>
         <load_address>0x764c</load_address>
         <readonly>true</readonly>
         <executable>true</executable>
         <run_address>0x764c</run_address>
         <size>0x8c</size>
         <alignment>0x2</alignment>
         <input_file_ref idref="fl-12"/>
      </object_component>
      <object_component id="oc-14c">
         <name>.text.SYSCFG_DL_PWM_MOTOR_init</name>
         <load_address>0x76d8</load_address>
         <readonly>true</readonly>
         <executable>true</executable>
         <run_address>0x76d8</run_address>
         <size>0x8c</size>
         <alignment>0x4</alignment>
         <input_file_ref idref="fl-1"/>
      </object_component>
      <object_component id="oc-109">
         <name>.text.__mulsf3</name>
         <load_address>0x7764</load_address>
         <readonly>true</readonly>
         <executable>true</executable>
         <run_address>0x7764</run_address>
         <size>0x8c</size>
         <alignment>0x4</alignment>
         <input_file_ref idref="fl-119"/>
      </object_component>
      <object_component id="oc-410">
         <name>.text:strcmp</name>
         <load_address>0x77f0</load_address>
         <readonly>true</readonly>
         <executable>true</executable>
         <run_address>0x77f0</run_address>
         <size>0x88</size>
         <alignment>0x10</alignment>
         <input_file_ref idref="fl-133"/>
      </object_component>
      <object_component id="oc-17c">
         <name>.text.UI_Task1VideoTest</name>
         <load_address>0x7878</load_address>
         <readonly>true</readonly>
         <executable>true</executable>
         <run_address>0x7878</run_address>
         <size>0x84</size>
         <alignment>0x4</alignment>
         <input_file_ref idref="fl-b"/>
      </object_component>
      <object_component id="oc-1cf">
         <name>.text.__divsf3</name>
         <load_address>0x78fc</load_address>
         <readonly>true</readonly>
         <executable>true</executable>
         <run_address>0x78fc</run_address>
         <size>0x82</size>
         <alignment>0x4</alignment>
         <input_file_ref idref="fl-11a"/>
      </object_component>
      <object_component id="oc-267">
         <name>.text._nop</name>
         <load_address>0x797e</load_address>
         <readonly>true</readonly>
         <executable>true</executable>
         <run_address>0x797e</run_address>
         <size>0x2</size>
         <alignment>0x2</alignment>
         <input_file_ref idref="fl-48"/>
      </object_component>
      <object_component id="oc-ce">
         <name>.text.task3_run</name>
         <load_address>0x7980</load_address>
         <readonly>true</readonly>
         <executable>true</executable>
         <run_address>0x7980</run_address>
         <size>0x80</size>
         <alignment>0x4</alignment>
         <input_file_ref idref="fl-9"/>
      </object_component>
      <object_component id="oc-171">
         <name>.text.Key_Scan</name>
         <load_address>0x7a00</load_address>
         <readonly>true</readonly>
         <executable>true</executable>
         <run_address>0x7a00</run_address>
         <size>0x7c</size>
         <alignment>0x4</alignment>
         <input_file_ref idref="fl-e"/>
      </object_component>
      <object_component id="oc-148">
         <name>.text.SYSCFG_DL_initPower</name>
         <load_address>0x7a7c</load_address>
         <readonly>true</readonly>
         <executable>true</executable>
         <run_address>0x7a7c</run_address>
         <size>0x7c</size>
         <alignment>0x4</alignment>
         <input_file_ref idref="fl-1"/>
      </object_component>
      <object_component id="oc-35b">
         <name>.text.__TI_closefile</name>
         <load_address>0x7af8</load_address>
         <readonly>true</readonly>
         <executable>true</executable>
         <run_address>0x7af8</run_address>
         <size>0x7c</size>
         <alignment>0x4</alignment>
         <input_file_ref idref="fl-65"/>
      </object_component>
      <object_component id="oc-1c">
         <name>.text:decompress:lzss</name>
         <load_address>0x7b74</load_address>
         <readonly>true</readonly>
         <executable>true</executable>
         <run_address>0x7b74</run_address>
         <size>0x7c</size>
         <alignment>0x4</alignment>
         <input_file_ref idref="fl-55"/>
      </object_component>
      <object_component id="oc-6a">
         <name>.text.Encoder_GpioIrqHandler</name>
         <load_address>0x7bf0</load_address>
         <readonly>true</readonly>
         <executable>true</executable>
         <run_address>0x7bf0</run_address>
         <size>0x78</size>
         <alignment>0x4</alignment>
         <input_file_ref idref="fl-c"/>
      </object_component>
      <object_component id="oc-86">
         <name>.text.main</name>
         <load_address>0x7c68</load_address>
         <readonly>true</readonly>
         <executable>true</executable>
         <run_address>0x7c68</run_address>
         <size>0x78</size>
         <alignment>0x4</alignment>
         <input_file_ref idref="fl-3"/>
      </object_component>
      <object_component id="oc-3b0">
         <name>.text.__gedf2</name>
         <load_address>0x7ce0</load_address>
         <readonly>true</readonly>
         <executable>true</executable>
         <run_address>0x7ce0</run_address>
         <size>0x74</size>
         <alignment>0x4</alignment>
         <input_file_ref idref="fl-12e"/>
      </object_component>
      <object_component id="oc-174">
         <name>.text.Encoder_GetMs</name>
         <load_address>0x7d54</load_address>
         <readonly>true</readonly>
         <executable>true</executable>
         <run_address>0x7d54</run_address>
         <size>0xc</size>
         <alignment>0x4</alignment>
         <input_file_ref idref="fl-c"/>
      </object_component>
      <object_component id="oc-118">
         <name>.text.__truncdfsf2</name>
         <load_address>0x7d60</load_address>
         <readonly>true</readonly>
         <executable>true</executable>
         <run_address>0x7d60</run_address>
         <size>0x74</size>
         <alignment>0x10</alignment>
         <input_file_ref idref="fl-123"/>
      </object_component>
      <object_component id="oc-374">
         <name>.text.HOSTlseek</name>
         <load_address>0x7dd4</load_address>
         <readonly>true</readonly>
         <executable>true</executable>
         <run_address>0x7dd4</run_address>
         <size>0x6c</size>
         <alignment>0x4</alignment>
         <input_file_ref idref="fl-10e"/>
      </object_component>
      <object_component id="oc-37c">
         <name>.text.HOSTrename</name>
         <load_address>0x7e40</load_address>
         <readonly>true</readonly>
         <executable>true</executable>
         <run_address>0x7e40</run_address>
         <size>0x6c</size>
         <alignment>0x4</alignment>
         <input_file_ref idref="fl-111"/>
      </object_component>
      <object_component id="oc-31e">
         <name>.text.fseeko</name>
         <load_address>0x7eac</load_address>
         <readonly>true</readonly>
         <executable>true</executable>
         <run_address>0x7eac</run_address>
         <size>0x6c</size>
         <alignment>0x4</alignment>
         <input_file_ref idref="fl-5c"/>
      </object_component>
      <object_component id="oc-404">
         <name>.text.getdevice</name>
         <load_address>0x7f18</load_address>
         <readonly>true</readonly>
         <executable>true</executable>
         <run_address>0x7f18</run_address>
         <size>0x6c</size>
         <alignment>0x4</alignment>
         <input_file_ref idref="fl-130"/>
      </object_component>
      <object_component id="oc-296">
         <name>.text.Encoder_Init</name>
         <load_address>0x7f84</load_address>
         <readonly>true</readonly>
         <executable>true</executable>
         <run_address>0x7f84</run_address>
         <size>0x68</size>
         <alignment>0x4</alignment>
         <input_file_ref idref="fl-c"/>
      </object_component>
      <object_component id="oc-3aa">
         <name>.text.__ledf2</name>
         <load_address>0x7fec</load_address>
         <readonly>true</readonly>
         <executable>true</executable>
         <run_address>0x7fec</run_address>
         <size>0x68</size>
         <alignment>0x4</alignment>
         <input_file_ref idref="fl-12e"/>
      </object_component>
      <object_component id="oc-3a9">
         <name>.text._mcpy</name>
         <load_address>0x8054</load_address>
         <readonly>true</readonly>
         <executable>true</executable>
         <run_address>0x8054</run_address>
         <size>0x66</size>
         <alignment>0x2</alignment>
         <input_file_ref idref="fl-58"/>
      </object_component>
      <object_component id="oc-1e7">
         <name>.text.DL_SYSCTL_setHFCLKSourceHFXTParams</name>
         <load_address>0x80bc</load_address>
         <readonly>true</readonly>
         <executable>true</executable>
         <run_address>0x80bc</run_address>
         <size>0x64</size>
         <alignment>0x4</alignment>
         <input_file_ref idref="fl-28"/>
      </object_component>
      <object_component id="oc-2a3">
         <name>.text.Motor_Brake</name>
         <load_address>0x8120</load_address>
         <readonly>true</readonly>
         <executable>true</executable>
         <run_address>0x8120</run_address>
         <size>0x64</size>
         <alignment>0x4</alignment>
         <input_file_ref idref="fl-f"/>
      </object_component>
      <object_component id="oc-2d9">
         <name>.text.__TI_wrt_ok</name>
         <load_address>0x8184</load_address>
         <readonly>true</readonly>
         <executable>true</executable>
         <run_address>0x8184</run_address>
         <size>0x64</size>
         <alignment>0x2</alignment>
         <input_file_ref idref="fl-44"/>
      </object_component>
      <object_component id="oc-3b8">
         <name>.text.split</name>
         <load_address>0x81e8</load_address>
         <readonly>true</readonly>
         <executable>true</executable>
         <run_address>0x81e8</run_address>
         <size>0x64</size>
         <alignment>0x4</alignment>
         <input_file_ref idref="fl-4c"/>
      </object_component>
      <object_component id="oc-34c">
         <name>.text.__aeabi_dcmp</name>
         <load_address>0x824c</load_address>
         <readonly>true</readonly>
         <executable>true</executable>
         <run_address>0x824c</run_address>
         <size>0x62</size>
         <alignment>0x4</alignment>
         <input_file_ref idref="fl-124"/>
      </object_component>
      <object_component id="oc-11c">
         <name>.text.__aeabi_fcmp</name>
         <load_address>0x82b0</load_address>
         <readonly>true</readonly>
         <executable>true</executable>
         <run_address>0x82b0</run_address>
         <size>0x62</size>
         <alignment>0x4</alignment>
         <input_file_ref idref="fl-125"/>
      </object_component>
      <object_component id="oc-147">
         <name>.text:memset</name>
         <load_address>0x8312</load_address>
         <readonly>true</readonly>
         <executable>true</executable>
         <run_address>0x8312</run_address>
         <size>0x62</size>
         <alignment>0x1</alignment>
         <input_file_ref idref="fl-132"/>
      </object_component>
      <object_component id="oc-364">
         <name>.text.HOSTopen</name>
         <load_address>0x8374</load_address>
         <readonly>true</readonly>
         <executable>true</executable>
         <run_address>0x8374</run_address>
         <size>0x60</size>
         <alignment>0x4</alignment>
         <input_file_ref idref="fl-10f"/>
      </object_component>
      <object_component id="oc-151">
         <name>.text.SYSCFG_DL_UART_1_init</name>
         <load_address>0x83d4</load_address>
         <readonly>true</readonly>
         <executable>true</executable>
         <run_address>0x83d4</run_address>
         <size>0x60</size>
         <alignment>0x4</alignment>
         <input_file_ref idref="fl-1"/>
      </object_component>
      <object_component id="oc-184">
         <name>.text.Track_ReadMask</name>
         <load_address>0x8434</load_address>
         <readonly>true</readonly>
         <executable>true</executable>
         <run_address>0x8434</run_address>
         <size>0x60</size>
         <alignment>0x4</alignment>
         <input_file_ref idref="fl-10"/>
      </object_component>
      <object_component id="oc-21c">
         <name>.text.DL_I2C_fillControllerTXFIFO</name>
         <load_address>0x8494</load_address>
         <readonly>true</readonly>
         <executable>true</executable>
         <run_address>0x8494</run_address>
         <size>0x5e</size>
         <alignment>0x2</alignment>
         <input_file_ref idref="fl-24"/>
      </object_component>
      <object_component id="oc-247">
         <name>.text.BSP_Uart_ReadByte</name>
         <load_address>0x84f4</load_address>
         <readonly>true</readonly>
         <executable>true</executable>
         <run_address>0x84f4</run_address>
         <size>0x5c</size>
         <alignment>0x4</alignment>
         <input_file_ref idref="fl-11"/>
      </object_component>
      <object_component id="oc-253">
         <name>.text.Car_SetPidParam</name>
         <load_address>0x8550</load_address>
         <readonly>true</readonly>
         <executable>true</executable>
         <run_address>0x8550</run_address>
         <size>0x5c</size>
         <alignment>0x4</alignment>
         <input_file_ref idref="fl-4"/>
      </object_component>
      <object_component id="oc-78">
         <name>.text.Encoder_TickIrqHandler</name>
         <load_address>0x85ac</load_address>
         <readonly>true</readonly>
         <executable>true</executable>
         <run_address>0x85ac</run_address>
         <size>0x5c</size>
         <alignment>0x4</alignment>
         <input_file_ref idref="fl-c"/>
      </object_component>
      <object_component id="oc-183">
         <name>.text.UI_TaskGateTimer</name>
         <load_address>0x8608</load_address>
         <readonly>true</readonly>
         <executable>true</executable>
         <run_address>0x8608</run_address>
         <size>0x5c</size>
         <alignment>0x4</alignment>
         <input_file_ref idref="fl-b"/>
      </object_component>
      <object_component id="oc-391">
         <name>.text.frexp</name>
         <load_address>0x8664</load_address>
         <readonly>true</readonly>
         <executable>true</executable>
         <run_address>0x8664</run_address>
         <size>0x5c</size>
         <alignment>0x4</alignment>
         <input_file_ref idref="fl-62"/>
      </object_component>
      <object_component id="oc-36c">
         <name>.text.HOSTread</name>
         <load_address>0x86c0</load_address>
         <readonly>true</readonly>
         <executable>true</executable>
         <run_address>0x86c0</run_address>
         <size>0x58</size>
         <alignment>0x4</alignment>
         <input_file_ref idref="fl-110"/>
      </object_component>
      <object_component id="oc-370">
         <name>.text.HOSTwrite</name>
         <load_address>0x8718</load_address>
         <readonly>true</readonly>
         <executable>true</executable>
         <run_address>0x8718</run_address>
         <size>0x58</size>
         <alignment>0x4</alignment>
         <input_file_ref idref="fl-113"/>
      </object_component>
      <object_component id="oc-39d">
         <name>.text.__TI_ltoa</name>
         <load_address>0x8770</load_address>
         <readonly>true</readonly>
         <executable>true</executable>
         <run_address>0x8770</run_address>
         <size>0x58</size>
         <alignment>0x2</alignment>
         <input_file_ref idref="fl-5e"/>
      </object_component>
      <object_component id="oc-351">
         <name>.text._pconv_f</name>
         <load_address>0x87c8</load_address>
         <readonly>true</readonly>
         <executable>true</executable>
         <run_address>0x87c8</run_address>
         <size>0x58</size>
         <alignment>0x2</alignment>
         <input_file_ref idref="fl-58"/>
      </object_component>
      <object_component id="oc-2b7">
         <name>.text.__aeabi_idivmod</name>
         <load_address>0x8820</load_address>
         <readonly>true</readonly>
         <executable>true</executable>
         <run_address>0x8820</run_address>
         <size>0x56</size>
         <alignment>0x4</alignment>
         <input_file_ref idref="fl-126"/>
      </object_component>
      <object_component id="oc-14f">
         <name>.text.SYSCFG_DL_I2C_OLED_init</name>
         <load_address>0x8878</load_address>
         <readonly>true</readonly>
         <executable>true</executable>
         <run_address>0x8878</run_address>
         <size>0x54</size>
         <alignment>0x4</alignment>
         <input_file_ref idref="fl-1"/>
      </object_component>
      <object_component id="oc-b3">
         <name>.text.SYSCFG_DL_init</name>
         <load_address>0x88cc</load_address>
         <readonly>true</readonly>
         <executable>true</executable>
         <run_address>0x88cc</run_address>
         <size>0x54</size>
         <alignment>0x4</alignment>
         <input_file_ref idref="fl-1"/>
      </object_component>
      <object_component id="oc-2e3">
         <name>.text.__TI_doflush</name>
         <load_address>0x8920</load_address>
         <readonly>true</readonly>
         <executable>true</executable>
         <run_address>0x8920</run_address>
         <size>0x52</size>
         <alignment>0x2</alignment>
         <input_file_ref idref="fl-5a"/>
      </object_component>
      <object_component id="oc-3a7">
         <name>.text._ecpy</name>
         <load_address>0x8972</load_address>
         <readonly>true</readonly>
         <executable>true</executable>
         <run_address>0x8972</run_address>
         <size>0x52</size>
         <alignment>0x2</alignment>
         <input_file_ref idref="fl-58"/>
      </object_component>
      <object_component id="oc-297">
         <name>.text.Motor_Init</name>
         <load_address>0x89c4</load_address>
         <readonly>true</readonly>
         <executable>true</executable>
         <run_address>0x89c4</run_address>
         <size>0x50</size>
         <alignment>0x4</alignment>
         <input_file_ref idref="fl-f"/>
      </object_component>
      <object_component id="oc-3ba">
         <name>.text.close</name>
         <load_address>0x8a14</load_address>
         <readonly>true</readonly>
         <executable>true</executable>
         <run_address>0x8a14</run_address>
         <size>0x50</size>
         <alignment>0x4</alignment>
         <input_file_ref idref="fl-10b"/>
      </object_component>
      <object_component id="oc-28e">
         <name>.text.DL_DMA_initChannel</name>
         <load_address>0x8a64</load_address>
         <readonly>true</readonly>
         <executable>true</executable>
         <run_address>0x8a64</run_address>
         <size>0x4c</size>
         <alignment>0x4</alignment>
         <input_file_ref idref="fl-23"/>
      </object_component>
      <object_component id="oc-152">
         <name>.text.SYSCFG_DL_SPI_IMU_init</name>
         <load_address>0x8ab0</load_address>
         <readonly>true</readonly>
         <executable>true</executable>
         <run_address>0x8ab0</run_address>
         <size>0x4c</size>
         <alignment>0x4</alignment>
         <input_file_ref idref="fl-1"/>
      </object_component>
      <object_component id="oc-14d">
         <name>.text.SYSCFG_DL_TIMER_ENCODER_TICK_init</name>
         <load_address>0x8afc</load_address>
         <readonly>true</readonly>
         <executable>true</executable>
         <run_address>0x8afc</run_address>
         <size>0x4c</size>
         <alignment>0x4</alignment>
         <input_file_ref idref="fl-1"/>
      </object_component>
      <object_component id="oc-2cc">
         <name>.text.snprintf</name>
         <load_address>0x8b48</load_address>
         <readonly>true</readonly>
         <executable>true</executable>
         <run_address>0x8b48</run_address>
         <size>0x4c</size>
         <alignment>0x4</alignment>
         <input_file_ref idref="fl-42"/>
      </object_component>
      <object_component id="oc-29c">
         <name>.text.PID_Init</name>
         <load_address>0x8b94</load_address>
         <readonly>true</readonly>
         <executable>true</executable>
         <run_address>0x8b94</run_address>
         <size>0x4a</size>
         <alignment>0x2</alignment>
         <input_file_ref idref="fl-7"/>
      </object_component>
      <object_component id="oc-399">
         <name>.text.__fixdfsi</name>
         <load_address>0x8be0</load_address>
         <readonly>true</readonly>
         <executable>true</executable>
         <run_address>0x8be0</run_address>
         <size>0x4a</size>
         <alignment>0x4</alignment>
         <input_file_ref idref="fl-11d"/>
      </object_component>
      <object_component id="oc-20f">
         <name>.text.DL_UART_init</name>
         <load_address>0x8c2c</load_address>
         <readonly>true</readonly>
         <executable>true</executable>
         <run_address>0x8c2c</run_address>
         <size>0x48</size>
         <alignment>0x4</alignment>
         <input_file_ref idref="fl-27"/>
      </object_component>
      <object_component id="oc-368">
         <name>.text.HOSTclose</name>
         <load_address>0x8c74</load_address>
         <readonly>true</readonly>
         <executable>true</executable>
         <run_address>0x8c74</run_address>
         <size>0x48</size>
         <alignment>0x4</alignment>
         <input_file_ref idref="fl-10d"/>
      </object_component>
      <object_component id="oc-378">
         <name>.text.HOSTunlink</name>
         <load_address>0x8cbc</load_address>
         <readonly>true</readonly>
         <executable>true</executable>
         <run_address>0x8cbc</run_address>
         <size>0x48</size>
         <alignment>0x4</alignment>
         <input_file_ref idref="fl-112"/>
      </object_component>
      <object_component id="oc-215">
         <name>.text.DL_SPI_init</name>
         <load_address>0x8d04</load_address>
         <readonly>true</readonly>
         <executable>true</executable>
         <run_address>0x8d04</run_address>
         <size>0x44</size>
         <alignment>0x4</alignment>
         <input_file_ref idref="fl-25"/>
      </object_component>
      <object_component id="oc-1ef">
         <name>.text.DL_SYSCTL_switchMCLKfromSYSOSCtoHSCLK</name>
         <load_address>0x8d48</load_address>
         <readonly>true</readonly>
         <executable>true</executable>
         <run_address>0x8d48</run_address>
         <size>0x44</size>
         <alignment>0x4</alignment>
         <input_file_ref idref="fl-28"/>
      </object_component>
      <object_component id="oc-36">
         <name>.text.GROUP1_IRQHandler</name>
         <load_address>0x8d8c</load_address>
         <readonly>true</readonly>
         <executable>true</executable>
         <run_address>0x8d8c</run_address>
         <size>0x40</size>
         <alignment>0x4</alignment>
         <input_file_ref idref="fl-14"/>
      </object_component>
      <object_component id="oc-239">
         <name>.text.__aeabi_uidivmod</name>
         <load_address>0x8dcc</load_address>
         <readonly>true</readonly>
         <executable>true</executable>
         <run_address>0x8dcc</run_address>
         <size>0x40</size>
         <alignment>0x4</alignment>
         <input_file_ref idref="fl-129"/>
      </object_component>
      <object_component id="oc-105">
         <name>.text.__extendsfdf2</name>
         <load_address>0x8e0c</load_address>
         <readonly>true</readonly>
         <executable>true</executable>
         <run_address>0x8e0c</run_address>
         <size>0x40</size>
         <alignment>0x4</alignment>
         <input_file_ref idref="fl-11c"/>
      </object_component>
      <object_component id="oc-33a">
         <name>.text.atoi</name>
         <load_address>0x8e4c</load_address>
         <readonly>true</readonly>
         <executable>true</executable>
         <run_address>0x8e4c</run_address>
         <size>0x40</size>
         <alignment>0x4</alignment>
         <input_file_ref idref="fl-60"/>
      </object_component>
      <object_component id="oc-252">
         <name>.text.Car_GetPidParams</name>
         <load_address>0x8e8c</load_address>
         <readonly>true</readonly>
         <executable>true</executable>
         <run_address>0x8e8c</run_address>
         <size>0x3c</size>
         <alignment>0x4</alignment>
         <input_file_ref idref="fl-4"/>
      </object_component>
      <object_component id="oc-d8">
         <name>.text.Test_UartReceive</name>
         <load_address>0x8ec8</load_address>
         <readonly>true</readonly>
         <executable>true</executable>
         <run_address>0x8ec8</run_address>
         <size>0x3c</size>
         <alignment>0x4</alignment>
         <input_file_ref idref="fl-a"/>
      </object_component>
      <object_component id="oc-1ae">
         <name>.text.__floatsisf</name>
         <load_address>0x8f04</load_address>
         <readonly>true</readonly>
         <executable>true</executable>
         <run_address>0x8f04</run_address>
         <size>0x3c</size>
         <alignment>0x4</alignment>
         <input_file_ref idref="fl-120"/>
      </object_component>
      <object_component id="oc-1c5">
         <name>.text.__gtsf2</name>
         <load_address>0x8f40</load_address>
         <readonly>true</readonly>
         <executable>true</executable>
         <run_address>0x8f40</run_address>
         <size>0x3c</size>
         <alignment>0x4</alignment>
         <input_file_ref idref="fl-12b"/>
      </object_component>
      <object_component id="oc-e5">
         <name>.text:__TI_auto_init_nobinit_nopinit</name>
         <load_address>0x8f7c</load_address>
         <readonly>true</readonly>
         <executable>true</executable>
         <run_address>0x8f7c</run_address>
         <size>0x3c</size>
         <alignment>0x4</alignment>
         <input_file_ref idref="fl-50"/>
      </object_component>
      <object_component id="oc-1c0">
         <name>.text.__eqsf2</name>
         <load_address>0x8fb8</load_address>
         <readonly>true</readonly>
         <executable>true</executable>
         <run_address>0x8fb8</run_address>
         <size>0x3a</size>
         <alignment>0x4</alignment>
         <input_file_ref idref="fl-12b"/>
      </object_component>
      <object_component id="oc-1b7">
         <name>.text.__muldsi3</name>
         <load_address>0x8ff4</load_address>
         <readonly>true</readonly>
         <executable>true</executable>
         <run_address>0x8ff4</run_address>
         <size>0x3a</size>
         <alignment>0x4</alignment>
         <input_file_ref idref="fl-118"/>
      </object_component>
[...]
      </symbol>
      <symbol id="sm-4cc">
         <name>ldexpf</name>
         <value>0x728d</value>
         <object_component_ref idref="oc-2c3"/>
      </symbol>
      <symbol id="sm-515">
         <name>__TI_printfi</name>
         <value>0x2a05</value>
         <object_component_ref idref="oc-31d"/>
      </symbol>
      <symbol id="sm-520">
         <name>__TI_doflush</name>
         <value>0x8921</value>
         <object_component_ref idref="oc-2e3"/>
      </symbol>
      <symbol id="sm-52b">
         <name>__TI_cleanup</name>
         <value>0x90d9</value>
         <object_component_ref idref="oc-324"/>
      </symbol>
      <symbol id="sm-538">
         <name>fseek</name>
         <value>0x9975</value>
         <object_component_ref idref="oc-303"/>
      </symbol>
      <symbol id="sm-539">
         <name>fseeko</name>
         <value>0x7ead</value>
         <object_component_ref idref="oc-31e"/>
      </symbol>
      <symbol id="sm-53a">
         <name>__aeabi_ctype_table_</name>
         <value>0xb7f0</value>
         <object_component_ref idref="oc-2c7"/>
      </symbol>
      <symbol id="sm-53b">
         <name>__aeabi_ctype_table_C</name>
         <value>0xb7f0</value>
         <object_component_ref idref="oc-2c7"/>
      </symbol>
      <symbol id="sm-544">
         <name>__TI_ltoa</name>
         <value>0x8771</value>
         <object_component_ref idref="oc-39d"/>
      </symbol>
      <symbol id="sm-54f">
         <name>atoi</name>
         <value>0x8e4d</value>
         <object_component_ref idref="oc-33a"/>
      </symbol>
      <symbol id="sm-558">
         <name>memccpy</name>
         <value>0x952d</value>
         <object_component_ref idref="oc-333"/>
      </symbol>
      <symbol id="sm-562">
         <name>frexp</name>
         <value>0x8665</value>
         <object_component_ref idref="oc-391"/>
      </symbol>
      <symbol id="sm-563">
         <name>frexpl</name>
         <value>0x8665</value>
         <object_component_ref idref="oc-391"/>
      </symbol>
      <symbol id="sm-56d">
         <name>scalbn</name>
         <value>0x6d05</value>
         <object_component_ref idref="oc-395"/>
      </symbol>
      <symbol id="sm-56e">
         <name>ldexp</name>
         <value>0x6d05</value>
         <object_component_ref idref="oc-395"/>
      </symbol>
      <symbol id="sm-56f">
         <name>scalbnl</name>
         <value>0x6d05</value>
         <object_component_ref idref="oc-395"/>
      </symbol>
      <symbol id="sm-570">
         <name>ldexpl</name>
         <value>0x6d05</value>
         <object_component_ref idref="oc-395"/>
      </symbol>
      <symbol id="sm-579">
         <name>wcslen</name>
         <value>0x988d</value>
         <object_component_ref idref="oc-33e"/>
      </symbol>
      <symbol id="sm-584">
         <name>__TI_closefile</name>
         <value>0x7af9</value>
         <object_component_ref idref="oc-35b"/>
      </symbol>
      <symbol id="sm-58c">
         <name>HOSTexit</name>
         <value>0x99bb</value>
         <object_component_ref idref="oc-197"/>
      </symbol>
      <symbol id="sm-58d">
         <name>C$$EXIT</name>
         <value>0x99ba</value>
         <object_component_ref idref="oc-197"/>
      </symbol>
      <symbol id="sm-597">
         <name>write</name>
         <value>0x946d</value>
         <object_component_ref idref="oc-2df"/>
      </symbol>
      <symbol id="sm-59c">
         <name>_device</name>
         <value>0x20201ec0</value>
         <object_component_ref idref="oc-32d"/>
      </symbol>
      <symbol id="sm-59d">
         <name>_stream</name>
         <value>0x20201f38</value>
         <object_component_ref idref="oc-30f"/>
      </symbol>
      <symbol id="sm-5a6">
         <name>remove</name>
         <value>0x997d</value>
         <object_component_ref idref="oc-3be"/>
      </symbol>
      <symbol id="sm-5b1">
         <name>lseek</name>
         <value>0x9445</value>
         <object_component_ref idref="oc-353"/>
      </symbol>
      <symbol id="sm-5bb">
         <name>close</name>
         <value>0x8a15</value>
         <object_component_ref idref="oc-3ba"/>
      </symbol>
      <symbol id="sm-5c5">
         <name>unlink</name>
         <value>0x9329</value>
         <object_component_ref idref="oc-3f9"/>
      </symbol>
      <symbol id="sm-5cf">
         <name>HOSTclose</name>
         <value>0x8c75</value>
         <object_component_ref idref="oc-368"/>
      </symbol>
      <symbol id="sm-5d9">
         <name>HOSTlseek</name>
         <value>0x7dd5</value>
         <object_component_ref idref="oc-374"/>
      </symbol>
      <symbol id="sm-5e3">
         <name>HOSTopen</name>
         <value>0x8375</value>
         <object_component_ref idref="oc-364"/>
      </symbol>
      <symbol id="sm-5e4">
         <name>parmbuf</name>
         <value>0x20201568</value>
         <object_component_ref idref="oc-3cc"/>
      </symbol>
      <symbol id="sm-5ee">
         <name>HOSTread</name>
         <value>0x86c1</value>
         <object_component_ref idref="oc-36c"/>
      </symbol>
      <symbol id="sm-5ff">
         <name>HOSTrename</name>
         <value>0x7e41</value>
         <object_component_ref idref="oc-37c"/>
      </symbol>
      <symbol id="sm-609">
         <name>HOSTunlink</name>
         <value>0x8cbd</value>
         <object_component_ref idref="oc-378"/>
      </symbol>
      <symbol id="sm-613">
         <name>HOSTwrite</name>
         <value>0x8719</value>
         <object_component_ref idref="oc-370"/>
      </symbol>
      <symbol id="sm-621">
         <name>C$$IO$$</name>
         <value>0x916d</value>
         <object_component_ref idref="oc-3c5"/>
      </symbol>
      <symbol id="sm-622">
         <name>__TI_writemsg</name>
         <value>0x9141</value>
         <object_component_ref idref="oc-3c5"/>
      </symbol>
      <symbol id="sm-623">
         <name>__CIOBUF_</name>
         <value>0x20200fe0</value>
         <object_component_ref idref="oc-400"/>
      </symbol>
      <symbol id="sm-624">
         <name>__TI_readmsg</name>
         <value>0x910d</value>
         <object_component_ref idref="oc-3cb"/>
      </symbol>
      <symbol id="sm-625">
         <name>_CIOBUF_</name>
         <value>0x20200fe0</value>
         <object_component_ref idref="oc-400"/>
      </symbol>
      <symbol id="sm-62b">
         <name>__aeabi_fadd</name>
         <value>0x6de7</value>
         <object_component_ref idref="oc-124"/>
      </symbol>
      <symbol id="sm-62c">
         <name>__addsf3</name>
         <value>0x6de7</value>
         <object_component_ref idref="oc-124"/>
      </symbol>
      <symbol id="sm-62d">
         <name>__aeabi_fsub</name>
         <value>0x6ddd</value>
         <object_component_ref idref="oc-124"/>
      </symbol>
      <symbol id="sm-62e">
         <name>__subsf3</name>
         <value>0x6ddd</value>
         <object_component_ref idref="oc-124"/>
      </symbol>
      <symbol id="sm-637">
         <name>__aeabi_dadd</name>
         <value>0x558f</value>
         <object_component_ref idref="oc-fd"/>
      </symbol>
      <symbol id="sm-638">
         <name>__adddf3</name>
         <value>0x558f</value>
         <object_component_ref idref="oc-fd"/>
      </symbol>
      <symbol id="sm-639">
         <name>__aeabi_dsub</name>
         <value>0x5585</value>
         <object_component_ref idref="oc-fd"/>
      </symbol>
      <symbol id="sm-63a">
         <name>__subdf3</name>
         <value>0x5585</value>
         <object_component_ref idref="oc-fd"/>
      </symbol>
      <symbol id="sm-643">
         <name>__aeabi_dmul</name>
         <value>0x6989</value>
         <object_component_ref idref="oc-101"/>
      </symbol>
      <symbol id="sm-644">
         <name>__muldf3</name>
         <value>0x6989</value>
         <object_component_ref idref="oc-101"/>
      </symbol>
      <symbol id="sm-64a">
         <name>__muldsi3</name>
         <value>0x8ff5</value>
         <object_component_ref idref="oc-1b7"/>
      </symbol>
      <symbol id="sm-650">
         <name>__aeabi_fmul</name>
         <value>0x7765</value>
         <object_component_ref idref="oc-109"/>
      </symbol>
      <symbol id="sm-651">
         <name>__mulsf3</name>
         <value>0x7765</value>
         <object_component_ref idref="oc-109"/>
      </symbol>
      <symbol id="sm-65a">
         <name>__aeabi_fdiv</name>
         <value>0x78fd</value>
         <object_component_ref idref="oc-1cf"/>
      </symbol>
      <symbol id="sm-65b">
         <name>__divsf3</name>
         <value>0x78fd</value>
         <object_component_ref idref="oc-1cf"/>
      </symbol>
      <symbol id="sm-664">
         <name>__aeabi_ddiv</name>
         <value>0x6299</value>
         <object_component_ref idref="oc-114"/>
      </symbol>
      <symbol id="sm-665">
         <name>__divdf3</name>
         <value>0x6299</value>
         <object_component_ref idref="oc-114"/>
      </symbol>
      <symbol id="sm-66b">
         <name>__aeabi_f2d</name>
         <value>0x8e0d</value>
         <object_component_ref idref="oc-105"/>
      </symbol>
      <symbol id="sm-66c">
         <name>__extendsfdf2</name>
         <value>0x8e0d</value>
         <object_component_ref idref="oc-105"/>
      </symbol>
      <symbol id="sm-672">
         <name>__aeabi_d2iz</name>
         <value>0x8be1</value>
         <object_component_ref idref="oc-399"/>
      </symbol>
      <symbol id="sm-673">
         <name>__fixdfsi</name>
         <value>0x8be1</value>
         <object_component_ref idref="oc-399"/>
      </symbol>
      <symbol id="sm-679">
         <name>__aeabi_f2iz</name>
         <value>0x90a1</value>
         <object_component_ref idref="oc-2b2"/>
      </symbol>
      <symbol id="sm-67a">
         <name>__fixsfsi</name>
         <value>0x90a1</value>
         <object_component_ref idref="oc-2b2"/>
      </symbol>
      <symbol id="sm-680">
         <name>__aeabi_i2d</name>
         <value>0x92fd</value>
         <object_component_ref idref="oc-3a1"/>
      </symbol>
      <symbol id="sm-681">
         <name>__floatsidf</name>
         <value>0x92fd</value>
         <object_component_ref idref="oc-3a1"/>
      </symbol>
      <symbol id="sm-687">
         <name>__aeabi_i2f</name>
         <value>0x8f05</value>
         <object_component_ref idref="oc-1ae"/>
      </symbol>
      <symbol id="sm-688">
         <name>__floatsisf</name>
         <value>0x8f05</value>
         <object_component_ref idref="oc-1ae"/>
      </symbol>
      <symbol id="sm-68e">
         <name>__aeabi_ui2f</name>
         <value>0x93f5</value>
         <object_component_ref idref="oc-120"/>
      </symbol>
      <symbol id="sm-68f">
         <name>__floatunsisf</name>
         <value>0x93f5</value>
         <object_component_ref idref="oc-120"/>
      </symbol>
      <symbol id="sm-695">
         <name>__aeabi_lmul</name>
         <value>0x94e5</value>
         <object_component_ref idref="oc-342"/>
      </symbol>
      <symbol id="sm-696">
         <name>__muldi3</name>
         <value>0x94e5</value>
         <object_component_ref idref="oc-342"/>
      </symbol>
      <symbol id="sm-69d">
         <name>__aeabi_d2f</name>
         <value>0x7d61</value>
         <object_component_ref idref="oc-118"/>
      </symbol>
      <symbol id="sm-69e">
         <name>__truncdfsf2</name>
         <value>0x7d61</value>
         <object_component_ref idref="oc-118"/>
      </symbol>
      <symbol id="sm-6a4">
         <name>__aeabi_dcmpeq</name>
         <value>0x824d</value>
         <object_component_ref idref="oc-34c"/>
      </symbol>
      <symbol id="sm-6a5">
         <name>__aeabi_dcmplt</name>
         <value>0x8261</value>
         <object_component_ref idref="oc-34c"/>
      </symbol>
      <symbol id="sm-6a6">
         <name>__aeabi_dcmple</name>
         <value>0x8275</value>
         <object_component_ref idref="oc-34c"/>
      </symbol>
      <symbol id="sm-6a7">
         <name>__aeabi_dcmpge</name>
         <value>0x8289</value>
         <object_component_ref idref="oc-34c"/>
      </symbol>
      <symbol id="sm-6a8">
         <name>__aeabi_dcmpgt</name>
         <value>0x829d</value>
         <object_component_ref idref="oc-34c"/>
      </symbol>
      <symbol id="sm-6ae">
         <name>__aeabi_fcmpeq</name>
         <value>0x82b1</value>
         <object_component_ref idref="oc-11c"/>
      </symbol>
      <symbol id="sm-6af">
         <name>__aeabi_fcmplt</name>
         <value>0x82c5</value>
         <object_component_ref idref="oc-11c"/>
      </symbol>
      <symbol id="sm-6b0">
         <name>__aeabi_fcmple</name>
         <value>0x82d9</value>
         <object_component_ref idref="oc-11c"/>
      </symbol>
      <symbol id="sm-6b1">
         <name>__aeabi_fcmpge</name>
         <value>0x82ed</value>
         <object_component_ref idref="oc-11c"/>
      </symbol>
      <symbol id="sm-6b2">
         <name>__aeabi_fcmpgt</name>
         <value>0x8301</value>
         <object_component_ref idref="oc-11c"/>
      </symbol>
      <symbol id="sm-6b8">
         <name>__aeabi_idiv</name>
         <value>0x8821</value>
         <object_component_ref idref="oc-2b7"/>
      </symbol>
      <symbol id="sm-6b9">
         <name>__aeabi_idivmod</name>
         <value>0x8821</value>
         <object_component_ref idref="oc-2b7"/>
      </symbol>
      <symbol id="sm-6bf">
         <name>__aeabi_memcpy</name>
         <value>0x996d</value>
         <object_component_ref idref="oc-49"/>
      </symbol>
      <symbol id="sm-6c0">
         <name>__aeabi_memcpy4</name>
         <value>0x996d</value>
         <object_component_ref idref="oc-49"/>
      </symbol>
      <symbol id="sm-6c1">
         <name>__aeabi_memcpy8</name>
         <value>0x996d</value>
         <object_component_ref idref="oc-49"/>
      </symbol>
      <symbol id="sm-6ca">
         <name>__aeabi_memset</name>
         <value>0x98bd</value>
         <object_component_ref idref="oc-332"/>
      </symbol>
      <symbol id="sm-6cb">
         <name>__aeabi_memset4</name>
         <value>0x98bd</value>
         <object_component_ref idref="oc-332"/>
      </symbol>
      <symbol id="sm-6cc">
         <name>__aeabi_memset8</name>
         <value>0x98bd</value>
         <object_component_ref idref="oc-332"/>
      </symbol>
      <symbol id="sm-6cd">
         <name>__aeabi_memclr</name>
         <value>0x990d</value>
         <object_component_ref idref="oc-7d"/>
      </symbol>
      <symbol id="sm-6ce">
         <name>__aeabi_memclr4</name>
         <value>0x990d</value>
         <object_component_ref idref="oc-7d"/>
      </symbol>
      <symbol id="sm-6cf">
         <name>__aeabi_memclr8</name>
         <value>0x990d</value>
         <object_component_ref idref="oc-7d"/>
      </symbol>
      <symbol id="sm-6d5">
         <name>__aeabi_uidiv</name>
         <value>0x8dcd</value>
         <object_component_ref idref="oc-239"/>
      </symbol>
      <symbol id="sm-6d6">
         <name>__aeabi_uidivmod</name>
         <value>0x8dcd</value>
         <object_component_ref idref="oc-239"/>
      </symbol>
      <symbol id="sm-6dc">
         <name>__aeabi_uldivmod</name>
         <value>0x97d9</value>
         <object_component_ref idref="oc-347"/>
      </symbol>
      <symbol id="sm-6e5">
         <name>__eqsf2</name>
         <value>0x8fb9</value>
         <object_component_ref idref="oc-1c0"/>
      </symbol>
      <symbol id="sm-6e6">
         <name>__lesf2</name>
         <value>0x8fb9</value>
         <object_component_ref idref="oc-1c0"/>
      </symbol>
      <symbol id="sm-6e7">
         <name>__ltsf2</name>
         <value>0x8fb9</value>
         <object_component_ref idref="oc-1c0"/>
      </symbol>
      <symbol id="sm-6e8">
         <name>__nesf2</name>
         <value>0x8fb9</value>
         <object_component_ref idref="oc-1c0"/>
      </symbol>
      <symbol id="sm-6e9">
         <name>__cmpsf2</name>
         <value>0x8fb9</value>
         <object_component_ref idref="oc-1c0"/>
      </symbol>
      <symbol id="sm-6ea">
         <name>__gtsf2</name>
         <value>0x8f41</value>
         <object_component_ref idref="oc-1c5"/>
      </symbol>
      <symbol id="sm-6eb">
         <name>__gesf2</name>
         <value>0x8f41</value>
         <object_component_ref idref="oc-1c5"/>
      </symbol>
      <symbol id="sm-6f1">
         <name>__udivmoddi4</name>
         <value>0x73e5</value>
         <object_component_ref idref="oc-38c"/>
      </symbol>
      <symbol id="sm-6f7">
         <name>__aeabi_llsl</name>
         <value>0x95d1</value>
         <object_component_ref idref="oc-3e4"/>
      </symbol>
      <symbol id="sm-6f8">
         <name>__ashldi3</name>
         <value>0x95d1</value>
         <object_component_ref idref="oc-3e4"/>
      </symbol>
      <symbol id="sm-706">
         <name>__ledf2</name>
         <value>0x7fed</value>
         <object_component_ref idref="oc-3aa"/>
      </symbol>
      <symbol id="sm-707">
         <name>__gedf2</name>
         <value>0x7ce1</value>
         <object_component_ref idref="oc-3b0"/>
      </symbol>
      <symbol id="sm-708">
         <name>__cmpdf2</name>
         <value>0x7fed</value>
         <object_component_ref idref="oc-3aa"/>
      </symbol>
      <symbol id="sm-709">
         <name>__eqdf2</name>
         <value>0x7fed</value>
         <object_component_ref idref="oc-3aa"/>
      </symbol>
      <symbol id="sm-70a">
         <name>__ltdf2</name>
         <value>0x7fed</value>
         <object_component_ref idref="oc-3aa"/>
      </symbol>
      <symbol id="sm-70b">
         <name>__nedf2</name>
         <value>0x7fed</value>
         <object_component_ref idref="oc-3aa"/>
      </symbol>
      <symbol id="sm-70c">
         <name>__gtdf2</name>
         <value>0x7ce1</value>
         <object_component_ref idref="oc-3b0"/>
      </symbol>
      <symbol id="sm-718">
         <name>__aeabi_idiv0</name>
         <value>0x7487</value>
         <object_component_ref idref="oc-2a8"/>
      </symbol>
      <symbol id="sm-719">
         <name>__aeabi_ldiv0</name>
         <value>0x75bf</value>
         <object_component_ref idref="oc-3e3"/>
      </symbol>
      <symbol id="sm-727">
         <name>finddevice</name>
         <value>0x91a9</value>
         <object_component_ref idref="oc-40d"/>
      </symbol>
      <symbol id="sm-728">
         <name>getdevice</name>
         <value>0x7f19</value>
         <object_component_ref idref="oc-404"/>
      </symbol>
      <symbol id="sm-741">
         <name>memcpy</name>
         <value>0x7525</value>
         <object_component_ref idref="oc-ae"/>
      </symbol>
      <symbol id="sm-750">
         <name>memset</name>
         <value>0x8313</value>
         <object_component_ref idref="oc-147"/>
      </symbol>
      <symbol id="sm-758">
         <name>strcmp</name>
         <value>0x77f1</value>
         <object_component_ref idref="oc-410"/>
      </symbol>
      <symbol id="sm-759">
         <name>__TI_static_base__</name>
         <value>0x0</value>
      </symbol>
      <symbol id="sm-75d">
         <name>__mpu_init</name>
         <value>0x0</value>
      </symbol>
      <symbol id="sm-75e">
         <name>_system_post_cinit</name>
         <value>0x0</value>
      </symbol>
   </symbol_table>
   <title>Link successful</title>
</link_info>
