******************************************************************************
            TI ARM Clang Linker PC v4.0.4                      
******************************************************************************
>> Linked Wed Jul 22 20:50:41 2026

OUTPUT FILE NAME:   <2024_Question_H.out>
ENTRY POINT SYMBOL: "_c_int00_noargs"  address: 00008b51


MEMORY CONFIGURATION

         name            origin    length      used     unused   attr    fill
----------------------  --------  ---------  --------  --------  ----  --------
  FLASH                 00000000   00020000  0000aec0  00015140  R  X
  SRAM                  20200000   00008000  00001f7b  00006085  RW X
  BCR_CONFIG            41c00000   000000ff  00000000  000000ff  R   
  BSL_CONFIG            41c00100   00000080  00000000  00000080  R   


SEGMENT ALLOCATION MAP

run origin  load origin   length   init length attrs members
----------  ----------- ---------- ----------- ----- -------
00000000    00000000    0000aec0   0000aec0    r-x
  00000000    00000000    000000c0   000000c0    r-- .intvecs
  000000c0    000000c0    00008f30   00008f30    r-x .text
  00008ff0    00008ff0    00001e40   00001e40    r-- .rodata
  0000ae30    0000ae30    00000090   00000090    r-- .cinit
20200000    20200000    00001d7d   00000000    rw-
  20200000    20200000    0000137e   00000000    rw- .bss
  20201380    20201380    00000800   00000000    rw- .sysmem
  20201b80    20201b80    000001fd   00000000    rw- .data
20207e00    20207e00    00000200   00000000    rw-
  20207e00    20207e00    00000200   00000000    rw- .stack


SECTION ALLOCATION MAP

 output                                  attributes/
section   page    origin      length       input sections
--------  ----  ----------  ----------   ----------------
.intvecs   0    00000000    000000c0     
                  00000000    000000c0     startup_mspm0g350x_ticlang.o (.intvecs)

.text      0    000000c0    00008f30     
                  000000c0    000012a4     oled.o (.text.OLED_Init)
                  00001364    00000be4     imu.o (.text.IMU_sample)
                  00001f48    00000a90     oled.o (.text.OLED_Clear)
                  000029d8    000009d0     libc.a : _printfi.c.obj (.text:__TI_printfi)
                  000033a8    000002d0     ui.o (.text.UI_Process)
                  00003678    000002a8     ti_msp_dl_config.o (.text.SYSCFG_DL_SYSCTL_SYSPLL_init)
                  00003920    00000270     oled.o (.text.OLED_ShowChar)
                  00003b90    00000264     oled.o (.text.OLED_Refresh)
                  00003df4    00000220     libc.a : _printfi.c.obj (.text._pconv_a)
                  00004014    000001fc     pid_test.o (.text.PID_Test_Run)
                  00004210    000001dc     libc.a : _printfi.c.obj (.text._pconv_g)
                  000043ec    000001cc     test.o (.text.Test_IMU)
                  000045b8    000001c8     libc.a : s_atanf.c.obj (.text.atanf)
                  00004780    000001c4     bsp_icm42688.o (.text.ICM_Init)
                  00004944    000001a4     bsp_icm42688.o (.text.bsp_IcmGetRawData)
                  00004ae8    0000019c     line_track.o (.text.LineTrack_Run)
                  00004c84    00000192     libclang_rt.builtins.a : adddf3.S.obj (.text.adddf3_subdf3)
                  00004e16    00000002     startup_mspm0g350x_ticlang.o (.text.Default_Handler)
                  00004e18    00000170     libc.a : e_sqrt.c.obj (.text.sqrt)
                  00004f88    00000160            : e_asinf.c.obj (.text.asinf)
                  000050e8    00000158     ti_msp_dl_config.o (.text.SYSCFG_DL_GPIO_init)
                  00005240    0000013c     libc.a : _printfi.c.obj (.text.fcvt)
                  0000537c    00000120     oled.o (.text.OLED_DisplayTurn)
                  0000549c    00000120     libc.a : _printfi.c.obj (.text._pconv_e)
                  000055bc    00000118            : e_atan2f.c.obj (.text.atan2f)
                  000056d4    00000114            : memory.c.obj (.text.aligned_alloc)
                  000057e8    0000010c     libclang_rt.builtins.a : divdf3.S.obj (.text.__divdf3)
                  000058f4    00000104     driverlib.a : dl_timer.o (.text.DL_Timer_initFourCCPWMMode)
                  000059f8    000000fc                 : dl_timer.o (.text.DL_Timer_initTimerMode)
                  00005af4    000000f8     ui.o (.text.UI_Test_IMU)
                  00005bec    000000f8     libc.a : fputs.c.obj (.text.fputs)
                  00005ce4    000000e8            : memory.c.obj (.text.free)
                  00005dcc    000000e4     libclang_rt.builtins.a : muldf3.S.obj (.text.__muldf3)
                  00005eb0    000000e0     car.o (.text.Car_Update)
                  00005f90    000000e0     imu.o (.text.IMU_init)
                  00006070    000000e0     libc.a : setvbuf.c.obj (.text.setvbuf)
                  00006150    000000dc     driverlib.a : dl_sysctl_mspm0g1x0x_g3x0x.o (.text.DL_SYSCTL_configSYSPLL)
                  0000622c    000000d8     libc.a : s_scalbn.c.obj (.text.scalbn)
                  00006304    000000d8     libclang_rt.builtins.a : addsf3.S.obj (.text)
                  000063dc    000000d4     ti_msp_dl_config.o (.text.SYSCFG_DL_SYSCTL_init)
                  000064b0    000000d0     ui.o (.text.UI_Test_PID)
                  00006580    000000cc     ui.o (.text.UI_Test_Motor)
                  0000664c    000000c8     test.o (.text.Test_Motor)
                  00006714    000000c4     test.o (.text.Test_Track)
                  000067d8    000000c0     bsp_encoder.o (.text.encoder_gpio_irq_handler)
                  00006898    000000b8     line_track.o (.text.show_debug)
                  00006950    000000a2     libclang_rt.builtins.a : udivmoddi4.S.obj (.text)
                  000069f2    0000009e     pid.o (.text.PID_CalcIncTarget)
                  00006a90    0000009c     ti_msp_dl_config.o (.text.SYSCFG_DL_UART_0_init)
                  00006b2c    0000009c     bsp_icm42688.o (.text.bsp_IcmConfigDataReadyInt)
                  00006bc8    0000009a     libc.a : memcpy16.S.obj (.text:memcpy)
                  00006c62    00000002     libclang_rt.builtins.a : aeabi_div0.c.obj (.text.__aeabi_idiv0)
                  00006c64    00000098     oled.o (.text.OLED_ColorTurn)
                  00006cfc    0000008c     oled.o (.text.OLED_ShowString)
                  00006d88    0000008c     ti_msp_dl_config.o (.text.SYSCFG_DL_PWM_MOTOR_init)
                  00006e14    0000008c     libclang_rt.builtins.a : mulsf3.S.obj (.text.__mulsf3)
                  00006ea0    00000088     libc.a : strcmp-armv6m.S.obj (.text:strcmp)
                  00006f28    00000082     libclang_rt.builtins.a : divsf3.S.obj (.text.__divsf3)
                  00006faa    00000002                            : aeabi_div0.c.obj (.text.__aeabi_ldiv0)
                  00006fac    00000080     bsp_key.o (.text.Key_Scan)
                  0000702c    00000080     bsp_motor.o (.text.Motor_SetDuty)
                  000070ac    00000080     ui.o (.text.UI_Test_PIDSelect)
                  0000712c    0000007c     ti_msp_dl_config.o (.text.SYSCFG_DL_initPower)
                  000071a8    0000007c     libc.a : fclose.c.obj (.text.__TI_closefile)
                  00007224    0000007c            : copy_decompress_lzss.c.obj (.text:decompress:lzss)
                  000072a0    00000074     libclang_rt.builtins.a : comparedf2.c.obj (.text.__gedf2)
                  00007314    0000000c                            : aeabi_memset.S.obj (.text.__aeabi_memclr)
                  00007320    00000074                            : truncdfsf2.S.obj (.text.__truncdfsf2)
                  00007394    00000070     bsp_uart.o (.text.BSP_Uart_Write)
                  00007404    00000070     car.o (.text.Car_Init)
                  00007474    0000006c     libsysbm.a : hostlseek.c.obj (.text.HOSTlseek)
                  000074e0    0000006c                : hostrename.c.obj (.text.HOSTrename)
                  0000754c    0000006c     libc.a : fseek.c.obj (.text.fseeko)
                  000075b8    0000006c            : getdevice.c.obj (.text.getdevice)
                  00007624    00000068     bsp_track.o (.text.Track_ReadMask)
                  0000768c    00000068     libclang_rt.builtins.a : comparedf2.c.obj (.text.__ledf2)
                  000076f4    00000066     libc.a : _printfi.c.obj (.text._mcpy)
                  0000775a    00000066     board.o (.text.lc_printf)
                  000077c0    00000064     driverlib.a : dl_sysctl_mspm0g1x0x_g3x0x.o (.text.DL_SYSCTL_setHFCLKSourceHFXTParams)
                  00007824    00000064     ti_msp_dl_config.o (.text.SYSCFG_DL_UART_1_init)
                  00007888    00000064     libc.a : _io_perm.c.obj (.text.__TI_wrt_ok)
                  000078ec    00000064     main.o (.text.main)
                  00007950    00000064     libc.a : memory.c.obj (.text.split)
                  000079b4    00000062     libclang_rt.builtins.a : aeabi_dcmp.S.obj (.text.__aeabi_dcmp)
                  00007a16    00000002     libc.a : _lock.c.obj (.text._nop)
                  00007a18    00000062     libclang_rt.builtins.a : aeabi_fcmp.S.obj (.text.__aeabi_fcmp)
                  00007a7a    00000062     libc.a : memset16.S.obj (.text:memset)
                  00007adc    00000060     libsysbm.a : hostopen.c.obj (.text.HOSTopen)
                  00007b3c    0000005e     driverlib.a : dl_i2c.o (.text.DL_I2C_fillControllerTXFIFO)
                  00007b9a    00000002     --HOLE-- [fill = 0]
                  00007b9c    0000005c     bsp_uart.o (.text.BSP_Uart_IRQHandler)
                  00007bf8    0000005c     libc.a : s_frexp.c.obj (.text.frexp)
                  00007c54    0000005c            : printf.c.obj (.text.printf)
                  00007cb0    00000058     libsysbm.a : hostread.c.obj (.text.HOSTread)
                  00007d08    00000058                : hostwrite.c.obj (.text.HOSTwrite)
                  00007d60    00000058     libc.a : _ltoa.c.obj (.text.__TI_ltoa)
                  00007db8    00000058            : _printfi.c.obj (.text._pconv_f)
                  00007e10    00000056     libclang_rt.builtins.a : aeabi_idivmod.S.obj (.text.__aeabi_idivmod)
                  00007e66    00000002     --HOLE-- [fill = 0]
                  00007e68    00000054     driverlib.a : dl_uart.o (.text.DL_UART_fillTXFIFO)
                  00007ebc    00000054     ti_msp_dl_config.o (.text.SYSCFG_DL_I2C_OLED_init)
                  00007f10    00000052     libc.a : fflush.c.obj (.text.__TI_doflush)
                  00007f62    00000052            : _printfi.c.obj (.text._ecpy)
                  00007fb4    00000050     ti_msp_dl_config.o (.text.SYSCFG_DL_init)
                  00008004    00000050     test.o (.text.Test_UartReceive)
                  00008054    00000050     libsysbm.a : close.c.obj (.text.close)
                  000080a4    0000004c     ti_msp_dl_config.o (.text.SYSCFG_DL_SPI_IMU_init)
                  000080f0    0000004c     ti_msp_dl_config.o (.text.SYSCFG_DL_TIMER_ENCODER_TICK_init)
                  0000813c    0000004c     test.o (.text.Test_OLED)
                  00008188    0000004c     libc.a : snprintf.c.obj (.text.snprintf)
                  000081d4    0000004a     pid.o (.text.PID_Init)
                  0000821e    00000002     --HOLE-- [fill = 0]
                  00008220    0000004a     libclang_rt.builtins.a : fixdfsi.S.obj (.text.__fixdfsi)
                  0000826a    00000002     --HOLE-- [fill = 0]
                  0000826c    00000048     driverlib.a : dl_uart.o (.text.DL_UART_init)
                  000082b4    00000048     libsysbm.a : hostclose.c.obj (.text.HOSTclose)
                  000082fc    00000048                : hostunlink.c.obj (.text.HOSTunlink)
                  00008344    00000044     bsp_uart.o (.text.BSP_Uart_Read)
                  00008388    00000044     driverlib.a : dl_spi.o (.text.DL_SPI_init)
                  000083cc    00000044                 : dl_sysctl_mspm0g1x0x_g3x0x.o (.text.DL_SYSCTL_switchMCLKfromSYSOSCtoHSCLK)
                  00008410    00000044     bsp_motor.o (.text.Motor_Init)
                  00008454    00000040     bsp_uart.o (.text.BSP_Uart_WriteByte)
                  00008494    00000040     board_irq.o (.text.GROUP1_IRQHandler)
                  000084d4    00000040     libclang_rt.builtins.a : aeabi_uidivmod.S.obj (.text.__aeabi_uidivmod)
                  00008514    00000040                            : extendsfdf2.S.obj (.text.__extendsfdf2)
                  00008554    00000040     libc.a : atoi.c.obj (.text.atoi)
                  00008594    00000040            : vsnprintf.c.obj (.text.vsnprintf)
                  000085d4    0000003c     bsp_uart.o (.text.BSP_Uart_Init)
                  00008610    0000003c     ui.o (.text.UI_Test_OLED)
                  0000864c    0000003c     libclang_rt.builtins.a : floatsisf.S.obj (.text.__floatsisf)
                  00008688    0000003c                            : comparesf2.S.obj (.text.__gtsf2)
                  000086c4    0000003c     libc.a : autoinit.c.obj (.text:__TI_auto_init_nobinit_nopinit)
                  00008700    0000003a     libclang_rt.builtins.a : comparesf2.S.obj (.text.__eqsf2)
                  0000873a    00000002     --HOLE-- [fill = 0]
                  0000873c    0000003a                            : muldsi3.S.obj (.text.__muldsi3)
                  00008776    00000002     --HOLE-- [fill = 0]
                  00008778    00000038     ti_msp_dl_config.o (.text.SYSCFG_DL_TIMER_IMU_TICK_init)
                  000087b0    00000038     libclang_rt.builtins.a : fixsfsi.S.obj (.text.__fixsfsi)
                  000087e8    00000034     libc.a : fopen.c.obj (.text.__TI_cleanup)
                  0000881c    00000034     libsysbm.a : trgmsg.c.obj (.text.__TI_readmsg)
                  00008850    00000034                : trgmsg.c.obj (.text.__TI_writemsg)
                  00008884    00000034     libc.a : exit.c.obj (.text.exit)
                  000088b8    00000034            : getdevice.c.obj (.text.finddevice)
                  000088ec    00000030     car.o (.text.Car_Stop)
                  0000891c    00000030     driverlib.a : dl_spi.o (.text.DL_SPI_transmitDataBlocking8)
                  0000894c    00000030     libc.a : _printfi.c.obj (.text._fcpy)
                  0000897c    00000030            : snprintf.c.obj (.text._outs)
                  000089ac    00000030            : vsnprintf.c.obj (.text._outs)
                  000089dc    0000002c     bsp_motor.o (.text.Motor_Stop)
                  00008a08    0000002c     libclang_rt.builtins.a : floatsidf.S.obj (.text.__floatsidf)
                  00008a34    0000002c     libsysbm.a : unlink.c.obj (.text.unlink)
                  00008a60    00000028     ti_msp_dl_config.o (.text.SYSCFG_DL_SYSCTL_CLK_init)
                  00008a88    00000028     libclang_rt.builtins.a : floatunsisf.S.obj (.text.__floatunsisf)
                  00008ab0    00000028     bsp_encoder.o (.text.encoder_tick_irq_handler)
                  00008ad8    00000028     libc.a : memory.c.obj (.text.free_list_insert)
                  00008b00    00000028     libsysbm.a : lseek.c.obj (.text.lseek)
                  00008b28    00000028                : write.c.obj (.text.write)
                  00008b50    00000028     libc.a : boot_cortex_m.c.obj (.text:_c_int00_noargs)
                  00008b78    00000026     driverlib.a : dl_i2c.o (.text.DL_I2C_setClockConfig)
                  00008b9e    00000002     --HOLE-- [fill = 0]
                  00008ba0    00000024     ui.o (.text.UI_IMU_Calibrating)
                  00008bc4    00000024     libclang_rt.builtins.a : muldi3.S.obj (.text.__muldi3)
                  00008be8    00000024     libc.a : fputs.c.obj (.text.puts)
                  00008c0c    00000022            : memccpy.c.obj (.text.memccpy)
                  00008c2e    00000002     --HOLE-- [fill = 0]
                  00008c30    00000020     driverlib.a : dl_spi.o (.text.DL_SPI_receiveDataBlocking8)
                  00008c50    00000020     imu.o (.text.IMU_resetTimestamp)
                  00008c70    00000020     bsp_key.o (.text.Key_Init)
                  00008c90    0000001e     libclang_rt.builtins.a : ashldi3.S.obj (.text.__ashldi3)
                  00008cae    00000002     --HOLE-- [fill = 0]
                  00008cb0    0000001c     driverlib.a : dl_sysctl_mspm0g1x0x_g3x0x.o (.text.DL_SYSCTL_configFCC)
                  00008ccc    0000001c                 : dl_timer.o (.text.DL_Timer_setCaptCompUpdateMethod)
                  00008ce8    0000001c                 : dl_timer.o (.text.DL_Timer_setClockConfig)
                  00008d04    0000001c     bsp_encoder.o (.text.encoder_init)
                  00008d20    0000001c     libc.a : memory.c.obj (.text.free_list_remove)
                  00008d3c    0000001a     ui.o (.text.UI_Init)
                  00008d56    00000002     --HOLE-- [fill = 0]
                  00008d58    00000018     driverlib.a : dl_timer.o (.text.DL_Timer_setCaptureCompareOutCtl)
                  00008d70    00000018     imu.o (.text.IMU_getYawPitchRoll)
                  00008d88    00000018     board_irq.o (.text.TIMG0_IRQHandler)
                  00008da0    00000018     libc.a : snprintf.c.obj (.text._outc)
                  00008db8    00000018            : vsnprintf.c.obj (.text._outc)
                  00008dd0    00000014     bsp_uart.o (.text.BSP_Uart_FlushRx)
                  00008de4    00000014     imu.o (.text.IMU_dataReadyIrqHandler)
                  00008df8    00000014     libclang_rt.builtins.a : aeabi_uldivmod.S.obj (.text.__aeabi_uldivmod)
                  00008e0c    00000014     bsp_encoder.o (.text.encoder_get_count)
                  00008e20    00000014     libc.a : _printfi.c.obj (.text.strchr)
                  00008e34    00000012     driverlib.a : dl_spi.o (.text.DL_SPI_setClockConfig)
                  00008e46    00000012                 : dl_uart.o (.text.DL_UART_setClockConfig)
                  00008e58    00000012     pid.o (.text.PID_Reset)
                  00008e6a    00000012     libc.a : copy_decompress_none.c.obj (.text:decompress:none)
                  00008e7c    00000010     car.o (.text.Car_SetSpeed)
                  00008e8c    00000010     driverlib.a : dl_timer.o (.text.DL_Timer_setCaptureCompareValue)
                  00008e9c    00000010     board.o (.text.delay_ms)
                  00008eac    00000010     libc.a : wcslen.c.obj (.text.wcslen)
                  00008ebc    00000010            : copy_zero_init.c.obj (.text:decompress:ZI)
                  00008ecc    0000000e            : memory.c.obj (.text.OUTLINED_FUNCTION_0)
                  00008eda    00000002     --HOLE-- [fill = 0]
                  00008edc    0000000e     libclang_rt.builtins.a : aeabi_memset.S.obj (.text.__aeabi_memset)
                  00008eea    0000000e     board.o (.text.fputc)
                  00008ef8    0000000e     libsysbm.a : hostrename.c.obj (.text.strcpy)
                  00008f06    0000000e     libc.a : _printfi.c.obj (.text.strlen)
                  00008f14    0000000e     libsysbm.a : hostrename.c.obj (.text.strlen)
                  00008f22    0000000c     libc.a : memory.c.obj (.text.malloc)
                  00008f2e    0000000a     driverlib.a : dl_common.o (.text.DL_Common_delayCycles)
                  00008f38    0000000a     libc.a : _printfi.c.obj (.text.OUTLINED_FUNCTION_0)
                  00008f42    00000002     --HOLE-- [fill = 0]
                  00008f44    00000010     libclang_rt.builtins.a : adddf3.S.obj (.tramp.__aeabi_dsub.1)
                  00008f54    0000000a     libc.a : _printfi.c.obj (.text.OUTLINED_FUNCTION_1)
                  00008f5e    00000008     board_irq.o (.text.UART0_IRQHandler)
                  00008f66    00000002     --HOLE-- [fill = 0]
                  00008f68    00000008     libc.a : aeabi_portable.c.obj (.text.__aeabi_errno_addr)
                  00008f70    00000008     libclang_rt.builtins.a : aeabi_memcpy.S.obj (.text.__aeabi_memcpy)
                  00008f78    00000008     libc.a : printf.c.obj (.text._outc)
                  00008f80    00000008            : printf.c.obj (.text._outs)
                  00008f88    00000008            : fseek.c.obj (.text.fseek)
                  00008f90    00000008     libsysbm.a : remove.c.obj (.text.remove)
                  00008f98    00000006     libc.a : e_asinf.c.obj (.text.OUTLINED_FUNCTION_0)
                  00008f9e    00000002     --HOLE-- [fill = 0]
                  00008fa0    00000010     libclang_rt.builtins.a : mulsf3.S.obj (.tramp.__aeabi_fmul.1)
                  00008fb0    00000006     libc.a : s_atanf.c.obj (.text.OUTLINED_FUNCTION_0)
                  00008fb6    00000002     --HOLE-- [fill = 0]
                  00008fb8    00000010     libclang_rt.builtins.a : divsf3.S.obj (.tramp.__aeabi_fdiv.1)
                  00008fc8    00000006     libc.a : exit.c.obj (.text:abort)
                  00008fce    00000004     libsysbm.a : hostexit.c.obj (.text.HOSTexit)
                  00008fd2    00000004     libc.a : s_atanf.c.obj (.text.OUTLINED_FUNCTION_1)
                  00008fd6    00000002     --HOLE-- [fill = 0]
                  00008fd8    00000010     libclang_rt.builtins.a : addsf3.S.obj (.tramp.__aeabi_fadd.1)
                  00008fe8    00000004     startup_mspm0g350x_ticlang.o (.text.Reset_Handler)
                  00008fec    00000004     libc.a : pre_init.c.obj (.text._system_pre_init)

.cinit     0    0000ae30    00000090     
                  0000ae30    0000006a     (.cinit..data.load) [load image, compression = lzss]
                  0000ae9a    00000002     --HOLE-- [fill = 0]
                  0000ae9c    0000000c     (__TI_handler_table)
                  0000aea8    00000008     (.cinit..bss.load) [load image, compression = zero_init]
                  0000aeb0    00000010     (__TI_cinit_table)

.rodata    0    00008ff0    00001e40     
                  00008ff0    00000d5c     oled.o (.rodata.asc2_2412)
                  00009d4c    000005f0     oled.o (.rodata.asc2_1608)
                  0000a33c    00000474     oled.o (.rodata.asc2_1206)
                  0000a7b0    00000228     oled.o (.rodata.asc2_0806)
                  0000a9d8    00000008     ti_msp_dl_config.o (.rodata.gPWM_MOTORConfig)
                  0000a9e0    00000101     libc.a : aeabi_ctype.S.obj (.rodata:__aeabi_ctype_table_)
                  0000aae1    00000033     pid_test.o (.rodata.str1.5665948903106085882.1)
                  0000ab14    00000032     line_track.o (.rodata.str1.11544810395605688288.1)
                  0000ab46    00000002     ti_msp_dl_config.o (.rodata.gI2C_OLEDClockConfig)
                  0000ab48    00000028     ti_msp_dl_config.o (.rodata.gSYSPLLConfig)
                  0000ab70    00000022     bsp_icm42688.o (.rodata.str1.3303857925305016434.1)
                  0000ab92    00000002     ti_msp_dl_config.o (.rodata.gSPI_IMU_clockConfig)
                  0000ab94    00000020     libc.a : s_atanf.c.obj (.rodata.cst16)
                  0000abb4    00000020     test.o (.rodata.str1.8561413997158259161.1)
                  0000abd4    0000001c     ui.o (.rodata.TASK_NAMES)
                  0000abf0    0000001c     test.o (.rodata.str1.13195311622662957337.1)
                  0000ac0c    0000001a     test.o (.rodata.str1.2354853713941228107.1)
                  0000ac26    00000018     bsp_icm42688.o (.rodata.str1.8744048052793523222.1)
                  0000ac3e    00000002     ti_msp_dl_config.o (.rodata.gUART_0ClockConfig)
                  0000ac40    00000014     ti_msp_dl_config.o (.rodata.gTIMER_ENCODER_TICKTimerConfig)
                  0000ac54    00000014     ti_msp_dl_config.o (.rodata.gTIMER_IMU_TICKTimerConfig)
                  0000ac68    00000013     imu.o (.rodata.str1.9428666095146271677.1)
                  0000ac7b    00000012     imu.o (.rodata.str1.17528443696524096877.1)
                  0000ac8d    00000011     libc.a : _printfi.c.obj (.rodata.str1.10348868589481759720.1)
                  0000ac9e    00000011            : _printfi.c.obj (.rodata.str1.15363888844622738466.1)
                  0000acaf    00000011     ui.o (.rodata.str1.5166644178498611065.1)
                  0000acc0    0000000f     ui.o (.rodata.str1.17031883247104657135.1)
                  0000accf    0000000e     line_track.o (.rodata.str1.16445900914743069523.1)
                  0000acdd    0000000e     ui.o (.rodata.str1.17415414935790197071.1)
                  0000aceb    0000000e     line_track.o (.rodata.str1.6843172281837640079.1)
                  0000acf9    0000000d     ui.o (.rodata.str1.15331705689480486164.1)
                  0000ad06    0000000c     ui.o (.rodata.str1.18422242010780415091.1)
                  0000ad12    0000000c     ui.o (.rodata.str1.6556227232481451889.1)
                  0000ad1e    0000000b     line_track.o (.rodata.str1.13837349666232603103.1)
                  0000ad29    0000000b     main.o (.rodata.str1.15159059442110792349.1)
                  0000ad34    0000000b     ui.o (.rodata.str1.2353091652050744637.1)
                  0000ad3f    0000000b     test.o (.rodata.str1.2458067536081349416.1)
                  0000ad4a    0000000a     ti_msp_dl_config.o (.rodata.gSPI_IMU_config)
                  0000ad54    0000000a     ti_msp_dl_config.o (.rodata.gUART_0Config)
                  0000ad5e    0000000a     ti_msp_dl_config.o (.rodata.gUART_1Config)
                  0000ad68    0000000a     ui.o (.rodata.str1.13322120658912713974.1)
                  0000ad72    0000000a     ui.o (.rodata.str1.9251054429472116405.1)
                  0000ad7c    00000009     ui.o (.rodata.str1.10670005101650699052.1)
                  0000ad85    00000009     ui.o (.rodata.str1.6127180906150832197.1)
                  0000ad8e    00000009     ui.o (.rodata.str1.923739138066134375.1)
                  0000ad97    00000008     ui.o (.rodata.str1.10552206217034255067.1)
                  0000ad9f    00000008     ui.o (.rodata.str1.12538281454058622509.1)
                  0000ada7    00000008     ui.o (.rodata.str1.13809511256502353896.1)
                  0000adaf    00000007     ui.o (.rodata.str1.15113438842254453316.1)
                  0000adb6    00000007     ui.o (.rodata.str1.5190044239938996863.1)
                  0000adbd    00000007     ui.o (.rodata.str1.5634510424120072891.1)
                  0000adc4    00000006     pid_test.o (.rodata.str1.13094852562448038190.1)
                  0000adca    00000006     ui.o (.rodata.str1.14496071923412508607.1)
                  0000add0    00000006     ui.o (.rodata.str1.18238964237711364483.1)
                  0000add6    00000006     ui.o (.rodata.str1.2888166755724466024.1)
                  0000addc    00000006     main.o (.rodata.str1.8154729771448623357.1)
                  0000ade2    00000005     ui.o (.rodata.str1.10911223399804757918.1)
                  0000ade7    00000005     ui.o (.rodata.str1.11077298307567842664.1)
                  0000adec    00000005     test.o (.rodata.str1.1335728812356649372.1)
                  0000adf1    00000005     ui.o (.rodata.str1.13859983818639867517.1)
                  0000adf6    00000005     ui.o (.rodata.str1.15637176569795571027.1)
                  0000adfb    00000005     ui.o (.rodata.str1.16967780072679918227.1)
                  0000ae00    00000005     pid_test.o (.rodata.str1.5675911131888958868.1)
                  0000ae05    00000005     line_track.o (.rodata.str1.7392585120159404991.1)
                  0000ae0a    00000004     ui.o (.rodata.str1.10745562561331740724.1)
                  0000ae0e    00000004     ui.o (.rodata.str1.12487468500324041522.1)
                  0000ae12    00000004     line_track.o (.rodata.str1.6141707093615415823.1)
                  0000ae16    00000003     ti_msp_dl_config.o (.rodata.gPWM_MOTORClockConfig)
                  0000ae19    00000003     ti_msp_dl_config.o (.rodata.gTIMER_ENCODER_TICKClockConfig)
                  0000ae1c    00000003     ti_msp_dl_config.o (.rodata.gTIMER_IMU_TICKClockConfig)
                  0000ae1f    00000003     ui.o (.rodata.str1.3893798385513951058.1)
                  0000ae22    00000003     ui.o (.rodata.str1.5005294172275454783.1)
                  0000ae25    00000003     ui.o (.rodata.str1.843315077082427632.1)
                  0000ae28    00000002     ti_msp_dl_config.o (.rodata.gUART_1ClockConfig)
                  0000ae2a    00000002     libc.a : fputs.c.obj (.rodata.str1.16607721268415185390.1)
                  0000ae2c    00000004     --HOLE-- [fill = 0]

.init_array 
*          0    00000000    00000000     UNINITIALIZED

.binit     0    00000000    00000000     

.bss       0    20200000    0000137e     UNINITIALIZED
                  20200000    00000960     imu.o (.bss.gyro_hist)
                  20200960    00000480     (.common:OLED_GRAM)
                  20200de0    00000120     libsysbm.a : trgmsg.c.obj (.bss:_CIOBUF_)
                  20200f00    00000100     bsp_uart.o (.bss.rx_buf)
                  20201000    000000bc     (.common:gPWM_MOTORBackup)
                  202010bc    000000bc     (.common:gTIMER_IMU_TICKBackup)
                  20201178    000000a0     libc.a : defs.c.obj (.bss.__TI_tmpnams)
                  20201218    00000070     car.o (.bss.car)
                  20201288    00000028     (.common:gSPI_IMUBackup)
                  202012b0    00000020     bsp_encoder.o (.bss.encoder)
                  202012d0    00000018     imu.o (.bss.gyro_sqr_sum)
                  202012e8    00000018     imu.o (.bss.gyro_sum)
                  20201300    0000000c     imu.o (.bss.gyro_offset)
                  2020130c    0000000c     imu.o (.bss.ypr)
                  20201318    0000000c     (.common:accval)
                  20201324    0000000c     (.common:gyroval)
                  20201330    0000000c     (.common:north)
                  2020133c    0000000c     (.common:west)
                  20201348    00000008     libsysbm.a : hostopen.c.obj (.bss.parmbuf)
                  20201350    00000004     imu.o (.bss.exInt)
                  20201354    00000004     imu.o (.bss.eyInt)
                  20201358    00000004     imu.o (.bss.ezInt)
                  2020135c    00000004     imu.o (.bss.lastUpdate)
                  20201360    00000004     imu.o (.bss.now)
                  20201364    00000004     imu.o (.bss.q0)
                  20201368    00000004     imu.o (.bss.q1)
                  2020136c    00000004     imu.o (.bss.q2)
                  20201370    00000004     imu.o (.bss.q3)
                  20201374    00000004     libc.a : memory.c.obj (.bss.sys_free)
                  20201378    00000002     imu.o (.bss.gyro_idx)
                  2020137a    00000001     imu.o (.bss.gyro_win_ready)
                  2020137b    00000001     imu.o (.bss.imu_ready)
                  2020137c    00000001     bsp_uart.o (.bss.rx_head)
                  2020137d    00000001     bsp_uart.o (.bss.rx_tail)

.sysmem    0    20201380    00000800     UNINITIALIZED
                  20201380    00000010     libc.a : memory.c.obj (.sysmem)
                  20201390    000007f0     --HOLE--

.data      0    20201b80    000001fd     UNINITIALIZED
                  20201b80    000000f0     libc.a : defs.c.obj (.data._ftable)
                  20201c70    00000078     libsysbm.a : host_device.c.obj (.data._device)
                  20201ce8    00000050                : host_device.c.obj (.data._stream)
                  20201d38    00000014     imu.o (.data.yaw)
                  20201d4c    00000008     libc.a : exit.c.obj (.data..L_MergedGlobals)
                  20201d54    00000004     bsp_icm42688.o (.data.Acc_Sensitivity)
                  20201d58    00000004     bsp_icm42688.o (.data.Gyro_Sensitivity)
                  20201d5c    00000004     libc.a : defs.c.obj (.data.__TI_ft_end)
                  20201d60    00000004            : aeabi_portable.c.obj (.data.__aeabi_errno)
                  20201d64    00000004            : _lock.c.obj (.data._lock)
                  20201d68    00000004            : _lock.c.obj (.data._unlock)
                  20201d6c    00000004     bsp_key.o (.data.debug_key1_raw)
                  20201d70    00000004     bsp_key.o (.data.debug_key2_raw)
                  20201d74    00000004     bsp_key.o (.data.debug_key3_raw)
                  20201d78    00000004     imu.o (.data.nowtime)
                  20201d7c    00000001     libc.a : memory.c.obj (.data.memory_is_initialized)

.stack     0    20207e00    00000200     UNINITIALIZED
                  20207e00    00000004     libc.a : boot_cortex_m.c.obj (.stack)
                  20207e04    000001fc     --HOLE--

__llvm_prf_cnts 
*          0    20200000    00000000     UNINITIALIZED

__llvm_prf_bits 
*          0    20200000    00000000     UNINITIALIZED

MODULE SUMMARY

       Module                         code    ro data   rw data
       ------                         ----    -------   -------
    .\
       ti_msp_dl_config.o             2168    135       416    
       startup_mspm0g350x_ticlang.o   6       192       0      
       main.o                         100     17        0      
    +--+------------------------------+-------+---------+---------+
       Total:                         2274    344       416    
                                                               
    .\APP\src\
       imu.o                          3344    37        2584   
       ui.o                           1630    274       0      
       test.o                         1012    102       0      
       line_track.o                   596     98        0      
       pid_test.o                     508     62        0      
       car.o                          400     0         112    
       pid.o                          250     0         0      
    +--+------------------------------+-------+---------+---------+
       Total:                         7740    573       2696   
                                                               
    .\BSP\src\
       oled.o                         9292    6632      1152   
       bsp_icm42688.o                 1028    58        8      
       bsp_uart.o                     416     0         258    
       bsp_encoder.o                  280     0         32     
       bsp_motor.o                    240     0         0      
       bsp_key.o                      160     0         12     
       bsp_track.o                    104     0         0      
    +--+------------------------------+-------+---------+---------+
       Total:                         11520   6690      1462   
                                                               
    .\Board\
       board.o                        132     0         0      
       board_irq.o                    96      0         0      
    +--+------------------------------+-------+---------+---------+
       Total:                         228     0         0      
                                                               
    C:/ti/mspm0_sdk_2_10_00_04/source/ti/driverlib/lib/ticlang/m0p/mspm0g1x0x_g3x0x/driverlib.a
       dl_timer.o                     608     0         0      
       dl_sysctl_mspm0g1x0x_g3x0x.o   416     0         0      
       dl_uart.o                      174     0         0      
       dl_spi.o                       166     0         0      
       dl_i2c.o                       132     0         0      
       dl_common.o                    10      0         0      
    +--+------------------------------+-------+---------+---------+
       Total:                         1506    0         0      
                                                               
    C:\ti\ccs2031\ccs\tools\compiler\ti-cgt-armllvm_4.0.4.LTS\lib\armv6m-ti-none-eabi/c/libc.a
       _printfi.c.obj                 4510    34        0      
       memory.c.obj                   702     0         5      
       s_atanf.c.obj                  466     32        0      
       defs.c.obj                     0       0         404    
       e_sqrt.c.obj                   368     0         0      
       e_asinf.c.obj                  358     0         0      
       fputs.c.obj                    284     2         0      
       e_atan2f.c.obj                 280     0         0      
       aeabi_ctype.S.obj              0       257       0      
       setvbuf.c.obj                  224     0         0      
       s_scalbn.c.obj                 216     0         0      
       getdevice.c.obj                160     0         0      
       memcpy16.S.obj                 154     0         0      
       snprintf.c.obj                 148     0         0      
       strcmp-armv6m.S.obj            136     0         0      
       vsnprintf.c.obj                136     0         0      
       copy_decompress_lzss.c.obj     124     0         0      
       fclose.c.obj                   124     0         0      
       fseek.c.obj                    116     0         0      
       printf.c.obj                   108     0         0      
       _io_perm.c.obj                 100     0         0      
       memset16.S.obj                 98      0         0      
       s_frexp.c.obj                  92      0         0      
       _ltoa.c.obj                    88      0         0      
       fflush.c.obj                   82      0         0      
       exit.c.obj                     58      0         8      
       atoi.c.obj                     64      0         0      
       autoinit.c.obj                 60      0         0      
       fopen.c.obj                    52      0         0      
       boot_cortex_m.c.obj            40      0         0      
       memccpy.c.obj                  34      0         0      
       copy_decompress_none.c.obj     18      0         0      
       copy_zero_init.c.obj           16      0         0      
       wcslen.c.obj                   16      0         0      
       aeabi_portable.c.obj           8       0         4      
       _lock.c.obj                    2       0         8      
       pre_init.c.obj                 4       0         0      
    +--+------------------------------+-------+---------+---------+
       Total:                         9446    325       429    
                                                               
    C:\ti\ccs2031\ccs\tools\compiler\ti-cgt-armllvm_4.0.4.LTS\lib\armv6m-ti-none-eabi/c/libsysbm.a
       trgmsg.c.obj                   104     0         288    
       host_device.c.obj              0       0         200    
       hostrename.c.obj               136     0         0      
       hostlseek.c.obj                108     0         0      
       hostopen.c.obj                 96      0         8      
       hostread.c.obj                 88      0         0      
       hostwrite.c.obj                88      0         0      
       close.c.obj                    80      0         0      
       hostclose.c.obj                72      0         0      
       hostunlink.c.obj               72      0         0      
       unlink.c.obj                   44      0         0      
       lseek.c.obj                    40      0         0      
       write.c.obj                    40      0         0      
       remove.c.obj                   8       0         0      
       hostexit.c.obj                 4       0         0      
    +--+------------------------------+-------+---------+---------+
       Total:                         980     0         496    
                                                               
    C:\ti\ccs2031\ccs\tools\compiler\ti-cgt-armllvm_4.0.4.LTS\lib\armv6m-ti-none-eabi/libclang_rt.builtins.a
       adddf3.S.obj                   418     0         0      
       divdf3.S.obj                   268     0         0      
       addsf3.S.obj                   232     0         0      
       muldf3.S.obj                   228     0         0      
       comparedf2.c.obj               220     0         0      
       udivmoddi4.S.obj               162     0         0      
       mulsf3.S.obj                   156     0         0      
       divsf3.S.obj                   146     0         0      
       comparesf2.S.obj               118     0         0      
       truncdfsf2.S.obj               116     0         0      
       aeabi_dcmp.S.obj               98      0         0      
       aeabi_fcmp.S.obj               98      0         0      
       aeabi_idivmod.S.obj            86      0         0      
       fixdfsi.S.obj                  74      0         0      
       aeabi_uidivmod.S.obj           64      0         0      
       extendsfdf2.S.obj              64      0         0      
       floatsisf.S.obj                60      0         0      
       muldsi3.S.obj                  58      0         0      
       fixsfsi.S.obj                  56      0         0      
       floatsidf.S.obj                44      0         0      
       floatunsisf.S.obj              40      0         0      
       muldi3.S.obj                   36      0         0      
       ashldi3.S.obj                  30      0         0      
       aeabi_memset.S.obj             26      0         0      
       aeabi_uldivmod.S.obj           20      0         0      
       aeabi_memcpy.S.obj             8       0         0      
       aeabi_div0.c.obj               4       0         0      
    +--+------------------------------+-------+---------+---------+
       Total:                         2930    0         0      
                                                               
       Heap:                          0       0         2048   
       Stack:                         0       0         512    
       Linker Generated:              0       142       0      
    +--+------------------------------+-------+---------+---------+
       Grand Total:                   36624   8074      8059   


LINKER GENERATED COPY TABLES

__TI_cinit_table @ 0000aeb0 records: 2, size/record: 8, table size: 16
	.data: load addr=0000ae30, load size=0000006a bytes, run addr=20201b80, run size=000001fd bytes, compression=lzss
	.bss: load addr=0000aea8, load size=00000008 bytes, run addr=20200000, run size=0000137e bytes, compression=zero_init


LINKER GENERATED HANDLER TABLE

__TI_handler_table @ 0000ae9c records: 3, size/record: 4, table size: 12
	index: 0, handler: __TI_decompress_lzss
	index: 1, handler: __TI_decompress_none
	index: 2, handler: __TI_zero_init


FAR CALL TRAMPOLINES

callee name               trampoline name
   callee addr  tramp addr   call addr  call info
--------------  -----------  ---------  ----------------
__aeabi_dsub              $Tramp$TT$L$PI$$__aeabi_dsub
   00004c85     00008f44     00008f40   libc.a : _printfi.c.obj (.text.OUTLINED_FUNCTION_0)
__aeabi_fmul              $Tramp$TT$L$PI$$__aeabi_fmul
   00006e15     00008fa0     00008f9c   libc.a : e_asinf.c.obj (.text.OUTLINED_FUNCTION_0)
__aeabi_fdiv              $Tramp$TT$L$PI$$__aeabi_fdiv
   00006f29     00008fb8     00008fb4   libc.a : s_atanf.c.obj (.text.OUTLINED_FUNCTION_0)
__aeabi_fadd              $Tramp$TT$L$PI$$__aeabi_fadd
   0000630f     00008fd8     00008fd4   libc.a : s_atanf.c.obj (.text.OUTLINED_FUNCTION_1)

[4 trampolines]
[4 trampoline calls]


GLOBAL SYMBOLS: SORTED ALPHABETICALLY BY Name 

address   name                                 
-------   ----                                 
00004e17  ADC0_IRQHandler                      
00004e17  ADC1_IRQHandler                      
00004e17  AES_IRQHandler                       
00008dd1  BSP_Uart_FlushRx                     
00007b9d  BSP_Uart_IRQHandler                  
000085d5  BSP_Uart_Init                        
00008345  BSP_Uart_Read                        
00007395  BSP_Uart_Write                       
00008455  BSP_Uart_WriteByte                   
00008fce  C$$EXIT                              
0000887d  C$$IO$$                              
00004e17  CANFD0_IRQHandler                    
00007405  Car_Init                             
00008e7d  Car_SetSpeed                         
000088ed  Car_Stop                             
00005eb1  Car_Update                           
00004e17  DAC0_IRQHandler                      
00008f2f  DL_Common_delayCycles                
00007b3d  DL_I2C_fillControllerTXFIFO          
00008b79  DL_I2C_setClockConfig                
00008389  DL_SPI_init                          
00008c31  DL_SPI_receiveDataBlocking8          
00008e35  DL_SPI_setClockConfig                
0000891d  DL_SPI_transmitDataBlocking8         
00008cb1  DL_SYSCTL_configFCC                  
00006151  DL_SYSCTL_configSYSPLL               
000077c1  DL_SYSCTL_setHFCLKSourceHFXTParams   
000083cd  DL_SYSCTL_switchMCLKfromSYSOSCtoHSCLK
000058f5  DL_Timer_initFourCCPWMMode           
000059f9  DL_Timer_initTimerMode               
00008ccd  DL_Timer_setCaptCompUpdateMethod     
00008d59  DL_Timer_setCaptureCompareOutCtl     
00008e8d  DL_Timer_setCaptureCompareValue      
00008ce9  DL_Timer_setClockConfig              
00007e69  DL_UART_fillTXFIFO                   
0000826d  DL_UART_init                         
00008e47  DL_UART_setClockConfig               
00004e17  DMA_IRQHandler                       
00004e17  Default_Handler                      
00004e17  GROUP0_IRQHandler                    
00008495  GROUP1_IRQHandler                    
000082b5  HOSTclose                            
00008fcf  HOSTexit                             
00007475  HOSTlseek                            
00007add  HOSTopen                             
00007cb1  HOSTread                             
000074e1  HOSTrename                           
000082fd  HOSTunlink                           
00007d09  HOSTwrite                            
00004e17  HardFault_Handler                    
00004e17  I2C0_IRQHandler                      
00004e17  I2C1_IRQHandler                      
00004781  ICM_Init                             
00008de5  IMU_dataReadyIrqHandler              
00008d71  IMU_getYawPitchRoll                  
00005f91  IMU_init                             
00008c51  IMU_resetTimestamp                   
00001365  IMU_sample                           
00008c71  Key_Init                             
00006fad  Key_Scan                             
00004ae9  LineTrack_Run                        
00008411  Motor_Init                           
0000702d  Motor_SetDuty                        
000089dd  Motor_Stop                           
00004e17  NMI_Handler                          
00001f49  OLED_Clear                           
00006c65  OLED_ColorTurn                       
0000537d  OLED_DisplayTurn                     
20200960  OLED_GRAM                            
000000c1  OLED_Init                            
00003b91  OLED_Refresh                         
00003921  OLED_ShowChar                        
00006cfd  OLED_ShowString                      
000069f3  PID_CalcIncTarget                    
000081d5  PID_Init                             
00008e59  PID_Reset                            
00004015  PID_Test_Run                         
00004e17  PendSV_Handler                       
00004e17  RTC_IRQHandler                       
00008fe9  Reset_Handler                        
00004e17  SPI0_IRQHandler                      
00004e17  SPI1_IRQHandler                      
00004e17  SVC_Handler                          
000050e9  SYSCFG_DL_GPIO_init                  
00007ebd  SYSCFG_DL_I2C_OLED_init              
00006d89  SYSCFG_DL_PWM_MOTOR_init             
000080a5  SYSCFG_DL_SPI_IMU_init               
00008a61  SYSCFG_DL_SYSCTL_CLK_init            
00003679  SYSCFG_DL_SYSCTL_SYSPLL_init         
000063dd  SYSCFG_DL_SYSCTL_init                
000080f1  SYSCFG_DL_TIMER_ENCODER_TICK_init    
00008779  SYSCFG_DL_TIMER_IMU_TICK_init        
00006a91  SYSCFG_DL_UART_0_init                
00007825  SYSCFG_DL_UART_1_init                
00007fb5  SYSCFG_DL_init                       
0000712d  SYSCFG_DL_initPower                  
00004e17  SysTick_Handler                      
00004e17  TIMA0_IRQHandler                     
00004e17  TIMA1_IRQHandler                     
00008d89  TIMG0_IRQHandler                     
00004e17  TIMG12_IRQHandler                    
00004e17  TIMG6_IRQHandler                     
00004e17  TIMG7_IRQHandler                     
00004e17  TIMG8_IRQHandler                     
000043ed  Test_IMU                             
0000664d  Test_Motor                           
0000813d  Test_OLED                            
00006715  Test_Track                           
00008005  Test_UartReceive                     
00007625  Track_ReadMask                       
00008f5f  UART0_IRQHandler                     
00004e17  UART1_IRQHandler                     
00004e17  UART2_IRQHandler                     
00004e17  UART3_IRQHandler                     
00008ba1  UI_IMU_Calibrating                   
00008d3d  UI_Init                              
000033a9  UI_Process                           
00005af5  UI_Test_IMU                          
00006581  UI_Test_Motor                        
00008611  UI_Test_OLED                         
000064b1  UI_Test_PID                          
000070ad  UI_Test_PIDSelect                    
20200de0  _CIOBUF_                             
20200de0  __CIOBUF_                            
20208000  __STACK_END                          
00000200  __STACK_SIZE                         
00000800  __SYSMEM_SIZE                        
00000000  __TI_ATRegion0_region_sz             
00000000  __TI_ATRegion0_src_addr              
00000000  __TI_ATRegion0_trg_addr              
00000000  __TI_ATRegion1_region_sz             
00000000  __TI_ATRegion1_src_addr              
00000000  __TI_ATRegion1_trg_addr              
00000000  __TI_ATRegion2_region_sz             
00000000  __TI_ATRegion2_src_addr              
00000000  __TI_ATRegion2_trg_addr              
0000aeb0  __TI_CINIT_Base                      
0000aec0  __TI_CINIT_Limit                     
0000aec0  __TI_CINIT_Warm                      
0000ae9c  __TI_Handler_Table_Base              
0000aea8  __TI_Handler_Table_Limit             
000086c5  __TI_auto_init_nobinit_nopinit       
000087e9  __TI_cleanup                         
20201d4c  __TI_cleanup_ptr                     
000071a9  __TI_closefile                       
00007225  __TI_decompress_lzss                 
00008e6b  __TI_decompress_none                 
00007f11  __TI_doflush                         
20201d50  __TI_dtors_ptr                       
20201d5c  __TI_ft_end                          
00007d61  __TI_ltoa                            
ffffffff  __TI_pprof_out_hndl                  
000029d9  __TI_printfi                         
ffffffff  __TI_prof_data_size                  
ffffffff  __TI_prof_data_start                 
0000881d  __TI_readmsg                         
00000000  __TI_static_base__                   
20201178  __TI_tmpnams                         
00008851  __TI_writemsg                        
00007889  __TI_wrt_ok                          
00008ebd  __TI_zero_init                       
00004c8f  __adddf3                             
0000630f  __addsf3                             
0000a9e0  __aeabi_ctype_table_                 
0000a9e0  __aeabi_ctype_table_C                
00007321  __aeabi_d2f                          
00008221  __aeabi_d2iz                         
00004c8f  __aeabi_dadd                         
000079b5  __aeabi_dcmpeq                       
000079f1  __aeabi_dcmpge                       
00007a05  __aeabi_dcmpgt                       
000079dd  __aeabi_dcmple                       
000079c9  __aeabi_dcmplt                       
000057e9  __aeabi_ddiv                         
00005dcd  __aeabi_dmul                         
00004c85  __aeabi_dsub                         
20201d60  __aeabi_errno                        
00008f69  __aeabi_errno_addr                   
00008515  __aeabi_f2d                          
000087b1  __aeabi_f2iz                         
0000630f  __aeabi_fadd                         
00007a19  __aeabi_fcmpeq                       
00007a55  __aeabi_fcmpge                       
00007a69  __aeabi_fcmpgt                       
00007a41  __aeabi_fcmple                       
00007a2d  __aeabi_fcmplt                       
00006f29  __aeabi_fdiv                         
00006e15  __aeabi_fmul                         
00006305  __aeabi_fsub                         
00008a09  __aeabi_i2d                          
0000864d  __aeabi_i2f                          
00007e11  __aeabi_idiv                         
00006c63  __aeabi_idiv0                        
00007e11  __aeabi_idivmod                      
00006fab  __aeabi_ldiv0                        
00008c91  __aeabi_llsl                         
00008bc5  __aeabi_lmul                         
00007315  __aeabi_memclr                       
00007315  __aeabi_memclr4                      
00007315  __aeabi_memclr8                      
00008f71  __aeabi_memcpy                       
00008f71  __aeabi_memcpy4                      
00008f71  __aeabi_memcpy8                      
00008edd  __aeabi_memset                       
00008edd  __aeabi_memset4                      
00008edd  __aeabi_memset8                      
00008a89  __aeabi_ui2f                         
000084d5  __aeabi_uidiv                        
000084d5  __aeabi_uidivmod                     
00008df9  __aeabi_uldivmod                     
00008c91  __ashldi3                            
ffffffff  __binit__                            
0000768d  __cmpdf2                             
00008701  __cmpsf2                             
000057e9  __divdf3                             
00006f29  __divsf3                             
0000768d  __eqdf2                              
00008701  __eqsf2                              
00008515  __extendsfdf2                        
00008221  __fixdfsi                            
000087b1  __fixsfsi                            
00008a09  __floatsidf                          
0000864d  __floatsisf                          
00008a89  __floatunsisf                        
000072a1  __gedf2                              
00008689  __gesf2                              
000072a1  __gtdf2                              
00008689  __gtsf2                              
0000768d  __ledf2                              
00008701  __lesf2                              
0000768d  __ltdf2                              
00008701  __ltsf2                              
UNDEFED   __mpu_init                           
00005dcd  __muldf3                             
00008bc5  __muldi3                             
0000873d  __muldsi3                            
00006e15  __mulsf3                             
0000768d  __nedf2                              
00008701  __nesf2                              
20207e00  __stack                              
20200000  __start___llvm_prf_bits              
20200000  __start___llvm_prf_cnts              
20200000  __stop___llvm_prf_bits               
20200000  __stop___llvm_prf_cnts               
00004c85  __subdf3                             
00006305  __subsf3                             
00007321  __truncdfsf2                         
00006951  __udivmoddi4                         
00008b51  _c_int00_noargs                      
20201c70  _device                              
20201b80  _ftable                              
20201d64  _lock                                
00007a17  _nop                                 
20201ce8  _stream                              
20201380  _sys_memory                          
UNDEFED   _system_post_cinit                   
00008fed  _system_pre_init                     
20201d68  _unlock                              
00008fc9  abort                                
20201318  accval                               
000056d5  aligned_alloc                        
0000a7b0  asc2_0806                            
0000a33c  asc2_1206                            
00009d4c  asc2_1608                            
00008ff0  asc2_2412                            
00004f89  asinf                                
000055bd  atan2f                               
000045b9  atanf                                
00008555  atoi                                 
ffffffff  binit                                
00006b2d  bsp_IcmConfigDataReadyInt            
00004945  bsp_IcmGetRawData                    
00008055  close                                
20201d6c  debug_key1_raw                       
20201d70  debug_key2_raw                       
20201d74  debug_key3_raw                       
00008e9d  delay_ms                             
00008e0d  encoder_get_count                    
000067d9  encoder_gpio_irq_handler             
00008d05  encoder_init                         
00008ab1  encoder_tick_irq_handler             
00008885  exit                                 
000088b9  finddevice                           
00008eeb  fputc                                
00005bed  fputs                                
00005ce5  free                                 
00007bf9  frexp                                
00007bf9  frexpl                               
00008f89  fseek                                
0000754d  fseeko                               
20201000  gPWM_MOTORBackup                     
20201288  gSPI_IMUBackup                       
202010bc  gTIMER_IMU_TICKBackup                
000075b9  getdevice                            
20201324  gyroval                              
00000000  interruptVectors                     
0000775b  lc_printf                            
0000622d  ldexp                                
0000622d  ldexpl                               
00008b01  lseek                                
000078ed  main                                 
00008f23  malloc                               
000056d5  memalign                             
00008c0d  memccpy                              
00006bc9  memcpy                               
00007a7b  memset                               
20201330  north                                
20201d78  nowtime                              
20201348  parmbuf                              
00007c55  printf                               
00008be9  puts                                 
00008f91  remove                               
0000622d  scalbn                               
0000622d  scalbnl                              
00006071  setvbuf                              
00008189  snprintf                             
00004e19  sqrt                                 
00004e19  sqrtl                                
00006ea1  strcmp                               
00008a35  unlink                               
00008595  vsnprintf                            
00008ead  wcslen                               
2020133c  west                                 
00008b29  write                                
20201d38  yaw                                  


GLOBAL SYMBOLS: SORTED BY Symbol Address 

address   name                                 
-------   ----                                 
00000000  __TI_ATRegion0_region_sz             
00000000  __TI_ATRegion0_src_addr              
00000000  __TI_ATRegion0_trg_addr              
00000000  __TI_ATRegion1_region_sz             
00000000  __TI_ATRegion1_src_addr              
00000000  __TI_ATRegion1_trg_addr              
00000000  __TI_ATRegion2_region_sz             
00000000  __TI_ATRegion2_src_addr              
00000000  __TI_ATRegion2_trg_addr              
00000000  __TI_static_base__                   
00000000  interruptVectors                     
000000c1  OLED_Init                            
00000200  __STACK_SIZE                         
00000800  __SYSMEM_SIZE                        
00001365  IMU_sample                           
00001f49  OLED_Clear                           
000029d9  __TI_printfi                         
000033a9  UI_Process                           
00003679  SYSCFG_DL_SYSCTL_SYSPLL_init         
00003921  OLED_ShowChar                        
00003b91  OLED_Refresh                         
00004015  PID_Test_Run                         
000043ed  Test_IMU                             
000045b9  atanf                                
00004781  ICM_Init                             
00004945  bsp_IcmGetRawData                    
00004ae9  LineTrack_Run                        
00004c85  __aeabi_dsub                         
00004c85  __subdf3                             
00004c8f  __adddf3                             
00004c8f  __aeabi_dadd                         
00004e17  ADC0_IRQHandler                      
00004e17  ADC1_IRQHandler                      
00004e17  AES_IRQHandler                       
00004e17  CANFD0_IRQHandler                    
00004e17  DAC0_IRQHandler                      
00004e17  DMA_IRQHandler                       
00004e17  Default_Handler                      
00004e17  GROUP0_IRQHandler                    
00004e17  HardFault_Handler                    
00004e17  I2C0_IRQHandler                      
00004e17  I2C1_IRQHandler                      
00004e17  NMI_Handler                          
00004e17  PendSV_Handler                       
00004e17  RTC_IRQHandler                       
00004e17  SPI0_IRQHandler                      
00004e17  SPI1_IRQHandler                      
00004e17  SVC_Handler                          
00004e17  SysTick_Handler                      
00004e17  TIMA0_IRQHandler                     
00004e17  TIMA1_IRQHandler                     
00004e17  TIMG12_IRQHandler                    
00004e17  TIMG6_IRQHandler                     
00004e17  TIMG7_IRQHandler                     
00004e17  TIMG8_IRQHandler                     
00004e17  UART1_IRQHandler                     
00004e17  UART2_IRQHandler                     
00004e17  UART3_IRQHandler                     
00004e19  sqrt                                 
00004e19  sqrtl                                
00004f89  asinf                                
000050e9  SYSCFG_DL_GPIO_init                  
0000537d  OLED_DisplayTurn                     
000055bd  atan2f                               
000056d5  aligned_alloc                        
000056d5  memalign                             
000057e9  __aeabi_ddiv                         
000057e9  __divdf3                             
000058f5  DL_Timer_initFourCCPWMMode           
000059f9  DL_Timer_initTimerMode               
00005af5  UI_Test_IMU                          
00005bed  fputs                                
00005ce5  free                                 
00005dcd  __aeabi_dmul                         
00005dcd  __muldf3                             
00005eb1  Car_Update                           
00005f91  IMU_init                             
00006071  setvbuf                              
00006151  DL_SYSCTL_configSYSPLL               
0000622d  ldexp                                
0000622d  ldexpl                               
0000622d  scalbn                               
0000622d  scalbnl                              
00006305  __aeabi_fsub                         
00006305  __subsf3                             
0000630f  __addsf3                             
0000630f  __aeabi_fadd                         
000063dd  SYSCFG_DL_SYSCTL_init                
000064b1  UI_Test_PID                          
00006581  UI_Test_Motor                        
0000664d  Test_Motor                           
00006715  Test_Track                           
000067d9  encoder_gpio_irq_handler             
00006951  __udivmoddi4                         
000069f3  PID_CalcIncTarget                    
00006a91  SYSCFG_DL_UART_0_init                
00006b2d  bsp_IcmConfigDataReadyInt            
00006bc9  memcpy                               
00006c63  __aeabi_idiv0                        
00006c65  OLED_ColorTurn                       
00006cfd  OLED_ShowString                      
00006d89  SYSCFG_DL_PWM_MOTOR_init             
00006e15  __aeabi_fmul                         
00006e15  __mulsf3                             
00006ea1  strcmp                               
00006f29  __aeabi_fdiv                         
00006f29  __divsf3                             
00006fab  __aeabi_ldiv0                        
00006fad  Key_Scan                             
0000702d  Motor_SetDuty                        
000070ad  UI_Test_PIDSelect                    
0000712d  SYSCFG_DL_initPower                  
000071a9  __TI_closefile                       
00007225  __TI_decompress_lzss                 
000072a1  __gedf2                              
000072a1  __gtdf2                              
00007315  __aeabi_memclr                       
00007315  __aeabi_memclr4                      
00007315  __aeabi_memclr8                      
00007321  __aeabi_d2f                          
00007321  __truncdfsf2                         
00007395  BSP_Uart_Write                       
00007405  Car_Init                             
00007475  HOSTlseek                            
000074e1  HOSTrename                           
0000754d  fseeko                               
000075b9  getdevice                            
00007625  Track_ReadMask                       
0000768d  __cmpdf2                             
0000768d  __eqdf2                              
0000768d  __ledf2                              
0000768d  __ltdf2                              
0000768d  __nedf2                              
0000775b  lc_printf                            
000077c1  DL_SYSCTL_setHFCLKSourceHFXTParams   
00007825  SYSCFG_DL_UART_1_init                
00007889  __TI_wrt_ok                          
000078ed  main                                 
000079b5  __aeabi_dcmpeq                       
000079c9  __aeabi_dcmplt                       
000079dd  __aeabi_dcmple                       
000079f1  __aeabi_dcmpge                       
00007a05  __aeabi_dcmpgt                       
00007a17  _nop                                 
00007a19  __aeabi_fcmpeq                       
00007a2d  __aeabi_fcmplt                       
00007a41  __aeabi_fcmple                       
00007a55  __aeabi_fcmpge                       
00007a69  __aeabi_fcmpgt                       
00007a7b  memset                               
00007add  HOSTopen                             
00007b3d  DL_I2C_fillControllerTXFIFO          
00007b9d  BSP_Uart_IRQHandler                  
00007bf9  frexp                                
00007bf9  frexpl                               
00007c55  printf                               
00007cb1  HOSTread                             
00007d09  HOSTwrite                            
00007d61  __TI_ltoa                            
00007e11  __aeabi_idiv                         
00007e11  __aeabi_idivmod                      
00007e69  DL_UART_fillTXFIFO                   
00007ebd  SYSCFG_DL_I2C_OLED_init              
00007f11  __TI_doflush                         
00007fb5  SYSCFG_DL_init                       
00008005  Test_UartReceive                     
00008055  close                                
000080a5  SYSCFG_DL_SPI_IMU_init               
000080f1  SYSCFG_DL_TIMER_ENCODER_TICK_init    
0000813d  Test_OLED                            
00008189  snprintf                             
000081d5  PID_Init                             
00008221  __aeabi_d2iz                         
00008221  __fixdfsi                            
0000826d  DL_UART_init                         
000082b5  HOSTclose                            
000082fd  HOSTunlink                           
00008345  BSP_Uart_Read                        
00008389  DL_SPI_init                          
000083cd  DL_SYSCTL_switchMCLKfromSYSOSCtoHSCLK
00008411  Motor_Init                           
00008455  BSP_Uart_WriteByte                   
00008495  GROUP1_IRQHandler                    
000084d5  __aeabi_uidiv                        
000084d5  __aeabi_uidivmod                     
00008515  __aeabi_f2d                          
00008515  __extendsfdf2                        
00008555  atoi                                 
00008595  vsnprintf                            
000085d5  BSP_Uart_Init                        
00008611  UI_Test_OLED                         
0000864d  __aeabi_i2f                          
0000864d  __floatsisf                          
00008689  __gesf2                              
00008689  __gtsf2                              
000086c5  __TI_auto_init_nobinit_nopinit       
00008701  __cmpsf2                             
00008701  __eqsf2                              
00008701  __lesf2                              
00008701  __ltsf2                              
00008701  __nesf2                              
0000873d  __muldsi3                            
00008779  SYSCFG_DL_TIMER_IMU_TICK_init        
000087b1  __aeabi_f2iz                         
000087b1  __fixsfsi                            
000087e9  __TI_cleanup                         
0000881d  __TI_readmsg                         
00008851  __TI_writemsg                        
0000887d  C$$IO$$                              
00008885  exit                                 
000088b9  finddevice                           
000088ed  Car_Stop                             
0000891d  DL_SPI_transmitDataBlocking8         
000089dd  Motor_Stop                           
00008a09  __aeabi_i2d                          
00008a09  __floatsidf                          
00008a35  unlink                               
00008a61  SYSCFG_DL_SYSCTL_CLK_init            
00008a89  __aeabi_ui2f                         
00008a89  __floatunsisf                        
00008ab1  encoder_tick_irq_handler             
00008b01  lseek                                
00008b29  write                                
00008b51  _c_int00_noargs                      
00008b79  DL_I2C_setClockConfig                
00008ba1  UI_IMU_Calibrating                   
00008bc5  __aeabi_lmul                         
00008bc5  __muldi3                             
00008be9  puts                                 
00008c0d  memccpy                              
00008c31  DL_SPI_receiveDataBlocking8          
00008c51  IMU_resetTimestamp                   
00008c71  Key_Init                             
00008c91  __aeabi_llsl                         
00008c91  __ashldi3                            
00008cb1  DL_SYSCTL_configFCC                  
00008ccd  DL_Timer_setCaptCompUpdateMethod     
00008ce9  DL_Timer_setClockConfig              
00008d05  encoder_init                         
00008d3d  UI_Init                              
00008d59  DL_Timer_setCaptureCompareOutCtl     
00008d71  IMU_getYawPitchRoll                  
00008d89  TIMG0_IRQHandler                     
00008dd1  BSP_Uart_FlushRx                     
00008de5  IMU_dataReadyIrqHandler              
00008df9  __aeabi_uldivmod                     
00008e0d  encoder_get_count                    
00008e35  DL_SPI_setClockConfig                
00008e47  DL_UART_setClockConfig               
00008e59  PID_Reset                            
00008e6b  __TI_decompress_none                 
00008e7d  Car_SetSpeed                         
00008e8d  DL_Timer_setCaptureCompareValue      
00008e9d  delay_ms                             
00008ead  wcslen                               
00008ebd  __TI_zero_init                       
00008edd  __aeabi_memset                       
00008edd  __aeabi_memset4                      
00008edd  __aeabi_memset8                      
00008eeb  fputc                                
00008f23  malloc                               
00008f2f  DL_Common_delayCycles                
00008f5f  UART0_IRQHandler                     
00008f69  __aeabi_errno_addr                   
00008f71  __aeabi_memcpy                       
00008f71  __aeabi_memcpy4                      
00008f71  __aeabi_memcpy8                      
00008f89  fseek                                
00008f91  remove                               
00008fc9  abort                                
00008fce  C$$EXIT                              
00008fcf  HOSTexit                             
00008fe9  Reset_Handler                        
00008fed  _system_pre_init                     
00008ff0  asc2_2412                            
00009d4c  asc2_1608                            
0000a33c  asc2_1206                            
0000a7b0  asc2_0806                            
0000a9e0  __aeabi_ctype_table_                 
0000a9e0  __aeabi_ctype_table_C                
0000ae9c  __TI_Handler_Table_Base              
0000aea8  __TI_Handler_Table_Limit             
0000aeb0  __TI_CINIT_Base                      
0000aec0  __TI_CINIT_Limit                     
0000aec0  __TI_CINIT_Warm                      
20200000  __start___llvm_prf_bits              
20200000  __start___llvm_prf_cnts              
20200000  __stop___llvm_prf_bits               
20200000  __stop___llvm_prf_cnts               
20200960  OLED_GRAM                            
20200de0  _CIOBUF_                             
20200de0  __CIOBUF_                            
20201000  gPWM_MOTORBackup                     
202010bc  gTIMER_IMU_TICKBackup                
20201178  __TI_tmpnams                         
20201288  gSPI_IMUBackup                       
20201318  accval                               
20201324  gyroval                              
20201330  north                                
2020133c  west                                 
20201348  parmbuf                              
20201380  _sys_memory                          
20201b80  _ftable                              
20201c70  _device                              
20201ce8  _stream                              
20201d38  yaw                                  
20201d4c  __TI_cleanup_ptr                     
20201d50  __TI_dtors_ptr                       
20201d5c  __TI_ft_end                          
20201d60  __aeabi_errno                        
20201d64  _lock                                
20201d68  _unlock                              
20201d6c  debug_key1_raw                       
20201d70  debug_key2_raw                       
20201d74  debug_key3_raw                       
20201d78  nowtime                              
20207e00  __stack                              
20208000  __STACK_END                          
ffffffff  __TI_pprof_out_hndl                  
ffffffff  __TI_prof_data_size                  
ffffffff  __TI_prof_data_start                 
ffffffff  __binit__                            
ffffffff  binit                                
UNDEFED   __mpu_init                           
UNDEFED   _system_post_cinit                   

[325 symbols]
