******************************************************************************
            TI ARM Clang Linker PC v4.0.4                      
******************************************************************************
>> Linked Wed Jul 29 20:31:18 2026

OUTPUT FILE NAME:   <2024_Question_H.out>
ENTRY POINT SYMBOL: "_c_int00_noargs"  address: 000099d1


MEMORY CONFIGURATION

         name            origin    length      used     unused   attr    fill
----------------------  --------  ---------  --------  --------  ----  --------
  FLASH                 00000000   00020000  0000bd40  000142c0  R  X
  SRAM                  20200000   00008000  00002249  00005db7  RW X
  BCR_CONFIG            41c00000   000000ff  00000000  000000ff  R   
  BSL_CONFIG            41c00100   00000080  00000000  00000080  R   


SEGMENT ALLOCATION MAP

run origin  load origin   length   init length attrs members
----------  ----------- ---------- ----------- ----- -------
00000000    00000000    0000bd40   0000bd40    r-x
  00000000    00000000    000000c0   000000c0    r-- .intvecs
  000000c0    000000c0    00009df0   00009df0    r-x .text
  00009eb0    00009eb0    00001e00   00001e00    r-- .rodata
  0000bcb0    0000bcb0    00000090   00000090    r-- .cinit
20200000    20200000    0000204d   00000000    rw-
  20200000    20200000    0000164c   00000000    rw- .bss
  20201650    20201650    00000800   00000000    rw- .sysmem
  20201e50    20201e50    000001fd   00000000    rw- .data
20207e00    20207e00    00000200   00000000    rw-
  20207e00    20207e00    00000200   00000000    rw- .stack


SECTION ALLOCATION MAP

 output                                  attributes/
section   page    origin      length       input sections
--------  ----  ----------  ----------   ----------------
.intvecs   0    00000000    000000c0     
                  00000000    000000c0     startup_mspm0g350x_ticlang.o (.intvecs)

.text      0    000000c0    00009df0     
                  000000c0    000012c8     oled.o (.text.OLED_Init)
                  00001388    00000be4     imu.o (.text.IMU_sample)
                  00001f6c    00000a90     oled.o (.text.OLED_Clear)
                  000029fc    000009d0     libc.a : _printfi.c.obj (.text:__TI_printfi)
                  000033cc    00000448     car.o (.text.Car_Update)
                  00003814    000003a0     task.o (.text.task3_run)
                  00003bb4    00000360     libc.a : strtof.c.obj (.text.strtof)
                  00003f14    000002a8     ti_msp_dl_config.o (.text.SYSCFG_DL_SYSCTL_SYSPLL_init)
                  000041bc    000002a8     ui.o (.text.UI_Process)
                  00004464    00000270     oled.o (.text.OLED_ShowChar)
                  000046d4    00000224     oled.o (.text.OLED_Refresh)
                  000048f8    00000220     libc.a : _printfi.c.obj (.text._pconv_a)
                  00004b18    000001dc            : _printfi.c.obj (.text._pconv_g)
                  00004cf4    000001d0     debug.o (.text.Debug_CommandPoll)
                  00004ec4    000001cc     test.o (.text.Test_IMU)
                  00005090    000001c8     libc.a : s_atanf.c.obj (.text.atanf)
                  00005258    000001c4     bsp_icm42688.o (.text.ICM_Init)
                  0000541c    000001a4     bsp_icm42688.o (.text.bsp_IcmGetRawData)
                  000055c0    000001a0     bsp_uart.o (.text.BSP_Uart_Write)
                  00005760    00000192     libclang_rt.builtins.a : adddf3.S.obj (.text.adddf3_subdf3)
                  000058f2    00000002     startup_mspm0g350x_ticlang.o (.text.Default_Handler)
                  000058f4    00000170     libc.a : e_sqrt.c.obj (.text.sqrt)
                  00005a64    00000160     ti_msp_dl_config.o (.text.SYSCFG_DL_GPIO_init)
                  00005bc4    00000160     libc.a : e_asinf.c.obj (.text.asinf)
                  00005d24    0000013c            : _printfi.c.obj (.text.fcvt)
                  00005e60    00000130     car.o (.text.Car_SetHeading)
                  00005f90    00000130     car.o (.text.Car_SetTurnAngle)
                  000060c0    00000120     libc.a : _printfi.c.obj (.text._pconv_e)
                  000061e0    00000118            : e_atan2f.c.obj (.text.atan2f)
                  000062f8    00000114            : memory.c.obj (.text.aligned_alloc)
                  0000640c    0000010c     libclang_rt.builtins.a : divdf3.S.obj (.text.__divdf3)
                  00006518    00000108     oled.o (.text.OLED_DisplayTurn)
                  00006620    00000104     driverlib.a : dl_timer.o (.text.DL_Timer_initFourCCPWMMode)
                  00006724    00000100     car.o (.text.Car_Init)
                  00006824    000000fc     driverlib.a : dl_timer.o (.text.DL_Timer_initTimerMode)
                  00006920    000000fc     pid.o (.text.PID_Calc)
                  00006a1c    000000f8     ui.o (.text.UI_Test_IMU)
                  00006b14    000000f8     libc.a : fputs.c.obj (.text.fputs)
                  00006c0c    000000e8            : memory.c.obj (.text.free)
                  00006cf4    000000e4     libclang_rt.builtins.a : muldf3.S.obj (.text.__muldf3)
                  00006dd8    000000e0     imu.o (.text.IMU_init)
                  00006eb8    000000e0     libc.a : setvbuf.c.obj (.text.setvbuf)
                  00006f98    000000dc     bsp_uart.o (.text.BSP_Uart_Init)
                  00007074    000000dc     driverlib.a : dl_sysctl_mspm0g1x0x_g3x0x.o (.text.DL_SYSCTL_configSYSPLL)
                  00007150    000000d8     libc.a : s_scalbn.c.obj (.text.scalbn)
                  00007228    000000d8     libclang_rt.builtins.a : addsf3.S.obj (.text)
                  00007300    000000d4     bsp_uart.o (.text.BSP_Uart_IRQHandler)
                  000073d4    000000d0     test.o (.text.Test_Motor)
                  000074a4    000000cc     ui.o (.text.UI_Test_Motor)
                  00007570    000000c4     ti_msp_dl_config.o (.text.SYSCFG_DL_SYSCTL_init)
                  00007634    000000c4     test.o (.text.Test_Track)
                  000076f8    000000b0     libc.a : s_scalbnf.c.obj (.text.scalbnf)
                  000077a8    000000a8     ti_msp_dl_config.o (.text.SYSCFG_DL_UART_0_init)
                  00007850    000000a2     libclang_rt.builtins.a : udivmoddi4.S.obj (.text)
                  000078f2    00000002                            : aeabi_div0.c.obj (.text.__aeabi_idiv0)
                  000078f4    0000009c     bsp_icm42688.o (.text.bsp_IcmConfigDataReadyInt)
                  00007990    0000009a     libc.a : memcpy16.S.obj (.text:memcpy)
                  00007a2a    00000002     libclang_rt.builtins.a : aeabi_div0.c.obj (.text.__aeabi_ldiv0)
                  00007a2c    00000094     debug.o (.text.Debug_Output)
                  00007ac0    0000008c     oled.o (.text.OLED_ColorTurn)
                  00007b4c    0000008c     oled.o (.text.OLED_ShowString)
                  00007bd8    0000008c     ti_msp_dl_config.o (.text.SYSCFG_DL_PWM_MOTOR1_init)
                  00007c64    0000008c     ti_msp_dl_config.o (.text.SYSCFG_DL_PWM_MOTOR2_init)
                  00007cf0    0000008c     libclang_rt.builtins.a : mulsf3.S.obj (.text.__mulsf3)
                  00007d7c    00000088     bsp_motor.o (.text.Motor_SetDuty)
                  00007e04    00000088     ti_msp_dl_config.o (.text.SYSCFG_DL_initPower)
                  00007e8c    00000004     libsysbm.a : hostexit.c.obj (.text.HOSTexit)
                  00007e90    00000088     libc.a : strcmp-armv6m.S.obj (.text:strcmp)
                  00007f18    00000082     libclang_rt.builtins.a : divsf3.S.obj (.text.__divsf3)
                  00007f9a    00000002     libc.a : _lock.c.obj (.text._nop)
                  00007f9c    0000007c     bsp_key.o (.text.Key_Scan)
                  00008018    0000007c     libc.a : fclose.c.obj (.text.__TI_closefile)
                  00008094    0000007c            : copy_decompress_lzss.c.obj (.text:decompress:lzss)
                  00008110    00000078     bsp_encoder.o (.text.Encoder_GpioIrqHandler)
                  00008188    00000074     libclang_rt.builtins.a : comparedf2.c.obj (.text.__gedf2)
                  000081fc    00000004     libc.a : pre_init.c.obj (.text._system_pre_init)
                  00008200    00000074     libclang_rt.builtins.a : truncdfsf2.S.obj (.text.__truncdfsf2)
                  00008274    00000070     task.o (.text.task2_run)
                  000082e4    0000006c     libsysbm.a : hostlseek.c.obj (.text.HOSTlseek)
                  00008350    0000006c                : hostrename.c.obj (.text.HOSTrename)
                  000083bc    0000006c     libc.a : fseek.c.obj (.text.fseeko)
                  00008428    0000006c            : getdevice.c.obj (.text.getdevice)
                  00008494    00000068     bsp_track.o (.text.Track_ReadMask)
                  000084fc    00000068     libclang_rt.builtins.a : comparedf2.c.obj (.text.__ledf2)
                  00008564    00000068     main.o (.text.main)
                  000085cc    00000068     task.o (.text.task1_run)
                  00008634    00000066     libc.a : _printfi.c.obj (.text._mcpy)
                  0000869a    00000002     --HOLE-- [fill = 0]
                  0000869c    00000064     driverlib.a : dl_sysctl_mspm0g1x0x_g3x0x.o (.text.DL_SYSCTL_setHFCLKSourceHFXTParams)
                  00008700    00000064     libc.a : _io_perm.c.obj (.text.__TI_wrt_ok)
                  00008764    00000064            : memory.c.obj (.text.split)
                  000087c8    00000062     libclang_rt.builtins.a : aeabi_dcmp.S.obj (.text.__aeabi_dcmp)
                  0000882a    00000002     --HOLE-- [fill = 0]
                  0000882c    00000062                            : aeabi_fcmp.S.obj (.text.__aeabi_fcmp)
                  0000888e    00000062     libc.a : memset16.S.obj (.text:memset)
                  000088f0    00000060     libsysbm.a : hostopen.c.obj (.text.HOSTopen)
                  00008950    00000060     ti_msp_dl_config.o (.text.SYSCFG_DL_UART_1_init)
                  000089b0    00000060     ti_msp_dl_config.o (.text.SYSCFG_DL_init)
                  00008a10    0000005e     driverlib.a : dl_i2c.o (.text.DL_I2C_fillControllerTXFIFO)
                  00008a6e    00000002     --HOLE-- [fill = 0]
                  00008a70    0000005c     bsp_uart.o (.text.BSP_Uart_ReadByte)
                  00008acc    0000005c     car.o (.text.Car_SetPidParam)
                  00008b28    0000005c     libc.a : s_frexp.c.obj (.text.frexp)
                  00008b84    00000058     libsysbm.a : hostread.c.obj (.text.HOSTread)
                  00008bdc    00000058                : hostwrite.c.obj (.text.HOSTwrite)
                  00008c34    00000058     libc.a : _ltoa.c.obj (.text.__TI_ltoa)
                  00008c8c    00000058            : _printfi.c.obj (.text._pconv_f)
                  00008ce4    00000056     libclang_rt.builtins.a : aeabi_idivmod.S.obj (.text.__aeabi_idivmod)
                  00008d3a    00000002     --HOLE-- [fill = 0]
                  00008d3c    00000054     bsp_motor.o (.text.Motor_Init)
                  00008d90    00000054     ti_msp_dl_config.o (.text.SYSCFG_DL_I2C_OLED_init)
                  00008de4    00000054     bsp_motor.o (.text.motor_write)
                  00008e38    00000052     libc.a : fflush.c.obj (.text.__TI_doflush)
                  00008e8a    00000052            : _printfi.c.obj (.text._ecpy)
                  00008edc    00000050     libsysbm.a : close.c.obj (.text.close)
                  00008f2c    0000004c     driverlib.a : dl_dma.o (.text.DL_DMA_initChannel)
                  00008f78    0000004c     ti_msp_dl_config.o (.text.SYSCFG_DL_SPI_IMU_init)
                  00008fc4    0000004c     ti_msp_dl_config.o (.text.SYSCFG_DL_TIMER_ENCODER_TICK_init)
                  00009010    0000004c     libc.a : snprintf.c.obj (.text.snprintf)
                  0000905c    0000004a     pid.o (.text.PID_Init)
                  000090a6    00000002     --HOLE-- [fill = 0]
                  000090a8    0000004a     libclang_rt.builtins.a : fixdfsi.S.obj (.text.__fixdfsi)
                  000090f2    00000002     --HOLE-- [fill = 0]
                  000090f4    00000048     driverlib.a : dl_uart.o (.text.DL_UART_init)
                  0000913c    00000048     libsysbm.a : hostclose.c.obj (.text.HOSTclose)
                  00009184    00000048                : hostunlink.c.obj (.text.HOSTunlink)
                  000091cc    00000048     test.o (.text.Test_OLED)
                  00009214    00000044     driverlib.a : dl_spi.o (.text.DL_SPI_init)
                  00009258    00000044                 : dl_sysctl_mspm0g1x0x_g3x0x.o (.text.DL_SYSCTL_switchMCLKfromSYSOSCtoHSCLK)
                  0000929c    00000040     board_irq.o (.text.GROUP1_IRQHandler)
                  000092dc    00000040     libclang_rt.builtins.a : aeabi_uidivmod.S.obj (.text.__aeabi_uidivmod)
                  0000931c    00000040                            : extendsfdf2.S.obj (.text.__extendsfdf2)
                  0000935c    00000040     libc.a : atoi.c.obj (.text.atoi)
                  0000939c    0000003c     car.o (.text.Car_GetPidParams)
                  000093d8    0000003c     bsp_encoder.o (.text.Encoder_Init)
                  00009414    0000003c     test.o (.text.Test_UartReceive)
                  00009450    0000003c     ui.o (.text.UI_Test_OLED)
                  0000948c    0000003c     libclang_rt.builtins.a : floatsisf.S.obj (.text.__floatsisf)
                  000094c8    0000003c                            : comparesf2.S.obj (.text.__gtsf2)
                  00009504    0000003c     libc.a : autoinit.c.obj (.text:__TI_auto_init_nobinit_nopinit)
                  00009540    0000003a     libclang_rt.builtins.a : comparesf2.S.obj (.text.__eqsf2)
                  0000957a    00000002     --HOLE-- [fill = 0]
                  0000957c    0000003a                            : muldsi3.S.obj (.text.__muldsi3)
                  000095b6    00000002     --HOLE-- [fill = 0]
                  000095b8    00000038     car.o (.text.Car_Stop)
                  000095f0    00000038     bsp_encoder.o (.text.Encoder_TickIrqHandler)
                  00009628    00000038     ti_msp_dl_config.o (.text.SYSCFG_DL_TIMER_IMU_TICK_init)
                  00009660    00000038     libclang_rt.builtins.a : fixsfsi.S.obj (.text.__fixsfsi)
                  00009698    00000034     bsp_motor.o (.text.Motor_Brake)
                  000096cc    00000034     libc.a : fopen.c.obj (.text.__TI_cleanup)
                  00009700    00000034     libsysbm.a : trgmsg.c.obj (.text.__TI_readmsg)
                  00009734    00000034                : trgmsg.c.obj (.text.__TI_writemsg)
                  00009768    00000034     libc.a : exit.c.obj (.text.exit)
                  0000979c    00000034            : getdevice.c.obj (.text.finddevice)
                  000097d0    00000030     driverlib.a : dl_spi.o (.text.DL_SPI_transmitDataBlocking8)
                  00009800    00000030     libc.a : _printfi.c.obj (.text._fcpy)
                  00009830    00000030            : snprintf.c.obj (.text._outs)
                  00009860    0000002c     libclang_rt.builtins.a : floatsidf.S.obj (.text.__floatsidf)
                  0000988c    0000002c     libsysbm.a : unlink.c.obj (.text.unlink)
                  000098b8    00000028     bsp_uart.o (.text.BSP_Uart1_ReadByteBlocking)
                  000098e0    00000028     ti_msp_dl_config.o (.text.SYSCFG_DL_DMA_UART0Tx_init)
                  00009908    00000028     ti_msp_dl_config.o (.text.SYSCFG_DL_SYSCTL_CLK_init)
                  00009930    00000028     libclang_rt.builtins.a : floatunsisf.S.obj (.text.__floatunsisf)
                  00009958    00000028     libc.a : memory.c.obj (.text.free_list_insert)
                  00009980    00000028     libsysbm.a : lseek.c.obj (.text.lseek)
                  000099a8    00000028                : write.c.obj (.text.write)
                  000099d0    00000028     libc.a : boot_cortex_m.c.obj (.text:_c_int00_noargs)
                  000099f8    00000026     driverlib.a : dl_i2c.o (.text.DL_I2C_setClockConfig)
                  00009a1e    00000002     --HOLE-- [fill = 0]
                  00009a20    00000024     car.o (.text.Car_SetTrack)
                  00009a44    00000024     ui.o (.text.UI_IMU_Calibrating)
                  00009a68    00000024     libclang_rt.builtins.a : muldi3.S.obj (.text.__muldi3)
                  00009a8c    00000024     libc.a : fputs.c.obj (.text.puts)
                  00009ab0    00000022            : memccpy.c.obj (.text.memccpy)
                  00009ad2    00000002     --HOLE-- [fill = 0]
                  00009ad4    00000020     driverlib.a : dl_spi.o (.text.DL_SPI_receiveDataBlocking8)
                  00009af4    00000020     imu.o (.text.IMU_resetTimestamp)
                  00009b14    00000020     bsp_key.o (.text.Key_Init)
                  00009b34    00000020     libc.a : memcmp.c.obj (.text.memcmp)
                  00009b54    0000001e     libclang_rt.builtins.a : ashldi3.S.obj (.text.__ashldi3)
                  00009b72    00000002     --HOLE-- [fill = 0]
                  00009b74    0000001c     driverlib.a : dl_sysctl_mspm0g1x0x_g3x0x.o (.text.DL_SYSCTL_configFCC)
                  00009b90    0000001c                 : dl_timer.o (.text.DL_Timer_setCaptCompUpdateMethod)
                  00009bac    0000001c                 : dl_timer.o (.text.DL_Timer_setClockConfig)
                  00009bc8    0000001c     libc.a : memory.c.obj (.text.free_list_remove)
                  00009be4    0000001a     ui.o (.text.UI_Init)
                  00009bfe    00000002     --HOLE-- [fill = 0]
                  00009c00    00000018     car.o (.text.Car_GetStatus)
                  00009c18    00000018     driverlib.a : dl_timer.o (.text.DL_Timer_setCaptureCompareOutCtl)
                  00009c30    00000018     imu.o (.text.IMU_getYawPitchRoll)
                  00009c48    00000018     ti_msp_dl_config.o (.text.SYSCFG_DL_DMA_UART0Rx_init)
                  00009c60    00000018     board_irq.o (.text.TIMG0_IRQHandler)
                  00009c78    00000018     libc.a : snprintf.c.obj (.text._outc)
                  00009c90    00000014     bsp_encoder.o (.text.Encoder_Read)
                  00009ca4    00000014     imu.o (.text.IMU_dataReadyIrqHandler)
                  00009cb8    00000014     libclang_rt.builtins.a : aeabi_uldivmod.S.obj (.text.__aeabi_uldivmod)
                  00009ccc    00000014     libc.a : _printfi.c.obj (.text.strchr)
                  00009ce0    00000012     driverlib.a : dl_spi.o (.text.DL_SPI_setClockConfig)
                  00009cf2    00000012                 : dl_uart.o (.text.DL_UART_setClockConfig)
                  00009d04    00000012     pid.o (.text.PID_Reset)
                  00009d16    00000012     libc.a : copy_decompress_none.c.obj (.text:decompress:none)
                  00009d28    00000010     car.o (.text.Car_SetTrackLostSearch)
                  00009d38    00000010     driverlib.a : dl_timer.o (.text.DL_Timer_setCaptureCompareValue)
                  00009d48    00000010     pid.o (.text.PID_CalcTarget)
                  00009d58    00000010     board.o (.text.delay_ms)
                  00009d68    00000010     libc.a : wcslen.c.obj (.text.wcslen)
                  00009d78    00000010            : copy_zero_init.c.obj (.text:decompress:ZI)
                  00009d88    0000000e            : memory.c.obj (.text.OUTLINED_FUNCTION_0)
                  00009d96    00000002     --HOLE-- [fill = 0]
                  00009d98    0000000e     libclang_rt.builtins.a : aeabi_memset.S.obj (.text.__aeabi_memset)
                  00009da6    0000000e     libsysbm.a : hostrename.c.obj (.text.strcpy)
                  00009db4    0000000e     libc.a : _printfi.c.obj (.text.strlen)
                  00009dc2    0000000e     libsysbm.a : hostrename.c.obj (.text.strlen)
                  00009dd0    0000000c     ti_msp_dl_config.o (.text.SYSCFG_DL_DMA_init)
                  00009ddc    0000000c     libclang_rt.builtins.a : aeabi_memset.S.obj (.text.__aeabi_memclr)
                  00009de8    0000000c     libc.a : memory.c.obj (.text.malloc)
                  00009df4    0000000a     driverlib.a : dl_common.o (.text.DL_Common_delayCycles)
                  00009dfe    0000000a     libc.a : _printfi.c.obj (.text.OUTLINED_FUNCTION_0)
                  00009e08    00000010     libclang_rt.builtins.a : adddf3.S.obj (.tramp.__aeabi_dsub.1)
                  00009e18    0000000a     libc.a : _printfi.c.obj (.text.OUTLINED_FUNCTION_1)
                  00009e22    00000008            : strtof.c.obj (.text.OUTLINED_FUNCTION_0)
                  00009e2a    00000008     board_irq.o (.text.UART0_IRQHandler)
                  00009e32    00000002     --HOLE-- [fill = 0]
                  00009e34    00000008     libc.a : aeabi_portable.c.obj (.text.__aeabi_errno_addr)
                  00009e3c    00000008     libclang_rt.builtins.a : aeabi_memcpy.S.obj (.text.__aeabi_memcpy)
                  00009e44    00000008     libc.a : fseek.c.obj (.text.fseek)
                  00009e4c    00000008     libsysbm.a : remove.c.obj (.text.remove)
                  00009e54    00000006     libc.a : e_asinf.c.obj (.text.OUTLINED_FUNCTION_0)
                  00009e5a    00000002     --HOLE-- [fill = 0]
                  00009e5c    00000010     libclang_rt.builtins.a : mulsf3.S.obj (.tramp.__aeabi_fmul.1)
                  00009e6c    00000006     libc.a : s_atanf.c.obj (.text.OUTLINED_FUNCTION_0)
                  00009e72    00000002     --HOLE-- [fill = 0]
                  00009e74    00000010     libclang_rt.builtins.a : divsf3.S.obj (.tramp.__aeabi_fdiv.1)
                  00009e84    00000006     libc.a : exit.c.obj (.text:abort)
                  00009e8a    00000004            : s_atanf.c.obj (.text.OUTLINED_FUNCTION_1)
                  00009e8e    00000002     --HOLE-- [fill = 0]
                  00009e90    00000010     libclang_rt.builtins.a : addsf3.S.obj (.tramp.__aeabi_fadd.1)
                  00009ea0    00000004     startup_mspm0g350x_ticlang.o (.text.Reset_Handler)
                  00009ea4    00000004     board.o (.text.printf)
                  00009ea8    00000008     --HOLE-- [fill = 0]

.cinit     0    0000bcb0    00000090     
                  0000bcb0    00000068     (.cinit..data.load) [load image, compression = lzss]
                  0000bd18    0000000c     (__TI_handler_table)
                  0000bd24    00000008     (.cinit..bss.load) [load image, compression = zero_init]
                  0000bd2c    00000010     (__TI_cinit_table)
                  0000bd3c    00000004     --HOLE-- [fill = 0]

.rodata    0    00009eb0    00001e00     
                  00009eb0    00000d5c     oled.o (.rodata.asc2_2412)
                  0000ac0c    000005f0     oled.o (.rodata.asc2_1608)
                  0000b1fc    00000474     oled.o (.rodata.asc2_1206)
                  0000b670    00000228     oled.o (.rodata.asc2_0806)
                  0000b898    00000008     ti_msp_dl_config.o (.rodata.gPWM_MOTOR1Config)
                  0000b8a0    00000101     libc.a : aeabi_ctype.S.obj (.rodata:__aeabi_ctype_table_)
                  0000b9a1    00000003     ti_msp_dl_config.o (.rodata.gPWM_MOTOR1ClockConfig)
                  0000b9a4    00000040     libc.a : strtof.c.obj (.rodata.digits)
                  0000b9e4    00000028     ti_msp_dl_config.o (.rodata.gSYSPLLConfig)
                  0000ba0c    00000022     bsp_icm42688.o (.rodata.str1.3303857925305016434.1)
                  0000ba2e    00000021     test.o (.rodata.str1.3157549975698974756.1)
                  0000ba4f    00000001     --HOLE-- [fill = 0]
                  0000ba50    00000020     ui.o (.rodata.TASK_NAMES)
                  0000ba70    00000020     libc.a : s_atanf.c.obj (.rodata.cst16)
                  0000ba90    0000001c     test.o (.rodata.str1.13195311622662957337.1)
                  0000baac    0000001a     test.o (.rodata.str1.4156556961043119304.1)
                  0000bac6    00000002     ti_msp_dl_config.o (.rodata.gI2C_OLEDClockConfig)
                  0000bac8    00000018     ti_msp_dl_config.o (.rodata.gDMA_UART0RxConfig)
                  0000bae0    00000018     ti_msp_dl_config.o (.rodata.gDMA_UART0TxConfig)
                  0000baf8    00000018     libc.a : strtof.c.obj (.rodata.powerof10)
                  0000bb10    00000018     bsp_icm42688.o (.rodata.str1.8744048052793523222.1)
                  0000bb28    00000014     ti_msp_dl_config.o (.rodata.gTIMER_ENCODER_TICKTimerConfig)
                  0000bb3c    00000014     ti_msp_dl_config.o (.rodata.gTIMER_IMU_TICKTimerConfig)
                  0000bb50    00000013     imu.o (.rodata.str1.9428666095146271677.1)
                  0000bb63    00000012     imu.o (.rodata.str1.17528443696524096877.1)
                  0000bb75    00000011     libc.a : _printfi.c.obj (.rodata.str1.10348868589481759720.1)
                  0000bb86    00000011            : _printfi.c.obj (.rodata.str1.15363888844622738466.1)
                  0000bb97    00000011     ui.o (.rodata.str1.17031883247104657135.1)
                  0000bba8    0000000f     ui.o (.rodata.str1.12538281454058622509.1)
                  0000bbb7    0000000d     ui.o (.rodata.str1.15331705689480486164.1)
                  0000bbc4    0000000c     ui.o (.rodata.str1.13859983818639867517.1)
                  0000bbd0    0000000b     ui.o (.rodata.str1.12535283176598748339.1)
                  0000bbdb    0000000b     main.o (.rodata.str1.15159059442110792349.1)
                  0000bbe6    0000000b     test.o (.rodata.str1.2354853713941228107.1)
                  0000bbf1    00000001     --HOLE-- [fill = 0]
                  0000bbf2    0000000a     ti_msp_dl_config.o (.rodata.gSPI_IMU_config)
                  0000bbfc    0000000a     ti_msp_dl_config.o (.rodata.gUART_0Config)
                  0000bc06    0000000a     ti_msp_dl_config.o (.rodata.gUART_1Config)
                  0000bc10    0000000a     ui.o (.rodata.str1.13322120658912713974.1)
                  0000bc1a    0000000a     ui.o (.rodata.str1.16335694059735910400.1)
                  0000bc24    00000009     ui.o (.rodata.str1.18238964237711364483.1)
                  0000bc2d    00000003     ti_msp_dl_config.o (.rodata.gPWM_MOTOR2ClockConfig)
                  0000bc30    00000008     ti_msp_dl_config.o (.rodata.gPWM_MOTOR2Config)
                  0000bc38    00000008     ui.o (.rodata.str1.1302443716360040853.1)
                  0000bc40    00000008     ui.o (.rodata.str1.5855803612036218697.1)
                  0000bc48    00000007     ui.o (.rodata.str1.5005294172275454783.1)
                  0000bc4f    00000006     ui.o (.rodata.str1.12487468500324041522.1)
                  0000bc55    00000006     ui.o (.rodata.str1.3893798385513951058.1)
                  0000bc5b    00000006     ui.o (.rodata.str1.5166644178498611065.1)
                  0000bc61    00000006     ui.o (.rodata.str1.5190044239938996863.1)
                  0000bc67    00000006     main.o (.rodata.str1.8154729771448623357.1)
                  0000bc6d    00000006     ui.o (.rodata.str1.843315077082427632.1)
                  0000bc73    00000005     ui.o (.rodata.str1.10745562561331740724.1)
                  0000bc78    00000005     ui.o (.rodata.str1.14496071923412508607.1)
                  0000bc7d    00000005     ui.o (.rodata.str1.16967780072679918227.1)
                  0000bc82    00000005     debug.o (.rodata.str1.8474684609722729998.1)
                  0000bc87    00000005     test.o (.rodata.str1.8561413997158259161.1)
                  0000bc8c    00000004     ui.o (.rodata.str1.10911223399804757918.1)
                  0000bc90    00000003     ti_msp_dl_config.o (.rodata.gTIMER_ENCODER_TICKClockConfig)
                  0000bc93    00000003     ti_msp_dl_config.o (.rodata.gTIMER_IMU_TICKClockConfig)
                  0000bc96    00000003     ui.o (.rodata.str1.17415414935790197071.1)
                  0000bc99    00000003     ui.o (.rodata.str1.5634510424120072891.1)
                  0000bc9c    00000003     ui.o (.rodata.str1.6127180906150832197.1)
                  0000bc9f    00000002     ti_msp_dl_config.o (.rodata.gSPI_IMU_clockConfig)
                  0000bca1    00000002     ti_msp_dl_config.o (.rodata.gUART_0ClockConfig)
                  0000bca3    00000002     ti_msp_dl_config.o (.rodata.gUART_1ClockConfig)
                  0000bca5    00000002     libc.a : fputs.c.obj (.rodata.str1.16607721268415185390.1)
                  0000bca7    00000009     --HOLE-- [fill = 0]

.init_array 
*          0    00000000    00000000     UNINITIALIZED

.binit     0    00000000    00000000     

.bss       0    20200000    0000164c     UNINITIALIZED
                  20200000    00000960     imu.o (.bss.gyro_hist)
                  20200960    00000480     (.common:OLED_GRAM)
                  20200de0    00000200     bsp_uart.o (.bss.tx_buf)
                  20200fe0    00000120     libsysbm.a : trgmsg.c.obj (.bss:_CIOBUF_)
                  20201100    00000100     bsp_uart.o (.bss.rx_buf)
                  20201200    000000bc     (.common:gPWM_MOTOR2Backup)
                  202012bc    000000bc     (.common:gTIMER_IMU_TICKBackup)
                  20201378    000000a0     libc.a : defs.c.obj (.bss.__TI_tmpnams)
                  20201418    000000a0     (.common:gPWM_MOTOR1Backup)
                  202014b8    00000084     car.o (.bss.car)
                  2020153c    00000028     (.common:gSPI_IMUBackup)
                  20201564    00000018     debug.o (.bss.cmd_buf)
                  2020157c    00000004     imu.o (.bss.exInt)
                  20201580    00000018     imu.o (.bss.gyro_sqr_sum)
                  20201598    00000018     imu.o (.bss.gyro_sum)
                  202015b0    0000000c     imu.o (.bss.gyro_offset)
                  202015bc    0000000c     imu.o (.bss.ypr)
                  202015c8    0000000c     (.common:accval)
                  202015d4    0000000c     (.common:gyroval)
                  202015e0    0000000c     (.common:north)
                  202015ec    0000000c     (.common:west)
                  202015f8    00000008     bsp_encoder.o (.bss.count)
                  20201600    00000008     libsysbm.a : hostopen.c.obj (.bss.parmbuf)
                  20201608    00000008     bsp_encoder.o (.bss.pulse)
                  20201610    00000004     imu.o (.bss.eyInt)
                  20201614    00000004     imu.o (.bss.ezInt)
                  20201618    00000004     imu.o (.bss.lastUpdate)
                  2020161c    00000004     imu.o (.bss.now)
                  20201620    00000004     imu.o (.bss.q0)
                  20201624    00000004     imu.o (.bss.q1)
                  20201628    00000004     imu.o (.bss.q2)
                  2020162c    00000004     imu.o (.bss.q3)
                  20201630    00000004     bsp_uart.o (.bss.rx_done)
                  20201634    00000004     bsp_uart.o (.bss.rx_read)
                  20201638    00000004     libc.a : memory.c.obj (.bss.sys_free)
                  2020163c    00000002     imu.o (.bss.gyro_idx)
                  2020163e    00000002     bsp_uart.o (.bss.tx_dma_len)
                  20201640    00000002     bsp_uart.o (.bss.tx_head)
                  20201642    00000002     bsp_uart.o (.bss.tx_tail)
                  20201644    00000001     debug.o (.bss.cmd_drop)
                  20201645    00000001     debug.o (.bss.cmd_len)
                  20201646    00000001     debug.o (.bss.cmd_status)
                  20201647    00000001     imu.o (.bss.gyro_win_ready)
                  20201648    00000001     imu.o (.bss.imu_ready)
                  20201649    00000001     task.o (.bss.task_debug_tick.cnt)
                  2020164a    00000001     bsp_uart.o (.bss.tx_busy)
                  2020164b    00000001     (.common:encoder_tick)

.sysmem    0    20201650    00000800     UNINITIALIZED
                  20201650    00000010     libc.a : memory.c.obj (.sysmem)
                  20201660    000007f0     --HOLE--

.data      0    20201e50    000001fd     UNINITIALIZED
                  20201e50    000000f0     libc.a : defs.c.obj (.data._ftable)
                  20201f40    00000078     libsysbm.a : host_device.c.obj (.data._device)
                  20201fb8    00000050                : host_device.c.obj (.data._stream)
                  20202008    00000014     imu.o (.data.yaw)
                  2020201c    00000008     libc.a : exit.c.obj (.data..L_MergedGlobals)
                  20202024    00000004     bsp_icm42688.o (.data.Acc_Sensitivity)
                  20202028    00000004     bsp_icm42688.o (.data.Gyro_Sensitivity)
                  2020202c    00000004     libc.a : defs.c.obj (.data.__TI_ft_end)
                  20202030    00000004            : aeabi_portable.c.obj (.data.__aeabi_errno)
                  20202034    00000004            : _lock.c.obj (.data._lock)
                  20202038    00000004            : _lock.c.obj (.data._unlock)
                  2020203c    00000004     bsp_key.o (.data.debug_key1_raw)
                  20202040    00000004     bsp_key.o (.data.debug_key2_raw)
                  20202044    00000004     bsp_key.o (.data.debug_key3_raw)
                  20202048    00000004     imu.o (.data.nowtime)
                  2020204c    00000001     libc.a : memory.c.obj (.data.memory_is_initialized)

.stack     0    20207e00    00000200     UNINITIALIZED
                  20207e00    00000004     libc.a : boot_cortex_m.c.obj (.stack)
                  20207e04    000001fc     --HOLE--

__llvm_prf_cnts 
*          0    20200000    00000000     UNINITIALIZED

__llvm_prf_bits 
*          0    20200000    00000000     UNINITIALIZED

MODULE SUMMARY

       Module                         code    ro data   rw data
       ------                         ----    -------   -------
    .\
       ti_msp_dl_config.o             2412    194       576    
       startup_mspm0g350x_ticlang.o   6       192       0      
       main.o                         104     17        0      
    +--+------------------------------+-------+---------+---------+
       Total:                         2522    403       576    
                                                               
    .\APP\src\
       imu.o                          3344    37        2584   
       car.o                          2244    0         132    
       ui.o                           1254    210       0      
       task.o                         1144    0         1      
       test.o                         996     103       0      
       debug.o                        612     5         27     
       pid.o                          360     0         0      
    +--+------------------------------+-------+---------+---------+
       Total:                         9954    355       2744   
                                                               
    .\BSP\src\
       oled.o                         9228    6632      1152   
       bsp_uart.o                     980     0         783    
       bsp_icm42688.o                 1028    58        8      
       bsp_motor.o                    356     0         0      
       bsp_encoder.o                  256     0         17     
       bsp_key.o                      156     0         12     
       bsp_track.o                    104     0         0      
    +--+------------------------------+-------+---------+---------+
       Total:                         12108   6690      1972   
                                                               
    .\Board\
       board_irq.o                    96      0         0      
       board.o                        20      0         0      
    +--+------------------------------+-------+---------+---------+
       Total:                         116     0         0      
                                                               
    D:/TI/mspm0_sdk_2_10_00_04/source/ti/driverlib/lib/ticlang/m0p/mspm0g1x0x_g3x0x/driverlib.a
       dl_timer.o                     608     0         0      
       dl_sysctl_mspm0g1x0x_g3x0x.o   416     0         0      
       dl_spi.o                       166     0         0      
       dl_i2c.o                       132     0         0      
       dl_uart.o                      90      0         0      
       dl_dma.o                       76      0         0      
       dl_common.o                    10      0         0      
    +--+------------------------------+-------+---------+---------+
       Total:                         1498    0         0      
                                                               
    D:\TI\ccs\tools\compiler\ti-cgt-armllvm_4.0.4.LTS\lib\armv6m-ti-none-eabi/c/libc.a
       _printfi.c.obj                 4510    34        0      
       strtof.c.obj                   872     88        0      
       memory.c.obj                   702     0         5      
       s_atanf.c.obj                  466     32        0      
       defs.c.obj                     0       0         404    
       e_sqrt.c.obj                   368     0         0      
       e_asinf.c.obj                  358     0         0      
       fputs.c.obj                    284     2         0      
       e_atan2f.c.obj                 280     0         0      
       aeabi_ctype.S.obj              0       257       0      
       setvbuf.c.obj                  224     0         0      
       s_scalbn.c.obj                 216     0         0      
       s_scalbnf.c.obj                176     0         0      
       getdevice.c.obj                160     0         0      
       memcpy16.S.obj                 154     0         0      
       snprintf.c.obj                 148     0         0      
       strcmp-armv6m.S.obj            136     0         0      
       copy_decompress_lzss.c.obj     124     0         0      
       fclose.c.obj                   124     0         0      
       fseek.c.obj                    116     0         0      
       _io_perm.c.obj                 100     0         0      
       memset16.S.obj                 98      0         0      
       s_frexp.c.obj                  92      0         0      
       _ltoa.c.obj                    88      0         0      
       fflush.c.obj                   82      0         0      
       exit.c.obj                     58      0         8      
       atoi.c.obj                     64      0         0      
       autoinit.c.obj                 60      0         0      
       fopen.c.obj                    52      0         0      
       boot_cortex_m.c.obj            40      0         0      
       memccpy.c.obj                  34      0         0      
       memcmp.c.obj                   32      0         0      
       copy_decompress_none.c.obj     18      0         0      
       copy_zero_init.c.obj           16      0         0      
       wcslen.c.obj                   16      0         0      
       aeabi_portable.c.obj           8       0         4      
       _lock.c.obj                    2       0         8      
       pre_init.c.obj                 4       0         0      
    +--+------------------------------+-------+---------+---------+
       Total:                         10282   413       429    
                                                               
    D:\TI\ccs\tools\compiler\ti-cgt-armllvm_4.0.4.LTS\lib\armv6m-ti-none-eabi/c/libsysbm.a
       trgmsg.c.obj                   104     0         288    
       host_device.c.obj              0       0         200    
       hostrename.c.obj               136     0         0      
       hostlseek.c.obj                108     0         0      
       hostopen.c.obj                 96      0         8      
       hostread.c.obj                 88      0         0      
       hostwrite.c.obj                88      0         0      
       close.c.obj                    80      0         0      
       hostclose.c.obj                72      0         0      
       hostunlink.c.obj               72      0         0      
       unlink.c.obj                   44      0         0      
       lseek.c.obj                    40      0         0      
       write.c.obj                    40      0         0      
       remove.c.obj                   8       0         0      
       hostexit.c.obj                 4       0         0      
    +--+------------------------------+-------+---------+---------+
       Total:                         980     0         496    
                                                               
    D:\TI\ccs\tools\compiler\ti-cgt-armllvm_4.0.4.LTS\lib\armv6m-ti-none-eabi/libclang_rt.builtins.a
       adddf3.S.obj                   418     0         0      
       divdf3.S.obj                   268     0         0      
       addsf3.S.obj                   232     0         0      
       muldf3.S.obj                   228     0         0      
       comparedf2.c.obj               220     0         0      
       udivmoddi4.S.obj               162     0         0      
       mulsf3.S.obj                   156     0         0      
       divsf3.S.obj                   146     0         0      
       comparesf2.S.obj               118     0         0      
       truncdfsf2.S.obj               116     0         0      
       aeabi_dcmp.S.obj               98      0         0      
       aeabi_fcmp.S.obj               98      0         0      
       aeabi_idivmod.S.obj            86      0         0      
       fixdfsi.S.obj                  74      0         0      
       aeabi_uidivmod.S.obj           64      0         0      
       extendsfdf2.S.obj              64      0         0      
       floatsisf.S.obj                60      0         0      
       muldsi3.S.obj                  58      0         0      
       fixsfsi.S.obj                  56      0         0      
       floatsidf.S.obj                44      0         0      
       floatunsisf.S.obj              40      0         0      
       muldi3.S.obj                   36      0         0      
       ashldi3.S.obj                  30      0         0      
       aeabi_memset.S.obj             26      0         0      
       aeabi_uldivmod.S.obj           20      0         0      
       aeabi_memcpy.S.obj             8       0         0      
       aeabi_div0.c.obj               4       0         0      
    +--+------------------------------+-------+---------+---------+
       Total:                         2930    0         0      
                                                               
       Heap:                          0       0         2048   
       Stack:                         0       0         512    
       Linker Generated:              0       140       0      
    +--+------------------------------+-------+---------+---------+
       Grand Total:                   40390   8001      8777   


LINKER GENERATED COPY TABLES

__TI_cinit_table @ 0000bd2c records: 2, size/record: 8, table size: 16
	.data: load addr=0000bcb0, load size=00000068 bytes, run addr=20201e50, run size=000001fd bytes, compression=lzss
	.bss: load addr=0000bd24, load size=00000008 bytes, run addr=20200000, run size=0000164c bytes, compression=zero_init


LINKER GENERATED HANDLER TABLE

__TI_handler_table @ 0000bd18 records: 3, size/record: 4, table size: 12
	index: 0, handler: __TI_decompress_lzss
	index: 1, handler: __TI_decompress_none
	index: 2, handler: __TI_zero_init


FAR CALL TRAMPOLINES

callee name               trampoline name
   callee addr  tramp addr   call addr  call info
--------------  -----------  ---------  ----------------
__aeabi_dsub              $Tramp$TT$L$PI$$__aeabi_dsub
   00005761     00009e08     00009e06   libc.a : _printfi.c.obj (.text.OUTLINED_FUNCTION_0)
__aeabi_fmul              $Tramp$TT$L$PI$$__aeabi_fmul
   00007cf1     00009e5c     00009e58   libc.a : e_asinf.c.obj (.text.OUTLINED_FUNCTION_0)
__aeabi_fdiv              $Tramp$TT$L$PI$$__aeabi_fdiv
   00007f19     00009e74     00009e70   libc.a : s_atanf.c.obj (.text.OUTLINED_FUNCTION_0)
__aeabi_fadd              $Tramp$TT$L$PI$$__aeabi_fadd
   00007233     00009e90     00009e8c   libc.a : s_atanf.c.obj (.text.OUTLINED_FUNCTION_1)

[4 trampolines]
[4 trampoline calls]


GLOBAL SYMBOLS: SORTED ALPHABETICALLY BY Name 

address   name                                 
-------   ----                                 
000058f3  ADC0_IRQHandler                      
000058f3  ADC1_IRQHandler                      
000058f3  AES_IRQHandler                       
000098b9  BSP_Uart1_ReadByteBlocking           
00007301  BSP_Uart_IRQHandler                  
00006f99  BSP_Uart_Init                        
00008a71  BSP_Uart_ReadByte                    
000055c1  BSP_Uart_Write                       
00007e8c  C$$EXIT                              
00009761  C$$IO$$                              
000058f3  CANFD0_IRQHandler                    
0000939d  Car_GetPidParams                     
00009c01  Car_GetStatus                        
00006725  Car_Init                             
00005e61  Car_SetHeading                       
00008acd  Car_SetPidParam                      
00009a21  Car_SetTrack                         
00009d29  Car_SetTrackLostSearch               
00005f91  Car_SetTurnAngle                     
000095b9  Car_Stop                             
000033cd  Car_Update                           
000058f3  DAC0_IRQHandler                      
00009df5  DL_Common_delayCycles                
00008f2d  DL_DMA_initChannel                   
00008a11  DL_I2C_fillControllerTXFIFO          
000099f9  DL_I2C_setClockConfig                
00009215  DL_SPI_init                          
00009ad5  DL_SPI_receiveDataBlocking8          
00009ce1  DL_SPI_setClockConfig                
000097d1  DL_SPI_transmitDataBlocking8         
00009b75  DL_SYSCTL_configFCC                  
00007075  DL_SYSCTL_configSYSPLL               
0000869d  DL_SYSCTL_setHFCLKSourceHFXTParams   
00009259  DL_SYSCTL_switchMCLKfromSYSOSCtoHSCLK
00006621  DL_Timer_initFourCCPWMMode           
00006825  DL_Timer_initTimerMode               
00009b91  DL_Timer_setCaptCompUpdateMethod     
00009c19  DL_Timer_setCaptureCompareOutCtl     
00009d39  DL_Timer_setCaptureCompareValue      
00009bad  DL_Timer_setClockConfig              
000090f5  DL_UART_init                         
00009cf3  DL_UART_setClockConfig               
000058f3  DMA_IRQHandler                       
00004cf5  Debug_CommandPoll                    
00007a2d  Debug_Output                         
000058f3  Default_Handler                      
00008111  Encoder_GpioIrqHandler               
000093d9  Encoder_Init                         
00009c91  Encoder_Read                         
000095f1  Encoder_TickIrqHandler               
000058f3  GROUP0_IRQHandler                    
0000929d  GROUP1_IRQHandler                    
0000913d  HOSTclose                            
00007e8d  HOSTexit                             
000082e5  HOSTlseek                            
000088f1  HOSTopen                             
00008b85  HOSTread                             
00008351  HOSTrename                           
00009185  HOSTunlink                           
00008bdd  HOSTwrite                            
000058f3  HardFault_Handler                    
000058f3  I2C0_IRQHandler                      
000058f3  I2C1_IRQHandler                      
00005259  ICM_Init                             
00009ca5  IMU_dataReadyIrqHandler              
00009c31  IMU_getYawPitchRoll                  
00006dd9  IMU_init                             
00009af5  IMU_resetTimestamp                   
00001389  IMU_sample                           
00009b15  Key_Init                             
00007f9d  Key_Scan                             
00009699  Motor_Brake                          
00008d3d  Motor_Init                           
00007d7d  Motor_SetDuty                        
000058f3  NMI_Handler                          
00001f6d  OLED_Clear                           
00007ac1  OLED_ColorTurn                       
00006519  OLED_DisplayTurn                     
20200960  OLED_GRAM                            
000000c1  OLED_Init                            
000046d5  OLED_Refresh                         
00004465  OLED_ShowChar                        
00007b4d  OLED_ShowString                      
00006921  PID_Calc                             
00009d49  PID_CalcTarget                       
0000905d  PID_Init                             
00009d05  PID_Reset                            
000058f3  PendSV_Handler                       
000058f3  RTC_IRQHandler                       
00009ea1  Reset_Handler                        
000058f3  SPI0_IRQHandler                      
000058f3  SPI1_IRQHandler                      
000058f3  SVC_Handler                          
00009c49  SYSCFG_DL_DMA_UART0Rx_init           
000098e1  SYSCFG_DL_DMA_UART0Tx_init           
00009dd1  SYSCFG_DL_DMA_init                   
00005a65  SYSCFG_DL_GPIO_init                  
00008d91  SYSCFG_DL_I2C_OLED_init              
00007bd9  SYSCFG_DL_PWM_MOTOR1_init            
00007c65  SYSCFG_DL_PWM_MOTOR2_init            
00008f79  SYSCFG_DL_SPI_IMU_init               
00009909  SYSCFG_DL_SYSCTL_CLK_init            
00003f15  SYSCFG_DL_SYSCTL_SYSPLL_init         
00007571  SYSCFG_DL_SYSCTL_init                
00008fc5  SYSCFG_DL_TIMER_ENCODER_TICK_init    
00009629  SYSCFG_DL_TIMER_IMU_TICK_init        
000077a9  SYSCFG_DL_UART_0_init                
00008951  SYSCFG_DL_UART_1_init                
000089b1  SYSCFG_DL_init                       
00007e05  SYSCFG_DL_initPower                  
000058f3  SysTick_Handler                      
000058f3  TIMA0_IRQHandler                     
000058f3  TIMA1_IRQHandler                     
00009c61  TIMG0_IRQHandler                     
000058f3  TIMG12_IRQHandler                    
000058f3  TIMG6_IRQHandler                     
000058f3  TIMG7_IRQHandler                     
000058f3  TIMG8_IRQHandler                     
00004ec5  Test_IMU                             
000073d5  Test_Motor                           
000091cd  Test_OLED                            
00007635  Test_Track                           
00009415  Test_UartReceive                     
00008495  Track_ReadMask                       
00009e2b  UART0_IRQHandler                     
000058f3  UART1_IRQHandler                     
000058f3  UART2_IRQHandler                     
000058f3  UART3_IRQHandler                     
00009a45  UI_IMU_Calibrating                   
00009be5  UI_Init                              
000041bd  UI_Process                           
00006a1d  UI_Test_IMU                          
000074a5  UI_Test_Motor                        
00009451  UI_Test_OLED                         
20200fe0  _CIOBUF_                             
20200fe0  __CIOBUF_                            
20208000  __STACK_END                          
00000200  __STACK_SIZE                         
00000800  __SYSMEM_SIZE                        
00000000  __TI_ATRegion0_region_sz             
00000000  __TI_ATRegion0_src_addr              
00000000  __TI_ATRegion0_trg_addr              
00000000  __TI_ATRegion1_region_sz             
00000000  __TI_ATRegion1_src_addr              
00000000  __TI_ATRegion1_trg_addr              
00000000  __TI_ATRegion2_region_sz             
00000000  __TI_ATRegion2_src_addr              
00000000  __TI_ATRegion2_trg_addr              
0000bd2c  __TI_CINIT_Base                      
0000bd3c  __TI_CINIT_Limit                     
0000bd3c  __TI_CINIT_Warm                      
0000bd18  __TI_Handler_Table_Base              
0000bd24  __TI_Handler_Table_Limit             
00009505  __TI_auto_init_nobinit_nopinit       
000096cd  __TI_cleanup                         
2020201c  __TI_cleanup_ptr                     
00008019  __TI_closefile                       
00008095  __TI_decompress_lzss                 
00009d17  __TI_decompress_none                 
00008e39  __TI_doflush                         
20202020  __TI_dtors_ptr                       
2020202c  __TI_ft_end                          
00008c35  __TI_ltoa                            
ffffffff  __TI_pprof_out_hndl                  
000029fd  __TI_printfi                         
ffffffff  __TI_prof_data_size                  
ffffffff  __TI_prof_data_start                 
00009701  __TI_readmsg                         
00000000  __TI_static_base__                   
20201378  __TI_tmpnams                         
00009735  __TI_writemsg                        
00008701  __TI_wrt_ok                          
00009d79  __TI_zero_init                       
0000576b  __adddf3                             
00007233  __addsf3                             
0000b8a0  __aeabi_ctype_table_                 
0000b8a0  __aeabi_ctype_table_C                
00008201  __aeabi_d2f                          
000090a9  __aeabi_d2iz                         
0000576b  __aeabi_dadd                         
000087c9  __aeabi_dcmpeq                       
00008805  __aeabi_dcmpge                       
00008819  __aeabi_dcmpgt                       
000087f1  __aeabi_dcmple                       
000087dd  __aeabi_dcmplt                       
0000640d  __aeabi_ddiv                         
00006cf5  __aeabi_dmul                         
00005761  __aeabi_dsub                         
20202030  __aeabi_errno                        
00009e35  __aeabi_errno_addr                   
0000931d  __aeabi_f2d                          
00009661  __aeabi_f2iz                         
00007233  __aeabi_fadd                         
0000882d  __aeabi_fcmpeq                       
00008869  __aeabi_fcmpge                       
0000887d  __aeabi_fcmpgt                       
00008855  __aeabi_fcmple                       
00008841  __aeabi_fcmplt                       
00007f19  __aeabi_fdiv                         
00007cf1  __aeabi_fmul                         
00007229  __aeabi_fsub                         
00009861  __aeabi_i2d                          
0000948d  __aeabi_i2f                          
00008ce5  __aeabi_idiv                         
000078f3  __aeabi_idiv0                        
00008ce5  __aeabi_idivmod                      
00007a2b  __aeabi_ldiv0                        
00009b55  __aeabi_llsl                         
00009a69  __aeabi_lmul                         
00009ddd  __aeabi_memclr                       
00009ddd  __aeabi_memclr4                      
00009ddd  __aeabi_memclr8                      
00009e3d  __aeabi_memcpy                       
00009e3d  __aeabi_memcpy4                      
00009e3d  __aeabi_memcpy8                      
00009d99  __aeabi_memset                       
00009d99  __aeabi_memset4                      
00009d99  __aeabi_memset8                      
00009931  __aeabi_ui2f                         
000092dd  __aeabi_uidiv                        
000092dd  __aeabi_uidivmod                     
00009cb9  __aeabi_uldivmod                     
00009b55  __ashldi3                            
ffffffff  __binit__                            
000084fd  __cmpdf2                             
00009541  __cmpsf2                             
0000640d  __divdf3                             
00007f19  __divsf3                             
000084fd  __eqdf2                              
00009541  __eqsf2                              
0000931d  __extendsfdf2                        
000090a9  __fixdfsi                            
00009661  __fixsfsi                            
00009861  __floatsidf                          
0000948d  __floatsisf                          
00009931  __floatunsisf                        
00008189  __gedf2                              
000094c9  __gesf2                              
00008189  __gtdf2                              
000094c9  __gtsf2                              
000084fd  __ledf2                              
00009541  __lesf2                              
000084fd  __ltdf2                              
00009541  __ltsf2                              
UNDEFED   __mpu_init                           
00006cf5  __muldf3                             
00009a69  __muldi3                             
0000957d  __muldsi3                            
00007cf1  __mulsf3                             
000084fd  __nedf2                              
00009541  __nesf2                              
20207e00  __stack                              
20200000  __start___llvm_prf_bits              
20200000  __start___llvm_prf_cnts              
20200000  __stop___llvm_prf_bits               
20200000  __stop___llvm_prf_cnts               
00005761  __subdf3                             
00007229  __subsf3                             
00008201  __truncdfsf2                         
00007851  __udivmoddi4                         
000099d1  _c_int00_noargs                      
20201f40  _device                              
20201e50  _ftable                              
20202034  _lock                                
00007f9b  _nop                                 
20201fb8  _stream                              
20201650  _sys_memory                          
UNDEFED   _system_post_cinit                   
000081fd  _system_pre_init                     
20202038  _unlock                              
00009e85  abort                                
202015c8  accval                               
000062f9  aligned_alloc                        
0000b670  asc2_0806                            
0000b1fc  asc2_1206                            
0000ac0c  asc2_1608                            
00009eb0  asc2_2412                            
00005bc5  asinf                                
000061e1  atan2f                               
00005091  atanf                                
0000935d  atoi                                 
ffffffff  binit                                
000078f5  bsp_IcmConfigDataReadyInt            
0000541d  bsp_IcmGetRawData                    
00008edd  close                                
2020203c  debug_key1_raw                       
20202040  debug_key2_raw                       
20202044  debug_key3_raw                       
00009d59  delay_ms                             
2020164b  encoder_tick                         
00009769  exit                                 
0000979d  finddevice                           
00006b15  fputs                                
00006c0d  free                                 
00008b29  frexp                                
00008b29  frexpl                               
00009e45  fseek                                
000083bd  fseeko                               
20201418  gPWM_MOTOR1Backup                    
20201200  gPWM_MOTOR2Backup                    
2020153c  gSPI_IMUBackup                       
202012bc  gTIMER_IMU_TICKBackup                
00008429  getdevice                            
202015d4  gyroval                              
00000000  interruptVectors                     
00007151  ldexp                                
000076f9  ldexpf                               
00007151  ldexpl                               
00009981  lseek                                
00008565  main                                 
00009de9  malloc                               
000062f9  memalign                             
00009ab1  memccpy                              
00009b35  memcmp                               
00007991  memcpy                               
0000888f  memset                               
202015e0  north                                
20202048  nowtime                              
20201600  parmbuf                              
00009ea5  printf                               
00009a8d  puts                                 
00009e4d  remove                               
00007151  scalbn                               
000076f9  scalbnf                              
00007151  scalbnl                              
00006eb9  setvbuf                              
00009011  snprintf                             
000058f5  sqrt                                 
000058f5  sqrtl                                
00007e91  strcmp                               
00003bb5  strtof                               
000085cd  task1_run                            
00008275  task2_run                            
00003815  task3_run                            
0000988d  unlink                               
00009d69  wcslen                               
202015ec  west                                 
000099a9  write                                
20202008  yaw                                  


GLOBAL SYMBOLS: SORTED BY Symbol Address 

address   name                                 
-------   ----                                 
00000000  __TI_ATRegion0_region_sz             
00000000  __TI_ATRegion0_src_addr              
00000000  __TI_ATRegion0_trg_addr              
00000000  __TI_ATRegion1_region_sz             
00000000  __TI_ATRegion1_src_addr              
00000000  __TI_ATRegion1_trg_addr              
00000000  __TI_ATRegion2_region_sz             
00000000  __TI_ATRegion2_src_addr              
00000000  __TI_ATRegion2_trg_addr              
00000000  __TI_static_base__                   
00000000  interruptVectors                     
000000c1  OLED_Init                            
00000200  __STACK_SIZE                         
00000800  __SYSMEM_SIZE                        
00001389  IMU_sample                           
00001f6d  OLED_Clear                           
000029fd  __TI_printfi                         
000033cd  Car_Update                           
00003815  task3_run                            
00003bb5  strtof                               
00003f15  SYSCFG_DL_SYSCTL_SYSPLL_init         
000041bd  UI_Process                           
00004465  OLED_ShowChar                        
000046d5  OLED_Refresh                         
00004cf5  Debug_CommandPoll                    
00004ec5  Test_IMU                             
00005091  atanf                                
00005259  ICM_Init                             
0000541d  bsp_IcmGetRawData                    
000055c1  BSP_Uart_Write                       
00005761  __aeabi_dsub                         
00005761  __subdf3                             
0000576b  __adddf3                             
0000576b  __aeabi_dadd                         
000058f3  ADC0_IRQHandler                      
000058f3  ADC1_IRQHandler                      
000058f3  AES_IRQHandler                       
000058f3  CANFD0_IRQHandler                    
000058f3  DAC0_IRQHandler                      
000058f3  DMA_IRQHandler                       
000058f3  Default_Handler                      
000058f3  GROUP0_IRQHandler                    
000058f3  HardFault_Handler                    
000058f3  I2C0_IRQHandler                      
000058f3  I2C1_IRQHandler                      
000058f3  NMI_Handler                          
000058f3  PendSV_Handler                       
000058f3  RTC_IRQHandler                       
000058f3  SPI0_IRQHandler                      
000058f3  SPI1_IRQHandler                      
000058f3  SVC_Handler                          
000058f3  SysTick_Handler                      
000058f3  TIMA0_IRQHandler                     
000058f3  TIMA1_IRQHandler                     
000058f3  TIMG12_IRQHandler                    
000058f3  TIMG6_IRQHandler                     
000058f3  TIMG7_IRQHandler                     
000058f3  TIMG8_IRQHandler                     
000058f3  UART1_IRQHandler                     
000058f3  UART2_IRQHandler                     
000058f3  UART3_IRQHandler                     
000058f5  sqrt                                 
000058f5  sqrtl                                
00005a65  SYSCFG_DL_GPIO_init                  
00005bc5  asinf                                
00005e61  Car_SetHeading                       
00005f91  Car_SetTurnAngle                     
000061e1  atan2f                               
000062f9  aligned_alloc                        
000062f9  memalign                             
0000640d  __aeabi_ddiv                         
0000640d  __divdf3                             
00006519  OLED_DisplayTurn                     
00006621  DL_Timer_initFourCCPWMMode           
00006725  Car_Init                             
00006825  DL_Timer_initTimerMode               
00006921  PID_Calc                             
00006a1d  UI_Test_IMU                          
00006b15  fputs                                
00006c0d  free                                 
00006cf5  __aeabi_dmul                         
00006cf5  __muldf3                             
00006dd9  IMU_init                             
00006eb9  setvbuf                              
00006f99  BSP_Uart_Init                        
00007075  DL_SYSCTL_configSYSPLL               
00007151  ldexp                                
00007151  ldexpl                               
00007151  scalbn                               
00007151  scalbnl                              
00007229  __aeabi_fsub                         
00007229  __subsf3                             
00007233  __addsf3                             
00007233  __aeabi_fadd                         
00007301  BSP_Uart_IRQHandler                  
000073d5  Test_Motor                           
000074a5  UI_Test_Motor                        
00007571  SYSCFG_DL_SYSCTL_init                
00007635  Test_Track                           
000076f9  ldexpf                               
000076f9  scalbnf                              
000077a9  SYSCFG_DL_UART_0_init                
00007851  __udivmoddi4                         
000078f3  __aeabi_idiv0                        
000078f5  bsp_IcmConfigDataReadyInt            
00007991  memcpy                               
00007a2b  __aeabi_ldiv0                        
00007a2d  Debug_Output                         
00007ac1  OLED_ColorTurn                       
00007b4d  OLED_ShowString                      
00007bd9  SYSCFG_DL_PWM_MOTOR1_init            
00007c65  SYSCFG_DL_PWM_MOTOR2_init            
00007cf1  __aeabi_fmul                         
00007cf1  __mulsf3                             
00007d7d  Motor_SetDuty                        
00007e05  SYSCFG_DL_initPower                  
00007e8c  C$$EXIT                              
00007e8d  HOSTexit                             
00007e91  strcmp                               
00007f19  __aeabi_fdiv                         
00007f19  __divsf3                             
00007f9b  _nop                                 
00007f9d  Key_Scan                             
00008019  __TI_closefile                       
00008095  __TI_decompress_lzss                 
00008111  Encoder_GpioIrqHandler               
00008189  __gedf2                              
00008189  __gtdf2                              
000081fd  _system_pre_init                     
00008201  __aeabi_d2f                          
00008201  __truncdfsf2                         
00008275  task2_run                            
000082e5  HOSTlseek                            
00008351  HOSTrename                           
000083bd  fseeko                               
00008429  getdevice                            
00008495  Track_ReadMask                       
000084fd  __cmpdf2                             
000084fd  __eqdf2                              
000084fd  __ledf2                              
000084fd  __ltdf2                              
000084fd  __nedf2                              
00008565  main                                 
000085cd  task1_run                            
0000869d  DL_SYSCTL_setHFCLKSourceHFXTParams   
00008701  __TI_wrt_ok                          
000087c9  __aeabi_dcmpeq                       
000087dd  __aeabi_dcmplt                       
000087f1  __aeabi_dcmple                       
00008805  __aeabi_dcmpge                       
00008819  __aeabi_dcmpgt                       
0000882d  __aeabi_fcmpeq                       
00008841  __aeabi_fcmplt                       
00008855  __aeabi_fcmple                       
00008869  __aeabi_fcmpge                       
0000887d  __aeabi_fcmpgt                       
0000888f  memset                               
000088f1  HOSTopen                             
00008951  SYSCFG_DL_UART_1_init                
000089b1  SYSCFG_DL_init                       
00008a11  DL_I2C_fillControllerTXFIFO          
00008a71  BSP_Uart_ReadByte                    
00008acd  Car_SetPidParam                      
00008b29  frexp                                
00008b29  frexpl                               
00008b85  HOSTread                             
00008bdd  HOSTwrite                            
00008c35  __TI_ltoa                            
00008ce5  __aeabi_idiv                         
00008ce5  __aeabi_idivmod                      
00008d3d  Motor_Init                           
00008d91  SYSCFG_DL_I2C_OLED_init              
00008e39  __TI_doflush                         
00008edd  close                                
00008f2d  DL_DMA_initChannel                   
00008f79  SYSCFG_DL_SPI_IMU_init               
00008fc5  SYSCFG_DL_TIMER_ENCODER_TICK_init    
00009011  snprintf                             
0000905d  PID_Init                             
000090a9  __aeabi_d2iz                         
000090a9  __fixdfsi                            
000090f5  DL_UART_init                         
0000913d  HOSTclose                            
00009185  HOSTunlink                           
000091cd  Test_OLED                            
00009215  DL_SPI_init                          
00009259  DL_SYSCTL_switchMCLKfromSYSOSCtoHSCLK
0000929d  GROUP1_IRQHandler                    
000092dd  __aeabi_uidiv                        
000092dd  __aeabi_uidivmod                     
0000931d  __aeabi_f2d                          
0000931d  __extendsfdf2                        
0000935d  atoi                                 
0000939d  Car_GetPidParams                     
000093d9  Encoder_Init                         
00009415  Test_UartReceive                     
00009451  UI_Test_OLED                         
0000948d  __aeabi_i2f                          
0000948d  __floatsisf                          
000094c9  __gesf2                              
000094c9  __gtsf2                              
00009505  __TI_auto_init_nobinit_nopinit       
00009541  __cmpsf2                             
00009541  __eqsf2                              
00009541  __lesf2                              
00009541  __ltsf2                              
00009541  __nesf2                              
0000957d  __muldsi3                            
000095b9  Car_Stop                             
000095f1  Encoder_TickIrqHandler               
00009629  SYSCFG_DL_TIMER_IMU_TICK_init        
00009661  __aeabi_f2iz                         
00009661  __fixsfsi                            
00009699  Motor_Brake                          
000096cd  __TI_cleanup                         
00009701  __TI_readmsg                         
00009735  __TI_writemsg                        
00009761  C$$IO$$                              
00009769  exit                                 
0000979d  finddevice                           
000097d1  DL_SPI_transmitDataBlocking8         
00009861  __aeabi_i2d                          
00009861  __floatsidf                          
0000988d  unlink                               
000098b9  BSP_Uart1_ReadByteBlocking           
000098e1  SYSCFG_DL_DMA_UART0Tx_init           
00009909  SYSCFG_DL_SYSCTL_CLK_init            
00009931  __aeabi_ui2f                         
00009931  __floatunsisf                        
00009981  lseek                                
000099a9  write                                
000099d1  _c_int00_noargs                      
000099f9  DL_I2C_setClockConfig                
00009a21  Car_SetTrack                         
00009a45  UI_IMU_Calibrating                   
00009a69  __aeabi_lmul                         
00009a69  __muldi3                             
00009a8d  puts                                 
00009ab1  memccpy                              
00009ad5  DL_SPI_receiveDataBlocking8          
00009af5  IMU_resetTimestamp                   
00009b15  Key_Init                             
00009b35  memcmp                               
00009b55  __aeabi_llsl                         
00009b55  __ashldi3                            
00009b75  DL_SYSCTL_configFCC                  
00009b91  DL_Timer_setCaptCompUpdateMethod     
00009bad  DL_Timer_setClockConfig              
00009be5  UI_Init                              
00009c01  Car_GetStatus                        
00009c19  DL_Timer_setCaptureCompareOutCtl     
00009c31  IMU_getYawPitchRoll                  
00009c49  SYSCFG_DL_DMA_UART0Rx_init           
00009c61  TIMG0_IRQHandler                     
00009c91  Encoder_Read                         
00009ca5  IMU_dataReadyIrqHandler              
00009cb9  __aeabi_uldivmod                     
00009ce1  DL_SPI_setClockConfig                
00009cf3  DL_UART_setClockConfig               
00009d05  PID_Reset                            
00009d17  __TI_decompress_none                 
00009d29  Car_SetTrackLostSearch               
00009d39  DL_Timer_setCaptureCompareValue      
00009d49  PID_CalcTarget                       
00009d59  delay_ms                             
00009d69  wcslen                               
00009d79  __TI_zero_init                       
00009d99  __aeabi_memset                       
00009d99  __aeabi_memset4                      
00009d99  __aeabi_memset8                      
00009dd1  SYSCFG_DL_DMA_init                   
00009ddd  __aeabi_memclr                       
00009ddd  __aeabi_memclr4                      
00009ddd  __aeabi_memclr8                      
00009de9  malloc                               
00009df5  DL_Common_delayCycles                
00009e2b  UART0_IRQHandler                     
00009e35  __aeabi_errno_addr                   
00009e3d  __aeabi_memcpy                       
00009e3d  __aeabi_memcpy4                      
00009e3d  __aeabi_memcpy8                      
00009e45  fseek                                
00009e4d  remove                               
00009e85  abort                                
00009ea1  Reset_Handler                        
00009ea5  printf                               
00009eb0  asc2_2412                            
0000ac0c  asc2_1608                            
0000b1fc  asc2_1206                            
0000b670  asc2_0806                            
0000b8a0  __aeabi_ctype_table_                 
0000b8a0  __aeabi_ctype_table_C                
0000bd18  __TI_Handler_Table_Base              
0000bd24  __TI_Handler_Table_Limit             
0000bd2c  __TI_CINIT_Base                      
0000bd3c  __TI_CINIT_Limit                     
0000bd3c  __TI_CINIT_Warm                      
20200000  __start___llvm_prf_bits              
20200000  __start___llvm_prf_cnts              
20200000  __stop___llvm_prf_bits               
20200000  __stop___llvm_prf_cnts               
20200960  OLED_GRAM                            
20200fe0  _CIOBUF_                             
20200fe0  __CIOBUF_                            
20201200  gPWM_MOTOR2Backup                    
202012bc  gTIMER_IMU_TICKBackup                
20201378  __TI_tmpnams                         
20201418  gPWM_MOTOR1Backup                    
2020153c  gSPI_IMUBackup                       
202015c8  accval                               
202015d4  gyroval                              
202015e0  north                                
202015ec  west                                 
20201600  parmbuf                              
2020164b  encoder_tick                         
20201650  _sys_memory                          
20201e50  _ftable                              
20201f40  _device                              
20201fb8  _stream                              
20202008  yaw                                  
2020201c  __TI_cleanup_ptr                     
20202020  __TI_dtors_ptr                       
2020202c  __TI_ft_end                          
20202030  __aeabi_errno                        
20202034  _lock                                
20202038  _unlock                              
2020203c  debug_key1_raw                       
20202040  debug_key2_raw                       
20202044  debug_key3_raw                       
20202048  nowtime                              
20207e00  __stack                              
20208000  __STACK_END                          
ffffffff  __TI_pprof_out_hndl                  
ffffffff  __TI_prof_data_size                  
ffffffff  __TI_prof_data_start                 
ffffffff  __binit__                            
ffffffff  binit                                
UNDEFED   __mpu_init                           
UNDEFED   _system_post_cinit                   

[339 symbols]
