******************************************************************************
            TI ARM Clang Linker PC v4.0.4                      
******************************************************************************
>> Linked Tue Jul 21 15:15:35 2026

OUTPUT FILE NAME:   <Board_Test.out>
ENTRY POINT SYMBOL: "_c_int00_noargs"  address: 0000889d


MEMORY CONFIGURATION

         name            origin    length      used     unused   attr    fill
----------------------  --------  ---------  --------  --------  ----  --------
  FLASH                 00000000   00020000  0000abe0  00015420  R  X
  SRAM                  20200000   00008000  00001f0b  000060f5  RW X
  BCR_CONFIG            41c00000   000000ff  00000000  000000ff  R   
  BSL_CONFIG            41c00100   00000080  00000000  00000080  R   


SEGMENT ALLOCATION MAP

run origin  load origin   length   init length attrs members
----------  ----------- ---------- ----------- ----- -------
00000000    00000000    0000abe0   0000abe0    r-x
  00000000    00000000    000000c0   000000c0    r-- .intvecs
  000000c0    000000c0    00008c90   00008c90    r-x .text
  00008d50    00008d50    00001e00   00001e00    r-- .rodata
  0000ab50    0000ab50    00000090   00000090    r-- .cinit
20200000    20200000    00001d0d   00000000    rw-
  20200000    20200000    0000130e   00000000    rw- .bss
  20201310    20201310    00000800   00000000    rw- .sysmem
  20201b10    20201b10    000001fd   00000000    rw- .data
20207e00    20207e00    00000200   00000000    rw-
  20207e00    20207e00    00000200   00000000    rw- .stack


SECTION ALLOCATION MAP

 output                                  attributes/
section   page    origin      length       input sections
--------  ----  ----------  ----------   ----------------
.intvecs   0    00000000    000000c0     
                  00000000    000000c0     startup_mspm0g350x_ticlang.o (.intvecs)

.text      0    000000c0    00008c90     
                  000000c0    000012a4     oled.o (.text.OLED_Init)
                  00001364    00000be4     imu.o (.text.IMU_sample)
                  00001f48    00000a90     oled.o (.text.OLED_Clear)
                  000029d8    000009d0     libc.a : _printfi.c.obj (.text:__TI_printfi)
                  000033a8    000002d0     ui.o (.text.UI_Process)
                  00003678    000002a8     ti_msp_dl_config.o (.text.SYSCFG_DL_SYSCTL_SYSPLL_init)
                  00003920    00000270     oled.o (.text.OLED_ShowChar)
                  00003b90    00000264     oled.o (.text.OLED_Refresh)
                  00003df4    00000220     libc.a : _printfi.c.obj (.text._pconv_a)
                  00004014    000001dc            : _printfi.c.obj (.text._pconv_g)
                  000041f0    000001d0     pid_test.o (.text.PID_Test_Run)
                  000043c0    000001cc     test.o (.text.Test_IMU)
                  0000458c    000001c8     libc.a : s_atanf.c.obj (.text.atanf)
                  00004754    000001c4     bsp_icm42688.o (.text.ICM_Init)
                  00004918    000001a4     bsp_icm42688.o (.text.bsp_IcmGetRawData)
                  00004abc    00000192     libclang_rt.builtins.a : adddf3.S.obj (.text.adddf3_subdf3)
                  00004c4e    00000002     startup_mspm0g350x_ticlang.o (.text.Default_Handler)
                  00004c50    00000170     libc.a : e_sqrt.c.obj (.text.sqrt)
                  00004dc0    00000160            : e_asinf.c.obj (.text.asinf)
                  00004f20    00000158     ti_msp_dl_config.o (.text.SYSCFG_DL_GPIO_init)
                  00005078    0000013c     libc.a : _printfi.c.obj (.text.fcvt)
                  000051b4    00000120     oled.o (.text.OLED_DisplayTurn)
                  000052d4    00000120     libc.a : _printfi.c.obj (.text._pconv_e)
                  000053f4    00000118            : e_atan2f.c.obj (.text.atan2f)
                  0000550c    00000114            : memory.c.obj (.text.aligned_alloc)
                  00005620    0000010c     libclang_rt.builtins.a : divdf3.S.obj (.text.__divdf3)
                  0000572c    00000104     driverlib.a : dl_timer.o (.text.DL_Timer_initFourCCPWMMode)
                  00005830    000000fc                 : dl_timer.o (.text.DL_Timer_initTimerMode)
                  0000592c    000000f8     ui.o (.text.UI_Test_IMU)
                  00005a24    000000f8     libc.a : fputs.c.obj (.text.fputs)
                  00005b1c    000000e8            : memory.c.obj (.text.free)
                  00005c04    000000e4     libclang_rt.builtins.a : muldf3.S.obj (.text.__muldf3)
                  00005ce8    000000e0     imu.o (.text.IMU_init)
                  00005dc8    000000e0     libc.a : setvbuf.c.obj (.text.setvbuf)
                  00005ea8    000000dc     driverlib.a : dl_sysctl_mspm0g1x0x_g3x0x.o (.text.DL_SYSCTL_configSYSPLL)
                  00005f84    000000d8     libc.a : s_scalbn.c.obj (.text.scalbn)
                  0000605c    000000d8     libclang_rt.builtins.a : addsf3.S.obj (.text)
                  00006134    000000d4     ti_msp_dl_config.o (.text.SYSCFG_DL_SYSCTL_init)
                  00006208    000000d0     ui.o (.text.UI_Test_PID)
                  000062d8    000000cc     ui.o (.text.UI_Test_Motor)
                  000063a4    000000c8     test.o (.text.Test_Motor)
                  0000646c    000000c4     test.o (.text.Test_Track)
                  00006530    000000c0     bsp_encoder.o (.text.encoder_gpio_irq_handler)
                  000065f0    000000b0     ui.o (.text.UI_Test_Encoder)
                  000066a0    000000ac     pid.o (.text.PID_Calc)
                  0000674c    000000a2     libclang_rt.builtins.a : udivmoddi4.S.obj (.text)
                  000067ee    00000002                            : aeabi_div0.c.obj (.text.__aeabi_idiv0)
                  000067f0    0000009c     ti_msp_dl_config.o (.text.SYSCFG_DL_UART_0_init)
                  0000688c    0000009c     bsp_icm42688.o (.text.bsp_IcmConfigDataReadyInt)
                  00006928    0000009a     libc.a : memcpy16.S.obj (.text:memcpy)
                  000069c2    00000002     libclang_rt.builtins.a : aeabi_div0.c.obj (.text.__aeabi_ldiv0)
                  000069c4    00000098     oled.o (.text.OLED_ColorTurn)
                  00006a5c    0000008c     oled.o (.text.OLED_ShowString)
                  00006ae8    0000008c     ti_msp_dl_config.o (.text.SYSCFG_DL_PWM_MOTOR_init)
                  00006b74    0000008c     libclang_rt.builtins.a : mulsf3.S.obj (.text.__mulsf3)
                  00006c00    00000088     bsp_motor.o (.text.Motor_SetDuty)
                  00006c88    00000008     board_irq.o (.text.UART0_IRQHandler)
                  00006c90    00000088     libc.a : strcmp-armv6m.S.obj (.text:strcmp)
                  00006d18    00000082     libclang_rt.builtins.a : divsf3.S.obj (.text.__divsf3)
                  00006d9a    00000002     libc.a : _lock.c.obj (.text._nop)
                  00006d9c    00000080     bsp_key.o (.text.Key_Scan)
                  00006e1c    00000080     test.o (.text.Test_Encoder)
                  00006e9c    00000080     ui.o (.text.UI_Test_PIDSelect)
                  00006f1c    0000007c     ti_msp_dl_config.o (.text.SYSCFG_DL_initPower)
                  00006f98    0000007c     libc.a : fclose.c.obj (.text.__TI_closefile)
                  00007014    0000007c            : copy_decompress_lzss.c.obj (.text:decompress:lzss)
                  00007090    00000074     libclang_rt.builtins.a : comparedf2.c.obj (.text.__gedf2)
                  00007104    0000000c                            : aeabi_memset.S.obj (.text.__aeabi_memclr)
                  00007110    00000074                            : truncdfsf2.S.obj (.text.__truncdfsf2)
                  00007184    00000070     bsp_uart.o (.text.BSP_Uart_Write)
                  000071f4    0000006c     libsysbm.a : hostlseek.c.obj (.text.HOSTlseek)
                  00007260    0000006c                : hostrename.c.obj (.text.HOSTrename)
                  000072cc    0000006c     libc.a : fseek.c.obj (.text.fseeko)
                  00007338    0000006c            : getdevice.c.obj (.text.getdevice)
                  000073a4    00000068     bsp_track.o (.text.Track_ReadMask)
                  0000740c    00000068     libclang_rt.builtins.a : comparedf2.c.obj (.text.__ledf2)
                  00007474    00000066     libc.a : _printfi.c.obj (.text._mcpy)
                  000074da    00000066     board.o (.text.lc_printf)
                  00007540    00000064     driverlib.a : dl_sysctl_mspm0g1x0x_g3x0x.o (.text.DL_SYSCTL_setHFCLKSourceHFXTParams)
                  000075a4    00000064     ti_msp_dl_config.o (.text.SYSCFG_DL_UART_1_init)
                  00007608    00000064     libc.a : _io_perm.c.obj (.text.__TI_wrt_ok)
                  0000766c    00000064     main.o (.text.main)
                  000076d0    00000064     libc.a : memory.c.obj (.text.split)
                  00007734    00000062     libclang_rt.builtins.a : aeabi_dcmp.S.obj (.text.__aeabi_dcmp)
                  00007796    00000002     --HOLE-- [fill = 0]
                  00007798    00000062                            : aeabi_fcmp.S.obj (.text.__aeabi_fcmp)
                  000077fa    00000062     libc.a : memset16.S.obj (.text:memset)
                  0000785c    00000060     libsysbm.a : hostopen.c.obj (.text.HOSTopen)
                  000078bc    0000005e     driverlib.a : dl_i2c.o (.text.DL_I2C_fillControllerTXFIFO)
                  0000791a    00000002     --HOLE-- [fill = 0]
                  0000791c    0000005c     bsp_uart.o (.text.BSP_Uart_IRQHandler)
                  00007978    0000005c     libc.a : s_frexp.c.obj (.text.frexp)
                  000079d4    0000005c            : printf.c.obj (.text.printf)
                  00007a30    00000058     libsysbm.a : hostread.c.obj (.text.HOSTread)
                  00007a88    00000058                : hostwrite.c.obj (.text.HOSTwrite)
                  00007ae0    00000058     libc.a : _ltoa.c.obj (.text.__TI_ltoa)
                  00007b38    00000058            : _printfi.c.obj (.text._pconv_f)
                  00007b90    00000056     libclang_rt.builtins.a : aeabi_idivmod.S.obj (.text.__aeabi_idivmod)
                  00007be6    00000002     --HOLE-- [fill = 0]
                  00007be8    00000054     driverlib.a : dl_uart.o (.text.DL_UART_fillTXFIFO)
                  00007c3c    00000054     ti_msp_dl_config.o (.text.SYSCFG_DL_I2C_OLED_init)
                  00007c90    00000052     libc.a : fflush.c.obj (.text.__TI_doflush)
                  00007ce2    00000052            : _printfi.c.obj (.text._ecpy)
                  00007d34    00000050     ti_msp_dl_config.o (.text.SYSCFG_DL_init)
                  00007d84    00000050     test.o (.text.Test_UartReceive)
                  00007dd4    00000050     libsysbm.a : close.c.obj (.text.close)
                  00007e24    0000004c     ti_msp_dl_config.o (.text.SYSCFG_DL_SPI_IMU_init)
                  00007e70    0000004c     ti_msp_dl_config.o (.text.SYSCFG_DL_TIMER_ENCODER_TICK_init)
                  00007ebc    0000004c     test.o (.text.Test_OLED)
                  00007f08    0000004c     libc.a : snprintf.c.obj (.text.snprintf)
                  00007f54    0000004a     libclang_rt.builtins.a : fixdfsi.S.obj (.text.__fixdfsi)
                  00007f9e    00000002     --HOLE-- [fill = 0]
                  00007fa0    00000048     driverlib.a : dl_uart.o (.text.DL_UART_init)
                  00007fe8    00000048     libsysbm.a : hostclose.c.obj (.text.HOSTclose)
                  00008030    00000048                : hostunlink.c.obj (.text.HOSTunlink)
                  00008078    00000046     pid.o (.text.PID_Init)
                  000080be    00000002     --HOLE-- [fill = 0]
                  000080c0    00000044     bsp_uart.o (.text.BSP_Uart_Read)
                  00008104    00000044     driverlib.a : dl_spi.o (.text.DL_SPI_init)
                  00008148    00000044                 : dl_sysctl_mspm0g1x0x_g3x0x.o (.text.DL_SYSCTL_switchMCLKfromSYSOSCtoHSCLK)
                  0000818c    00000044     bsp_motor.o (.text.Motor_Init)
                  000081d0    00000040     bsp_uart.o (.text.BSP_Uart_WriteByte)
                  00008210    00000040     board_irq.o (.text.GROUP1_IRQHandler)
                  00008250    00000040     libclang_rt.builtins.a : aeabi_uidivmod.S.obj (.text.__aeabi_uidivmod)
                  00008290    00000040                            : extendsfdf2.S.obj (.text.__extendsfdf2)
                  000082d0    00000040     libc.a : atoi.c.obj (.text.atoi)
                  00008310    00000040            : vsnprintf.c.obj (.text.vsnprintf)
                  00008350    0000003c     bsp_uart.o (.text.BSP_Uart_Init)
                  0000838c    0000003c     ui.o (.text.UI_Test_OLED)
                  000083c8    0000003c     libclang_rt.builtins.a : floatsisf.S.obj (.text.__floatsisf)
                  00008404    0000003c                            : comparesf2.S.obj (.text.__gtsf2)
                  00008440    0000003c     libc.a : autoinit.c.obj (.text:__TI_auto_init_nobinit_nopinit)
                  0000847c    0000003a     libclang_rt.builtins.a : comparesf2.S.obj (.text.__eqsf2)
                  000084b6    00000002     --HOLE-- [fill = 0]
                  000084b8    0000003a                            : muldsi3.S.obj (.text.__muldsi3)
                  000084f2    00000002     --HOLE-- [fill = 0]
                  000084f4    00000038     ti_msp_dl_config.o (.text.SYSCFG_DL_TIMER_IMU_TICK_init)
                  0000852c    00000038     libclang_rt.builtins.a : fixsfsi.S.obj (.text.__fixsfsi)
                  00008564    00000034     libc.a : fopen.c.obj (.text.__TI_cleanup)
                  00008598    00000034     libsysbm.a : trgmsg.c.obj (.text.__TI_readmsg)
                  000085cc    00000034                : trgmsg.c.obj (.text.__TI_writemsg)
                  00008600    00000034     libc.a : exit.c.obj (.text.exit)
                  00008634    00000034            : getdevice.c.obj (.text.finddevice)
                  00008668    00000030     driverlib.a : dl_spi.o (.text.DL_SPI_transmitDataBlocking8)
                  00008698    00000030     libc.a : _printfi.c.obj (.text._fcpy)
                  000086c8    00000030            : snprintf.c.obj (.text._outs)
                  000086f8    00000030            : vsnprintf.c.obj (.text._outs)
                  00008728    0000002c     bsp_motor.o (.text.Motor_Stop)
                  00008754    0000002c     libclang_rt.builtins.a : floatsidf.S.obj (.text.__floatsidf)
                  00008780    0000002c     libsysbm.a : unlink.c.obj (.text.unlink)
                  000087ac    00000028     ti_msp_dl_config.o (.text.SYSCFG_DL_SYSCTL_CLK_init)
                  000087d4    00000028     libclang_rt.builtins.a : floatunsisf.S.obj (.text.__floatunsisf)
                  000087fc    00000028     bsp_encoder.o (.text.encoder_tick_irq_handler)
                  00008824    00000028     libc.a : memory.c.obj (.text.free_list_insert)
                  0000884c    00000028     libsysbm.a : lseek.c.obj (.text.lseek)
                  00008874    00000028                : write.c.obj (.text.write)
                  0000889c    00000028     libc.a : boot_cortex_m.c.obj (.text:_c_int00_noargs)
                  000088c4    00000026     driverlib.a : dl_i2c.o (.text.DL_I2C_setClockConfig)
                  000088ea    00000002     --HOLE-- [fill = 0]
                  000088ec    00000024     ui.o (.text.UI_IMU_Calibrating)
                  00008910    00000024     libclang_rt.builtins.a : muldi3.S.obj (.text.__muldi3)
                  00008934    00000024     libc.a : fputs.c.obj (.text.puts)
                  00008958    00000022            : memccpy.c.obj (.text.memccpy)
                  0000897a    00000002     --HOLE-- [fill = 0]
                  0000897c    00000020     driverlib.a : dl_spi.o (.text.DL_SPI_receiveDataBlocking8)
                  0000899c    00000020     imu.o (.text.IMU_resetTimestamp)
                  000089bc    00000020     bsp_key.o (.text.Key_Init)
                  000089dc    0000001e     libclang_rt.builtins.a : ashldi3.S.obj (.text.__ashldi3)
                  000089fa    00000002     --HOLE-- [fill = 0]
                  000089fc    0000001c     driverlib.a : dl_sysctl_mspm0g1x0x_g3x0x.o (.text.DL_SYSCTL_configFCC)
                  00008a18    0000001c                 : dl_timer.o (.text.DL_Timer_setCaptCompUpdateMethod)
                  00008a34    0000001c                 : dl_timer.o (.text.DL_Timer_setClockConfig)
                  00008a50    0000001c     bsp_encoder.o (.text.encoder_init)
                  00008a6c    0000001c     libc.a : memory.c.obj (.text.free_list_remove)
                  00008a88    0000001a     ui.o (.text.UI_Init)
                  00008aa2    00000002     --HOLE-- [fill = 0]
                  00008aa4    00000018     driverlib.a : dl_timer.o (.text.DL_Timer_setCaptureCompareOutCtl)
                  00008abc    00000018     imu.o (.text.IMU_getYawPitchRoll)
                  00008ad4    00000018     board_irq.o (.text.TIMG0_IRQHandler)
                  00008aec    00000018     libc.a : snprintf.c.obj (.text._outc)
                  00008b04    00000018            : vsnprintf.c.obj (.text._outc)
                  00008b1c    00000014     bsp_uart.o (.text.BSP_Uart_FlushRx)
                  00008b30    00000014     imu.o (.text.IMU_dataReadyIrqHandler)
                  00008b44    00000014     libclang_rt.builtins.a : aeabi_uldivmod.S.obj (.text.__aeabi_uldivmod)
                  00008b58    00000014     bsp_encoder.o (.text.encoder_get_count)
                  00008b6c    00000014     bsp_encoder.o (.text.encoder_get_dir)
                  00008b80    00000014     libc.a : _printfi.c.obj (.text.strchr)
                  00008b94    00000012     driverlib.a : dl_spi.o (.text.DL_SPI_setClockConfig)
                  00008ba6    00000012                 : dl_uart.o (.text.DL_UART_setClockConfig)
                  00008bb8    00000012     libc.a : copy_decompress_none.c.obj (.text:decompress:none)
                  00008bca    00000002     --HOLE-- [fill = 0]
                  00008bcc    00000010     driverlib.a : dl_timer.o (.text.DL_Timer_setCaptureCompareValue)
                  00008bdc    00000010     pid.o (.text.PID_CalcTarget)
                  00008bec    00000010     pid.o (.text.PID_Reset)
                  00008bfc    00000010     board.o (.text.delay_ms)
                  00008c0c    00000010     libc.a : wcslen.c.obj (.text.wcslen)
                  00008c1c    00000010            : copy_zero_init.c.obj (.text:decompress:ZI)
                  00008c2c    0000000e            : memory.c.obj (.text.OUTLINED_FUNCTION_0)
                  00008c3a    00000002     --HOLE-- [fill = 0]
                  00008c3c    0000000e     libclang_rt.builtins.a : aeabi_memset.S.obj (.text.__aeabi_memset)
                  00008c4a    0000000e     board.o (.text.fputc)
                  00008c58    0000000e     libsysbm.a : hostrename.c.obj (.text.strcpy)
                  00008c66    0000000e     libc.a : _printfi.c.obj (.text.strlen)
                  00008c74    0000000e     libsysbm.a : hostrename.c.obj (.text.strlen)
                  00008c82    0000000c     libc.a : memory.c.obj (.text.malloc)
                  00008c8e    0000000a     driverlib.a : dl_common.o (.text.DL_Common_delayCycles)
                  00008c98    0000000a     libc.a : _printfi.c.obj (.text.OUTLINED_FUNCTION_0)
                  00008ca2    00000002     --HOLE-- [fill = 0]
                  00008ca4    00000010     libclang_rt.builtins.a : adddf3.S.obj (.tramp.__aeabi_dsub.1)
                  00008cb4    0000000a     libc.a : _printfi.c.obj (.text.OUTLINED_FUNCTION_1)
                  00008cbe    00000002     --HOLE-- [fill = 0]
                  00008cc0    00000008            : aeabi_portable.c.obj (.text.__aeabi_errno_addr)
                  00008cc8    00000008     libclang_rt.builtins.a : aeabi_memcpy.S.obj (.text.__aeabi_memcpy)
                  00008cd0    00000008     libc.a : printf.c.obj (.text._outc)
                  00008cd8    00000008            : printf.c.obj (.text._outs)
                  00008ce0    00000008            : fseek.c.obj (.text.fseek)
                  00008ce8    00000008     libsysbm.a : remove.c.obj (.text.remove)
                  00008cf0    00000006     libc.a : e_asinf.c.obj (.text.OUTLINED_FUNCTION_0)
                  00008cf6    00000002     --HOLE-- [fill = 0]
                  00008cf8    00000010     libclang_rt.builtins.a : mulsf3.S.obj (.tramp.__aeabi_fmul.1)
                  00008d08    00000006     libc.a : s_atanf.c.obj (.text.OUTLINED_FUNCTION_0)
                  00008d0e    00000002     --HOLE-- [fill = 0]
                  00008d10    00000010     libclang_rt.builtins.a : divsf3.S.obj (.tramp.__aeabi_fdiv.1)
                  00008d20    00000006     libc.a : exit.c.obj (.text:abort)
                  00008d26    00000004     libsysbm.a : hostexit.c.obj (.text.HOSTexit)
                  00008d2a    00000004     libc.a : s_atanf.c.obj (.text.OUTLINED_FUNCTION_1)
                  00008d2e    00000002     --HOLE-- [fill = 0]
                  00008d30    00000010     libclang_rt.builtins.a : addsf3.S.obj (.tramp.__aeabi_fadd.1)
                  00008d40    00000004     startup_mspm0g350x_ticlang.o (.text.Reset_Handler)
                  00008d44    00000004     libc.a : pre_init.c.obj (.text._system_pre_init)
                  00008d48    00000008     --HOLE-- [fill = 0]

.cinit     0    0000ab50    00000090     
                  0000ab50    00000068     (.cinit..data.load) [load image, compression = lzss]
                  0000abb8    0000000c     (__TI_handler_table)
                  0000abc4    00000008     (.cinit..bss.load) [load image, compression = zero_init]
                  0000abcc    00000010     (__TI_cinit_table)
                  0000abdc    00000004     --HOLE-- [fill = 0]

.rodata    0    00008d50    00001e00     
                  00008d50    00000d5c     oled.o (.rodata.asc2_2412)
                  00009aac    000005f0     oled.o (.rodata.asc2_1608)
                  0000a09c    00000474     oled.o (.rodata.asc2_1206)
                  0000a510    00000228     oled.o (.rodata.asc2_0806)
                  0000a738    00000008     ti_msp_dl_config.o (.rodata.gPWM_MOTORConfig)
                  0000a740    00000101     libc.a : aeabi_ctype.S.obj (.rodata:__aeabi_ctype_table_)
                  0000a841    00000003     ti_msp_dl_config.o (.rodata.gPWM_MOTORClockConfig)
                  0000a844    00000028     ti_msp_dl_config.o (.rodata.gSYSPLLConfig)
                  0000a86c    00000022     bsp_icm42688.o (.rodata.str1.3303857925305016434.1)
                  0000a88e    00000021     pid_test.o (.rodata.str1.5665948903106085882.1)
                  0000a8af    00000001     --HOLE-- [fill = 0]
                  0000a8b0    00000020     libc.a : s_atanf.c.obj (.rodata.cst16)
                  0000a8d0    00000020     test.o (.rodata.str1.8561413997158259161.1)
                  0000a8f0    0000001c     ui.o (.rodata.TASK_NAMES)
                  0000a90c    0000001c     test.o (.rodata.str1.13195311622662957337.1)
                  0000a928    0000001a     test.o (.rodata.str1.2354853713941228107.1)
                  0000a942    00000018     bsp_icm42688.o (.rodata.str1.8744048052793523222.1)
                  0000a95a    00000002     ti_msp_dl_config.o (.rodata.gI2C_OLEDClockConfig)
                  0000a95c    00000014     ti_msp_dl_config.o (.rodata.gTIMER_ENCODER_TICKTimerConfig)
                  0000a970    00000014     ti_msp_dl_config.o (.rodata.gTIMER_IMU_TICKTimerConfig)
                  0000a984    00000014     test.o (.rodata.str1.4156556961043119304.1)
                  0000a998    00000013     imu.o (.rodata.str1.9428666095146271677.1)
                  0000a9ab    00000012     imu.o (.rodata.str1.17528443696524096877.1)
                  0000a9bd    00000011     libc.a : _printfi.c.obj (.rodata.str1.10348868589481759720.1)
                  0000a9ce    00000011            : _printfi.c.obj (.rodata.str1.15363888844622738466.1)
                  0000a9df    00000011     ui.o (.rodata.str1.5166644178498611065.1)
                  0000a9f0    0000000f     ui.o (.rodata.str1.17031883247104657135.1)
                  0000a9ff    0000000e     ui.o (.rodata.str1.17415414935790197071.1)
                  0000aa0d    0000000d     ui.o (.rodata.str1.12535283176598748339.1)
                  0000aa1a    0000000d     ui.o (.rodata.str1.15331705689480486164.1)
                  0000aa27    0000000c     ui.o (.rodata.str1.18422242010780415091.1)
                  0000aa33    0000000c     ui.o (.rodata.str1.6556227232481451889.1)
                  0000aa3f    0000000b     main.o (.rodata.str1.15159059442110792349.1)
                  0000aa4a    0000000b     ui.o (.rodata.str1.2353091652050744637.1)
                  0000aa55    0000000b     test.o (.rodata.str1.2458067536081349416.1)
                  0000aa60    0000000a     ti_msp_dl_config.o (.rodata.gSPI_IMU_config)
                  0000aa6a    0000000a     ti_msp_dl_config.o (.rodata.gUART_0Config)
                  0000aa74    0000000a     ti_msp_dl_config.o (.rodata.gUART_1Config)
                  0000aa7e    0000000a     ui.o (.rodata.str1.13322120658912713974.1)
                  0000aa88    0000000a     ui.o (.rodata.str1.9251054429472116405.1)
                  0000aa92    00000009     ui.o (.rodata.str1.10670005101650699052.1)
                  0000aa9b    00000009     ui.o (.rodata.str1.6127180906150832197.1)
                  0000aaa4    00000009     ui.o (.rodata.str1.923739138066134375.1)
                  0000aaad    00000008     ui.o (.rodata.str1.10552206217034255067.1)
                  0000aab5    00000008     ui.o (.rodata.str1.12538281454058622509.1)
                  0000aabd    00000008     ui.o (.rodata.str1.13809511256502353896.1)
                  0000aac5    00000007     ui.o (.rodata.str1.15113438842254453316.1)
                  0000aacc    00000007     ui.o (.rodata.str1.5190044239938996863.1)
                  0000aad3    00000007     ui.o (.rodata.str1.5634510424120072891.1)
                  0000aada    00000006     pid_test.o (.rodata.str1.13094852562448038190.1)
                  0000aae0    00000006     ui.o (.rodata.str1.14496071923412508607.1)
                  0000aae6    00000006     ui.o (.rodata.str1.18238964237711364483.1)
                  0000aaec    00000006     ui.o (.rodata.str1.2888166755724466024.1)
                  0000aaf2    00000006     main.o (.rodata.str1.8154729771448623357.1)
                  0000aaf8    00000005     ui.o (.rodata.str1.11077298307567842664.1)
                  0000aafd    00000005     ui.o (.rodata.str1.1302443716360040853.1)
                  0000ab02    00000005     test.o (.rodata.str1.1335728812356649372.1)
                  0000ab07    00000005     ui.o (.rodata.str1.13859983818639867517.1)
                  0000ab0c    00000005     ui.o (.rodata.str1.15637176569795571027.1)
                  0000ab11    00000005     ui.o (.rodata.str1.16967780072679918227.1)
                  0000ab16    00000005     pid_test.o (.rodata.str1.5675911131888958868.1)
                  0000ab1b    00000004     ui.o (.rodata.str1.10745562561331740724.1)
                  0000ab1f    00000004     ui.o (.rodata.str1.10911223399804757918.1)
                  0000ab23    00000004     ui.o (.rodata.str1.12487468500324041522.1)
                  0000ab27    00000004     ui.o (.rodata.str1.16335694059735910400.1)
                  0000ab2b    00000004     ui.o (.rodata.str1.5855803612036218697.1)
                  0000ab2f    00000003     ti_msp_dl_config.o (.rodata.gTIMER_ENCODER_TICKClockConfig)
                  0000ab32    00000003     ti_msp_dl_config.o (.rodata.gTIMER_IMU_TICKClockConfig)
                  0000ab35    00000003     ui.o (.rodata.str1.3893798385513951058.1)
                  0000ab38    00000003     ui.o (.rodata.str1.5005294172275454783.1)
                  0000ab3b    00000003     ui.o (.rodata.str1.843315077082427632.1)
                  0000ab3e    00000002     ti_msp_dl_config.o (.rodata.gSPI_IMU_clockConfig)
                  0000ab40    00000002     ti_msp_dl_config.o (.rodata.gUART_0ClockConfig)
                  0000ab42    00000002     ti_msp_dl_config.o (.rodata.gUART_1ClockConfig)
                  0000ab44    00000002     test.o (.rodata.str1.14950463916809379384.1)
                  0000ab46    00000002     libc.a : fputs.c.obj (.rodata.str1.16607721268415185390.1)
                  0000ab48    00000002     test.o (.rodata.str1.4656267055032104863.1)
                  0000ab4a    00000006     --HOLE-- [fill = 0]

.init_array 
*          0    00000000    00000000     UNINITIALIZED

.binit     0    00000000    00000000     

.bss       0    20200000    0000130e     UNINITIALIZED
                  20200000    00000960     imu.o (.bss.gyro_hist)
                  20200960    00000480     (.common:OLED_GRAM)
                  20200de0    00000120     libsysbm.a : trgmsg.c.obj (.bss:_CIOBUF_)
                  20200f00    00000100     bsp_uart.o (.bss.rx_buf)
                  20201000    000000bc     (.common:gPWM_MOTORBackup)
                  202010bc    000000bc     (.common:gTIMER_IMU_TICKBackup)
                  20201178    000000a0     libc.a : defs.c.obj (.bss.__TI_tmpnams)
                  20201218    00000028     (.common:gSPI_IMUBackup)
                  20201240    00000020     bsp_encoder.o (.bss.encoder)
                  20201260    00000018     imu.o (.bss.gyro_sqr_sum)
                  20201278    00000018     imu.o (.bss.gyro_sum)
                  20201290    0000000c     imu.o (.bss.gyro_offset)
                  2020129c    0000000c     imu.o (.bss.ypr)
                  202012a8    0000000c     (.common:accval)
                  202012b4    0000000c     (.common:gyroval)
                  202012c0    0000000c     (.common:north)
                  202012cc    0000000c     (.common:west)
                  202012d8    00000008     libsysbm.a : hostopen.c.obj (.bss.parmbuf)
                  202012e0    00000004     imu.o (.bss.exInt)
                  202012e4    00000004     imu.o (.bss.eyInt)
                  202012e8    00000004     imu.o (.bss.ezInt)
                  202012ec    00000004     imu.o (.bss.lastUpdate)
                  202012f0    00000004     imu.o (.bss.now)
                  202012f4    00000004     imu.o (.bss.q0)
                  202012f8    00000004     imu.o (.bss.q1)
                  202012fc    00000004     imu.o (.bss.q2)
                  20201300    00000004     imu.o (.bss.q3)
                  20201304    00000004     libc.a : memory.c.obj (.bss.sys_free)
                  20201308    00000002     imu.o (.bss.gyro_idx)
                  2020130a    00000001     imu.o (.bss.gyro_win_ready)
                  2020130b    00000001     imu.o (.bss.imu_ready)
                  2020130c    00000001     bsp_uart.o (.bss.rx_head)
                  2020130d    00000001     bsp_uart.o (.bss.rx_tail)

.sysmem    0    20201310    00000800     UNINITIALIZED
                  20201310    00000010     libc.a : memory.c.obj (.sysmem)
                  20201320    000007f0     --HOLE--

.data      0    20201b10    000001fd     UNINITIALIZED
                  20201b10    000000f0     libc.a : defs.c.obj (.data._ftable)
                  20201c00    00000078     libsysbm.a : host_device.c.obj (.data._device)
                  20201c78    00000050                : host_device.c.obj (.data._stream)
                  20201cc8    00000014     imu.o (.data.yaw)
                  20201cdc    00000008     libc.a : exit.c.obj (.data..L_MergedGlobals)
                  20201ce4    00000004     bsp_icm42688.o (.data.Acc_Sensitivity)
                  20201ce8    00000004     bsp_icm42688.o (.data.Gyro_Sensitivity)
                  20201cec    00000004     libc.a : defs.c.obj (.data.__TI_ft_end)
                  20201cf0    00000004            : aeabi_portable.c.obj (.data.__aeabi_errno)
                  20201cf4    00000004            : _lock.c.obj (.data._lock)
                  20201cf8    00000004            : _lock.c.obj (.data._unlock)
                  20201cfc    00000004     bsp_key.o (.data.debug_key1_raw)
                  20201d00    00000004     bsp_key.o (.data.debug_key2_raw)
                  20201d04    00000004     bsp_key.o (.data.debug_key3_raw)
                  20201d08    00000004     imu.o (.data.nowtime)
                  20201d0c    00000001     libc.a : memory.c.obj (.data.memory_is_initialized)

.stack     0    20207e00    00000200     UNINITIALIZED
                  20207e00    00000004     libc.a : boot_cortex_m.c.obj (.stack)
                  20207e04    000001fc     --HOLE--

__llvm_prf_cnts 
*          0    20200000    00000000     UNINITIALIZED

__llvm_prf_bits 
*          0    20200000    00000000     UNINITIALIZED

MODULE SUMMARY

       Module                         code    ro data   rw data
       ------                         ----    -------   -------
    .\
       ti_msp_dl_config.o             2168    135       416    
       startup_mspm0g350x_ticlang.o   6       192       0      
       main.o                         100     17        0      
    +--+------------------------------+-------+---------+---------+
       Total:                         2274    344       416    
                                                               
    .\APP\src\
       imu.o                          3344    37        2584   
       ui.o                           1806    299       0      
       test.o                         1140    126       0      
       pid_test.o                     464     44        0      
       pid.o                          274     0         0      
    +--+------------------------------+-------+---------+---------+
       Total:                         7028    506       2584   
                                                               
    .\BSP\src\
       oled.o                         9292    6632      1152   
       bsp_icm42688.o                 1028    58        8      
       bsp_uart.o                     416     0         258    
       bsp_encoder.o                  300     0         32     
       bsp_motor.o                    248     0         0      
       bsp_key.o                      160     0         12     
       bsp_track.o                    104     0         0      
    +--+------------------------------+-------+---------+---------+
       Total:                         11548   6690      1462   
                                                               
    .\Board\
       board.o                        132     0         0      
       board_irq.o                    96      0         0      
    +--+------------------------------+-------+---------+---------+
       Total:                         228     0         0      
                                                               
    C:/ti/mspm0_sdk_2_10_00_04/source/ti/driverlib/lib/ticlang/m0p/mspm0g1x0x_g3x0x/driverlib.a
       dl_timer.o                     608     0         0      
       dl_sysctl_mspm0g1x0x_g3x0x.o   416     0         0      
       dl_uart.o                      174     0         0      
       dl_spi.o                       166     0         0      
       dl_i2c.o                       132     0         0      
       dl_common.o                    10      0         0      
    +--+------------------------------+-------+---------+---------+
       Total:                         1506    0         0      
                                                               
    C:\ti\ccs2031\ccs\tools\compiler\ti-cgt-armllvm_4.0.4.LTS\lib\armv6m-ti-none-eabi/c/libc.a
       _printfi.c.obj                 4510    34        0      
       memory.c.obj                   702     0         5      
       s_atanf.c.obj                  466     32        0      
       defs.c.obj                     0       0         404    
       e_sqrt.c.obj                   368     0         0      
       e_asinf.c.obj                  358     0         0      
       fputs.c.obj                    284     2         0      
       e_atan2f.c.obj                 280     0         0      
       aeabi_ctype.S.obj              0       257       0      
       setvbuf.c.obj                  224     0         0      
       s_scalbn.c.obj                 216     0         0      
       getdevice.c.obj                160     0         0      
       memcpy16.S.obj                 154     0         0      
       snprintf.c.obj                 148     0         0      
       strcmp-armv6m.S.obj            136     0         0      
       vsnprintf.c.obj                136     0         0      
       copy_decompress_lzss.c.obj     124     0         0      
       fclose.c.obj                   124     0         0      
       fseek.c.obj                    116     0         0      
       printf.c.obj                   108     0         0      
       _io_perm.c.obj                 100     0         0      
       memset16.S.obj                 98      0         0      
       s_frexp.c.obj                  92      0         0      
       _ltoa.c.obj                    88      0         0      
       fflush.c.obj                   82      0         0      
       exit.c.obj                     58      0         8      
       atoi.c.obj                     64      0         0      
       autoinit.c.obj                 60      0         0      
       fopen.c.obj                    52      0         0      
       boot_cortex_m.c.obj            40      0         0      
       memccpy.c.obj                  34      0         0      
       copy_decompress_none.c.obj     18      0         0      
       copy_zero_init.c.obj           16      0         0      
       wcslen.c.obj                   16      0         0      
       aeabi_portable.c.obj           8       0         4      
       _lock.c.obj                    2       0         8      
       pre_init.c.obj                 4       0         0      
    +--+------------------------------+-------+---------+---------+
       Total:                         9446    325       429    
                                                               
    C:\ti\ccs2031\ccs\tools\compiler\ti-cgt-armllvm_4.0.4.LTS\lib\armv6m-ti-none-eabi/c/libsysbm.a
       trgmsg.c.obj                   104     0         288    
       host_device.c.obj              0       0         200    
       hostrename.c.obj               136     0         0      
       hostlseek.c.obj                108     0         0      
       hostopen.c.obj                 96      0         8      
       hostread.c.obj                 88      0         0      
       hostwrite.c.obj                88      0         0      
       close.c.obj                    80      0         0      
       hostclose.c.obj                72      0         0      
       hostunlink.c.obj               72      0         0      
       unlink.c.obj                   44      0         0      
       lseek.c.obj                    40      0         0      
       write.c.obj                    40      0         0      
       remove.c.obj                   8       0         0      
       hostexit.c.obj                 4       0         0      
    +--+------------------------------+-------+---------+---------+
       Total:                         980     0         496    
                                                               
    C:\ti\ccs2031\ccs\tools\compiler\ti-cgt-armllvm_4.0.4.LTS\lib\armv6m-ti-none-eabi/libclang_rt.builtins.a
       adddf3.S.obj                   418     0         0      
       divdf3.S.obj                   268     0         0      
       addsf3.S.obj                   232     0         0      
       muldf3.S.obj                   228     0         0      
       comparedf2.c.obj               220     0         0      
       udivmoddi4.S.obj               162     0         0      
       mulsf3.S.obj                   156     0         0      
       divsf3.S.obj                   146     0         0      
       comparesf2.S.obj               118     0         0      
       truncdfsf2.S.obj               116     0         0      
       aeabi_dcmp.S.obj               98      0         0      
       aeabi_fcmp.S.obj               98      0         0      
       aeabi_idivmod.S.obj            86      0         0      
       fixdfsi.S.obj                  74      0         0      
       aeabi_uidivmod.S.obj           64      0         0      
       extendsfdf2.S.obj              64      0         0      
       floatsisf.S.obj                60      0         0      
       muldsi3.S.obj                  58      0         0      
       fixsfsi.S.obj                  56      0         0      
       floatsidf.S.obj                44      0         0      
       floatunsisf.S.obj              40      0         0      
       muldi3.S.obj                   36      0         0      
       ashldi3.S.obj                  30      0         0      
       aeabi_memset.S.obj             26      0         0      
       aeabi_uldivmod.S.obj           20      0         0      
       aeabi_memcpy.S.obj             8       0         0      
       aeabi_div0.c.obj               4       0         0      
    +--+------------------------------+-------+---------+---------+
       Total:                         2930    0         0      
                                                               
       Heap:                          0       0         2048   
       Stack:                         0       0         512    
       Linker Generated:              0       140       0      
    +--+------------------------------+-------+---------+---------+
       Grand Total:                   35940   8005      7947   


LINKER GENERATED COPY TABLES

__TI_cinit_table @ 0000abcc records: 2, size/record: 8, table size: 16
	.data: load addr=0000ab50, load size=00000068 bytes, run addr=20201b10, run size=000001fd bytes, compression=lzss
	.bss: load addr=0000abc4, load size=00000008 bytes, run addr=20200000, run size=0000130e bytes, compression=zero_init


LINKER GENERATED HANDLER TABLE

__TI_handler_table @ 0000abb8 records: 3, size/record: 4, table size: 12
	index: 0, handler: __TI_decompress_lzss
	index: 1, handler: __TI_decompress_none
	index: 2, handler: __TI_zero_init


FAR CALL TRAMPOLINES

callee name               trampoline name
   callee addr  tramp addr   call addr  call info
--------------  -----------  ---------  ----------------
__aeabi_dsub              $Tramp$TT$L$PI$$__aeabi_dsub
   00004abd     00008ca4     00008ca0   libc.a : _printfi.c.obj (.text.OUTLINED_FUNCTION_0)
__aeabi_fmul              $Tramp$TT$L$PI$$__aeabi_fmul
   00006b75     00008cf8     00008cf4   libc.a : e_asinf.c.obj (.text.OUTLINED_FUNCTION_0)
__aeabi_fdiv              $Tramp$TT$L$PI$$__aeabi_fdiv
   00006d19     00008d10     00008d0c   libc.a : s_atanf.c.obj (.text.OUTLINED_FUNCTION_0)
__aeabi_fadd              $Tramp$TT$L$PI$$__aeabi_fadd
   00006067     00008d30     00008d2c   libc.a : s_atanf.c.obj (.text.OUTLINED_FUNCTION_1)

[4 trampolines]
[4 trampoline calls]


GLOBAL SYMBOLS: SORTED ALPHABETICALLY BY Name 

address   name                                 
-------   ----                                 
00004c4f  ADC0_IRQHandler                      
00004c4f  ADC1_IRQHandler                      
00004c4f  AES_IRQHandler                       
00008b1d  BSP_Uart_FlushRx                     
0000791d  BSP_Uart_IRQHandler                  
00008351  BSP_Uart_Init                        
000080c1  BSP_Uart_Read                        
00007185  BSP_Uart_Write                       
000081d1  BSP_Uart_WriteByte                   
00008d26  C$$EXIT                              
000085f9  C$$IO$$                              
00004c4f  CANFD0_IRQHandler                    
00004c4f  DAC0_IRQHandler                      
00008c8f  DL_Common_delayCycles                
000078bd  DL_I2C_fillControllerTXFIFO          
000088c5  DL_I2C_setClockConfig                
00008105  DL_SPI_init                          
0000897d  DL_SPI_receiveDataBlocking8          
00008b95  DL_SPI_setClockConfig                
00008669  DL_SPI_transmitDataBlocking8         
000089fd  DL_SYSCTL_configFCC                  
00005ea9  DL_SYSCTL_configSYSPLL               
00007541  DL_SYSCTL_setHFCLKSourceHFXTParams   
00008149  DL_SYSCTL_switchMCLKfromSYSOSCtoHSCLK
0000572d  DL_Timer_initFourCCPWMMode           
00005831  DL_Timer_initTimerMode               
00008a19  DL_Timer_setCaptCompUpdateMethod     
00008aa5  DL_Timer_setCaptureCompareOutCtl     
00008bcd  DL_Timer_setCaptureCompareValue      
00008a35  DL_Timer_setClockConfig              
00007be9  DL_UART_fillTXFIFO                   
00007fa1  DL_UART_init                         
00008ba7  DL_UART_setClockConfig               
00004c4f  DMA_IRQHandler                       
00004c4f  Default_Handler                      
00004c4f  GROUP0_IRQHandler                    
00008211  GROUP1_IRQHandler                    
00007fe9  HOSTclose                            
00008d27  HOSTexit                             
000071f5  HOSTlseek                            
0000785d  HOSTopen                             
00007a31  HOSTread                             
00007261  HOSTrename                           
00008031  HOSTunlink                           
00007a89  HOSTwrite                            
00004c4f  HardFault_Handler                    
00004c4f  I2C0_IRQHandler                      
00004c4f  I2C1_IRQHandler                      
00004755  ICM_Init                             
00008b31  IMU_dataReadyIrqHandler              
00008abd  IMU_getYawPitchRoll                  
00005ce9  IMU_init                             
0000899d  IMU_resetTimestamp                   
00001365  IMU_sample                           
000089bd  Key_Init                             
00006d9d  Key_Scan                             
0000818d  Motor_Init                           
00006c01  Motor_SetDuty                        
00008729  Motor_Stop                           
00004c4f  NMI_Handler                          
00001f49  OLED_Clear                           
000069c5  OLED_ColorTurn                       
000051b5  OLED_DisplayTurn                     
20200960  OLED_GRAM                            
000000c1  OLED_Init                            
00003b91  OLED_Refresh                         
00003921  OLED_ShowChar                        
00006a5d  OLED_ShowString                      
000066a1  PID_Calc                             
00008bdd  PID_CalcTarget                       
00008079  PID_Init                             
00008bed  PID_Reset                            
000041f1  PID_Test_Run                         
00004c4f  PendSV_Handler                       
00004c4f  RTC_IRQHandler                       
00008d41  Reset_Handler                        
00004c4f  SPI0_IRQHandler                      
00004c4f  SPI1_IRQHandler                      
00004c4f  SVC_Handler                          
00004f21  SYSCFG_DL_GPIO_init                  
00007c3d  SYSCFG_DL_I2C_OLED_init              
00006ae9  SYSCFG_DL_PWM_MOTOR_init             
00007e25  SYSCFG_DL_SPI_IMU_init               
000087ad  SYSCFG_DL_SYSCTL_CLK_init            
00003679  SYSCFG_DL_SYSCTL_SYSPLL_init         
00006135  SYSCFG_DL_SYSCTL_init                
00007e71  SYSCFG_DL_TIMER_ENCODER_TICK_init    
000084f5  SYSCFG_DL_TIMER_IMU_TICK_init        
000067f1  SYSCFG_DL_UART_0_init                
000075a5  SYSCFG_DL_UART_1_init                
00007d35  SYSCFG_DL_init                       
00006f1d  SYSCFG_DL_initPower                  
00004c4f  SysTick_Handler                      
00004c4f  TIMA0_IRQHandler                     
00004c4f  TIMA1_IRQHandler                     
00008ad5  TIMG0_IRQHandler                     
00004c4f  TIMG12_IRQHandler                    
00004c4f  TIMG6_IRQHandler                     
00004c4f  TIMG7_IRQHandler                     
00004c4f  TIMG8_IRQHandler                     
00006e1d  Test_Encoder                         
000043c1  Test_IMU                             
000063a5  Test_Motor                           
00007ebd  Test_OLED                            
0000646d  Test_Track                           
00007d85  Test_UartReceive                     
000073a5  Track_ReadMask                       
00006c89  UART0_IRQHandler                     
00004c4f  UART1_IRQHandler                     
00004c4f  UART2_IRQHandler                     
00004c4f  UART3_IRQHandler                     
000088ed  UI_IMU_Calibrating                   
00008a89  UI_Init                              
000033a9  UI_Process                           
000065f1  UI_Test_Encoder                      
0000592d  UI_Test_IMU                          
000062d9  UI_Test_Motor                        
0000838d  UI_Test_OLED                         
00006209  UI_Test_PID                          
00006e9d  UI_Test_PIDSelect                    
20200de0  _CIOBUF_                             
20200de0  __CIOBUF_                            
20208000  __STACK_END                          
00000200  __STACK_SIZE                         
00000800  __SYSMEM_SIZE                        
00000000  __TI_ATRegion0_region_sz             
00000000  __TI_ATRegion0_src_addr              
00000000  __TI_ATRegion0_trg_addr              
00000000  __TI_ATRegion1_region_sz             
00000000  __TI_ATRegion1_src_addr              
00000000  __TI_ATRegion1_trg_addr              
00000000  __TI_ATRegion2_region_sz             
00000000  __TI_ATRegion2_src_addr              
00000000  __TI_ATRegion2_trg_addr              
0000abcc  __TI_CINIT_Base                      
0000abdc  __TI_CINIT_Limit                     
0000abdc  __TI_CINIT_Warm                      
0000abb8  __TI_Handler_Table_Base              
0000abc4  __TI_Handler_Table_Limit             
00008441  __TI_auto_init_nobinit_nopinit       
00008565  __TI_cleanup                         
20201cdc  __TI_cleanup_ptr                     
00006f99  __TI_closefile                       
00007015  __TI_decompress_lzss                 
00008bb9  __TI_decompress_none                 
00007c91  __TI_doflush                         
20201ce0  __TI_dtors_ptr                       
20201cec  __TI_ft_end                          
00007ae1  __TI_ltoa                            
ffffffff  __TI_pprof_out_hndl                  
000029d9  __TI_printfi                         
ffffffff  __TI_prof_data_size                  
ffffffff  __TI_prof_data_start                 
00008599  __TI_readmsg                         
00000000  __TI_static_base__                   
20201178  __TI_tmpnams                         
000085cd  __TI_writemsg                        
00007609  __TI_wrt_ok                          
00008c1d  __TI_zero_init                       
00004ac7  __adddf3                             
00006067  __addsf3                             
0000a740  __aeabi_ctype_table_                 
0000a740  __aeabi_ctype_table_C                
00007111  __aeabi_d2f                          
00007f55  __aeabi_d2iz                         
00004ac7  __aeabi_dadd                         
00007735  __aeabi_dcmpeq                       
00007771  __aeabi_dcmpge                       
00007785  __aeabi_dcmpgt                       
0000775d  __aeabi_dcmple                       
00007749  __aeabi_dcmplt                       
00005621  __aeabi_ddiv                         
00005c05  __aeabi_dmul                         
00004abd  __aeabi_dsub                         
20201cf0  __aeabi_errno                        
00008cc1  __aeabi_errno_addr                   
00008291  __aeabi_f2d                          
0000852d  __aeabi_f2iz                         
00006067  __aeabi_fadd                         
00007799  __aeabi_fcmpeq                       
000077d5  __aeabi_fcmpge                       
000077e9  __aeabi_fcmpgt                       
000077c1  __aeabi_fcmple                       
000077ad  __aeabi_fcmplt                       
00006d19  __aeabi_fdiv                         
00006b75  __aeabi_fmul                         
0000605d  __aeabi_fsub                         
00008755  __aeabi_i2d                          
000083c9  __aeabi_i2f                          
00007b91  __aeabi_idiv                         
000067ef  __aeabi_idiv0                        
00007b91  __aeabi_idivmod                      
000069c3  __aeabi_ldiv0                        
000089dd  __aeabi_llsl                         
00008911  __aeabi_lmul                         
00007105  __aeabi_memclr                       
00007105  __aeabi_memclr4                      
00007105  __aeabi_memclr8                      
00008cc9  __aeabi_memcpy                       
00008cc9  __aeabi_memcpy4                      
00008cc9  __aeabi_memcpy8                      
00008c3d  __aeabi_memset                       
00008c3d  __aeabi_memset4                      
00008c3d  __aeabi_memset8                      
000087d5  __aeabi_ui2f                         
00008251  __aeabi_uidiv                        
00008251  __aeabi_uidivmod                     
00008b45  __aeabi_uldivmod                     
000089dd  __ashldi3                            
ffffffff  __binit__                            
0000740d  __cmpdf2                             
0000847d  __cmpsf2                             
00005621  __divdf3                             
00006d19  __divsf3                             
0000740d  __eqdf2                              
0000847d  __eqsf2                              
00008291  __extendsfdf2                        
00007f55  __fixdfsi                            
0000852d  __fixsfsi                            
00008755  __floatsidf                          
000083c9  __floatsisf                          
000087d5  __floatunsisf                        
00007091  __gedf2                              
00008405  __gesf2                              
00007091  __gtdf2                              
00008405  __gtsf2                              
0000740d  __ledf2                              
0000847d  __lesf2                              
0000740d  __ltdf2                              
0000847d  __ltsf2                              
UNDEFED   __mpu_init                           
00005c05  __muldf3                             
00008911  __muldi3                             
000084b9  __muldsi3                            
00006b75  __mulsf3                             
0000740d  __nedf2                              
0000847d  __nesf2                              
20207e00  __stack                              
20200000  __start___llvm_prf_bits              
20200000  __start___llvm_prf_cnts              
20200000  __stop___llvm_prf_bits               
20200000  __stop___llvm_prf_cnts               
00004abd  __subdf3                             
0000605d  __subsf3                             
00007111  __truncdfsf2                         
0000674d  __udivmoddi4                         
0000889d  _c_int00_noargs                      
20201c00  _device                              
20201b10  _ftable                              
20201cf4  _lock                                
00006d9b  _nop                                 
20201c78  _stream                              
20201310  _sys_memory                          
UNDEFED   _system_post_cinit                   
00008d45  _system_pre_init                     
20201cf8  _unlock                              
00008d21  abort                                
202012a8  accval                               
0000550d  aligned_alloc                        
0000a510  asc2_0806                            
0000a09c  asc2_1206                            
00009aac  asc2_1608                            
00008d50  asc2_2412                            
00004dc1  asinf                                
000053f5  atan2f                               
0000458d  atanf                                
000082d1  atoi                                 
ffffffff  binit                                
0000688d  bsp_IcmConfigDataReadyInt            
00004919  bsp_IcmGetRawData                    
00007dd5  close                                
20201cfc  debug_key1_raw                       
20201d00  debug_key2_raw                       
20201d04  debug_key3_raw                       
00008bfd  delay_ms                             
00008b59  encoder_get_count                    
00008b6d  encoder_get_dir                      
00006531  encoder_gpio_irq_handler             
00008a51  encoder_init                         
000087fd  encoder_tick_irq_handler             
00008601  exit                                 
00008635  finddevice                           
00008c4b  fputc                                
00005a25  fputs                                
00005b1d  free                                 
00007979  frexp                                
00007979  frexpl                               
00008ce1  fseek                                
000072cd  fseeko                               
20201000  gPWM_MOTORBackup                     
20201218  gSPI_IMUBackup                       
202010bc  gTIMER_IMU_TICKBackup                
00007339  getdevice                            
202012b4  gyroval                              
00000000  interruptVectors                     
000074db  lc_printf                            
00005f85  ldexp                                
00005f85  ldexpl                               
0000884d  lseek                                
0000766d  main                                 
00008c83  malloc                               
0000550d  memalign                             
00008959  memccpy                              
00006929  memcpy                               
000077fb  memset                               
202012c0  north                                
20201d08  nowtime                              
202012d8  parmbuf                              
000079d5  printf                               
00008935  puts                                 
00008ce9  remove                               
00005f85  scalbn                               
00005f85  scalbnl                              
00005dc9  setvbuf                              
00007f09  snprintf                             
00004c51  sqrt                                 
00004c51  sqrtl                                
00006c91  strcmp                               
00008781  unlink                               
00008311  vsnprintf                            
00008c0d  wcslen                               
202012cc  west                                 
00008875  write                                
20201cc8  yaw                                  


GLOBAL SYMBOLS: SORTED BY Symbol Address 

address   name                                 
-------   ----                                 
00000000  __TI_ATRegion0_region_sz             
00000000  __TI_ATRegion0_src_addr              
00000000  __TI_ATRegion0_trg_addr              
00000000  __TI_ATRegion1_region_sz             
00000000  __TI_ATRegion1_src_addr              
00000000  __TI_ATRegion1_trg_addr              
00000000  __TI_ATRegion2_region_sz             
00000000  __TI_ATRegion2_src_addr              
00000000  __TI_ATRegion2_trg_addr              
00000000  __TI_static_base__                   
00000000  interruptVectors                     
000000c1  OLED_Init                            
00000200  __STACK_SIZE                         
00000800  __SYSMEM_SIZE                        
00001365  IMU_sample                           
00001f49  OLED_Clear                           
000029d9  __TI_printfi                         
000033a9  UI_Process                           
00003679  SYSCFG_DL_SYSCTL_SYSPLL_init         
00003921  OLED_ShowChar                        
00003b91  OLED_Refresh                         
000041f1  PID_Test_Run                         
000043c1  Test_IMU                             
0000458d  atanf                                
00004755  ICM_Init                             
00004919  bsp_IcmGetRawData                    
00004abd  __aeabi_dsub                         
00004abd  __subdf3                             
00004ac7  __adddf3                             
00004ac7  __aeabi_dadd                         
00004c4f  ADC0_IRQHandler                      
00004c4f  ADC1_IRQHandler                      
00004c4f  AES_IRQHandler                       
00004c4f  CANFD0_IRQHandler                    
00004c4f  DAC0_IRQHandler                      
00004c4f  DMA_IRQHandler                       
00004c4f  Default_Handler                      
00004c4f  GROUP0_IRQHandler                    
00004c4f  HardFault_Handler                    
00004c4f  I2C0_IRQHandler                      
00004c4f  I2C1_IRQHandler                      
00004c4f  NMI_Handler                          
00004c4f  PendSV_Handler                       
00004c4f  RTC_IRQHandler                       
00004c4f  SPI0_IRQHandler                      
00004c4f  SPI1_IRQHandler                      
00004c4f  SVC_Handler                          
00004c4f  SysTick_Handler                      
00004c4f  TIMA0_IRQHandler                     
00004c4f  TIMA1_IRQHandler                     
00004c4f  TIMG12_IRQHandler                    
00004c4f  TIMG6_IRQHandler                     
00004c4f  TIMG7_IRQHandler                     
00004c4f  TIMG8_IRQHandler                     
00004c4f  UART1_IRQHandler                     
00004c4f  UART2_IRQHandler                     
00004c4f  UART3_IRQHandler                     
00004c51  sqrt                                 
00004c51  sqrtl                                
00004dc1  asinf                                
00004f21  SYSCFG_DL_GPIO_init                  
000051b5  OLED_DisplayTurn                     
000053f5  atan2f                               
0000550d  aligned_alloc                        
0000550d  memalign                             
00005621  __aeabi_ddiv                         
00005621  __divdf3                             
0000572d  DL_Timer_initFourCCPWMMode           
00005831  DL_Timer_initTimerMode               
0000592d  UI_Test_IMU                          
00005a25  fputs                                
00005b1d  free                                 
00005c05  __aeabi_dmul                         
00005c05  __muldf3                             
00005ce9  IMU_init                             
00005dc9  setvbuf                              
00005ea9  DL_SYSCTL_configSYSPLL               
00005f85  ldexp                                
00005f85  ldexpl                               
00005f85  scalbn                               
00005f85  scalbnl                              
0000605d  __aeabi_fsub                         
0000605d  __subsf3                             
00006067  __addsf3                             
00006067  __aeabi_fadd                         
00006135  SYSCFG_DL_SYSCTL_init                
00006209  UI_Test_PID                          
000062d9  UI_Test_Motor                        
000063a5  Test_Motor                           
0000646d  Test_Track                           
00006531  encoder_gpio_irq_handler             
000065f1  UI_Test_Encoder                      
000066a1  PID_Calc                             
0000674d  __udivmoddi4                         
000067ef  __aeabi_idiv0                        
000067f1  SYSCFG_DL_UART_0_init                
0000688d  bsp_IcmConfigDataReadyInt            
00006929  memcpy                               
000069c3  __aeabi_ldiv0                        
000069c5  OLED_ColorTurn                       
00006a5d  OLED_ShowString                      
00006ae9  SYSCFG_DL_PWM_MOTOR_init             
00006b75  __aeabi_fmul                         
00006b75  __mulsf3                             
00006c01  Motor_SetDuty                        
00006c89  UART0_IRQHandler                     
00006c91  strcmp                               
00006d19  __aeabi_fdiv                         
00006d19  __divsf3                             
00006d9b  _nop                                 
00006d9d  Key_Scan                             
00006e1d  Test_Encoder                         
00006e9d  UI_Test_PIDSelect                    
00006f1d  SYSCFG_DL_initPower                  
00006f99  __TI_closefile                       
00007015  __TI_decompress_lzss                 
00007091  __gedf2                              
00007091  __gtdf2                              
00007105  __aeabi_memclr                       
00007105  __aeabi_memclr4                      
00007105  __aeabi_memclr8                      
00007111  __aeabi_d2f                          
00007111  __truncdfsf2                         
00007185  BSP_Uart_Write                       
000071f5  HOSTlseek                            
00007261  HOSTrename                           
000072cd  fseeko                               
00007339  getdevice                            
000073a5  Track_ReadMask                       
0000740d  __cmpdf2                             
0000740d  __eqdf2                              
0000740d  __ledf2                              
0000740d  __ltdf2                              
0000740d  __nedf2                              
000074db  lc_printf                            
00007541  DL_SYSCTL_setHFCLKSourceHFXTParams   
000075a5  SYSCFG_DL_UART_1_init                
00007609  __TI_wrt_ok                          
0000766d  main                                 
00007735  __aeabi_dcmpeq                       
00007749  __aeabi_dcmplt                       
0000775d  __aeabi_dcmple                       
00007771  __aeabi_dcmpge                       
00007785  __aeabi_dcmpgt                       
00007799  __aeabi_fcmpeq                       
000077ad  __aeabi_fcmplt                       
000077c1  __aeabi_fcmple                       
000077d5  __aeabi_fcmpge                       
000077e9  __aeabi_fcmpgt                       
000077fb  memset                               
0000785d  HOSTopen                             
000078bd  DL_I2C_fillControllerTXFIFO          
0000791d  BSP_Uart_IRQHandler                  
00007979  frexp                                
00007979  frexpl                               
000079d5  printf                               
00007a31  HOSTread                             
00007a89  HOSTwrite                            
00007ae1  __TI_ltoa                            
00007b91  __aeabi_idiv                         
00007b91  __aeabi_idivmod                      
00007be9  DL_UART_fillTXFIFO                   
00007c3d  SYSCFG_DL_I2C_OLED_init              
00007c91  __TI_doflush                         
00007d35  SYSCFG_DL_init                       
00007d85  Test_UartReceive                     
00007dd5  close                                
00007e25  SYSCFG_DL_SPI_IMU_init               
00007e71  SYSCFG_DL_TIMER_ENCODER_TICK_init    
00007ebd  Test_OLED                            
00007f09  snprintf                             
00007f55  __aeabi_d2iz                         
00007f55  __fixdfsi                            
00007fa1  DL_UART_init                         
00007fe9  HOSTclose                            
00008031  HOSTunlink                           
00008079  PID_Init                             
000080c1  BSP_Uart_Read                        
00008105  DL_SPI_init                          
00008149  DL_SYSCTL_switchMCLKfromSYSOSCtoHSCLK
0000818d  Motor_Init                           
000081d1  BSP_Uart_WriteByte                   
00008211  GROUP1_IRQHandler                    
00008251  __aeabi_uidiv                        
00008251  __aeabi_uidivmod                     
00008291  __aeabi_f2d                          
00008291  __extendsfdf2                        
000082d1  atoi                                 
00008311  vsnprintf                            
00008351  BSP_Uart_Init                        
0000838d  UI_Test_OLED                         
000083c9  __aeabi_i2f                          
000083c9  __floatsisf                          
00008405  __gesf2                              
00008405  __gtsf2                              
00008441  __TI_auto_init_nobinit_nopinit       
0000847d  __cmpsf2                             
0000847d  __eqsf2                              
0000847d  __lesf2                              
0000847d  __ltsf2                              
0000847d  __nesf2                              
000084b9  __muldsi3                            
000084f5  SYSCFG_DL_TIMER_IMU_TICK_init        
0000852d  __aeabi_f2iz                         
0000852d  __fixsfsi                            
00008565  __TI_cleanup                         
00008599  __TI_readmsg                         
000085cd  __TI_writemsg                        
000085f9  C$$IO$$                              
00008601  exit                                 
00008635  finddevice                           
00008669  DL_SPI_transmitDataBlocking8         
00008729  Motor_Stop                           
00008755  __aeabi_i2d                          
00008755  __floatsidf                          
00008781  unlink                               
000087ad  SYSCFG_DL_SYSCTL_CLK_init            
000087d5  __aeabi_ui2f                         
000087d5  __floatunsisf                        
000087fd  encoder_tick_irq_handler             
0000884d  lseek                                
00008875  write                                
0000889d  _c_int00_noargs                      
000088c5  DL_I2C_setClockConfig                
000088ed  UI_IMU_Calibrating                   
00008911  __aeabi_lmul                         
00008911  __muldi3                             
00008935  puts                                 
00008959  memccpy                              
0000897d  DL_SPI_receiveDataBlocking8          
0000899d  IMU_resetTimestamp                   
000089bd  Key_Init                             
000089dd  __aeabi_llsl                         
000089dd  __ashldi3                            
000089fd  DL_SYSCTL_configFCC                  
00008a19  DL_Timer_setCaptCompUpdateMethod     
00008a35  DL_Timer_setClockConfig              
00008a51  encoder_init                         
00008a89  UI_Init                              
00008aa5  DL_Timer_setCaptureCompareOutCtl     
00008abd  IMU_getYawPitchRoll                  
00008ad5  TIMG0_IRQHandler                     
00008b1d  BSP_Uart_FlushRx                     
00008b31  IMU_dataReadyIrqHandler              
00008b45  __aeabi_uldivmod                     
00008b59  encoder_get_count                    
00008b6d  encoder_get_dir                      
00008b95  DL_SPI_setClockConfig                
00008ba7  DL_UART_setClockConfig               
00008bb9  __TI_decompress_none                 
00008bcd  DL_Timer_setCaptureCompareValue      
00008bdd  PID_CalcTarget                       
00008bed  PID_Reset                            
00008bfd  delay_ms                             
00008c0d  wcslen                               
00008c1d  __TI_zero_init                       
00008c3d  __aeabi_memset                       
00008c3d  __aeabi_memset4                      
00008c3d  __aeabi_memset8                      
00008c4b  fputc                                
00008c83  malloc                               
00008c8f  DL_Common_delayCycles                
00008cc1  __aeabi_errno_addr                   
00008cc9  __aeabi_memcpy                       
00008cc9  __aeabi_memcpy4                      
00008cc9  __aeabi_memcpy8                      
00008ce1  fseek                                
00008ce9  remove                               
00008d21  abort                                
00008d26  C$$EXIT                              
00008d27  HOSTexit                             
00008d41  Reset_Handler                        
00008d45  _system_pre_init                     
00008d50  asc2_2412                            
00009aac  asc2_1608                            
0000a09c  asc2_1206                            
0000a510  asc2_0806                            
0000a740  __aeabi_ctype_table_                 
0000a740  __aeabi_ctype_table_C                
0000abb8  __TI_Handler_Table_Base              
0000abc4  __TI_Handler_Table_Limit             
0000abcc  __TI_CINIT_Base                      
0000abdc  __TI_CINIT_Limit                     
0000abdc  __TI_CINIT_Warm                      
20200000  __start___llvm_prf_bits              
20200000  __start___llvm_prf_cnts              
20200000  __stop___llvm_prf_bits               
20200000  __stop___llvm_prf_cnts               
20200960  OLED_GRAM                            
20200de0  _CIOBUF_                             
20200de0  __CIOBUF_                            
20201000  gPWM_MOTORBackup                     
202010bc  gTIMER_IMU_TICKBackup                
20201178  __TI_tmpnams                         
20201218  gSPI_IMUBackup                       
202012a8  accval                               
202012b4  gyroval                              
202012c0  north                                
202012cc  west                                 
202012d8  parmbuf                              
20201310  _sys_memory                          
20201b10  _ftable                              
20201c00  _device                              
20201c78  _stream                              
20201cc8  yaw                                  
20201cdc  __TI_cleanup_ptr                     
20201ce0  __TI_dtors_ptr                       
20201cec  __TI_ft_end                          
20201cf0  __aeabi_errno                        
20201cf4  _lock                                
20201cf8  _unlock                              
20201cfc  debug_key1_raw                       
20201d00  debug_key2_raw                       
20201d04  debug_key3_raw                       
20201d08  nowtime                              
20207e00  __stack                              
20208000  __STACK_END                          
ffffffff  __TI_pprof_out_hndl                  
ffffffff  __TI_prof_data_size                  
ffffffff  __TI_prof_data_start                 
ffffffff  __binit__                            
ffffffff  binit                                
UNDEFED   __mpu_init                           
UNDEFED   _system_post_cinit                   

[324 symbols]
